Archive member included to satisfy reference by file (symbol)

kernel/libinstrumentables.a.p/generic_src_cpu_cpu.c.o
                              (--whole-archive)
kernel/libinstrumentables.a.p/generic_src_ddi_ddi.c.o
                              (--whole-archive)
kernel/libinstrumentables.a.p/generic_src_interrupt_interrupt.c.o
                              (--whole-archive)
kernel/libinstrumentables.a.p/generic_src_main_kinit.c.o
                              (--whole-archive)
kernel/libinstrumentables.a.p/generic_src_main_main.c.o
                              (--whole-archive)
kernel/libinstrumentables.a.p/generic_src_mm_as.c.o
                              (--whole-archive)
kernel/libinstrumentables.a.p/generic_src_mm_frame.c.o
                              (--whole-archive)
kernel/libinstrumentables.a.p/generic_src_mm_page.c.o
                              (--whole-archive)
kernel/libinstrumentables.a.p/generic_src_mm_slab.c.o
                              (--whole-archive)
kernel/libinstrumentables.a.p/generic_src_mm_tlb.c.o
                              (--whole-archive)
kernel/libinstrumentables.a.p/generic_src_proc_current.c.o
                              (--whole-archive)
kernel/libinstrumentables.a.p/generic_src_sysinfo_sysinfo.c.o
                              (--whole-archive)
kernel/libinstrumentables.a.p/generic_src_console_kconsole.c.o
                              (--whole-archive)
kernel/libnoninstrumentables.a.p/meson-generated_memmap_struct.h.check.c.o
                              (--whole-archive)
kernel/libnoninstrumentables.a.p/meson-generated_context_struct.h.check.c.o
                              (--whole-archive)
kernel/libnoninstrumentables.a.p/meson-generated_istate_struct.h.check.c.o
                              (--whole-archive)
kernel/libnoninstrumentables.a.p/meson-generated_kseg_struct.h.check.c.o
                              (--whole-archive)
kernel/libnoninstrumentables.a.p/meson-generated_multiboot_memmap_struct.h.check.c.o
                              (--whole-archive)
kernel/libnoninstrumentables.a.p/meson-generated_multiboot_info_struct.h.check.c.o
                              (--whole-archive)
kernel/libnoninstrumentables.a.p/arch_amd64_src_amd64.c.o
                              (--whole-archive)
kernel/libnoninstrumentables.a.p/arch_amd64_src_asm.S.o
                              (--whole-archive)
kernel/libnoninstrumentables.a.p/arch_amd64_src_bios_bios.c.o
                              (--whole-archive)
kernel/libnoninstrumentables.a.p/arch_amd64_src_boot_memmap.c.o
                              (--whole-archive)
kernel/libnoninstrumentables.a.p/arch_amd64_src_boot_multiboot2.S.o
                              (--whole-archive)
kernel/libnoninstrumentables.a.p/arch_amd64_src_boot_multiboot.S.o
                              (--whole-archive)
kernel/libnoninstrumentables.a.p/arch_amd64_src_context.S.o
                              (--whole-archive)
kernel/libnoninstrumentables.a.p/arch_amd64_src_cpu_cpu.c.o
                              (--whole-archive)
kernel/libnoninstrumentables.a.p/arch_amd64_src_ddi_ddi.c.o
                              (--whole-archive)
kernel/libnoninstrumentables.a.p/arch_amd64_src_debug_stacktrace_asm.S.o
                              (--whole-archive)
kernel/libnoninstrumentables.a.p/arch_amd64_src_debug_stacktrace.c.o
                              (--whole-archive)
kernel/libnoninstrumentables.a.p/arch_amd64_src_delay.S.o
                              (--whole-archive)
kernel/libnoninstrumentables.a.p/arch_amd64_src_drivers_i8254.c.o
                              (--whole-archive)
kernel/libnoninstrumentables.a.p/arch_amd64_src_fpu_context.c.o
                              (--whole-archive)
kernel/libnoninstrumentables.a.p/arch_amd64_src_interrupt.c.o
                              (--whole-archive)
kernel/libnoninstrumentables.a.p/arch_amd64_src_kseg.c.o
                              (--whole-archive)
kernel/libnoninstrumentables.a.p/arch_amd64_src_mm_as.c.o
                              (--whole-archive)
kernel/libnoninstrumentables.a.p/arch_amd64_src_mm_frame.c.o
                              (--whole-archive)
kernel/libnoninstrumentables.a.p/arch_amd64_src_mm_km.c.o
                              (--whole-archive)
kernel/libnoninstrumentables.a.p/arch_amd64_src_mm_page.c.o
                              (--whole-archive)
kernel/libnoninstrumentables.a.p/arch_amd64_src_mm_tlb.c.o
                              (--whole-archive)
kernel/libnoninstrumentables.a.p/arch_amd64_src_pm.c.o
                              (--whole-archive)
kernel/libnoninstrumentables.a.p/arch_amd64_src_proc_scheduler.c.o
                              (--whole-archive)
kernel/libnoninstrumentables.a.p/arch_amd64_src_proc_task.c.o
                              (--whole-archive)
kernel/libnoninstrumentables.a.p/arch_amd64_src_proc_thread.c.o
                              (--whole-archive)
kernel/libnoninstrumentables.a.p/arch_amd64_src_smc.c.o
[...]
Memory Configuration

Name             Origin             Length             Attributes
*default*        0x0000000000000000 0xffffffffffffffff

Linker script and memory map

START GROUP
LOAD kernel/libinstrumentables.a
LOAD kernel/libnoninstrumentables.a
END GROUP
                0xffffffff80108000                kernel_load_address = 0xffffffff80108000

.unmapped       0x00000000001080e8     0xbf18
                0x00000000001080e8                unmapped_start = .
 *(K_TEXT_START)
 K_TEXT_START   0x00000000001080e8      0x165 kernel/libnoninstrumentables.a.p/arch_amd64_src_boot_multiboot2.S.o
                0x0000000000108178                multiboot2_image_start
 *fill*         0x000000000010824d        0x3 
 K_TEXT_START   0x0000000000108250      0x9f4 kernel/libnoninstrumentables.a.p/arch_amd64_src_boot_multiboot.S.o
                0x0000000000108270                multiboot_image_start
 *fill*         0x0000000000108c44      0x3bc 
 K_TEXT_START   0x0000000000109000       0x80 kernel/libnoninstrumentables.a.p/arch_amd64_src_smp_ap.S.o
                0x0000000000109000                unmapped_ap_boot
 *(K_DATA_START)
 K_DATA_START   0x0000000000109080      0x193 kernel/libnoninstrumentables.a.p/arch_amd64_src_boot_multiboot.S.o
                0x0000000000109080                bootstrap_idtr
                0x0000000000109086                bootstrap_gdtr
                0x000000000010908c                multiboot_eax
                0x0000000000109090                multiboot_ebx
 K_DATA_START   0x0000000000109213        0x6 kernel/libnoninstrumentables.a.p/arch_amd64_src_smp_ap.S.o
                0x0000000000109213                unmapped_ap_gdtr
 *(K_INI_PTLS)
 *fill*         0x0000000000109219      0xde7 
 K_INI_PTLS     0x000000000010a000     0xa000 kernel/libnoninstrumentables.a.p/arch_amd64_src_boot_multiboot.S.o
                0x0000000000113000                ptl_0
                0x0000000000114000                unmapped_end = .

.text           0xffffffff80114000    0x3f9f8 load address 0x0000000000114000
                0xffffffff80114000                ktext_start = .
 *(.text .text.*)
 .text.cpu_init
                0xffffffff80114000      0x204 kernel/libinstrumentables.a.p/generic_src_cpu_cpu.c.o
                0xffffffff80114000                cpu_init
 *fill*         0xffffffff80114204        0xc 
 .text.cpu_list
                0xffffffff80114210       0x72 kernel/libinstrumentables.a.p/generic_src_cpu_cpu.c.o
                0xffffffff80114210                cpu_list
 *fill*         0xffffffff80114282        0xe 
 .text.pareas_getkey
                0xffffffff80114290        0xa kernel/libinstrumentables.a.p/generic_src_ddi_ddi.c.o
 *fill*         0xffffffff8011429a        0x6 
 .text.pareas_cmp
                0xffffffff801142a0       0x19 kernel/libinstrumentables.a.p/generic_src_ddi_ddi.c.o
 *fill*         0xffffffff801142b9        0x7 
 .text.physmem_unmap.part.0
                0xffffffff801142c0       0x41 kernel/libinstrumentables.a.p/generic_src_ddi_ddi.c.o
 *fill*         0xffffffff80114301        0xf 
 .text.ddi_init
                0xffffffff80114310       0x2d kernel/libinstrumentables.a.p/generic_src_ddi_ddi.c.o
                0xffffffff80114310                ddi_init
 *fill*         0xffffffff8011433d        0x3 
 .text.ddi_parea_init
                0xffffffff80114340       0x2e kernel/libinstrumentables.a.p/generic_src_ddi_ddi.c.o
                0xffffffff80114340                ddi_parea_init
 *fill*         0xffffffff8011436e        0x2 
 .text.ddi_parea_register
                0xffffffff80114370       0x3d kernel/libinstrumentables.a.p/generic_src_ddi_ddi.c.o
                0xffffffff80114370                ddi_parea_register
 *fill*         0xffffffff801143ad        0x3 
 .text.ddi_parea_unmap_notify
                0xffffffff801143b0       0x1a kernel/libinstrumentables.a.p/generic_src_ddi_ddi.c.o
                0xffffffff801143b0                ddi_parea_unmap_notify
 *fill*         0xffffffff801143ca        0x6 
 .text.sys_physmem_map
                0xffffffff801143d0      0x2dc kernel/libinstrumentables.a.p/generic_src_ddi_ddi.c.o
                0xffffffff801143d0                sys_physmem_map
 *fill*         0xffffffff801146ac        0x4 
 .text.sys_physmem_unmap
                0xffffffff801146b0       0x30 kernel/libinstrumentables.a.p/generic_src_ddi_ddi.c.o
                0xffffffff801146b0                sys_physmem_unmap
 .text.sys_iospace_enable
                0xffffffff801146e0       0xfa kernel/libinstrumentables.a.p/generic_src_ddi_ddi.c.o
                0xffffffff801146e0                sys_iospace_enable
 *fill*         0xffffffff801147da        0x6 
 .text.sys_iospace_disable
                0xffffffff801147e0       0xfa kernel/libinstrumentables.a.p/generic_src_ddi_ddi.c.o
                0xffffffff801147e0                sys_iospace_disable
 *fill*         0xffffffff801148da        0x6 
 .text.sys_dmamem_map
                0xffffffff801148e0      0x21d kernel/libinstrumentables.a.p/generic_src_ddi_ddi.c.o
                0xffffffff801148e0                sys_dmamem_map
 *fill*         0xffffffff80114afd        0x3 
 .text.sys_dmamem_unmap
                0xffffffff80114b00       0x2f kernel/libinstrumentables.a.p/generic_src_ddi_ddi.c.o
                0xffffffff80114b00                sys_dmamem_unmap
 *fill*         0xffffffff80114b2f        0x1 
 .text.pio_map  0xffffffff80114b30       0x28 kernel/libinstrumentables.a.p/generic_src_ddi_ddi.c.o
                0xffffffff80114b30                pio_map
 *fill*         0xffffffff80114b58        0x8 
 .text.pio_unmap
                0xffffffff80114b60       0x1c kernel/libinstrumentables.a.p/generic_src_ddi_ddi.c.o
                0xffffffff80114b60                pio_unmap
 *fill*         0xffffffff80114b7c        0x4 
 .text.fault_from_uspace_core
                0xffffffff80114b80       0x84 kernel/libinstrumentables.a.p/generic_src_interrupt_interrupt.c.o
 *fill*         0xffffffff80114c04        0xc 
 .text.cmd_exc_print
                0xffffffff80114c10      0x2f5 kernel/libinstrumentables.a.p/generic_src_interrupt_interrupt.c.o
 *fill*         0xffffffff80114f05        0xb 
 .text.exc_register
                0xffffffff80114f10       0xd2 kernel/libinstrumentables.a.p/generic_src_interrupt_interrupt.c.o
                0xffffffff80114f10                exc_register
 *fill*         0xffffffff80114fe2        0xe 
 .text.exc_dispatch
                0xffffffff80114ff0      0x1d0 kernel/libinstrumentables.a.p/generic_src_interrupt_interrupt.c.o
                0xffffffff80114ff0                exc_dispatch
 .text.fault_from_uspace
                0xffffffff801151c0       0x38 kernel/libinstrumentables.a.p/generic_src_interrupt_interrupt.c.o
                0xffffffff801151c0                fault_from_uspace
 *fill*         0xffffffff801151f8        0x8 
 .text.fault_if_from_uspace
                0xffffffff80115200       0x48 kernel/libinstrumentables.a.p/generic_src_interrupt_interrupt.c.o
                0xffffffff80115200                fault_if_from_uspace
 *fill*         0xffffffff80115248        0x8 
 .text.exc_undef
                0xffffffff80115250       0x3c kernel/libinstrumentables.a.p/generic_src_interrupt_interrupt.c.o
 *fill*         0xffffffff8011528c        0x4 
 .text.istate_get
                0xffffffff80115290       0x13 kernel/libinstrumentables.a.p/generic_src_interrupt_interrupt.c.o
                0xffffffff80115290                istate_get
 *fill*         0xffffffff801152a3        0xd 
 .text.exc_init
                0xffffffff801152b0       0xb7 kernel/libinstrumentables.a.p/generic_src_interrupt_interrupt.c.o
                0xffffffff801152b0                exc_init
 *fill*         0xffffffff80115367        0x9 
 .text.kinit    0xffffffff80115370      0x67e kernel/libinstrumentables.a.p/generic_src_main_kinit.c.o
                0xffffffff80115370                kinit
 *fill*         0xffffffff801159ee        0x2 
 .text.main_ap_separated_stack
                0xffffffff801159f0       0x1a kernel/libinstrumentables.a.p/generic_src_main_main.c.o
 *fill*         0xffffffff80115a0a        0x6 
 .text.main_bsp_separated_stack
                0xffffffff80115a10      0x24e kernel/libinstrumentables.a.p/generic_src_main_main.c.o
 *fill*         0xffffffff80115c5e        0x2 
 .text.main_bsp
                0xffffffff80115c60       0x74 kernel/libinstrumentables.a.p/generic_src_main_main.c.o
                0xffffffff80115c60                main_bsp
 *fill*         0xffffffff80115cd4        0xc 
 .text.main_ap  0xffffffff80115ce0       0xca kernel/libinstrumentables.a.p/generic_src_main_main.c.o
                0xffffffff80115ce0                main_ap
 *fill*         0xffffffff80115daa        0x6 
 .text.as_destructor
                0xffffffff80115db0        0x8 kernel/libinstrumentables.a.p/generic_src_mm_as.c.o
 *fill*         0xffffffff80115db8        0x8 
 .text.as_areas_getkey
                0xffffffff80115dc0        0xa kernel/libinstrumentables.a.p/generic_src_mm_as.c.o
 *fill*         0xffffffff80115dca        0x6 
 .text.as_areas_cmp
                0xffffffff80115dd0       0x19 kernel/libinstrumentables.a.p/generic_src_mm_as.c.o
 *fill*         0xffffffff80115de9        0x7 
 .text.used_space_getkey
                0xffffffff80115df0        0xa kernel/libinstrumentables.a.p/generic_src_mm_as.c.o
 *fill*         0xffffffff80115dfa        0x6 
 .text.as_constructor
                0xffffffff80115e00       0x23 kernel/libinstrumentables.a.p/generic_src_mm_as.c.o
 *fill*         0xffffffff80115e23        0xd 
 .text.find_area_and_lock
                0xffffffff80115e30       0xfb kernel/libinstrumentables.a.p/generic_src_mm_as.c.o
 *fill*         0xffffffff80115f2b        0x5 
 .text.page_table_lock.part.0
                0xffffffff80115f30       0x41 kernel/libinstrumentables.a.p/generic_src_mm_as.c.o
 *fill*         0xffffffff80115f71        0xf 
 .text.page_table_unlock.part.0
                0xffffffff80115f80       0x41 kernel/libinstrumentables.a.p/generic_src_mm_as.c.o
 *fill*         0xffffffff80115fc1        0xf 
 .text.as_pagemap_getkey
                0xffffffff80115fd0        0xa kernel/libinstrumentables.a.p/generic_src_mm_as.c.o
 *fill*         0xffffffff80115fda        0x6 
 .text.as_pagemap_cmp
                0xffffffff80115fe0       0x19 kernel/libinstrumentables.a.p/generic_src_mm_as.c.o
 *fill*         0xffffffff80115ff9        0x7 
 .text.used_space_cmp
                0xffffffff80116000       0x19 kernel/libinstrumentables.a.p/generic_src_mm_as.c.o
 *fill*         0xffffffff80116019        0x7 
 .text.area_is_conflicting
                0xffffffff80116020      0x100 kernel/libinstrumentables.a.p/generic_src_mm_as.c.o
 .text.check_area_conflicts
                0xffffffff80116120      0x1e8 kernel/libinstrumentables.a.p/generic_src_mm_as.c.o
 *fill*         0xffffffff80116308        0x8 
 .text.sh_info_remove_reference
                0xffffffff80116310      0x138 kernel/libinstrumentables.a.p/generic_src_mm_as.c.o
 *fill*         0xffffffff80116448        0x8 
 .text.as_init  0xffffffff80116450      0x16a kernel/libinstrumentables.a.p/generic_src_mm_as.c.o
                0xffffffff80116450                as_init
 *fill*         0xffffffff801165ba        0x6 
 .text.as_create
                0xffffffff801165c0       0xd1 kernel/libinstrumentables.a.p/generic_src_mm_as.c.o
                0xffffffff801165c0                as_create
 *fill*         0xffffffff80116691        0xf 
 .text.as_area_first
                0xffffffff801166a0       0x1a kernel/libinstrumentables.a.p/generic_src_mm_as.c.o
                0xffffffff801166a0                as_area_first
 *fill*         0xffffffff801166ba        0x6 
 .text.as_area_next
                0xffffffff801166c0       0x25 kernel/libinstrumentables.a.p/generic_src_mm_as.c.o
                0xffffffff801166c0                as_area_next
 *fill*         0xffffffff801166e5        0xb 
 .text.as_pagemap_find
                0xffffffff801166f0       0x43 kernel/libinstrumentables.a.p/generic_src_mm_as.c.o
                0xffffffff801166f0                as_pagemap_find
 *fill*         0xffffffff80116733        0xd 
 .text.as_pagemap_insert
                0xffffffff80116740       0x6f kernel/libinstrumentables.a.p/generic_src_mm_as.c.o
                0xffffffff80116740                as_pagemap_insert
 *fill*         0xffffffff801167af        0x1 
 .text.as_area_create
                0xffffffff801167b0      0x534 kernel/libinstrumentables.a.p/generic_src_mm_as.c.o
                0xffffffff801167b0                as_area_create
 *fill*         0xffffffff80116ce4        0xc 
 .text.as_area_resize
                0xffffffff80116cf0      0x5e6 kernel/libinstrumentables.a.p/generic_src_mm_as.c.o
                0xffffffff80116cf0                as_area_resize
 *fill*         0xffffffff801172d6        0xa 
 .text.as_area_destroy
                0xffffffff801172e0      0x34a kernel/libinstrumentables.a.p/generic_src_mm_as.c.o
                0xffffffff801172e0                as_area_destroy
 *fill*         0xffffffff8011762a        0x6 
 .text.as_release
                0xffffffff80117630      0x302 kernel/libinstrumentables.a.p/generic_src_mm_as.c.o
                0xffffffff80117630                as_release
 *fill*         0xffffffff80117932        0xe 
 .text.as_area_share
                0xffffffff80117940      0x212 kernel/libinstrumentables.a.p/generic_src_mm_as.c.o
                0xffffffff80117940                as_area_share
 *fill*         0xffffffff80117b52        0xe 
 .text.as_area_check_access
                0xffffffff80117b60       0x85 kernel/libinstrumentables.a.p/generic_src_mm_as.c.o
                0xffffffff80117b60                as_area_check_access
 *fill*         0xffffffff80117be5        0xb 
 .text.as_area_change_flags
                0xffffffff80117bf0      0x585 kernel/libinstrumentables.a.p/generic_src_mm_as.c.o
                0xffffffff80117bf0                as_area_change_flags
 *fill*         0xffffffff80118175        0xb 
 .text.as_page_fault
                0xffffffff80118180      0x39f kernel/libinstrumentables.a.p/generic_src_mm_as.c.o
                0xffffffff80118180                as_page_fault
 *fill*         0xffffffff8011851f        0x1 
 .text.as_switch
                0xffffffff80118520      0x256 kernel/libinstrumentables.a.p/generic_src_mm_as.c.o
                0xffffffff80118520                as_switch
 *fill*         0xffffffff80118776        0xa 
 .text.as_area_get_flags
                0xffffffff80118780       0x92 kernel/libinstrumentables.a.p/generic_src_mm_as.c.o
                0xffffffff80118780                as_area_get_flags
 *fill*         0xffffffff80118812        0xe 
 .text.page_table_lock
                0xffffffff80118820       0x60 kernel/libinstrumentables.a.p/generic_src_mm_as.c.o
                0xffffffff80118820                page_table_lock
 .text.page_table_unlock
                0xffffffff80118880       0x60 kernel/libinstrumentables.a.p/generic_src_mm_as.c.o
                0xffffffff80118880                page_table_unlock
 .text.page_table_locked
                0xffffffff801188e0       0x6a kernel/libinstrumentables.a.p/generic_src_mm_as.c.o
                0xffffffff801188e0                page_table_locked
 *fill*         0xffffffff8011894a        0x6 
 .text.as_area_get_size
                0xffffffff80118950       0xfa kernel/libinstrumentables.a.p/generic_src_mm_as.c.o
                0xffffffff80118950                as_area_get_size
 *fill*         0xffffffff80118a4a        0x6 
 .text.used_space_first
                0xffffffff80118a50       0x16 kernel/libinstrumentables.a.p/generic_src_mm_as.c.o
                0xffffffff80118a50                used_space_first
 *fill*         0xffffffff80118a66        0xa 
 .text.used_space_next
                0xffffffff80118a70       0x1d kernel/libinstrumentables.a.p/generic_src_mm_as.c.o
                0xffffffff80118a70                used_space_next
 *fill*         0xffffffff80118a8d        0x3 
 .text.used_space_find_gteq
                0xffffffff80118a90       0x72 kernel/libinstrumentables.a.p/generic_src_mm_as.c.o
                0xffffffff80118a90                used_space_find_gteq
 *fill*         0xffffffff80118b02        0xe 
 .text.used_space_insert
                0xffffffff80118b10      0x345 kernel/libinstrumentables.a.p/generic_src_mm_as.c.o
                0xffffffff80118b10                used_space_insert
 *fill*         0xffffffff80118e55        0xb 
 .text.sys_as_area_create
                0xffffffff80118e60       0xb5 kernel/libinstrumentables.a.p/generic_src_mm_as.c.o
                0xffffffff80118e60                sys_as_area_create
 *fill*         0xffffffff80118f15        0xb 
 .text.sys_as_area_resize
                0xffffffff80118f20       0x25 kernel/libinstrumentables.a.p/generic_src_mm_as.c.o
                0xffffffff80118f20                sys_as_area_resize
 *fill*         0xffffffff80118f45        0xb 
 .text.sys_as_area_change_flags
                0xffffffff80118f50       0x1d kernel/libinstrumentables.a.p/generic_src_mm_as.c.o
                0xffffffff80118f50                sys_as_area_change_flags
 *fill*         0xffffffff80118f6d        0x3 
 .text.sys_as_area_get_info
                0xffffffff80118f70       0xd8 kernel/libinstrumentables.a.p/generic_src_mm_as.c.o
                0xffffffff80118f70                sys_as_area_get_info
 *fill*         0xffffffff80119048        0x8 
 .text.sys_as_area_destroy
                0xffffffff80119050       0x1d kernel/libinstrumentables.a.p/generic_src_mm_as.c.o
                0xffffffff80119050                sys_as_area_destroy
 *fill*         0xffffffff8011906d        0x3 
 .text.as_get_area_info
                0xffffffff80119070      0x15a kernel/libinstrumentables.a.p/generic_src_mm_as.c.o
                0xffffffff80119070                as_get_area_info
 *fill*         0xffffffff801191ca        0x6 
 .text.zone_get_frame.part.0
                0xffffffff801191d0       0x41 kernel/libinstrumentables.a.p/generic_src_mm_frame.c.o
 *fill*         0xffffffff80119211        0xf 
 .text.zone_mark_unavailable
                0xffffffff80119220       0xfe kernel/libinstrumentables.a.p/generic_src_mm_frame.c.o
 *fill*         0xffffffff8011931e        0x2 
 .text.zones_insert_zone
                0xffffffff80119320      0x22d kernel/libinstrumentables.a.p/generic_src_mm_frame.c.o
 *fill*         0xffffffff8011954d        0x3 
 .text.find_free_zone
                0xffffffff80119550      0x171 kernel/libinstrumentables.a.p/generic_src_mm_frame.c.o
 *fill*         0xffffffff801196c1        0xf 
 .text.zone_merge_internal
                0xffffffff801196d0      0x40e kernel/libinstrumentables.a.p/generic_src_mm_frame.c.o
 *fill*         0xffffffff80119ade        0x2 
 .text.zone_frame_alloc
                0xffffffff80119ae0      0x177 kernel/libinstrumentables.a.p/generic_src_mm_frame.c.o
 *fill*         0xffffffff80119c57        0x9 
 .text.return_config_frames
                0xffffffff80119c60      0x17a kernel/libinstrumentables.a.p/generic_src_mm_frame.c.o
 *fill*         0xffffffff80119dda        0x6 
 .text.frame_total_free_get
                0xffffffff80119de0       0x67 kernel/libinstrumentables.a.p/generic_src_mm_frame.c.o
                0xffffffff80119de0                frame_total_free_get
 *fill*         0xffffffff80119e47        0x9 
 .text.find_zone
                0xffffffff80119e50       0x61 kernel/libinstrumentables.a.p/generic_src_mm_frame.c.o
                0xffffffff80119e50                find_zone
 *fill*         0xffffffff80119eb1        0xf 
 .text.zone_merge_all
                0xffffffff80119ec0      0x30a kernel/libinstrumentables.a.p/generic_src_mm_frame.c.o
                0xffffffff80119ec0                zone_merge_all
 *fill*         0xffffffff8011a1ca        0x6 
 .text.zone_external_conf_alloc
                0xffffffff8011a1d0      0x1b5 kernel/libinstrumentables.a.p/generic_src_mm_frame.c.o
                0xffffffff8011a1d0                zone_external_conf_alloc
 *fill*         0xffffffff8011a385        0xb 
 .text.zone_create
                0xffffffff8011a390      0x5d4 kernel/libinstrumentables.a.p/generic_src_mm_frame.c.o
                0xffffffff8011a390                zone_create
 *fill*         0xffffffff8011a964        0xc 
 .text.frame_set_parent
                0xffffffff8011a970       0xef kernel/libinstrumentables.a.p/generic_src_mm_frame.c.o
                0xffffffff8011a970                frame_set_parent
 *fill*         0xffffffff8011aa5f        0x1 
 .text.frame_get_parent
                0xffffffff8011aa60       0xf0 kernel/libinstrumentables.a.p/generic_src_mm_frame.c.o
                0xffffffff8011aa60                frame_get_parent
 .text.frame_alloc_generic
                0xffffffff8011ab50      0x3d2 kernel/libinstrumentables.a.p/generic_src_mm_frame.c.o
                0xffffffff8011ab50                frame_alloc_generic
 *fill*         0xffffffff8011af22        0xe 
 .text.frame_alloc
                0xffffffff8011af30       0x10 kernel/libinstrumentables.a.p/generic_src_mm_frame.c.o
                0xffffffff8011af30                frame_alloc
 .text.frame_free_generic
                0xffffffff8011af40      0x299 kernel/libinstrumentables.a.p/generic_src_mm_frame.c.o
                0xffffffff8011af40                frame_free_generic
 *fill*         0xffffffff8011b1d9        0x7 
 .text.frame_free
                0xffffffff8011b1e0        0xc kernel/libinstrumentables.a.p/generic_src_mm_frame.c.o
                0xffffffff8011b1e0                frame_free
 *fill*         0xffffffff8011b1ec        0x4 
 .text.frame_free_noreserve
                0xffffffff8011b1f0        0xf kernel/libinstrumentables.a.p/generic_src_mm_frame.c.o
                0xffffffff8011b1f0                frame_free_noreserve
 *fill*         0xffffffff8011b1ff        0x1 
 .text.frame_reference_add
                0xffffffff8011b200       0xc1 kernel/libinstrumentables.a.p/generic_src_mm_frame.c.o
                0xffffffff8011b200                frame_reference_add
 *fill*         0xffffffff8011b2c1        0xf 
 .text.frame_mark_unavailable
                0xffffffff8011b2d0       0xbb kernel/libinstrumentables.a.p/generic_src_mm_frame.c.o
                0xffffffff8011b2d0                frame_mark_unavailable
 *fill*         0xffffffff8011b38b        0x5 
 .text.frame_init
                0xffffffff8011b390      0x1b1 kernel/libinstrumentables.a.p/generic_src_mm_frame.c.o
                0xffffffff8011b390                frame_init
 *fill*         0xffffffff8011b541        0xf 
 .text.frame_adjust_zone_bounds
                0xffffffff8011b550       0x69 kernel/libinstrumentables.a.p/generic_src_mm_frame.c.o
                0xffffffff8011b550                frame_adjust_zone_bounds
 *fill*         0xffffffff8011b5b9        0x7 
 .text.zones_total_size
                0xffffffff8011b5c0       0x6e kernel/libinstrumentables.a.p/generic_src_mm_frame.c.o
                0xffffffff8011b5c0                zones_total_size
 *fill*         0xffffffff8011b62e        0x2 
 .text.zones_stats
                0xffffffff8011b630      0x16f kernel/libinstrumentables.a.p/generic_src_mm_frame.c.o
                0xffffffff8011b630                zones_stats
 *fill*         0xffffffff8011b79f        0x1 
 .text.zones_print_list
                0xffffffff8011b7a0      0x317 kernel/libinstrumentables.a.p/generic_src_mm_frame.c.o
                0xffffffff8011b7a0                zones_print_list
 *fill*         0xffffffff8011bab7        0x9 
 .text.zone_print_one
                0xffffffff8011bac0      0x60b kernel/libinstrumentables.a.p/generic_src_mm_frame.c.o
                0xffffffff8011bac0                zone_print_one
 *fill*         0xffffffff8011c0cb        0x5 
 .text.page_init
                0xffffffff8011c0d0        0xa kernel/libinstrumentables.a.p/generic_src_mm_page.c.o
                0xffffffff8011c0d0                page_init
 *fill*         0xffffffff8011c0da        0x6 
 .text.page_mapping_insert
                0xffffffff8011c0e0       0xd3 kernel/libinstrumentables.a.p/generic_src_mm_page.c.o
                0xffffffff8011c0e0                page_mapping_insert
 *fill*         0xffffffff8011c1b3        0xd 
 .text.page_mapping_remove
                0xffffffff8011c1c0       0xa7 kernel/libinstrumentables.a.p/generic_src_mm_page.c.o
                0xffffffff8011c1c0                page_mapping_remove
 *fill*         0xffffffff8011c267        0x9 
 .text.page_mapping_find
                0xffffffff8011c270       0xbc kernel/libinstrumentables.a.p/generic_src_mm_page.c.o
                0xffffffff8011c270                page_mapping_find
 *fill*         0xffffffff8011c32c        0x4 
 .text.page_mapping_make_global
                0xffffffff8011c330       0x6a kernel/libinstrumentables.a.p/generic_src_mm_page.c.o
                0xffffffff8011c330                page_mapping_make_global
 *fill*         0xffffffff8011c39a        0x6 
 .text.page_find_mapping
                0xffffffff8011c3a0      0x14b kernel/libinstrumentables.a.p/generic_src_mm_page.c.o
                0xffffffff8011c3a0                page_find_mapping
 *fill*         0xffffffff8011c4eb        0x5 
 .text.sys_page_find_mapping
                0xffffffff8011c4f0      0x15b kernel/libinstrumentables.a.p/generic_src_mm_page.c.o
                0xffffffff8011c4f0                sys_page_find_mapping
 *fill*         0xffffffff8011c64b        0x5 
 .text.slab_cache_create.part.0
                0xffffffff8011c650       0x1d kernel/libinstrumentables.a.p/generic_src_mm_slab.c.o
 *fill*         0xffffffff8011c66d        0x3 
 .text.slab_alloc
                0xffffffff8011c670      0x6e0 kernel/libinstrumentables.a.p/generic_src_mm_slab.c.o
                0xffffffff8011c670                slab_alloc
 .text._slab_free.constprop.0
                0xffffffff8011cd50      0x2fb kernel/libinstrumentables.a.p/generic_src_mm_slab.c.o
 *fill*         0xffffffff8011d04b        0x5 
 .text.slab_obj_destroy
                0xffffffff8011d050      0x1ef kernel/libinstrumentables.a.p/generic_src_mm_slab.c.o
 .text.unlikely._slab_reclaim.part.0
                0xffffffff8011d23f        0xa kernel/libinstrumentables.a.p/generic_src_mm_slab.c.o
 *fill*         0xffffffff8011d249        0x7 
 .text._slab_reclaim.part.0
                0xffffffff8011d250      0x293 kernel/libinstrumentables.a.p/generic_src_mm_slab.c.o
 *fill*         0xffffffff8011d4e3        0xd 
 .text.slab_cache_destroy
                0xffffffff8011d4f0       0xcc kernel/libinstrumentables.a.p/generic_src_mm_slab.c.o
                0xffffffff8011d4f0                slab_cache_destroy
 *fill*         0xffffffff8011d5bc        0x4 
 .text._slab_cache_create
                0xffffffff8011d5c0      0x2e6 kernel/libinstrumentables.a.p/generic_src_mm_slab.c.o
 *fill*         0xffffffff8011d8a6        0xa 
 .text.slab_cache_create
                0xffffffff8011d8b0       0x87 kernel/libinstrumentables.a.p/generic_src_mm_slab.c.o
                0xffffffff8011d8b0                slab_cache_create
 *fill*         0xffffffff8011d937        0x9 
 .text.slab_free
                0xffffffff8011d940      0x2fb kernel/libinstrumentables.a.p/generic_src_mm_slab.c.o
                0xffffffff8011d940                slab_free
 *fill*         0xffffffff8011dc3b        0x5 
 .text.slab_reclaim
                0xffffffff8011dc40       0x9d kernel/libinstrumentables.a.p/generic_src_mm_slab.c.o
                0xffffffff8011dc40                slab_reclaim
 *fill*         0xffffffff8011dcdd        0x3 
 .text.slab_print_list
                0xffffffff8011dce0      0x127 kernel/libinstrumentables.a.p/generic_src_mm_slab.c.o
                0xffffffff8011dce0                slab_print_list
 *fill*         0xffffffff8011de07        0x9 
 .text.slab_cache_init
                0xffffffff8011de10       0xbf kernel/libinstrumentables.a.p/generic_src_mm_slab.c.o
                0xffffffff8011de10                slab_cache_init
 *fill*         0xffffffff8011decf        0x1 
 .text.slab_enable_cpucache
                0xffffffff8011ded0      0x183 kernel/libinstrumentables.a.p/generic_src_mm_slab.c.o
                0xffffffff8011ded0                slab_enable_cpucache
 *fill*         0xffffffff8011e053        0xd 
 .text.tlb_init
                0xffffffff8011e060        0xa kernel/libinstrumentables.a.p/generic_src_mm_tlb.c.o
                0xffffffff8011e060                tlb_init
 *fill*         0xffffffff8011e06a        0x6 
 .text.tlb_shootdown_start
                0xffffffff8011e070      0x14c kernel/libinstrumentables.a.p/generic_src_mm_tlb.c.o
                0xffffffff8011e070                tlb_shootdown_start
 *fill*         0xffffffff8011e1bc        0x4 
 .text.tlb_shootdown_finalize
                0xffffffff8011e1c0       0x39 kernel/libinstrumentables.a.p/generic_src_mm_tlb.c.o
                0xffffffff8011e1c0                tlb_shootdown_finalize
 *fill*         0xffffffff8011e1f9        0x7 
 .text.tlb_shootdown_ipi_recv
                0xffffffff8011e200      0x1ab kernel/libinstrumentables.a.p/generic_src_mm_tlb.c.o
                0xffffffff8011e200                tlb_shootdown_ipi_recv
 *fill*         0xffffffff8011e3ab        0x5 
 .text.current_initialize
                0xffffffff8011e3b0       0x3c kernel/libinstrumentables.a.p/generic_src_proc_current.c.o
                0xffffffff8011e3b0                current_initialize
 *fill*         0xffffffff8011e3ec        0x4 
 .text.current_copy
                0xffffffff8011e3f0       0x81 kernel/libinstrumentables.a.p/generic_src_proc_current.c.o
                0xffffffff8011e3f0                current_copy
 *fill*         0xffffffff8011e471        0xf 
 .text.sysinfo_item_constructor
                0xffffffff8011e480       0x2d kernel/libinstrumentables.a.p/generic_src_sysinfo_sysinfo.c.o
 *fill*         0xffffffff8011e4ad        0x3 
 .text.sysinfo_item_destructor
                0xffffffff8011e4b0       0x1b kernel/libinstrumentables.a.p/generic_src_sysinfo_sysinfo.c.o
 *fill*         0xffffffff8011e4cb        0x5 
 .text.sysinfo_create_path
                0xffffffff8011e4d0      0x28d kernel/libinstrumentables.a.p/generic_src_sysinfo_sysinfo.c.o
 *fill*         0xffffffff8011e75d        0x3 
 .text.sysinfo_dump_internal
                0xffffffff8011e760      0x20a kernel/libinstrumentables.a.p/generic_src_sysinfo_sysinfo.c.o
 *fill*         0xffffffff8011e96a        0x6 
 .text.sysinfo_find_item
                0xffffffff8011e970      0x124 kernel/libinstrumentables.a.p/generic_src_sysinfo_sysinfo.c.o
 *fill*         0xffffffff8011ea94        0xc 
 .text.sysinfo_get_keys.constprop.0
                0xffffffff8011eaa0       0xf9 kernel/libinstrumentables.a.p/generic_src_sysinfo_sysinfo.c.o
 *fill*         0xffffffff8011eb99        0x7 
 .text.sysinfo_dump_internal.constprop.0
                0xffffffff8011eba0      0x1b2 kernel/libinstrumentables.a.p/generic_src_sysinfo_sysinfo.c.o
 *fill*         0xffffffff8011ed52        0xe 
 .text.sysinfo_init
                0xffffffff8011ed60       0x44 kernel/libinstrumentables.a.p/generic_src_sysinfo_sysinfo.c.o
                0xffffffff8011ed60                sysinfo_init
 *fill*         0xffffffff8011eda4        0xc 
 .text.sysinfo_set_item_val
                0xffffffff8011edb0       0x83 kernel/libinstrumentables.a.p/generic_src_sysinfo_sysinfo.c.o
                0xffffffff8011edb0                sysinfo_set_item_val
 *fill*         0xffffffff8011ee33        0xd 
 .text.sysinfo_set_item_data
                0xffffffff8011ee40       0x93 kernel/libinstrumentables.a.p/generic_src_sysinfo_sysinfo.c.o
                0xffffffff8011ee40                sysinfo_set_item_data
 *fill*         0xffffffff8011eed3        0xd 
 .text.sysinfo_set_item_gen_data
                0xffffffff8011eee0       0x93 kernel/libinstrumentables.a.p/generic_src_sysinfo_sysinfo.c.o
                0xffffffff8011eee0                sysinfo_set_item_gen_data
 *fill*         0xffffffff8011ef73        0xd 
 .text.sysinfo_set_subtree_fn
                0xffffffff8011ef80       0x93 kernel/libinstrumentables.a.p/generic_src_sysinfo_sysinfo.c.o
                0xffffffff8011ef80                sysinfo_set_subtree_fn
 *fill*         0xffffffff8011f013        0xd 
 .text.sysinfo_dump
                0xffffffff8011f020       0x4e kernel/libinstrumentables.a.p/generic_src_sysinfo_sysinfo.c.o
                0xffffffff8011f020                sysinfo_dump
 *fill*         0xffffffff8011f06e        0x2 
 .text.sys_sysinfo_get_keys_size
                0xffffffff8011f070       0xf9 kernel/libinstrumentables.a.p/generic_src_sysinfo_sysinfo.c.o
                0xffffffff8011f070                sys_sysinfo_get_keys_size
 *fill*         0xffffffff8011f169        0x7 
 .text.sys_sysinfo_get_keys
                0xffffffff8011f170      0x11f kernel/libinstrumentables.a.p/generic_src_sysinfo_sysinfo.c.o
                0xffffffff8011f170                sys_sysinfo_get_keys
 *fill*         0xffffffff8011f28f        0x1 
 .text.sys_sysinfo_get_val_type
                0xffffffff8011f290      0x170 kernel/libinstrumentables.a.p/generic_src_sysinfo_sysinfo.c.o
                0xffffffff8011f290                sys_sysinfo_get_val_type
 .text.sys_sysinfo_get_value
                0xffffffff8011f400      0x1e4 kernel/libinstrumentables.a.p/generic_src_sysinfo_sysinfo.c.o
                0xffffffff8011f400                sys_sysinfo_get_value
 *fill*         0xffffffff8011f5e4        0xc 
 .text.sys_sysinfo_get_data_size
                0xffffffff8011f5f0      0x1e4 kernel/libinstrumentables.a.p/generic_src_sysinfo_sysinfo.c.o
                0xffffffff8011f5f0                sys_sysinfo_get_data_size
 *fill*         0xffffffff8011f7d4        0xc 
 .text.sys_sysinfo_get_data
                0xffffffff8011f7e0      0x241 kernel/libinstrumentables.a.p/generic_src_sysinfo_sysinfo.c.o
                0xffffffff8011f7e0                sys_sysinfo_get_data
 *fill*         0xffffffff8011fa21        0xf 
 .text.parse_int_arg
                0xffffffff8011fa30      0x208 kernel/libinstrumentables.a.p/generic_src_console_kconsole.c.o
 *fill*         0xffffffff8011fc38        0x8 
 .text.kconsole_init
                0xffffffff8011fc40       0x6f kernel/libinstrumentables.a.p/generic_src_console_kconsole.c.o
                0xffffffff8011fc40                kconsole_init
 *fill*         0xffffffff8011fcaf        0x1 
 .text.cmd_register
                0xffffffff8011fcb0      0x109 kernel/libinstrumentables.a.p/generic_src_console_kconsole.c.o
                0xffffffff8011fcb0                cmd_register
 *fill*         0xffffffff8011fdb9        0x7 
 .text.cmdtab_enum
                0xffffffff8011fdc0      0x109 kernel/libinstrumentables.a.p/generic_src_console_kconsole.c.o
                0xffffffff8011fdc0                cmdtab_enum
 *fill*         0xffffffff8011fec9        0x7 
 .text.kconsole_check_poll
                0xffffffff8011fed0       0x11 kernel/libinstrumentables.a.p/generic_src_console_kconsole.c.o
                0xffffffff8011fed0                kconsole_check_poll
 *fill*         0xffffffff8011fee1        0xf 
 .text.kconsole
                0xffffffff8011fef0     0x13b4 kernel/libinstrumentables.a.p/generic_src_console_kconsole.c.o
                0xffffffff8011fef0                kconsole
 *fill*         0xffffffff801212a4        0xc 
 .text.kconsole_thread
                0xffffffff801212b0       0x1d kernel/libinstrumentables.a.p/generic_src_console_kconsole.c.o
                0xffffffff801212b0                kconsole_thread
 *fill*         0xffffffff801212cd        0x3 
 .text.amd64_post_smp_init
                0xffffffff801212d0      0x126 kernel/libnoninstrumentables.a.p/arch_amd64_src_amd64.c.o
 *fill*         0xffffffff801213f6        0xa 
 .text.amd64_pre_smp_init
                0xffffffff80121400       0x1e kernel/libnoninstrumentables.a.p/arch_amd64_src_amd64.c.o
 *fill*         0xffffffff8012141e        0x2 
 .text.amd64_post_mm_init
                0xffffffff80121420       0x6e kernel/libnoninstrumentables.a.p/arch_amd64_src_amd64.c.o
 *fill*         0xffffffff8012148e        0x2 
 .text.amd64_post_cpu_init
                0xffffffff80121490       0x1f kernel/libnoninstrumentables.a.p/arch_amd64_src_amd64.c.o
 *fill*         0xffffffff801214af        0x1 
 .text.amd64_pre_mm_init
                0xffffffff801214b0       0xc0 kernel/libnoninstrumentables.a.p/arch_amd64_src_amd64.c.o
 .text.amd64_pre_main
                0xffffffff80121570       0x46 kernel/libnoninstrumentables.a.p/arch_amd64_src_amd64.c.o
                0xffffffff80121570                amd64_pre_main
 *fill*         0xffffffff801215b6        0xa 
 .text.calibrate_delay_loop
                0xffffffff801215c0       0x1e kernel/libnoninstrumentables.a.p/arch_amd64_src_amd64.c.o
                0xffffffff801215c0                calibrate_delay_loop
 *fill*         0xffffffff801215de        0x2 
 .text.arch_construct_function
                0xffffffff801215e0        0x9 kernel/libnoninstrumentables.a.p/arch_amd64_src_amd64.c.o
                0xffffffff801215e0                arch_construct_function
 *fill*         0xffffffff801215e9        0x7 
 .text.arch_reboot
                0xffffffff801215f0        0xf kernel/libnoninstrumentables.a.p/arch_amd64_src_amd64.c.o
                0xffffffff801215f0                arch_reboot
 *fill*         0xffffffff801215ff        0x1 
 .text.irq_initialize_arch
                0xffffffff80121600        0x6 kernel/libnoninstrumentables.a.p/arch_amd64_src_amd64.c.o
                0xffffffff80121600                irq_initialize_arch
 .text          0xffffffff80121606     0x3c82 kernel/libnoninstrumentables.a.p/arch_amd64_src_asm.S.o
                0xffffffff80121606                memcpy_to_uspace
                0xffffffff80121606                memcpy_from_uspace
                0xffffffff8012161f                memcpy_to_uspace_failover_address
                0xffffffff8012161f                memcpy_from_uspace_failover_address
                0xffffffff80121622                has_cpuid
                0xffffffff8012163f                cpuid
                0xffffffff80121655                enable_l_apic_in_msr
                0xffffffff80121664                int_0
                0xffffffff80121664                interrupt_handlers
                0xffffffff80121750                int_1
                0xffffffff8012183c                int_2
                0xffffffff80121928                int_3
                0xffffffff80121a14                int_4
                0xffffffff80121b00                int_5
                0xffffffff80121bec                int_6
                0xffffffff80121cd8                int_7
                0xffffffff80121dc4                int_8
                0xffffffff80121eb0                int_9
                0xffffffff80121f9c                int_10
                0xffffffff80122088                int_11
                0xffffffff80122174                int_12
                0xffffffff80122260                int_13
                0xffffffff8012234c                int_14
                0xffffffff80122438                int_15
                0xffffffff80122524                int_16
                0xffffffff80122610                int_17
                0xffffffff801226fc                int_18
                0xffffffff801227e8                int_19
                0xffffffff801228d4                int_20
                0xffffffff801229c0                int_21
                0xffffffff80122aac                int_22
                0xffffffff80122b98                int_23
                0xffffffff80122c84                int_24
                0xffffffff80122d70                int_25
                0xffffffff80122e5c                int_26
                0xffffffff80122f48                int_27
                0xffffffff80123034                int_28
                0xffffffff80123120                int_29
                0xffffffff8012320c                int_30
                0xffffffff801232f8                int_31
                0xffffffff801233e4                int_32
                0xffffffff801234d0                int_33
                0xffffffff801235bc                int_34
                0xffffffff801236a8                int_35
                0xffffffff80123794                int_36
                0xffffffff80123880                int_37
                0xffffffff8012396c                int_38
                0xffffffff80123a58                int_39
                0xffffffff80123b44                int_40
                0xffffffff80123c30                int_41
                0xffffffff80123d1c                int_42
                0xffffffff80123e08                int_43
                0xffffffff80123ef4                int_44
                0xffffffff80123fe0                int_45
                0xffffffff801240cc                int_46
                0xffffffff801241b8                int_47
                0xffffffff801242a4                int_48
                0xffffffff80124390                int_49
                0xffffffff8012447c                int_50
                0xffffffff80124568                int_51
                0xffffffff80124654                int_52
                0xffffffff80124740                int_53
                0xffffffff8012482c                int_54
                0xffffffff80124918                int_55
                0xffffffff80124a04                int_56
                0xffffffff80124af0                int_57
                0xffffffff80124bdc                int_58
                0xffffffff80124cc8                int_59
                0xffffffff80124db4                int_60
                0xffffffff80124ea0                int_61
                0xffffffff80124f8c                int_62
                0xffffffff80125078                int_63
                0xffffffff80125164                syscall_entry
                0xffffffff80125287                early_putuchar
 *fill*         0xffffffff80125288        0x8 
 .text.bios_init
                0xffffffff80125290       0x18 kernel/libnoninstrumentables.a.p/arch_amd64_src_bios_bios.c.o
                0xffffffff80125290                bios_init
 .text          0xffffffff801252a8       0x6e kernel/libnoninstrumentables.a.p/arch_amd64_src_context.S.o
                0xffffffff801252a8                context_save_arch
                0xffffffff801252e0                context_restore_arch
 *fill*         0xffffffff80125316        0xa 
 .text.cpu_setup_fpu
                0xffffffff80125320       0x1d kernel/libnoninstrumentables.a.p/arch_amd64_src_cpu_cpu.c.o
                0xffffffff80125320                cpu_setup_fpu
 *fill*         0xffffffff8012533d        0x3 
 .text.fpu_disable
                0xffffffff80125340       0x10 kernel/libnoninstrumentables.a.p/arch_amd64_src_cpu_cpu.c.o
                0xffffffff80125340                fpu_disable
 .text.fpu_enable
                0xffffffff80125350       0x10 kernel/libnoninstrumentables.a.p/arch_amd64_src_cpu_cpu.c.o
                0xffffffff80125350                fpu_enable
 .text.cpu_arch_init
                0xffffffff80125360       0x32 kernel/libnoninstrumentables.a.p/arch_amd64_src_cpu_cpu.c.o
                0xffffffff80125360                cpu_arch_init
 *fill*         0xffffffff80125392        0xe 
 .text.cpu_identify
                0xffffffff801253a0       0xf8 kernel/libnoninstrumentables.a.p/arch_amd64_src_cpu_cpu.c.o
                0xffffffff801253a0                cpu_identify
 *fill*         0xffffffff80125498        0x8 
 .text.cpu_print_report
                0xffffffff801254a0       0x55 kernel/libnoninstrumentables.a.p/arch_amd64_src_cpu_cpu.c.o
                0xffffffff801254a0                cpu_print_report
 *fill*         0xffffffff801254f5        0xb 
 .text.io_perm_bitmap_install
                0xffffffff80125500      0x162 kernel/libnoninstrumentables.a.p/arch_amd64_src_ddi_ddi.c.o
                0xffffffff80125500                io_perm_bitmap_install
 .text          0xffffffff80125662        0x9 kernel/libnoninstrumentables.a.p/arch_amd64_src_debug_stacktrace_asm.S.o
                0xffffffff80125662                frame_pointer_get
                0xffffffff80125666                program_counter_get
 *fill*         0xffffffff8012566b        0x5 
 .text.kernel_stack_trace_context_validate
                0xffffffff80125670        0xd kernel/libnoninstrumentables.a.p/arch_amd64_src_debug_stacktrace.c.o
                0xffffffff80125670                kernel_stack_trace_context_validate
 *fill*         0xffffffff8012567d        0x3 
 .text.kernel_frame_pointer_prev
                0xffffffff80125680       0x14 kernel/libnoninstrumentables.a.p/arch_amd64_src_debug_stacktrace.c.o
                0xffffffff80125680                kernel_frame_pointer_prev
 *fill*         0xffffffff80125694        0xc 
 .text.kernel_return_address_get
                0xffffffff801256a0       0x15 kernel/libnoninstrumentables.a.p/arch_amd64_src_debug_stacktrace.c.o
                0xffffffff801256a0                kernel_return_address_get
 *fill*         0xffffffff801256b5        0xb 
 .text.uspace_stack_trace_context_validate
                0xffffffff801256c0        0xd kernel/libnoninstrumentables.a.p/arch_amd64_src_debug_stacktrace.c.o
                0xffffffff801256c0                uspace_stack_trace_context_validate
 *fill*         0xffffffff801256cd        0x3 
 .text.uspace_frame_pointer_prev
                0xffffffff801256d0       0x1e kernel/libnoninstrumentables.a.p/arch_amd64_src_debug_stacktrace.c.o
                0xffffffff801256d0                uspace_frame_pointer_prev
 *fill*         0xffffffff801256ee        0x2 
 .text.uspace_return_address_get
                0xffffffff801256f0       0x22 kernel/libnoninstrumentables.a.p/arch_amd64_src_debug_stacktrace.c.o
                0xffffffff801256f0                uspace_return_address_get
 .text          0xffffffff80125712        0xc kernel/libnoninstrumentables.a.p/arch_amd64_src_delay.S.o
                0xffffffff80125712                asm_delay_loop
                0xffffffff80125718                asm_fake_loop
 *fill*         0xffffffff8012571e        0x2 
 .text.i8254_claim
                0xffffffff80125720        0xb kernel/libnoninstrumentables.a.p/arch_amd64_src_drivers_i8254.c.o
 *fill*         0xffffffff8012572b        0x5 
 .text.i8254_irq_handler
                0xffffffff80125730       0x2e kernel/libnoninstrumentables.a.p/arch_amd64_src_drivers_i8254.c.o
 *fill*         0xffffffff8012575e        0x2 
 .text.i8254_init
                0xffffffff80125760       0x74 kernel/libnoninstrumentables.a.p/arch_amd64_src_drivers_i8254.c.o
                0xffffffff80125760                i8254_init
 *fill*         0xffffffff801257d4        0xc 
 .text.i8254_normal_operation
                0xffffffff801257e0       0x35 kernel/libnoninstrumentables.a.p/arch_amd64_src_drivers_i8254.c.o
                0xffffffff801257e0                i8254_normal_operation
 *fill*         0xffffffff80125815        0xb 
 .text.i8254_calibrate_delay_loop
                0xffffffff80125820      0x13f kernel/libnoninstrumentables.a.p/arch_amd64_src_drivers_i8254.c.o
                0xffffffff80125820                i8254_calibrate_delay_loop
 *fill*         0xffffffff8012595f        0x1 
 .text.fpu_context_save
                0xffffffff80125960        0x9 kernel/libnoninstrumentables.a.p/arch_amd64_src_fpu_context.c.o
                0xffffffff80125960                fpu_context_save
 *fill*         0xffffffff80125969        0x7 
 .text.fpu_context_restore
                0xffffffff80125970        0x9 kernel/libnoninstrumentables.a.p/arch_amd64_src_fpu_context.c.o
                0xffffffff80125970                fpu_context_restore
 *fill*         0xffffffff80125979        0x7 
 .text.fpu_init
                0xffffffff80125980        0x8 kernel/libnoninstrumentables.a.p/arch_amd64_src_fpu_context.c.o
                0xffffffff80125980                fpu_init
 *fill*         0xffffffff80125988        0x8 
 .text.tlb_shootdown_ipi
                0xffffffff80125990       0x16 kernel/libnoninstrumentables.a.p/arch_amd64_src_interrupt.c.o
 *fill*         0xffffffff801259a6        0xa 
 .text.ss_fault
                0xffffffff801259b0       0x37 kernel/libnoninstrumentables.a.p/arch_amd64_src_interrupt.c.o
 *fill*         0xffffffff801259e7        0x9 
 .text.de_fault
                0xffffffff801259f0       0x37 kernel/libnoninstrumentables.a.p/arch_amd64_src_interrupt.c.o
 *fill*         0xffffffff80125a27        0x9 
 .text.null_interrupt
                0xffffffff80125a30       0x39 kernel/libnoninstrumentables.a.p/arch_amd64_src_interrupt.c.o
 *fill*         0xffffffff80125a69        0x7 
 .text.nm_fault
                0xffffffff80125a70        0xa kernel/libnoninstrumentables.a.p/arch_amd64_src_interrupt.c.o
 *fill*         0xffffffff80125a7a        0x6 
 .text.irq_interrupt
                0xffffffff80125a80      0x11f kernel/libnoninstrumentables.a.p/arch_amd64_src_interrupt.c.o
 *fill*         0xffffffff80125b9f        0x1 
 .text.pic_spurious
                0xffffffff80125ba0       0x8f kernel/libnoninstrumentables.a.p/arch_amd64_src_interrupt.c.o
 *fill*         0xffffffff80125c2f        0x1 
 .text.gp_fault
                0xffffffff80125c30       0xa3 kernel/libnoninstrumentables.a.p/arch_amd64_src_interrupt.c.o
 *fill*         0xffffffff80125cd3        0xd 
 .text.istate_decode
                0xffffffff80125ce0       0xfa kernel/libnoninstrumentables.a.p/arch_amd64_src_interrupt.c.o
                0xffffffff80125ce0                istate_decode
 *fill*         0xffffffff80125dda        0x6 
 .text.interrupt_init
                0xffffffff80125de0      0x274 kernel/libnoninstrumentables.a.p/arch_amd64_src_interrupt.c.o
                0xffffffff80125de0                interrupt_init
 *fill*         0xffffffff80126054        0xc 
 .text.kseg_init
                0xffffffff80126060       0x5f kernel/libnoninstrumentables.a.p/arch_amd64_src_kseg.c.o
                0xffffffff80126060                kseg_init
 *fill*         0xffffffff801260bf        0x1 
 .text.as_arch_init
                0xffffffff801260c0       0x11 kernel/libnoninstrumentables.a.p/arch_amd64_src_mm_as.c.o
                0xffffffff801260c0                as_arch_init
 *fill*         0xffffffff801260d1        0xf 
 .text.init_e820_memory
                0xffffffff801260e0      0x2d2 kernel/libnoninstrumentables.a.p/arch_amd64_src_mm_frame.c.o
 *fill*         0xffffffff801263b2        0xe 
 .text.physmem_print
                0xffffffff801263c0       0x7d kernel/libnoninstrumentables.a.p/arch_amd64_src_mm_frame.c.o
                0xffffffff801263c0                physmem_print
 *fill*         0xffffffff8012643d        0x3 
 .text.frame_low_arch_init
                0xffffffff80126440       0x55 kernel/libnoninstrumentables.a.p/arch_amd64_src_mm_frame.c.o
                0xffffffff80126440                frame_low_arch_init
 *fill*         0xffffffff80126495        0xb 
 .text.frame_high_arch_init
                0xffffffff801264a0       0x22 kernel/libnoninstrumentables.a.p/arch_amd64_src_mm_frame.c.o
                0xffffffff801264a0                frame_high_arch_init
 *fill*         0xffffffff801264c2        0xe 
 .text.km_identity_arch_init
                0xffffffff801264d0       0x1d kernel/libnoninstrumentables.a.p/arch_amd64_src_mm_km.c.o
                0xffffffff801264d0                km_identity_arch_init
 *fill*         0xffffffff801264ed        0x3 
 .text.km_non_identity_arch_init
                0xffffffff801264f0       0x1e kernel/libnoninstrumentables.a.p/arch_amd64_src_mm_km.c.o
                0xffffffff801264f0                km_non_identity_arch_init
 *fill*         0xffffffff8012650e        0x2 
 .text.km_is_non_identity_arch
                0xffffffff80126510       0x23 kernel/libnoninstrumentables.a.p/arch_amd64_src_mm_km.c.o
                0xffffffff80126510                km_is_non_identity_arch
 *fill*         0xffffffff80126533        0xd 
 .text.page_fault
                0xffffffff80126540       0x49 kernel/libnoninstrumentables.a.p/arch_amd64_src_mm_page.c.o
                0xffffffff80126540                page_fault
 *fill*         0xffffffff80126589        0x7 
 .text.page_arch_init
                0xffffffff80126590       0xe1 kernel/libnoninstrumentables.a.p/arch_amd64_src_mm_page.c.o
                0xffffffff80126590                page_arch_init
 *fill*         0xffffffff80126671        0xf 
 .text.tlb_invalidate_all
                0xffffffff80126680        0xc kernel/libnoninstrumentables.a.p/arch_amd64_src_mm_tlb.c.o
                0xffffffff80126680                tlb_invalidate_all
 *fill*         0xffffffff8012668c        0x4 
 .text.tlb_invalidate_asid
                0xffffffff80126690        0xc kernel/libnoninstrumentables.a.p/arch_amd64_src_mm_tlb.c.o
                0xffffffff80126690                tlb_invalidate_asid
 *fill*         0xffffffff8012669c        0x4 
 .text.tlb_invalidate_pages
                0xffffffff801266a0       0x26 kernel/libnoninstrumentables.a.p/arch_amd64_src_mm_tlb.c.o
                0xffffffff801266a0                tlb_invalidate_pages
 *fill*         0xffffffff801266c6        0xa 
 .text.tlb_arch_init
                0xffffffff801266d0        0x6 kernel/libnoninstrumentables.a.p/arch_amd64_src_mm_tlb.c.o
                0xffffffff801266d0                tlb_arch_init
 *fill*         0xffffffff801266d6        0xa 
 .text.tlb_print
                0xffffffff801266e0        0x6 kernel/libnoninstrumentables.a.p/arch_amd64_src_mm_tlb.c.o
                0xffffffff801266e0                tlb_print
 *fill*         0xffffffff801266e6        0xa 
 .text.gdt_tss_setlimit
                0xffffffff801266f0       0x20 kernel/libnoninstrumentables.a.p/arch_amd64_src_pm.c.o
                0xffffffff801266f0                gdt_tss_setlimit
 .text.idt_init
                0xffffffff80126710      0x9c3 kernel/libnoninstrumentables.a.p/arch_amd64_src_pm.c.o
                0xffffffff80126710                idt_init
 *fill*         0xffffffff801270d3        0xd 
 .text.pm_init  0xffffffff801270e0      0x100 kernel/libnoninstrumentables.a.p/arch_amd64_src_pm.c.o
                0xffffffff801270e0                pm_init
 .text.before_task_runs_arch
                0xffffffff801271e0        0xa kernel/libnoninstrumentables.a.p/arch_amd64_src_proc_scheduler.c.o
                0xffffffff801271e0                before_task_runs_arch
 *fill*         0xffffffff801271ea        0x6 
 .text.before_thread_runs_arch
                0xffffffff801271f0       0x4f kernel/libnoninstrumentables.a.p/arch_amd64_src_proc_scheduler.c.o
                0xffffffff801271f0                before_thread_runs_arch
 *fill*         0xffffffff8012723f        0x1 
 .text.after_thread_ran_arch
                0xffffffff80127240        0x6 kernel/libnoninstrumentables.a.p/arch_amd64_src_proc_scheduler.c.o
                0xffffffff80127240                after_thread_ran_arch
 *fill*         0xffffffff80127246        0xa 
 .text.task_create_arch
                0xffffffff80127250       0x20 kernel/libnoninstrumentables.a.p/arch_amd64_src_proc_task.c.o
                0xffffffff80127250                task_create_arch
 .text.task_destroy_arch
                0xffffffff80127270       0x1a kernel/libnoninstrumentables.a.p/arch_amd64_src_proc_task.c.o
                0xffffffff80127270                task_destroy_arch
 *fill*         0xffffffff8012728a        0x6 
 .text.thread_create_arch
                0xffffffff80127290       0x1c kernel/libnoninstrumentables.a.p/arch_amd64_src_proc_thread.c.o
                0xffffffff80127290                thread_create_arch
 *fill*         0xffffffff801272ac        0x4 
 .text.smc_coherence
                0xffffffff801272b0        0x6 kernel/libnoninstrumentables.a.p/arch_amd64_src_smc.c.o
                0xffffffff801272b0                smc_coherence
 *fill*         0xffffffff801272b6        0xa 
 .text.syscall_setup_cpu
                0xffffffff801272c0       0x56 kernel/libnoninstrumentables.a.p/arch_amd64_src_syscall.c.o
                0xffffffff801272c0                syscall_setup_cpu
 *fill*         0xffffffff80127316        0xa 
 .text.arch_get_initial_sp
                0xffffffff80127320        0xa kernel/libnoninstrumentables.a.p/arch_amd64_src_userspace.c.o
                0xffffffff80127320                arch_get_initial_sp
 *fill*         0xffffffff8012732a        0x6 
 .text.userspace
                0xffffffff80127330       0x4c kernel/libnoninstrumentables.a.p/arch_amd64_src_userspace.c.o
                0xffffffff80127330                userspace
 *fill*         0xffffffff8012737c        0x4 
 .text.vreg_init
                0xffffffff80127380       0x60 kernel/libnoninstrumentables.a.p/arch_amd64_src_vreg.c.o
                0xffffffff80127380                vreg_init
 .text.apic_get_name
                0xffffffff801273e0        0xd kernel/libnoninstrumentables.a.p/arch_amd64_src_smp_apic.c.o
 *fill*         0xffffffff801273ed        0x3 
 .text.l_apic_is_spurious
                0xffffffff801273f0        0xc kernel/libnoninstrumentables.a.p/arch_amd64_src_smp_apic.c.o
 *fill*         0xffffffff801273fc        0x4 
 .text.l_apic_handle_spurious
                0xffffffff80127400        0x6 kernel/libnoninstrumentables.a.p/arch_amd64_src_smp_apic.c.o
 *fill*         0xffffffff80127406        0xa 
 .text.apic_spurious
                0xffffffff80127410        0x6 kernel/libnoninstrumentables.a.p/arch_amd64_src_smp_apic.c.o
 *fill*         0xffffffff80127416        0xa 
 .text.l_apic_timer_claim
                0xffffffff80127420        0xb kernel/libnoninstrumentables.a.p/arch_amd64_src_smp_apic.c.o
 *fill*         0xffffffff8012742b        0x5 
 .text.l_apic_eoi
                0xffffffff80127430       0x17 kernel/libnoninstrumentables.a.p/arch_amd64_src_smp_apic.c.o
                0xffffffff80127430                l_apic_eoi
 *fill*         0xffffffff80127447        0x9 
 .text.io_apic_disable_irqs
                0xffffffff80127450       0x74 kernel/libnoninstrumentables.a.p/arch_amd64_src_smp_apic.c.o
                0xffffffff80127450                io_apic_disable_irqs
 *fill*         0xffffffff801274c4        0xc 
 .text.io_apic_enable_irqs
                0xffffffff801274d0       0x73 kernel/libnoninstrumentables.a.p/arch_amd64_src_smp_apic.c.o
                0xffffffff801274d0                io_apic_enable_irqs
 *fill*         0xffffffff80127543        0xd 
 .text.l_apic_timer_irq_handler
                0xffffffff80127550       0x2e kernel/libnoninstrumentables.a.p/arch_amd64_src_smp_apic.c.o
 *fill*         0xffffffff8012757e        0x2 
 .text.apic_poll_errors
                0xffffffff80127580      0x113 kernel/libnoninstrumentables.a.p/arch_amd64_src_smp_apic.c.o
 *fill*         0xffffffff80127693        0xd 
 .text.l_apic_broadcast_custom_ipi
                0xffffffff801276a0       0x3b kernel/libnoninstrumentables.a.p/arch_amd64_src_smp_apic.c.o
                0xffffffff801276a0                l_apic_broadcast_custom_ipi
 *fill*         0xffffffff801276db        0x5 
 .text.l_apic_send_init_ipi
                0xffffffff801276e0      0x155 kernel/libnoninstrumentables.a.p/arch_amd64_src_smp_apic.c.o
                0xffffffff801276e0                l_apic_send_init_ipi
 *fill*         0xffffffff80127835        0xb 
 .text.l_apic_init
                0xffffffff80127840      0x1aa kernel/libnoninstrumentables.a.p/arch_amd64_src_smp_apic.c.o
                0xffffffff80127840                l_apic_init
 *fill*         0xffffffff801279ea        0x6 
 .text.apic_init
                0xffffffff801279f0      0x2af kernel/libnoninstrumentables.a.p/arch_amd64_src_smp_apic.c.o
                0xffffffff801279f0                apic_init
 *fill*         0xffffffff80127c9f        0x1 
 .text.l_apic_debug
                0xffffffff80127ca0        0x6 kernel/libnoninstrumentables.a.p/arch_amd64_src_smp_apic.c.o
                0xffffffff80127ca0                l_apic_debug
 *fill*         0xffffffff80127ca6        0xa 
 .text.ipi_broadcast_arch
                0xffffffff80127cb0        0xe kernel/libnoninstrumentables.a.p/arch_amd64_src_smp_ipi.c.o
                0xffffffff80127cb0                ipi_broadcast_arch
 *fill*         0xffffffff80127cbe        0x2 
 .text.mps_irq_to_pin
                0xffffffff80127cc0       0x47 kernel/libnoninstrumentables.a.p/arch_amd64_src_smp_mps.c.o
 *fill*         0xffffffff80127d07        0x9 
 .text.mps_cpu_apic_id
                0xffffffff80127d10       0x5e kernel/libnoninstrumentables.a.p/arch_amd64_src_smp_mps.c.o
 *fill*         0xffffffff80127d6e        0x2 
 .text.mps_cpu_bootstrap
                0xffffffff80127d70       0x63 kernel/libnoninstrumentables.a.p/arch_amd64_src_smp_mps.c.o
 *fill*         0xffffffff80127dd3        0xd 
 .text.mps_cpu_enabled
                0xffffffff80127de0       0x6a kernel/libnoninstrumentables.a.p/arch_amd64_src_smp_mps.c.o
 *fill*         0xffffffff80127e4a        0x6 
 .text.mps_init
                0xffffffff80127e50      0xa35 kernel/libnoninstrumentables.a.p/arch_amd64_src_smp_mps.c.o
                0xffffffff80127e50                mps_init
 *fill*         0xffffffff80128885        0xb 
 .text.smp_init
                0xffffffff80128890       0x90 kernel/libnoninstrumentables.a.p/arch_amd64_src_smp_smp.c.o
                0xffffffff80128890                smp_init
 .text.kmp      0xffffffff80128920      0x2e5 kernel/libnoninstrumentables.a.p/arch_amd64_src_smp_smp.c.o
                0xffffffff80128920                kmp
 *fill*         0xffffffff80128c05        0xb 
 .text.smp_irq_to_pin
                0xffffffff80128c10       0x4e kernel/libnoninstrumentables.a.p/arch_amd64_src_smp_smp.c.o
                0xffffffff80128c10                smp_irq_to_pin
 *fill*         0xffffffff80128c5e        0x2 
 .text.acpi_init
                0xffffffff80128c60     0x17f7 kernel/libnoninstrumentables.a.p/genarch_src_acpi_acpi.c.o
                0xffffffff80128c60                acpi_init
 *fill*         0xffffffff8012a457        0x9 
 .text.madt_irq_to_pin
                0xffffffff8012a460       0x16 kernel/libnoninstrumentables.a.p/genarch_src_acpi_madt.c.o
 *fill*         0xffffffff8012a476        0xa 
 .text.madt_cmp
                0xffffffff8012a480       0x1f kernel/libnoninstrumentables.a.p/genarch_src_acpi_madt.c.o
 *fill*         0xffffffff8012a49f        0x1 
 .text.madt_cpu_apic_id
                0xffffffff8012a4a0       0x61 kernel/libnoninstrumentables.a.p/genarch_src_acpi_madt.c.o
 *fill*         0xffffffff8012a501        0xf 
 .text.madt_cpu_bootstrap
                0xffffffff8012a510       0x6a kernel/libnoninstrumentables.a.p/genarch_src_acpi_madt.c.o
 *fill*         0xffffffff8012a57a        0x6 
 .text.madt_cpu_enabled
                0xffffffff8012a580       0x6c kernel/libnoninstrumentables.a.p/genarch_src_acpi_madt.c.o
 *fill*         0xffffffff8012a5ec        0x4 
 .text.acpi_madt_parse
                0xffffffff8012a5f0      0x29d kernel/libnoninstrumentables.a.p/genarch_src_acpi_madt.c.o
                0xffffffff8012a5f0                acpi_madt_parse
 *fill*         0xffffffff8012a88d        0x3 
 .text.pt_mapping_make_global
                0xffffffff8012a890      0x205 kernel/libnoninstrumentables.a.p/genarch_src_mm_page_pt.c.o
 *fill*         0xffffffff8012aa95        0xb 
 .text.pt_mapping_insert
                0xffffffff8012aaa0      0x314 kernel/libnoninstrumentables.a.p/genarch_src_mm_page_pt.c.o
 *fill*         0xffffffff8012adb4        0xc 
 .text.pt_mapping_remove
                0xffffffff8012adc0      0x2cd kernel/libnoninstrumentables.a.p/genarch_src_mm_page_pt.c.o
 *fill*         0xffffffff8012b08d        0x3 
 .text.pt_mapping_find_internal
                0xffffffff8012b090      0x14c kernel/libnoninstrumentables.a.p/genarch_src_mm_page_pt.c.o
 *fill*         0xffffffff8012b1dc        0x4 
 .text.pt_mapping_update
                0xffffffff8012b1e0      0x1ac kernel/libnoninstrumentables.a.p/genarch_src_mm_page_pt.c.o
 *fill*         0xffffffff8012b38c        0x4 
 .text.pt_mapping_find
                0xffffffff8012b390       0x2e kernel/libnoninstrumentables.a.p/genarch_src_mm_page_pt.c.o
 *fill*         0xffffffff8012b3be        0x2 
 .text.pt_locked
                0xffffffff8012b3c0        0xe kernel/libnoninstrumentables.a.p/genarch_src_mm_as_pt.c.o
 *fill*         0xffffffff8012b3ce        0x2 
 .text.pt_unlock
                0xffffffff8012b3d0       0x1a kernel/libnoninstrumentables.a.p/genarch_src_mm_as_pt.c.o
 *fill*         0xffffffff8012b3ea        0x6 
 .text.pt_lock  0xffffffff8012b3f0       0x1a kernel/libnoninstrumentables.a.p/genarch_src_mm_as_pt.c.o
 *fill*         0xffffffff8012b40a        0x6 
 .text.ptl0_destroy
                0xffffffff8012b410        0xf kernel/libnoninstrumentables.a.p/genarch_src_mm_as_pt.c.o
 *fill*         0xffffffff8012b41f        0x1 
 .text.ptl0_create
                0xffffffff8012b420       0x91 kernel/libnoninstrumentables.a.p/genarch_src_mm_as_pt.c.o
 *fill*         0xffffffff8012b4b1        0xf 
 .text.fb_font_glyph
                0xffffffff8012b4c0      0xb59 kernel/libnoninstrumentables.a.p/genarch_src_fb_font-8x16.c.o
                0xffffffff8012b4c0                fb_font_glyph
 *fill*         0xffffffff8012c019        0x7 
 .text.rgb_0888
                0xffffffff8012c020        0xd kernel/libnoninstrumentables.a.p/genarch_src_fb_fb.c.o
 *fill*         0xffffffff8012c02d        0x3 
 .text.bgr_0888
                0xffffffff8012c030       0x39 kernel/libnoninstrumentables.a.p/genarch_src_fb_fb.c.o
 *fill*         0xffffffff8012c069        0x7 
 .text.rgb_8880
                0xffffffff8012c070       0x3a kernel/libnoninstrumentables.a.p/genarch_src_fb_fb.c.o
 *fill*         0xffffffff8012c0aa        0x6 
 .text.bgr_8880
                0xffffffff8012c0b0       0x29 kernel/libnoninstrumentables.a.p/genarch_src_fb_fb.c.o
 *fill*         0xffffffff8012c0d9        0x7 
 .text.rgb_888  0xffffffff8012c0e0       0x15 kernel/libnoninstrumentables.a.p/genarch_src_fb_fb.c.o
 *fill*         0xffffffff8012c0f5        0xb 
 .text.bgr_888  0xffffffff8012c100       0x10 kernel/libnoninstrumentables.a.p/genarch_src_fb_fb.c.o
 .text.rgb_555_be
                0xffffffff8012c110       0x30 kernel/libnoninstrumentables.a.p/genarch_src_fb_fb.c.o
 .text.rgb_555_le
                0xffffffff8012c140       0x2d kernel/libnoninstrumentables.a.p/genarch_src_fb_fb.c.o
 *fill*         0xffffffff8012c16d        0x3 
 .text.rgb_565_be
                0xffffffff8012c170       0x2c kernel/libnoninstrumentables.a.p/genarch_src_fb_fb.c.o
 *fill*         0xffffffff8012c19c        0x4 
 .text.rgb_565_le
                0xffffffff8012c1a0       0x28 kernel/libnoninstrumentables.a.p/genarch_src_fb_fb.c.o
 *fill*         0xffffffff8012c1c8        0x8 
 .text.bgr_323  0xffffffff8012c1d0       0x24 kernel/libnoninstrumentables.a.p/genarch_src_fb_fb.c.o
 *fill*         0xffffffff8012c1f4        0xc 
 .text.fb_redraw_internal
                0xffffffff8012c200      0x1af kernel/libnoninstrumentables.a.p/genarch_src_fb_fb.c.o
 *fill*         0xffffffff8012c3af        0x1 
 .text.fb_redraw
                0xffffffff8012c3b0       0x2d kernel/libnoninstrumentables.a.p/genarch_src_fb_fb.c.o
 *fill*         0xffffffff8012c3dd        0x3 
 .text.glyph_draw
                0xffffffff8012c3e0       0xd2 kernel/libnoninstrumentables.a.p/genarch_src_fb_fb.c.o
 *fill*         0xffffffff8012c4b2        0xe 
 .text.fb_mapped_changed
                0xffffffff8012c4c0       0x31 kernel/libnoninstrumentables.a.p/genarch_src_fb_fb.c.o
 *fill*         0xffffffff8012c4f1        0xf 
 .text.fb_scroll_up
                0xffffffff8012c500       0x94 kernel/libnoninstrumentables.a.p/genarch_src_fb_fb.c.o
 *fill*         0xffffffff8012c594        0xc 
 .text.fb_scroll_down
                0xffffffff8012c5a0       0x95 kernel/libnoninstrumentables.a.p/genarch_src_fb_fb.c.o
 *fill*         0xffffffff8012c635        0xb 
 .text.fb_putuchar
                0xffffffff8012c640      0x474 kernel/libnoninstrumentables.a.p/genarch_src_fb_fb.c.o
 *fill*         0xffffffff8012cab4        0xc 
 .text.fb_init  0xffffffff8012cac0      0x661 kernel/libnoninstrumentables.a.p/genarch_src_fb_fb.c.o
                0xffffffff8012cac0                fb_init
 *fill*         0xffffffff8012d121        0xf 
 .text.bfb_init
                0xffffffff8012d130      0x10d kernel/libnoninstrumentables.a.p/genarch_src_fb_bfb.c.o
                0xffffffff8012d130                bfb_init
 *fill*         0xffffffff8012d23d        0x3 
 .text.i8042_claim
                0xffffffff8012d240       0x31 kernel/libnoninstrumentables.a.p/genarch_src_drivers_i8042_i8042.c.o
 *fill*         0xffffffff8012d271        0xf 
 .text.i8042_irq_handler
                0xffffffff8012d280       0x64 kernel/libnoninstrumentables.a.p/genarch_src_drivers_i8042_i8042.c.o
 *fill*         0xffffffff8012d2e4        0xc 
 .text.i8042_init
                0xffffffff8012d2f0       0x6f kernel/libnoninstrumentables.a.p/genarch_src_drivers_i8042_i8042.c.o
                0xffffffff8012d2f0                i8042_init
 *fill*         0xffffffff8012d35f        0x1 
 .text.i8042_wire
                0xffffffff8012d360      0x151 kernel/libnoninstrumentables.a.p/genarch_src_drivers_i8042_i8042.c.o
                0xffffffff8012d360                i8042_wire
 *fill*         0xffffffff8012d4b1        0xf 
 .text.i8042_cpu_reset
                0xffffffff8012d4c0      0x13d kernel/libnoninstrumentables.a.p/genarch_src_drivers_i8042_i8042.c.o
                0xffffffff8012d4c0                i8042_cpu_reset
 *fill*         0xffffffff8012d5fd        0x3 
 .text.i8259_get_name
                0xffffffff8012d600        0xd kernel/libnoninstrumentables.a.p/genarch_src_drivers_i8259_i8259.c.o
 *fill*         0xffffffff8012d60d        0x3 
 .text.i8259_enable_irqs
                0xffffffff8012d610       0x63 kernel/libnoninstrumentables.a.p/genarch_src_drivers_i8259_i8259.c.o
                0xffffffff8012d610                i8259_enable_irqs
 *fill*         0xffffffff8012d673        0xd 
 .text.i8259_disable_irqs
                0xffffffff8012d680       0x63 kernel/libnoninstrumentables.a.p/genarch_src_drivers_i8259_i8259.c.o
                0xffffffff8012d680                i8259_disable_irqs
 *fill*         0xffffffff8012d6e3        0xd 
 .text.i8259_eoi
                0xffffffff8012d6f0       0x45 kernel/libnoninstrumentables.a.p/genarch_src_drivers_i8259_i8259.c.o
                0xffffffff8012d6f0                i8259_eoi
 *fill*         0xffffffff8012d735        0xb 
 .text.i8259_is_spurious
                0xffffffff8012d740       0x91 kernel/libnoninstrumentables.a.p/genarch_src_drivers_i8259_i8259.c.o
                0xffffffff8012d740                i8259_is_spurious
 *fill*         0xffffffff8012d7d1        0xf 
 .text.i8259_handle_spurious
                0xffffffff8012d7e0       0x2d kernel/libnoninstrumentables.a.p/genarch_src_drivers_i8259_i8259.c.o
                0xffffffff8012d7e0                i8259_handle_spurious
 *fill*         0xffffffff8012d80d        0x3 
 .text.i8259_init
                0xffffffff8012d810      0x12d kernel/libnoninstrumentables.a.p/genarch_src_drivers_i8259_i8259.c.o
                0xffffffff8012d810                i8259_init
 *fill*         0xffffffff8012d93d        0x3 
 .text.ns16550_claim
                0xffffffff8012d940       0x38 kernel/libnoninstrumentables.a.p/genarch_src_drivers_ns16550_ns16550.c.o
 *fill*         0xffffffff8012d978        0x8 
 .text.ns16550_irq_handler
                0xffffffff8012d980       0x6d kernel/libnoninstrumentables.a.p/genarch_src_drivers_ns16550_ns16550.c.o
 *fill*         0xffffffff8012d9ed        0x3 
 .text.ns16550_putuchar
                0xffffffff8012d9f0      0x225 kernel/libnoninstrumentables.a.p/genarch_src_drivers_ns16550_ns16550.c.o
 *fill*         0xffffffff8012dc15        0xb 
 .text.ns16550_format_set
                0xffffffff8012dc20       0xd7 kernel/libnoninstrumentables.a.p/genarch_src_drivers_ns16550_ns16550.c.o
                0xffffffff8012dc20                ns16550_format_set
 *fill*         0xffffffff8012dcf7        0x9 
 .text.ns16550_init
                0xffffffff8012dd00      0x173 kernel/libnoninstrumentables.a.p/genarch_src_drivers_ns16550_ns16550.c.o
                0xffffffff8012dd00                ns16550_init
 *fill*         0xffffffff8012de73        0xd 
 .text.ns16550_wire
                0xffffffff8012de80      0x203 kernel/libnoninstrumentables.a.p/genarch_src_drivers_ns16550_ns16550.c.o
                0xffffffff8012de80                ns16550_wire
 *fill*         0xffffffff8012e083        0xd 
 .text.kkbrd    0xffffffff8012e090      0x1ac kernel/libnoninstrumentables.a.p/genarch_src_kbrd_kbrd.c.o
 *fill*         0xffffffff8012e23c        0x4 
 .text.kbrd_init
                0xffffffff8012e240       0xac kernel/libnoninstrumentables.a.p/genarch_src_kbrd_kbrd.c.o
                0xffffffff8012e240                kbrd_init
 *fill*         0xffffffff8012e2ec        0x4 
 .text.kbrd_wire
                0xffffffff8012e2f0       0x9f kernel/libnoninstrumentables.a.p/genarch_src_kbrd_kbrd.c.o
                0xffffffff8012e2f0                kbrd_wire
 *fill*         0xffffffff8012e38f        0x1 
 .text.ksrln    0xffffffff8012e390      0x1a7 kernel/libnoninstrumentables.a.p/genarch_src_srln_srln.c.o
 *fill*         0xffffffff8012e537        0x9 
 .text.srln_init
                0xffffffff8012e540       0x84 kernel/libnoninstrumentables.a.p/genarch_src_srln_srln.c.o
                0xffffffff8012e540                srln_init
 *fill*         0xffffffff8012e5c4        0xc 
 .text.srln_wire
                0xffffffff8012e5d0       0x9f kernel/libnoninstrumentables.a.p/genarch_src_srln_srln.c.o
                0xffffffff8012e5d0                srln_wire
 *fill*         0xffffffff8012e66f        0x1 
 .text.multiboot_cmdline
                0xffffffff8012e670       0x72 kernel/libnoninstrumentables.a.p/genarch_src_multiboot_common.c.o
                0xffffffff8012e670                multiboot_cmdline
 *fill*         0xffffffff8012e6e2        0xe 
 .text.multiboot_extract_command
                0xffffffff8012e6f0       0x75 kernel/libnoninstrumentables.a.p/genarch_src_multiboot_multiboot.c.o
                0xffffffff8012e6f0                multiboot_extract_command
 *fill*         0xffffffff8012e765        0xb 
 .text.multiboot_extract_argument
                0xffffffff8012e770       0xab kernel/libnoninstrumentables.a.p/genarch_src_multiboot_multiboot.c.o
                0xffffffff8012e770                multiboot_extract_argument
 *fill*         0xffffffff8012e81b        0x5 
 .text.multiboot_info_parse
                0xffffffff8012e820      0x2ba kernel/libnoninstrumentables.a.p/genarch_src_multiboot_multiboot.c.o
                0xffffffff8012e820                multiboot_info_parse
 *fill*         0xffffffff8012eada        0x6 
 .text.multiboot2_info_parse
                0xffffffff8012eae0      0x1fd kernel/libnoninstrumentables.a.p/genarch_src_multiboot_multiboot2.c.o
                0xffffffff8012eae0                multiboot2_info_parse
 *fill*         0xffffffff8012ecdd        0x3 
 .text.ega_move_cursor
                0xffffffff8012ece0       0xa5 kernel/libnoninstrumentables.a.p/genarch_src_drivers_ega_ega.c.o
 *fill*         0xffffffff8012ed85        0xb 
 .text.ega_mapped_changed
                0xffffffff8012ed90      0x126 kernel/libnoninstrumentables.a.p/genarch_src_drivers_ega_ega.c.o
 *fill*         0xffffffff8012eeb6        0xa 
 .text.ega_putuchar
                0xffffffff8012eec0      0x74c kernel/libnoninstrumentables.a.p/genarch_src_drivers_ega_ega.c.o
 *fill*         0xffffffff8012f60c        0x4 
 .text.ega_redraw
                0xffffffff8012f610      0x1f1 kernel/libnoninstrumentables.a.p/genarch_src_drivers_ega_ega.c.o
 *fill*         0xffffffff8012f801        0xf 
 .text.ega_init
                0xffffffff8012f810      0x523 kernel/libnoninstrumentables.a.p/genarch_src_drivers_ega_ega.c.o
                0xffffffff8012f810                ega_init
 *fill*         0xffffffff8012fd33        0xd 
 .text.ddi_iospace_enable_arch
                0xffffffff8012fd40      0x103 kernel/libnoninstrumentables.a.p/genarch_src_ddi_ddi-bitmap.c.o
                0xffffffff8012fd40                ddi_iospace_enable_arch
 *fill*         0xffffffff8012fe43        0xd 
 .text.ddi_iospace_disable_arch
                0xffffffff8012fe50       0x62 kernel/libnoninstrumentables.a.p/genarch_src_ddi_ddi-bitmap.c.o
                0xffffffff8012fe50                ddi_iospace_disable_arch
 *fill*         0xffffffff8012feb2        0xe 
 .text.bitmap_size
                0xffffffff8012fec0       0x18 kernel/libnoninstrumentables.a.p/generic_common_adt_bitmap.c.o
                0xffffffff8012fec0                bitmap_size
 *fill*         0xffffffff8012fed8        0x8 
 .text.bitmap_initialize
                0xffffffff8012fee0       0x15 kernel/libnoninstrumentables.a.p/generic_common_adt_bitmap.c.o
                0xffffffff8012fee0                bitmap_initialize
 *fill*         0xffffffff8012fef5        0xb 
 .text.bitmap_set_range
                0xffffffff8012ff00      0x12b kernel/libnoninstrumentables.a.p/generic_common_adt_bitmap.c.o
                0xffffffff8012ff00                bitmap_set_range
 *fill*         0xffffffff8013002b        0x5 
 .text.bitmap_clear_range
                0xffffffff80130030      0x12d kernel/libnoninstrumentables.a.p/generic_common_adt_bitmap.c.o
                0xffffffff80130030                bitmap_clear_range
 *fill*         0xffffffff8013015d        0x3 
 .text.bitmap_copy
                0xffffffff80130160       0xf1 kernel/libnoninstrumentables.a.p/generic_common_adt_bitmap.c.o
                0xffffffff80130160                bitmap_copy
 *fill*         0xffffffff80130251        0xf 
 .text.bitmap_allocate_range
                0xffffffff80130260      0x205 kernel/libnoninstrumentables.a.p/generic_common_adt_bitmap.c.o
                0xffffffff80130260                bitmap_allocate_range
 *fill*         0xffffffff80130465        0xb 
 .text.nop_remove_callback
                0xffffffff80130470        0x6 kernel/libnoninstrumentables.a.p/generic_common_adt_hash_table.c.o
 *fill*         0xffffffff80130476        0xa 
 .text.clear_items.part.0
                0xffffffff80130480       0xc3 kernel/libnoninstrumentables.a.p/generic_common_adt_hash_table.c.o
 *fill*         0xffffffff80130543        0xd 
 .text.resize   0xffffffff80130550      0x209 kernel/libnoninstrumentables.a.p/generic_common_adt_hash_table.c.o
 *fill*         0xffffffff80130759        0x7 
 .text.hash_table_create
                0xffffffff80130760      0x1b6 kernel/libnoninstrumentables.a.p/generic_common_adt_hash_table.c.o
                0xffffffff80130760                hash_table_create
 *fill*         0xffffffff80130916        0xa 
 .text.hash_table_destroy
                0xffffffff80130920       0x9d kernel/libnoninstrumentables.a.p/generic_common_adt_hash_table.c.o
                0xffffffff80130920                hash_table_destroy
 *fill*         0xffffffff801309bd        0x3 
 .text.hash_table_insert
                0xffffffff801309c0       0xec kernel/libnoninstrumentables.a.p/generic_common_adt_hash_table.c.o
                0xffffffff801309c0                hash_table_insert
 *fill*         0xffffffff80130aac        0x4 
 .text.hash_table_find
                0xffffffff80130ab0       0xd3 kernel/libnoninstrumentables.a.p/generic_common_adt_hash_table.c.o
                0xffffffff80130ab0                hash_table_find
 *fill*         0xffffffff80130b83        0xd 
 .text.hash_table_find_next
                0xffffffff80130b90       0xff kernel/libnoninstrumentables.a.p/generic_common_adt_hash_table.c.o
                0xffffffff80130b90                hash_table_find_next
 *fill*         0xffffffff80130c8f        0x1 
 .text.hash_table_remove_item
                0xffffffff80130c90       0xff kernel/libnoninstrumentables.a.p/generic_common_adt_hash_table.c.o
                0xffffffff80130c90                hash_table_remove_item
 *fill*         0xffffffff80130d8f        0x1 
 .text.list_splice
                0xffffffff80130d90       0x2f kernel/libnoninstrumentables.a.p/generic_common_adt_list.c.o
                0xffffffff80130d90                list_splice
 *fill*         0xffffffff80130dbf        0x1 
 .text.odict_pgu
                0xffffffff80130dc0      0x107 kernel/libnoninstrumentables.a.p/generic_common_adt_odict.c.o
 *fill*         0xffffffff80130ec7        0x9 
 .text.odict_unlink
                0xffffffff80130ed0      0x110 kernel/libnoninstrumentables.a.p/generic_common_adt_odict.c.o
 .text.odict_search_start_node
                0xffffffff80130fe0      0x24b kernel/libnoninstrumentables.a.p/generic_common_adt_odict.c.o
 *fill*         0xffffffff8013122b        0x5 
 .text.odict_rotate_right
                0xffffffff80131230      0x103 kernel/libnoninstrumentables.a.p/generic_common_adt_odict.c.o
 *fill*         0xffffffff80131333        0xd 
 .text.odict_rotate_left
                0xffffffff80131340      0x103 kernel/libnoninstrumentables.a.p/generic_common_adt_odict.c.o
 *fill*         0xffffffff80131443        0xd 
 .text.odict_initialize
                0xffffffff80131450       0x21 kernel/libnoninstrumentables.a.p/generic_common_adt_odict.c.o
                0xffffffff80131450                odict_initialize
 *fill*         0xffffffff80131471        0xf 
 .text.odict_finalize
                0xffffffff80131480       0x49 kernel/libnoninstrumentables.a.p/generic_common_adt_odict.c.o
                0xffffffff80131480                odict_finalize
 *fill*         0xffffffff801314c9        0x7 
 .text.odlink_initialize
                0xffffffff801314d0       0x35 kernel/libnoninstrumentables.a.p/generic_common_adt_odict.c.o
                0xffffffff801314d0                odlink_initialize
 *fill*         0xffffffff80131505        0xb 
 .text.odict_insert
                0xffffffff80131510      0x294 kernel/libnoninstrumentables.a.p/generic_common_adt_odict.c.o
                0xffffffff80131510                odict_insert
 *fill*         0xffffffff801317a4        0xc 
 .text.odict_remove
                0xffffffff801317b0      0x7c7 kernel/libnoninstrumentables.a.p/generic_common_adt_odict.c.o
                0xffffffff801317b0                odict_remove
 *fill*         0xffffffff80131f77        0x9 
 .text.odict_empty
                0xffffffff80131f80        0xd kernel/libnoninstrumentables.a.p/generic_common_adt_odict.c.o
                0xffffffff80131f80                odict_empty
 *fill*         0xffffffff80131f8d        0x3 
 .text.odict_count
                0xffffffff80131f90       0x57 kernel/libnoninstrumentables.a.p/generic_common_adt_odict.c.o
                0xffffffff80131f90                odict_count
 *fill*         0xffffffff80131fe7        0x9 
 .text.odict_first
                0xffffffff80131ff0       0x24 kernel/libnoninstrumentables.a.p/generic_common_adt_odict.c.o
                0xffffffff80131ff0                odict_first
 *fill*         0xffffffff80132014        0xc 
 .text.odict_last
                0xffffffff80132020       0x24 kernel/libnoninstrumentables.a.p/generic_common_adt_odict.c.o
                0xffffffff80132020                odict_last
 *fill*         0xffffffff80132044        0xc 
 .text.odict_next
                0xffffffff80132050       0x24 kernel/libnoninstrumentables.a.p/generic_common_adt_odict.c.o
                0xffffffff80132050                odict_next
 *fill*         0xffffffff80132074        0xc 
 .text.odict_find_eq
                0xffffffff80132080       0xad kernel/libnoninstrumentables.a.p/generic_common_adt_odict.c.o
                0xffffffff80132080                odict_find_eq
 *fill*         0xffffffff8013212d        0x3 
 .text.odict_find_leq
                0xffffffff80132130       0x9e kernel/libnoninstrumentables.a.p/generic_common_adt_odict.c.o
                0xffffffff80132130                odict_find_leq
 *fill*         0xffffffff801321ce        0x2 
 .text.odict_find_lt
                0xffffffff801321d0       0xdb kernel/libnoninstrumentables.a.p/generic_common_adt_odict.c.o
                0xffffffff801321d0                odict_find_lt
 *fill*         0xffffffff801322ab        0x5 
 .text.printf_core
                0xffffffff801322b0     0x1573 kernel/libnoninstrumentables.a.p/generic_common_printf_printf_core.c.o
                0xffffffff801322b0                printf_core
 *fill*         0xffffffff80133823        0xd 
 .text.calloc   0xffffffff80133830       0x43 kernel/libnoninstrumentables.a.p/generic_common_stdc_calloc.c.o
                0xffffffff80133830                calloc
 *fill*         0xffffffff80133873        0xd 
 .text.islower  0xffffffff80133880       0x11 kernel/libnoninstrumentables.a.p/generic_common_stdc_ctype.c.o
                0xffffffff80133880                islower
 *fill*         0xffffffff80133891        0xf 
 .text.isupper  0xffffffff801338a0       0x11 kernel/libnoninstrumentables.a.p/generic_common_stdc_ctype.c.o
                0xffffffff801338a0                isupper
 *fill*         0xffffffff801338b1        0xf 
 .text.isdigit  0xffffffff801338c0       0x11 kernel/libnoninstrumentables.a.p/generic_common_stdc_ctype.c.o
                0xffffffff801338c0                isdigit
 *fill*         0xffffffff801338d1        0xf 
 .text.isspace  0xffffffff801338e0       0x22 kernel/libnoninstrumentables.a.p/generic_common_stdc_ctype.c.o
                0xffffffff801338e0                isspace
 *fill*         0xffffffff80133902        0xe 
 .text.memset   0xffffffff80133910      0x178 kernel/libnoninstrumentables.a.p/generic_common_stdc_mem.c.o
                0xffffffff80133910                memset
 *fill*         0xffffffff80133a88        0x8 
 .text.memcpy   0xffffffff80133a90      0x3c7 kernel/libnoninstrumentables.a.p/generic_common_stdc_mem.c.o
                0xffffffff80133a90                memcpy
 *fill*         0xffffffff80133e57        0x9 
 .text.memmove  0xffffffff80133e60      0x1cc kernel/libnoninstrumentables.a.p/generic_common_stdc_mem.c.o
                0xffffffff80133e60                memmove
 *fill*         0xffffffff8013402c        0x4 
 .text.gsort    0xffffffff80134030      0x10f kernel/libnoninstrumentables.a.p/generic_common_gsort.c.o
                0xffffffff80134030                gsort
 *fill*         0xffffffff8013413f        0x1 
 .text.str_ncpy.part.0
                0xffffffff80134140       0x41 kernel/libnoninstrumentables.a.p/generic_common_str.c.o
 *fill*         0xffffffff80134181        0xf 
 .text.str_decode
                0xffffffff80134190      0x127 kernel/libnoninstrumentables.a.p/generic_common_str.c.o
                0xffffffff80134190                str_decode
 *fill*         0xffffffff801342b7        0x9 
 .text.chr_encode
                0xffffffff801342c0      0x144 kernel/libnoninstrumentables.a.p/generic_common_str.c.o
                0xffffffff801342c0                chr_encode
 *fill*         0xffffffff80134404        0xc 
 .text.str_size
                0xffffffff80134410       0x1b kernel/libnoninstrumentables.a.p/generic_common_str.c.o
                0xffffffff80134410                str_size
 *fill*         0xffffffff8013442b        0x5 
 .text.str_lsize
                0xffffffff80134430      0x13a kernel/libnoninstrumentables.a.p/generic_common_str.c.o
                0xffffffff80134430                str_lsize
 *fill*         0xffffffff8013456a        0x6 
 .text.wstr_lsize
                0xffffffff80134570       0x38 kernel/libnoninstrumentables.a.p/generic_common_str.c.o
                0xffffffff80134570                wstr_lsize
 *fill*         0xffffffff801345a8        0x8 
 .text.str_length
                0xffffffff801345b0      0x126 kernel/libnoninstrumentables.a.p/generic_common_str.c.o
                0xffffffff801345b0                str_length
 *fill*         0xffffffff801346d6        0xa 
 .text.wstr_length
                0xffffffff801346e0       0x1c kernel/libnoninstrumentables.a.p/generic_common_str.c.o
                0xffffffff801346e0                wstr_length
 *fill*         0xffffffff801346fc        0x4 
 .text.str_nlength
                0xffffffff80134700      0x13e kernel/libnoninstrumentables.a.p/generic_common_str.c.o
                0xffffffff80134700                str_nlength
 *fill*         0xffffffff8013483e        0x2 
 .text.ascii_check
                0xffffffff80134840        0xc kernel/libnoninstrumentables.a.p/generic_common_str.c.o
                0xffffffff80134840                ascii_check
 *fill*         0xffffffff8013484c        0x4 
 .text.chr_check
                0xffffffff80134850        0xf kernel/libnoninstrumentables.a.p/generic_common_str.c.o
                0xffffffff80134850                chr_check
 *fill*         0xffffffff8013485f        0x1 
 .text.str_cmp  0xffffffff80134860      0x2ad kernel/libnoninstrumentables.a.p/generic_common_str.c.o
                0xffffffff80134860                str_cmp
 *fill*         0xffffffff80134b0d        0x3 
 .text.str_lcmp
                0xffffffff80134b10      0x2c1 kernel/libnoninstrumentables.a.p/generic_common_str.c.o
                0xffffffff80134b10                str_lcmp
 *fill*         0xffffffff80134dd1        0xf 
 .text.str_cpy  0xffffffff80134de0      0x300 kernel/libnoninstrumentables.a.p/generic_common_str.c.o
                0xffffffff80134de0                str_cpy
 .text.str_ncpy
                0xffffffff801350e0      0x295 kernel/libnoninstrumentables.a.p/generic_common_str.c.o
                0xffffffff801350e0                str_ncpy
 *fill*         0xffffffff80135375        0xb 
 .text.wstr_to_str
                0xffffffff80135380      0x186 kernel/libnoninstrumentables.a.p/generic_common_str.c.o
                0xffffffff80135380                wstr_to_str
 *fill*         0xffffffff80135506        0xa 
 .text.str_chr  0xffffffff80135510      0x13d kernel/libnoninstrumentables.a.p/generic_common_str.c.o
                0xffffffff80135510                str_chr
 *fill*         0xffffffff8013564d        0x3 
 .text.wstr_linsert
                0xffffffff80135650      0x14e kernel/libnoninstrumentables.a.p/generic_common_str.c.o
                0xffffffff80135650                wstr_linsert
 *fill*         0xffffffff8013579e        0x2 
 .text.wstr_remove
                0xffffffff801357a0      0x14a kernel/libnoninstrumentables.a.p/generic_common_str.c.o
                0xffffffff801357a0                wstr_remove
 *fill*         0xffffffff801358ea        0x6 
 .text.str_ndup
                0xffffffff801358f0      0x2ef kernel/libnoninstrumentables.a.p/generic_common_str.c.o
                0xffffffff801358f0                str_ndup
 *fill*         0xffffffff80135bdf        0x1 
 .text.order_suffix
                0xffffffff80135be0      0x13e kernel/libnoninstrumentables.a.p/generic_common_str.c.o
                0xffffffff80135be0                order_suffix
 *fill*         0xffffffff80135d1e        0x2 
 .text.bin_order_suffix
                0xffffffff80135d20       0xc9 kernel/libnoninstrumentables.a.p/generic_common_str.c.o
                0xffffffff80135d20                bin_order_suffix
 *fill*         0xffffffff80135de9        0x7 
 .text.str_error_name
                0xffffffff80135df0       0x2a kernel/libnoninstrumentables.a.p/generic_common_str_error.c.o
                0xffffffff80135df0                str_error_name
 *fill*         0xffffffff80135e1a        0x6 
 .text.str_error
                0xffffffff80135e20       0x2a kernel/libnoninstrumentables.a.p/generic_common_str_error.c.o
                0xffffffff80135e20                str_error
 *fill*         0xffffffff80135e4a        0x6 
 .text._max_value
                0xffffffff80135e50       0x15 kernel/libnoninstrumentables.a.p/generic_common_strtol.c.o
 *fill*         0xffffffff80135e65        0xb 
 .text._strtoumax.constprop.0
                0xffffffff80135e70      0x552 kernel/libnoninstrumentables.a.p/generic_common_strtol.c.o
 *fill*         0xffffffff801363c2        0xe 
 .text.str_uint64_t
                0xffffffff801363d0       0xdc kernel/libnoninstrumentables.a.p/generic_common_strtol.c.o
                0xffffffff801363d0                str_uint64_t
 *fill*         0xffffffff801364ac        0x4 
 .text.caps_hash
                0xffffffff801364b0       0x3b kernel/libnoninstrumentables.a.p/generic_src_cap_cap.c.o
 *fill*         0xffffffff801364eb        0x5 
 .text.caps_key_hash
                0xffffffff801364f0       0x3a kernel/libnoninstrumentables.a.p/generic_src_cap_cap.c.o
 *fill*         0xffffffff8013652a        0x6 
 .text.caps_key_equal
                0xffffffff80136530       0x10 kernel/libnoninstrumentables.a.p/generic_src_cap_cap.c.o
 .text.cap_get.part.0
                0xffffffff80136540       0x41 kernel/libnoninstrumentables.a.p/generic_src_cap_cap.c.o
 *fill*         0xffffffff80136581        0xf 
 .text.caps_init
                0xffffffff80136590       0x4a kernel/libnoninstrumentables.a.p/generic_src_cap_cap.c.o
                0xffffffff80136590                caps_init
 *fill*         0xffffffff801365da        0x6 
 .text.caps_task_alloc
                0xffffffff801365e0       0xb1 kernel/libnoninstrumentables.a.p/generic_src_cap_cap.c.o
                0xffffffff801365e0                caps_task_alloc
 *fill*         0xffffffff80136691        0xf 
 .text.caps_task_init
                0xffffffff801366a0       0x6f kernel/libnoninstrumentables.a.p/generic_src_cap_cap.c.o
                0xffffffff801366a0                caps_task_init
 *fill*         0xffffffff8013670f        0x1 
 .text.caps_task_free
                0xffffffff80136710       0x46 kernel/libnoninstrumentables.a.p/generic_src_cap_cap.c.o
                0xffffffff80136710                caps_task_free
 *fill*         0xffffffff80136756        0xa 
 .text.caps_apply_to_kobject_type
                0xffffffff80136760       0xa6 kernel/libnoninstrumentables.a.p/generic_src_cap_cap.c.o
                0xffffffff80136760                caps_apply_to_kobject_type