
Discarded input sections

 .text          0x0000000000000000        0x0 uspace/lib/libc.so.0.0.p/meson-generated_fibril_context.h.check.c.o
 .data          0x0000000000000000        0x0 uspace/lib/libc.so.0.0.p/meson-generated_fibril_context.h.check.c.o
 .bss           0x0000000000000000        0x0 uspace/lib/libc.so.0.0.p/meson-generated_fibril_context.h.check.c.o
 .comment       0x0000000000000000       0x13 uspace/lib/libc.so.0.0.p/meson-generated_fibril_context.h.check.c.o
 .data          0x0000000000000000        0x0 uspace/lib/libc.so.0.0.p/c_arch_amd64_src_entryjmp.S.o
 .bss           0x0000000000000000        0x0 uspace/lib/libc.so.0.0.p/c_arch_amd64_src_entryjmp.S.o
 .data          0x0000000000000000        0x0 uspace/lib/libc.so.0.0.p/c_arch_amd64_src_thread_entry.S.o
 .bss           0x0000000000000000        0x0 uspace/lib/libc.so.0.0.p/c_arch_amd64_src_thread_entry.S.o
 .data          0x0000000000000000        0x0 uspace/lib/libc.so.0.0.p/c_arch_amd64_src_syscall.S.o
 .bss           0x0000000000000000        0x0 uspace/lib/libc.so.0.0.p/c_arch_amd64_src_syscall.S.o
 .data          0x0000000000000000        0x0 uspace/lib/libc.so.0.0.p/c_arch_amd64_src_fibril.S.o
 .bss           0x0000000000000000        0x0 uspace/lib/libc.so.0.0.p/c_arch_amd64_src_fibril.S.o
 .text          0x0000000000000000        0x0 uspace/lib/libc.so.0.0.p/c_arch_amd64_src_tls.c.o
 .data          0x0000000000000000        0x0 uspace/lib/libc.so.0.0.p/c_arch_amd64_src_tls.c.o
 .bss           0x0000000000000000        0x0 uspace/lib/libc.so.0.0.p/c_arch_amd64_src_tls.c.o
 .text          0x0000000000000000        0x0 uspace/lib/libc.so.0.0.p/c_arch_amd64_src_stacktrace.c.o
 .data          0x0000000000000000        0x0 uspace/lib/libc.so.0.0.p/c_arch_amd64_src_stacktrace.c.o
 .bss           0x0000000000000000        0x0 uspace/lib/libc.so.0.0.p/c_arch_amd64_src_stacktrace.c.o
 .data          0x0000000000000000        0x0 uspace/lib/libc.so.0.0.p/c_arch_amd64_src_stacktrace_asm.S.o
 .bss           0x0000000000000000        0x0 uspace/lib/libc.so.0.0.p/c_arch_amd64_src_stacktrace_asm.S.o
 .text          0x0000000000000000        0x0 uspace/lib/libc.so.0.0.p/c_arch_amd64_src_rtld_dynamic.c.o
 .data          0x0000000000000000        0x0 uspace/lib/libc.so.0.0.p/c_arch_amd64_src_rtld_dynamic.c.o
 .bss           0x0000000000000000        0x0 uspace/lib/libc.so.0.0.p/c_arch_amd64_src_rtld_dynamic.c.o
 .text          0x0000000000000000        0x0 uspace/lib/libc.so.0.0.p/c_arch_amd64_src_rtld_reloc.c.o
 .data          0x0000000000000000        0x0 uspace/lib/libc.so.0.0.p/c_arch_amd64_src_rtld_reloc.c.o
 .bss           0x0000000000000000        0x0 uspace/lib/libc.so.0.0.p/c_arch_amd64_src_rtld_reloc.c.o
 .text          0x0000000000000000        0x0 uspace/lib/libc.so.0.0.p/c_common_adt_checksum.c.o
 .data          0x0000000000000000        0x0 uspace/lib/libc.so.0.0.p/c_common_adt_checksum.c.o
 .bss           0x0000000000000000        0x0 uspace/lib/libc.so.0.0.p/c_common_adt_checksum.c.o
 .text          0x0000000000000000        0x0 uspace/lib/libc.so.0.0.p/c_common_adt_circ_buf.c.o
 .data          0x0000000000000000        0x0 uspace/lib/libc.so.0.0.p/c_common_adt_circ_buf.c.o
 .bss           0x0000000000000000        0x0 uspace/lib/libc.so.0.0.p/c_common_adt_circ_buf.c.o
 .text          0x0000000000000000        0x0 uspace/lib/libc.so.0.0.p/c_common_adt_list.c.o
 .data          0x0000000000000000        0x0 uspace/lib/libc.so.0.0.p/c_common_adt_list.c.o
 .bss           0x0000000000000000        0x0 uspace/lib/libc.so.0.0.p/c_common_adt_list.c.o
 .text          0x0000000000000000        0x0 uspace/lib/libc.so.0.0.p/c_common_adt_hash_table.c.o
 .data          0x0000000000000000        0x0 uspace/lib/libc.so.0.0.p/c_common_adt_hash_table.c.o
 .bss           0x0000000000000000        0x0 uspace/lib/libc.so.0.0.p/c_common_adt_hash_table.c.o
 .text          0x0000000000000000        0x0 uspace/lib/libc.so.0.0.p/c_common_adt_odict.c.o
 .data          0x0000000000000000        0x0 uspace/lib/libc.so.0.0.p/c_common_adt_odict.c.o
 .bss           0x0000000000000000        0x0 uspace/lib/libc.so.0.0.p/c_common_adt_odict.c.o
 .text          0x0000000000000000        0x0 uspace/lib/libc.so.0.0.p/c_common_printf_printf_core.c.o
 .data          0x0000000000000000        0x0 uspace/lib/libc.so.0.0.p/c_common_printf_printf_core.c.o
 .bss           0x0000000000000000        0x0 uspace/lib/libc.so.0.0.p/c_common_printf_printf_core.c.o
 .text          0x0000000000000000        0x0 uspace/lib/libc.so.0.0.p/c_common_stdc_ctype.c.o
 .data          0x0000000000000000        0x0 uspace/lib/libc.so.0.0.p/c_common_stdc_ctype.c.o
 .bss           0x0000000000000000        0x0 uspace/lib/libc.so.0.0.p/c_common_stdc_ctype.c.o
 .text          0x0000000000000000        0x0 uspace/lib/libc.so.0.0.p/c_common_stdc_mem.c.o
 .data          0x0000000000000000        0x0 uspace/lib/libc.so.0.0.p/c_common_stdc_mem.c.o
[...]
Memory Configuration

Name             Origin             Length             Attributes
*default*        0x0000000000000000 0xffffffffffffffff

Linker script and memory map

LOAD uspace/lib/libc.so.0.0.p/meson-generated_fibril_context.h.check.c.o
LOAD uspace/lib/libc.so.0.0.p/c_arch_amd64_src_entryjmp.S.o
LOAD uspace/lib/libc.so.0.0.p/c_arch_amd64_src_thread_entry.S.o
LOAD uspace/lib/libc.so.0.0.p/c_arch_amd64_src_syscall.S.o
LOAD uspace/lib/libc.so.0.0.p/c_arch_amd64_src_fibril.S.o
LOAD uspace/lib/libc.so.0.0.p/c_arch_amd64_src_tls.c.o
LOAD uspace/lib/libc.so.0.0.p/c_arch_amd64_src_stacktrace.c.o
LOAD uspace/lib/libc.so.0.0.p/c_arch_amd64_src_stacktrace_asm.S.o
LOAD uspace/lib/libc.so.0.0.p/c_arch_amd64_src_rtld_dynamic.c.o
LOAD uspace/lib/libc.so.0.0.p/c_arch_amd64_src_rtld_reloc.c.o
LOAD uspace/lib/libc.so.0.0.p/c_common_adt_checksum.c.o
LOAD uspace/lib/libc.so.0.0.p/c_common_adt_circ_buf.c.o
LOAD uspace/lib/libc.so.0.0.p/c_common_adt_list.c.o
LOAD uspace/lib/libc.so.0.0.p/c_common_adt_hash_table.c.o
LOAD uspace/lib/libc.so.0.0.p/c_common_adt_odict.c.o
LOAD uspace/lib/libc.so.0.0.p/c_common_printf_printf_core.c.o
LOAD uspace/lib/libc.so.0.0.p/c_common_stdc_ctype.c.o
LOAD uspace/lib/libc.so.0.0.p/c_common_stdc_mem.c.o
LOAD uspace/lib/libc.so.0.0.p/c_common_stdc_bsearch.c.o
LOAD uspace/lib/libc.so.0.0.p/c_common_stdc_qsort.c.o
LOAD uspace/lib/libc.so.0.0.p/c_common_stdc_calloc.c.o
LOAD uspace/lib/libc.so.0.0.p/c_common_gsort.c.o
LOAD uspace/lib/libc.so.0.0.p/c_common_str.c.o
LOAD uspace/lib/libc.so.0.0.p/c_common_str_error.c.o
LOAD uspace/lib/libc.so.0.0.p/c_common_strtol.c.o
LOAD uspace/lib/libc.so.0.0.p/c_generic_libc.c.o
LOAD uspace/lib/libc.so.0.0.p/c_generic_adt_prodcons.c.o
LOAD uspace/lib/libc.so.0.0.p/c_generic_as.c.o
LOAD uspace/lib/libc.so.0.0.p/c_generic_ddi.c.o
LOAD uspace/lib/libc.so.0.0.p/c_generic_perm.c.o
LOAD uspace/lib/libc.so.0.0.p/c_generic_capa.c.o
LOAD uspace/lib/libc.so.0.0.p/c_generic_config.c.o
LOAD uspace/lib/libc.so.0.0.p/c_generic_context.c.o
LOAD uspace/lib/libc.so.0.0.p/c_generic_dbgcon.c.o
LOAD uspace/lib/libc.so.0.0.p/c_generic_device_clock_dev.c.o
LOAD uspace/lib/libc.so.0.0.p/c_generic_device_hw_res.c.o
LOAD uspace/lib/libc.so.0.0.p/c_generic_device_hw_res_parsed.c.o
LOAD uspace/lib/libc.so.0.0.p/c_generic_device_pio_window.c.o
LOAD uspace/lib/libc.so.0.0.p/c_generic_dirent.c.o
LOAD uspace/lib/libc.so.0.0.p/c_generic_dlfcn.c.o
LOAD uspace/lib/libc.so.0.0.p/c_generic_elf_elf.c.o
LOAD uspace/lib/libc.so.0.0.p/c_generic_elf_elf_load.c.o
LOAD uspace/lib/libc.so.0.0.p/c_generic_elf_elf_mod.c.o
LOAD uspace/lib/libc.so.0.0.p/c_generic_event.c.o
LOAD uspace/lib/libc.so.0.0.p/c_generic_errno.c.o
LOAD uspace/lib/libc.so.0.0.p/c_generic_inttypes.c.o
LOAD uspace/lib/libc.so.0.0.p/c_generic_loc.c.o
LOAD uspace/lib/libc.so.0.0.p/c_generic_string.c.o
LOAD uspace/lib/libc.so.0.0.p/c_generic_l18n_langs.c.o
LOAD uspace/lib/libc.so.0.0.p/c_generic_pcb.c.o
LOAD uspace/lib/libc.so.0.0.p/c_generic_pio_trace.c.o
LOAD uspace/lib/libc.so.0.0.p/c_generic_smc.c.o
LOAD uspace/lib/libc.so.0.0.p/c_generic_task.c.o
LOAD uspace/lib/libc.so.0.0.p/c_generic_imath.c.o
LOAD uspace/lib/libc.so.0.0.p/c_generic_io_asprintf.c.o
LOAD uspace/lib/libc.so.0.0.p/c_generic_io_io.c.o
LOAD uspace/lib/libc.so.0.0.p/c_generic_io_printf.c.o
LOAD uspace/lib/libc.so.0.0.p/c_generic_io_log.c.o
LOAD uspace/lib/libc.so.0.0.p/c_generic_io_logctl.c.o
LOAD uspace/lib/libc.so.0.0.p/c_generic_io_kio.c.o
LOAD uspace/lib/libc.so.0.0.p/c_generic_io_klog.c.o
LOAD uspace/lib/libc.so.0.0.p/c_generic_io_snprintf.c.o
LOAD uspace/lib/libc.so.0.0.p/c_generic_io_vprintf.c.o
LOAD uspace/lib/libc.so.0.0.p/c_generic_io_vsnprintf.c.o
LOAD uspace/lib/libc.so.0.0.p/c_generic_io_table.c.o
LOAD uspace/lib/libc.so.0.0.p/c_generic_irq.c.o
LOAD uspace/lib/libc.so.0.0.p/c_generic_ieee_double.c.o
LOAD uspace/lib/libc.so.0.0.p/c_generic_power_of_ten.c.o
LOAD uspace/lib/libc.so.0.0.p/c_generic_double_to_str.c.o
LOAD uspace/lib/libc.so.0.0.p/c_generic_malloc.c.o
LOAD uspace/lib/libc.so.0.0.p/c_generic_rndgen.c.o
LOAD uspace/lib/libc.so.0.0.p/c_generic_stdio_scanf.c.o
LOAD uspace/lib/libc.so.0.0.p/c_generic_stdio_sprintf.c.o
LOAD uspace/lib/libc.so.0.0.p/c_generic_stdio_sscanf.c.o
LOAD uspace/lib/libc.so.0.0.p/c_generic_stdio_sstream.c.o
LOAD uspace/lib/libc.so.0.0.p/c_generic_stdio_vsprintf.c.o
LOAD uspace/lib/libc.so.0.0.p/c_generic_thread_fibril.c.o
LOAD uspace/lib/libc.so.0.0.p/c_generic_thread_fibril_synch.c.o
LOAD uspace/lib/libc.so.0.0.p/c_generic_thread_thread.c.o
LOAD uspace/lib/libc.so.0.0.p/c_generic_thread_tls.c.o
LOAD uspace/lib/libc.so.0.0.p/c_generic_thread_futex.c.o
LOAD uspace/lib/libc.so.0.0.p/c_generic_thread_mpsc.c.o
LOAD uspace/lib/libc.so.0.0.p/c_generic_sysinfo.c.o
LOAD uspace/lib/libc.so.0.0.p/c_generic_ipc.c.o
LOAD uspace/lib/libc.so.0.0.p/c_generic_ns.c.o
LOAD uspace/lib/libc.so.0.0.p/c_generic_async_client.c.o
LOAD uspace/lib/libc.so.0.0.p/c_generic_async_server.c.o
LOAD uspace/lib/libc.so.0.0.p/c_generic_async_ports.c.o
LOAD uspace/lib/libc.so.0.0.p/c_generic_loader.c.o
LOAD uspace/lib/libc.so.0.0.p/c_generic_getopt.c.o
LOAD uspace/lib/libc.so.0.0.p/c_generic_time.c.o
LOAD uspace/lib/libc.so.0.0.p/c_generic_tmpfile.c.o
LOAD uspace/lib/libc.so.0.0.p/c_generic_stdio.c.o
LOAD uspace/lib/libc.so.0.0.p/c_generic_stdlib.c.o
LOAD uspace/lib/libc.so.0.0.p/c_generic_udebug.c.o
LOAD uspace/lib/libc.so.0.0.p/c_generic_vfs_canonify.c.o
LOAD uspace/lib/libc.so.0.0.p/c_generic_vfs_inbox.c.o
LOAD uspace/lib/libc.so.0.0.p/c_generic_vfs_mtab.c.o
LOAD uspace/lib/libc.so.0.0.p/c_generic_vfs_vfs.c.o
LOAD uspace/lib/libc.so.0.0.p/c_generic_setjmp.c.o
LOAD uspace/lib/libc.so.0.0.p/c_generic_stack.c.o
LOAD uspace/lib/libc.so.0.0.p/c_generic_stacktrace.c.o
LOAD uspace/lib/libc.so.0.0.p/c_generic_arg_parse.c.o
LOAD uspace/lib/libc.so.0.0.p/c_generic_stats.c.o
LOAD uspace/lib/libc.so.0.0.p/c_generic_assert.c.o
LOAD uspace/lib/libc.so.0.0.p/c_generic_ubsan.c.o
LOAD uspace/lib/libc.so.0.0.p/c_generic_uuid.c.o
LOAD uspace/lib/libc.so.0.0.p/c_generic_rtld_rtld.c.o
LOAD uspace/lib/libc.so.0.0.p/c_generic_rtld_dynamic.c.o
LOAD uspace/lib/libc.so.0.0.p/c_generic_rtld_module.c.o
LOAD uspace/lib/libc.so.0.0.p/c_generic_rtld_symbol.c.o
LOAD /home/zyc/.local/share/HelenOS/cross/lib/gcc/amd64-helenos/13.2.0/libgcc.a
                0x0000000000000158                . = (SEGMENT_START ("text-segment", 0x0) + SIZEOF_HEADERS)

.note.gnu.build-id
 *(.note.gnu.build-id)

.hash           0x0000000000000158     0x1554
 *(.hash)
 .hash          0x0000000000000158     0x1554 uspace/lib/libc.so.0.0.p/meson-generated_fibril_context.h.check.c.o

.gnu.hash
 *(.gnu.hash)

.dynsym         0x00000000000016b0     0x4ef0
 *(.dynsym)
 .dynsym        0x00000000000016b0     0x4ef0 uspace/lib/libc.so.0.0.p/meson-generated_fibril_context.h.check.c.o

.dynstr         0x00000000000065a0     0x30a1
 *(.dynstr)
 .dynstr        0x00000000000065a0     0x30a1 uspace/lib/libc.so.0.0.p/meson-generated_fibril_context.h.check.c.o

.gnu.version    0x0000000000009642        0x0
 *(.gnu.version)
 .gnu.version   0x0000000000009642        0x0 uspace/lib/libc.so.0.0.p/meson-generated_fibril_context.h.check.c.o

.gnu.version_d  0x0000000000009648        0x0
 *(.gnu.version_d)
 .gnu.version_d
                0x0000000000009648        0x0 uspace/lib/libc.so.0.0.p/meson-generated_fibril_context.h.check.c.o

.gnu.version_r  0x0000000000009648        0x0
 *(.gnu.version_r)
 .gnu.version_r
                0x0000000000009648        0x0 uspace/lib/libc.so.0.0.p/meson-generated_fibril_context.h.check.c.o

.rela.dyn       0x0000000000009648     0x22e0
 *(.rela.init)
 *(.rela.text .rela.text.* .rela.gnu.linkonce.t.*)
 *(.rela.fini)
 *(.rela.rodata .rela.rodata.* .rela.gnu.linkonce.r.*)
 *(.rela.data .rela.data.* .rela.gnu.linkonce.d.*)
 .rela.data.rel.ro.local.err_desc
                0x0000000000009648      0x930 uspace/lib/libc.so.0.0.p/meson-generated_fibril_context.h.check.c.o
 .rela.data.rel.ro.local.err_name
                0x0000000000009f78      0x930 uspace/lib/libc.so.0.0.p/meson-generated_fibril_context.h.check.c.o
 .rela.data.rel.ro.local.cu_str
                0x000000000000a8a8       0xd8 uspace/lib/libc.so.0.0.p/meson-generated_fibril_context.h.check.c.o
 .rela.data.rel.local.loc_callback_mutex
                0x000000000000a980       0x30 uspace/lib/libc.so.0.0.p/meson-generated_fibril_context.h.check.c.o
 .rela.data.rel.local.loc_consumer_mutex
                0x000000000000a9b0       0x30 uspace/lib/libc.so.0.0.p/meson-generated_fibril_context.h.check.c.o
 .rela.data.rel.local.loc_cons_block_mutex
                0x000000000000a9e0       0x30 uspace/lib/libc.so.0.0.p/meson-generated_fibril_context.h.check.c.o
 .rela.data.rel.local.regions.0
                0x000000000000aa10       0x60 uspace/lib/libc.so.0.0.p/meson-generated_fibril_context.h.check.c.o
 .rela.data.rel.local.files
                0x000000000000aa70       0x30 uspace/lib/libc.so.0.0.p/meson-generated_fibril_context.h.check.c.o
 .rela.data.rel.local.stderr_kio
                0x000000000000aaa0       0x18 uspace/lib/libc.so.0.0.p/meson-generated_fibril_context.h.check.c.o
 .rela.data.rel.local.stdout_kio
                0x000000000000aab8       0x18 uspace/lib/libc.so.0.0.p/meson-generated_fibril_context.h.check.c.o
 .rela.data.rel.local.stdin_null
                0x000000000000aad0       0x18 uspace/lib/libc.so.0.0.p/meson-generated_fibril_context.h.check.c.o
 .rela.data.rel.local.stdio_vfs_ops
                0x000000000000aae8       0x48 uspace/lib/libc.so.0.0.p/meson-generated_fibril_context.h.check.c.o
 .rela.data.rel.local.stdio_kio_ops
                0x000000000000ab30       0x48 uspace/lib/libc.so.0.0.p/meson-generated_fibril_context.h.check.c.o
 .rela.data.rel.ro.local.log_level_names
                0x000000000000ab78       0x90 uspace/lib/libc.so.0.0.p/meson-generated_fibril_context.h.check.c.o
 .rela.data.rel.local.printf_mutex
                0x000000000000ac08       0x30 uspace/lib/libc.so.0.0.p/meson-generated_fibril_context.h.check.c.o
 .rela.data.rel.ro.local.default_ucode
                0x000000000000ac38       0x18 uspace/lib/libc.so.0.0.p/meson-generated_fibril_context.h.check.c.o
 .rela.data.rel.local.stdio_str_ops
                0x000000000000ac50       0x48 uspace/lib/libc.so.0.0.p/meson-generated_fibril_context.h.check.c.o
 .rela.data.rel.local.ipc_buffer_free_list
                0x000000000000ac98       0x30 uspace/lib/libc.so.0.0.p/meson-generated_fibril_context.h.check.c.o
 .rela.data.rel.local.ipc_buffer_list
                0x000000000000acc8       0x30 uspace/lib/libc.so.0.0.p/meson-generated_fibril_context.h.check.c.o
 .rela.data.rel.local.ipc_waiter_list
                0x000000000000acf8       0x30 uspace/lib/libc.so.0.0.p/meson-generated_fibril_context.h.check.c.o
 .rela.data.rel.local.timeout_list
                0x000000000000ad28       0x30 uspace/lib/libc.so.0.0.p/meson-generated_fibril_context.h.check.c.o
 .rela.data.rel.local.fibril_list
                0x000000000000ad58       0x30 uspace/lib/libc.so.0.0.p/meson-generated_fibril_context.h.check.c.o
 .rela.data.rel.local.ready_list
                0x000000000000ad88       0x30 uspace/lib/libc.so.0.0.p/meson-generated_fibril_context.h.check.c.o
 .rela.data.rel.local.avail_phone_cv
                0x000000000000adb8       0x30 uspace/lib/libc.so.0.0.p/meson-generated_fibril_context.h.check.c.o
 .rela.data.rel.local.inactive_exch_list
                0x000000000000ade8       0x30 uspace/lib/libc.so.0.0.p/meson-generated_fibril_context.h.check.c.o
 .rela.data.rel.local.async_sess_mutex
                0x000000000000ae18       0x30 uspace/lib/libc.so.0.0.p/meson-generated_fibril_context.h.check.c.o
 .rela.data.rel.ro.local.notification_hash_table_ops
                0x000000000000ae48       0x48 uspace/lib/libc.so.0.0.p/meson-generated_fibril_context.h.check.c.o
 .rela.data.rel.ro.local.client_hash_table_ops
                0x000000000000ae90       0x48 uspace/lib/libc.so.0.0.p/meson-generated_fibril_context.h.check.c.o
 .rela.data.rel.local.notification_freelist
                0x000000000000aed8       0x30 uspace/lib/libc.so.0.0.p/meson-generated_fibril_context.h.check.c.o
 .rela.data.rel.local.notification_semaphore
                0x000000000000af08       0x30 uspace/lib/libc.so.0.0.p/meson-generated_fibril_context.h.check.c.o
 .rela.data.rel.local.notification_queue
                0x000000000000af38       0x30 uspace/lib/libc.so.0.0.p/meson-generated_fibril_context.h.check.c.o
 .rela.data.rel.local.async_client_data_destroy
                0x000000000000af68       0x18 uspace/lib/libc.so.0.0.p/meson-generated_fibril_context.h.check.c.o
 .rela.data.rel.local.async_client_data_create
                0x000000000000af80       0x18 uspace/lib/libc.so.0.0.p/meson-generated_fibril_context.h.check.c.o
 .rela.data.rel.ro.local.port_hash_table_ops
                0x000000000000af98       0x48 uspace/lib/libc.so.0.0.p/meson-generated_fibril_context.h.check.c.o
 .rela.data.rel.ro.local.interface_hash_table_ops
                0x000000000000afe0       0x48 uspace/lib/libc.so.0.0.p/meson-generated_fibril_context.h.check.c.o
 .rela.data.rel.local.fallback_port_handler
                0x000000000000b028       0x18 uspace/lib/libc.so.0.0.p/meson-generated_fibril_context.h.check.c.o
 .rela.data.rel.local.place
                0x000000000000b040       0x18 uspace/lib/libc.so.0.0.p/meson-generated_fibril_context.h.check.c.o
 .rela.data.rel.ro.local.mon.2
                0x000000000000b058      0x120 uspace/lib/libc.so.0.0.p/meson-generated_fibril_context.h.check.c.o
 .rela.data.rel.ro.local.mon_abbr.3
                0x000000000000b178      0x120 uspace/lib/libc.so.0.0.p/meson-generated_fibril_context.h.check.c.o
 .rela.data.rel.ro.local.wday.4
                0x000000000000b298       0xa8 uspace/lib/libc.so.0.0.p/meson-generated_fibril_context.h.check.c.o
 .rela.data.rel.ro.local.wday_abbr.5
                0x000000000000b340       0xa8 uspace/lib/libc.so.0.0.p/meson-generated_fibril_context.h.check.c.o
 .rela.data.rel.local.tmpfile_lock
                0x000000000000b3e8       0x30 uspace/lib/libc.so.0.0.p/meson-generated_fibril_context.h.check.c.o
 .rela.data.rel.local.quick_exit_handlers_lock
                0x000000000000b418       0x30 uspace/lib/libc.so.0.0.p/meson-generated_fibril_context.h.check.c.o
 .rela.data.rel.local.quick_exit_handlers
                0x000000000000b448       0x30 uspace/lib/libc.so.0.0.p/meson-generated_fibril_context.h.check.c.o
 .rela.data.rel.local.exit_handlers_lock
                0x000000000000b478       0x30 uspace/lib/libc.so.0.0.p/meson-generated_fibril_context.h.check.c.o
 .rela.data.rel.local.exit_handlers
                0x000000000000b4a8       0x30 uspace/lib/libc.so.0.0.p/meson-generated_fibril_context.h.check.c.o
 .rela.data.rel.ro.local.trans
                0x000000000000b4d8       0xd8 uspace/lib/libc.so.0.0.p/meson-generated_fibril_context.h.check.c.o
 .rela.data.rel.local.inb_list
                0x000000000000b5b0       0x30 uspace/lib/libc.so.0.0.p/meson-generated_fibril_context.h.check.c.o
 .rela.data.rel.local.root_mutex
                0x000000000000b5e0       0x30 uspace/lib/libc.so.0.0.p/meson-generated_fibril_context.h.check.c.o
 .rela.data.rel.local.cwd_mutex
                0x000000000000b610       0x30 uspace/lib/libc.so.0.0.p/meson-generated_fibril_context.h.check.c.o
 .rela.data.rel.local.vfs_mutex
                0x000000000000b640       0x30 uspace/lib/libc.so.0.0.p/meson-generated_fibril_context.h.check.c.o
 .rela.data.rel.kio_ops
                0x000000000000b670       0x30 uspace/lib/libc.so.0.0.p/meson-generated_fibril_context.h.check.c.o
 .rela.data.rel.basic_ops
                0x000000000000b6a0       0x30 uspace/lib/libc.so.0.0.p/meson-generated_fibril_context.h.check.c.o
 .rela.data.rel.ro.local.thread_states
                0x000000000000b6d0       0xa8 uspace/lib/libc.so.0.0.p/meson-generated_fibril_context.h.check.c.o
 *(.rela.tdata .rela.tdata.* .rela.gnu.linkonce.td.*)
 *(.rela.tbss .rela.tbss.* .rela.gnu.linkonce.tb.*)
 *(.rela.ctors)
 *(.rela.dtors)
 *(.rela.got)
 .rela.got      0x000000000000b778      0x1b0 uspace/lib/libc.so.0.0.p/meson-generated_fibril_context.h.check.c.o
 *(.rela.bss .rela.bss.* .rela.gnu.linkonce.b.*)
 *(.rela.ldata .rela.ldata.* .rela.gnu.linkonce.l.*)
 *(.rela.lbss .rela.lbss.* .rela.gnu.linkonce.lb.*)
 *(.rela.lrodata .rela.lrodata.* .rela.gnu.linkonce.lr.*)
 *(.rela.ifunc)
 .rela.ifunc    0x000000000000b928        0x0 uspace/lib/libc.so.0.0.p/meson-generated_fibril_context.h.check.c.o

.rela.plt       0x000000000000b928     0x2898
 *(.rela.plt)
 .rela.plt      0x000000000000b928     0x2898 uspace/lib/libc.so.0.0.p/meson-generated_fibril_context.h.check.c.o
 *(.rela.iplt)

.relr.dyn
 *(.relr.dyn)

.init
 *(SORT_NONE(.init))

.plt            0x000000000000e1c0     0x1b20
 *(.plt)
 .plt           0x000000000000e1c0     0x1b20 uspace/lib/libc.so.0.0.p/meson-generated_fibril_context.h.check.c.o
 *(.iplt)

.plt.got        0x000000000000fce0        0x0
 *(.plt.got)
 .plt.got       0x000000000000fce0        0x0 uspace/lib/libc.so.0.0.p/meson-generated_fibril_context.h.check.c.o

.plt.sec
 *(.plt.sec)

.text           0x000000000000fce0    0x29034
 *(.text.unlikely .text.*_unlikely .text.unlikely.*)
 *(.text.exit .text.exit.*)
 .text.exit     0x000000000000fce0       0x86 uspace/lib/libc.so.0.0.p/c_generic_stdlib.c.o
                0x000000000000fce0                exit
 *(.text.startup .text.startup.*)
 *(.text.hot .text.hot.*)
 *(SORT_BY_NAME(.text.sorted.*))
 *(.text .stub .text.* .gnu.linkonce.t.*)
 .text          0x000000000000fd66        0xc uspace/lib/libc.so.0.0.p/c_arch_amd64_src_entryjmp.S.o
                0x000000000000fd66                entry_point_jmp
 .text          0x000000000000fd72        0xb uspace/lib/libc.so.0.0.p/c_arch_amd64_src_thread_entry.S.o
                0x000000000000fd72                __thread_entry
 .text          0x000000000000fd7d        0xb uspace/lib/libc.so.0.0.p/c_arch_amd64_src_syscall.S.o
                0x000000000000fd7d                __syscall
 .text          0x000000000000fd88       0x68 uspace/lib/libc.so.0.0.p/c_arch_amd64_src_fibril.S.o
                0x000000000000fd88                __context_save
                0x000000000000fdbc                __context_restore
 .text.tls_alloc_arch
                0x000000000000fdf0        0xa uspace/lib/libc.so.0.0.p/c_arch_amd64_src_tls.c.o
                0x000000000000fdf0                tls_alloc_arch
 *fill*         0x000000000000fdfa        0x6 
 .text.tls_free_arch
                0x000000000000fe00        0xa uspace/lib/libc.so.0.0.p/c_arch_amd64_src_tls.c.o
                0x000000000000fe00                tls_free_arch
 *fill*         0x000000000000fe0a        0x6 
 .text.__tls_get_addr
                0x000000000000fe10       0x47 uspace/lib/libc.so.0.0.p/c_arch_amd64_src_tls.c.o
                0x000000000000fe10                __tls_get_addr
 *fill*         0x000000000000fe57        0x9 
 .text.stacktrace_fp_valid
                0x000000000000fe60        0xc uspace/lib/libc.so.0.0.p/c_arch_amd64_src_stacktrace.c.o
                0x000000000000fe60                stacktrace_fp_valid
 *fill*         0x000000000000fe6c        0x4 
 .text.stacktrace_fp_prev
                0x000000000000fe70       0x14 uspace/lib/libc.so.0.0.p/c_arch_amd64_src_stacktrace.c.o
                0x000000000000fe70                stacktrace_fp_prev
 *fill*         0x000000000000fe84        0xc 
 .text.stacktrace_ra_get
                0x000000000000fe90       0x18 uspace/lib/libc.so.0.0.p/c_arch_amd64_src_stacktrace.c.o
                0x000000000000fe90                stacktrace_ra_get
 .text          0x000000000000fea8        0xa uspace/lib/libc.so.0.0.p/c_arch_amd64_src_stacktrace_asm.S.o
                0x000000000000fea8                stacktrace_prepare
                0x000000000000fea9                stacktrace_fp_get
                0x000000000000fead                stacktrace_pc_get
 *fill*         0x000000000000feb2        0xe 
 .text.dyn_parse_arch
                0x000000000000fec0        0x6 uspace/lib/libc.so.0.0.p/c_arch_amd64_src_rtld_dynamic.c.o
                0x000000000000fec0                dyn_parse_arch
 *fill*         0x000000000000fec6        0xa 
 .text.module_process_pre_arch
                0x000000000000fed0        0x6 uspace/lib/libc.so.0.0.p/c_arch_amd64_src_rtld_reloc.c.o
                0x000000000000fed0                module_process_pre_arch
 *fill*         0x000000000000fed6        0xa 
 .text.rel_table_process
                0x000000000000fee0        0x6 uspace/lib/libc.so.0.0.p/c_arch_amd64_src_rtld_reloc.c.o
                0x000000000000fee0                rel_table_process
 *fill*         0x000000000000fee6        0xa 
 .text.rela_table_process
                0x000000000000fef0      0x28d uspace/lib/libc.so.0.0.p/c_arch_amd64_src_rtld_reloc.c.o
                0x000000000000fef0                rela_table_process
 *fill*         0x000000000001017d        0x3 
 .text.func_get_addr
                0x0000000000010180       0x13 uspace/lib/libc.so.0.0.p/c_arch_amd64_src_rtld_reloc.c.o
                0x0000000000010180                func_get_addr
 *fill*         0x0000000000010193        0xd 
 .text.compute_crc32_seed
                0x00000000000101a0       0x3b uspace/lib/libc.so.0.0.p/c_common_adt_checksum.c.o
                0x00000000000101a0                compute_crc32_seed
 *fill*         0x00000000000101db        0x5 
 .text.compute_crc32
                0x00000000000101e0        0xc uspace/lib/libc.so.0.0.p/c_common_adt_checksum.c.o
                0x00000000000101e0                compute_crc32
 *fill*         0x00000000000101ec        0x4 
 .text.circ_buf_init
                0x00000000000101f0       0x21 uspace/lib/libc.so.0.0.p/c_common_adt_circ_buf.c.o
                0x00000000000101f0                circ_buf_init
 *fill*         0x0000000000010211        0xf 
 .text.circ_buf_nfree
                0x0000000000010220        0xe uspace/lib/libc.so.0.0.p/c_common_adt_circ_buf.c.o
                0x0000000000010220                circ_buf_nfree
 *fill*         0x000000000001022e        0x2 
 .text.circ_buf_nused
                0x0000000000010230        0xa uspace/lib/libc.so.0.0.p/c_common_adt_circ_buf.c.o
                0x0000000000010230                circ_buf_nused
 *fill*         0x000000000001023a        0x6 
 .text.circ_buf_push
                0x0000000000010240       0x54 uspace/lib/libc.so.0.0.p/c_common_adt_circ_buf.c.o
                0x0000000000010240                circ_buf_push
 *fill*         0x0000000000010294        0xc 
 .text.circ_buf_pop
                0x00000000000102a0       0x4e uspace/lib/libc.so.0.0.p/c_common_adt_circ_buf.c.o
                0x00000000000102a0                circ_buf_pop
 *fill*         0x00000000000102ee        0x2 
 .text.list_member
                0x00000000000102f0       0x37 uspace/lib/libc.so.0.0.p/c_common_adt_list.c.o
                0x00000000000102f0                list_member
 *fill*         0x0000000000010327        0x9 
 .text.list_splice
                0x0000000000010330       0x34 uspace/lib/libc.so.0.0.p/c_common_adt_list.c.o
                0x0000000000010330                list_splice
 *fill*         0x0000000000010364        0xc 
 .text.list_count
                0x0000000000010370       0x27 uspace/lib/libc.so.0.0.p/c_common_adt_list.c.o
                0x0000000000010370                list_count
 *fill*         0x0000000000010397        0x9 
 .text.nop_remove_callback
                0x00000000000103a0        0x6 uspace/lib/libc.so.0.0.p/c_common_adt_hash_table.c.o
 *fill*         0x00000000000103a6        0xa 
 .text.clear_items.part.0
                0x00000000000103b0       0xbc uspace/lib/libc.so.0.0.p/c_common_adt_hash_table.c.o
 *fill*         0x000000000001046c        0x4 
 .text.resize   0x0000000000010470      0x19f uspace/lib/libc.so.0.0.p/c_common_adt_hash_table.c.o
 *fill*         0x000000000001060f        0x1 
 .text.hash_table_create
                0x0000000000010610      0x12b uspace/lib/libc.so.0.0.p/c_common_adt_hash_table.c.o
                0x0000000000010610                hash_table_create
 *fill*         0x000000000001073b        0x5 
 .text.hash_table_destroy
                0x0000000000010740       0x7e uspace/lib/libc.so.0.0.p/c_common_adt_hash_table.c.o
                0x0000000000010740                hash_table_destroy
 *fill*         0x00000000000107be        0x2 
 .text.hash_table_empty
                0x00000000000107c0       0x31 uspace/lib/libc.so.0.0.p/c_common_adt_hash_table.c.o
                0x00000000000107c0                hash_table_empty
 *fill*         0x00000000000107f1        0xf 
 .text.hash_table_size
                0x0000000000010800       0x2d uspace/lib/libc.so.0.0.p/c_common_adt_hash_table.c.o
                0x0000000000010800                hash_table_size
 *fill*         0x000000000001082d        0x3 
 .text.hash_table_clear
                0x0000000000010830       0x82 uspace/lib/libc.so.0.0.p/c_common_adt_hash_table.c.o
                0x0000000000010830                hash_table_clear
 *fill*         0x00000000000108b2        0xe 
 .text.hash_table_insert
                0x00000000000108c0       0xd1 uspace/lib/libc.so.0.0.p/c_common_adt_hash_table.c.o
                0x00000000000108c0                hash_table_insert
 *fill*         0x0000000000010991        0xf 
 .text.hash_table_insert_unique
                0x00000000000109a0      0x184 uspace/lib/libc.so.0.0.p/c_common_adt_hash_table.c.o
                0x00000000000109a0                hash_table_insert_unique
 *fill*         0x0000000000010b24        0xc 
 .text.hash_table_find
                0x0000000000010b30       0xa6 uspace/lib/libc.so.0.0.p/c_common_adt_hash_table.c.o
                0x0000000000010b30                hash_table_find
 *fill*         0x0000000000010bd6        0xa 
 .text.hash_table_find_next
                0x0000000000010be0       0xe8 uspace/lib/libc.so.0.0.p/c_common_adt_hash_table.c.o
                0x0000000000010be0                hash_table_find_next
 *fill*         0x0000000000010cc8        0x8 
 .text.hash_table_remove
                0x0000000000010cd0      0x14d uspace/lib/libc.so.0.0.p/c_common_adt_hash_table.c.o
                0x0000000000010cd0                hash_table_remove
 *fill*         0x0000000000010e1d        0x3 
 .text.hash_table_remove_item
                0x0000000000010e20       0xf0 uspace/lib/libc.so.0.0.p/c_common_adt_hash_table.c.o
                0x0000000000010e20                hash_table_remove_item
 .text.hash_table_apply
                0x0000000000010f10      0x15d uspace/lib/libc.so.0.0.p/c_common_adt_hash_table.c.o
                0x0000000000010f10                hash_table_apply
 *fill*         0x000000000001106d        0x3 
 .text.odict_validate_tree
                0x0000000000011070      0x1a3 uspace/lib/libc.so.0.0.p/c_common_adt_odict.c.o
 *fill*         0x0000000000011213        0xd 
 .text.odict_unlink
                0x0000000000011220       0xe1 uspace/lib/libc.so.0.0.p/c_common_adt_odict.c.o
 *fill*         0x0000000000011301        0xf 
 .text.odict_replace_subtree.part.0
                0x0000000000011310       0x1c uspace/lib/libc.so.0.0.p/c_common_adt_odict.c.o
 *fill*         0x000000000001132c        0x4 
 .text.odict_rotate_left
                0x0000000000011330       0xad uspace/lib/libc.so.0.0.p/c_common_adt_odict.c.o
 *fill*         0x00000000000113dd        0x3 
 .text.odict_rotate_right
                0x00000000000113e0       0xbd uspace/lib/libc.so.0.0.p/c_common_adt_odict.c.o
 *fill*         0x000000000001149d        0x3 
 .text.odict_print_tree
                0x00000000000114a0      0xa4b uspace/lib/libc.so.0.0.p/c_common_adt_odict.c.o
 *fill*         0x0000000000011eeb        0x5 
 .text.odict_validate
                0x0000000000011ef0      0x342 uspace/lib/libc.so.0.0.p/c_common_adt_odict.c.o
                0x0000000000011ef0                odict_validate
 *fill*         0x0000000000012232        0xe 
 .text.odict_initialize
                0x0000000000012240       0x21 uspace/lib/libc.so.0.0.p/c_common_adt_odict.c.o
                0x0000000000012240                odict_initialize
 *fill*         0x0000000000012261        0xf 
 .text.odict_finalize
                0x0000000000012270       0x23 uspace/lib/libc.so.0.0.p/c_common_adt_odict.c.o
                0x0000000000012270                odict_finalize
 *fill*         0x0000000000012293        0xd 
 .text.odlink_initialize
                0x00000000000122a0       0x15 uspace/lib/libc.so.0.0.p/c_common_adt_odict.c.o
                0x00000000000122a0                odlink_initialize
 *fill*         0x00000000000122b5        0xb 
 .text.odlink_used
                0x00000000000122c0        0xd uspace/lib/libc.so.0.0.p/c_common_adt_odict.c.o
                0x00000000000122c0                odlink_used
 *fill*         0x00000000000122cd        0x3 
 .text.odict_empty
                0x00000000000122d0        0xd uspace/lib/libc.so.0.0.p/c_common_adt_odict.c.o
                0x00000000000122d0                odict_empty
 *fill*         0x00000000000122dd        0x3 
 .text.odict_first
                0x00000000000122e0       0x24 uspace/lib/libc.so.0.0.p/c_common_adt_odict.c.o
                0x00000000000122e0                odict_first
 *fill*         0x0000000000012304        0xc 
 .text.odict_last
                0x0000000000012310       0x24 uspace/lib/libc.so.0.0.p/c_common_adt_odict.c.o
                0x0000000000012310                odict_last
 *fill*         0x0000000000012334        0xc 
 .text.odict_search_start_node
                0x0000000000012340      0x19d uspace/lib/libc.so.0.0.p/c_common_adt_odict.c.o
 *fill*         0x00000000000124dd        0x3 
 .text.odict_insert
                0x00000000000124e0      0x390 uspace/lib/libc.so.0.0.p/c_common_adt_odict.c.o
                0x00000000000124e0                odict_insert
 .text.odict_prev
                0x0000000000012870       0x24 uspace/lib/libc.so.0.0.p/c_common_adt_odict.c.o
                0x0000000000012870                odict_prev
 *fill*         0x0000000000012894        0xc 
 .text.odict_next
                0x00000000000128a0       0x24 uspace/lib/libc.so.0.0.p/c_common_adt_odict.c.o
                0x00000000000128a0                odict_next
 *fill*         0x00000000000128c4        0xc 
 .text.odict_remove
                0x00000000000128d0      0x6d0 uspace/lib/libc.so.0.0.p/c_common_adt_odict.c.o
                0x00000000000128d0                odict_remove
 .text.odict_key_update
                0x0000000000012fa0       0x3b uspace/lib/libc.so.0.0.p/c_common_adt_odict.c.o
                0x0000000000012fa0                odict_key_update
 *fill*         0x0000000000012fdb        0x5 
 .text.odict_count
                0x0000000000012fe0       0x4a uspace/lib/libc.so.0.0.p/c_common_adt_odict.c.o
                0x0000000000012fe0                odict_count
 *fill*         0x000000000001302a        0x6 
 .text.odict_find_geq
                0x0000000000013030       0x83 uspace/lib/libc.so.0.0.p/c_common_adt_odict.c.o
                0x0000000000013030                odict_find_geq
 *fill*         0x00000000000130b3        0xd 
 .text.odict_find_eq
                0x00000000000130c0       0x56 uspace/lib/libc.so.0.0.p/c_common_adt_odict.c.o
                0x00000000000130c0                odict_find_eq
 *fill*         0x0000000000013116        0xa 
 .text.odict_find_leq
                0x0000000000013120       0x83 uspace/lib/libc.so.0.0.p/c_common_adt_odict.c.o
                0x0000000000013120                odict_find_leq
 *fill*         0x00000000000131a3        0xd 
 .text.odict_find_eq_last
                0x00000000000131b0       0x56 uspace/lib/libc.so.0.0.p/c_common_adt_odict.c.o
                0x00000000000131b0                odict_find_eq_last
 *fill*         0x0000000000013206        0xa 
 .text.odict_find_gt
                0x0000000000013210       0x3d uspace/lib/libc.so.0.0.p/c_common_adt_odict.c.o
                0x0000000000013210                odict_find_gt
 *fill*         0x000000000001324d        0x3 
 .text.odict_find_lt
                0x0000000000013250       0x3d uspace/lib/libc.so.0.0.p/c_common_adt_odict.c.o
                0x0000000000013250                odict_find_lt
 *fill*         0x000000000001328d        0x3 
 .text.fp_round_up
                0x0000000000013290       0xa2 uspace/lib/libc.so.0.0.p/c_common_printf_printf_core.c.o
 *fill*         0x0000000000013332        0xe 
 .text.print_double_str_fixed
                0x0000000000013340      0x512 uspace/lib/libc.so.0.0.p/c_common_printf_printf_core.c.o
 *fill*         0x0000000000013852        0xe 
 .text.print_double_str_scient
                0x0000000000013860      0x45b uspace/lib/libc.so.0.0.p/c_common_printf_printf_core.c.o
 *fill*         0x0000000000013cbb        0x5 
 .text.print_special.isra.0
                0x0000000000013cc0      0x2a3 uspace/lib/libc.so.0.0.p/c_common_printf_printf_core.c.o
 *fill*         0x0000000000013f63        0xd 
 .text.print_double_scientific
                0x0000000000013f70      0x159 uspace/lib/libc.so.0.0.p/c_common_printf_printf_core.c.o
 *fill*         0x00000000000140c9        0x7 
 .text.print_double_fixed
                0x00000000000140d0      0x1b9 uspace/lib/libc.so.0.0.p/c_common_printf_printf_core.c.o
 *fill*         0x0000000000014289        0x7 
 .text.printf_core
                0x0000000000014290     0x1a3f uspace/lib/libc.so.0.0.p/c_common_printf_printf_core.c.o
                0x0000000000014290                printf_core
 *fill*         0x0000000000015ccf        0x1 
 .text.islower  0x0000000000015cd0       0x11 uspace/lib/libc.so.0.0.p/c_common_stdc_ctype.c.o
                0x0000000000015cd0                islower
 *fill*         0x0000000000015ce1        0xf 
 .text.isupper  0x0000000000015cf0       0x11 uspace/lib/libc.so.0.0.p/c_common_stdc_ctype.c.o
                0x0000000000015cf0                isupper
 *fill*         0x0000000000015d01        0xf 
 .text.isalpha  0x0000000000015d10       0x3d uspace/lib/libc.so.0.0.p/c_common_stdc_ctype.c.o
                0x0000000000015d10                isalpha
 *fill*         0x0000000000015d4d        0x3 
 .text.isdigit  0x0000000000015d50       0x11 uspace/lib/libc.so.0.0.p/c_common_stdc_ctype.c.o
                0x0000000000015d50                isdigit
 *fill*         0x0000000000015d61        0xf 
 .text.isalnum  0x0000000000015d70       0x3d uspace/lib/libc.so.0.0.p/c_common_stdc_ctype.c.o
                0x0000000000015d70                isalnum
 *fill*         0x0000000000015dad        0x3 
 .text.isblank  0x0000000000015db0       0x17 uspace/lib/libc.so.0.0.p/c_common_stdc_ctype.c.o
                0x0000000000015db0                isblank
 *fill*         0x0000000000015dc7        0x9 
 .text.iscntrl  0x0000000000015dd0       0x17 uspace/lib/libc.so.0.0.p/c_common_stdc_ctype.c.o
                0x0000000000015dd0                iscntrl
 *fill*         0x0000000000015de7        0x9 
 .text.isprint  0x0000000000015df0       0x23 uspace/lib/libc.so.0.0.p/c_common_stdc_ctype.c.o
                0x0000000000015df0                isprint
 *fill*         0x0000000000015e13        0xd 
 .text.isgraph  0x0000000000015e20       0x26 uspace/lib/libc.so.0.0.p/c_common_stdc_ctype.c.o
                0x0000000000015e20                isgraph
 *fill*         0x0000000000015e46        0xa 
 .text.isspace  0x0000000000015e50       0x22 uspace/lib/libc.so.0.0.p/c_common_stdc_ctype.c.o
                0x0000000000015e50                isspace
 *fill*         0x0000000000015e72        0xe 
 .text.ispunct  0x0000000000015e80       0x40 uspace/lib/libc.so.0.0.p/c_common_stdc_ctype.c.o
                0x0000000000015e80                ispunct
 .text.isxdigit
                0x0000000000015ec0       0x2f uspace/lib/libc.so.0.0.p/c_common_stdc_ctype.c.o
                0x0000000000015ec0                isxdigit
 *fill*         0x0000000000015eef        0x1 
 .text.tolower  0x0000000000015ef0       0x22 uspace/lib/libc.so.0.0.p/c_common_stdc_ctype.c.o
                0x0000000000015ef0                tolower
 *fill*         0x0000000000015f12        0xe 
 .text.toupper  0x0000000000015f20       0x22 uspace/lib/libc.so.0.0.p/c_common_stdc_ctype.c.o
                0x0000000000015f20                toupper
 *fill*         0x0000000000015f42        0xe 
 .text.memset   0x0000000000015f50      0x1bd uspace/lib/libc.so.0.0.p/c_common_stdc_mem.c.o
                0x0000000000015f50                memset
 *fill*         0x000000000001610d        0x3 
 .text.memcpy   0x0000000000016110      0x480 uspace/lib/libc.so.0.0.p/c_common_stdc_mem.c.o
                0x0000000000016110                memcpy
 .text.memmove  0x0000000000016590      0x195 uspace/lib/libc.so.0.0.p/c_common_stdc_mem.c.o
                0x0000000000016590                memmove
 *fill*         0x0000000000016725        0xb 
 .text.memcmp   0x0000000000016730       0x34 uspace/lib/libc.so.0.0.p/c_common_stdc_mem.c.o
                0x0000000000016730                memcmp
 *fill*         0x0000000000016764        0xc 
 .text.memchr   0x0000000000016770       0x34 uspace/lib/libc.so.0.0.p/c_common_stdc_mem.c.o
                0x0000000000016770                memchr
 *fill*         0x00000000000167a4        0xc 
 .text.bsearch  0x00000000000167b0       0x8a uspace/lib/libc.so.0.0.p/c_common_stdc_bsearch.c.o
                0x00000000000167b0                bsearch
 *fill*         0x000000000001683a        0x6 
 .text.compar_wrap
                0x0000000000016840        0x7 uspace/lib/libc.so.0.0.p/c_common_stdc_qsort.c.o
 *fill*         0x0000000000016847        0x9 
 .text.quicksort
                0x0000000000016850      0x146 uspace/lib/libc.so.0.0.p/c_common_stdc_qsort.c.o
 *fill*         0x0000000000016996        0xa 
 .text.qsort    0x00000000000169a0       0x44 uspace/lib/libc.so.0.0.p/c_common_stdc_qsort.c.o
                0x00000000000169a0                qsort
 *fill*         0x00000000000169e4        0xc 
 .text.qsort_r  0x00000000000169f0       0x3d uspace/lib/libc.so.0.0.p/c_common_stdc_qsort.c.o
                0x00000000000169f0                qsort_r
 *fill*         0x0000000000016a2d        0x3 
 .text.calloc   0x0000000000016a30       0x3c uspace/lib/libc.so.0.0.p/c_common_stdc_calloc.c.o
                0x0000000000016a30                calloc
 *fill*         0x0000000000016a6c        0x4 
 .text.gsort    0x0000000000016a70      0x10f uspace/lib/libc.so.0.0.p/c_common_gsort.c.o
                0x0000000000016a70                gsort
 *fill*         0x0000000000016b7f        0x1 
 .text.str_decode
                0x0000000000016b80      0x127 uspace/lib/libc.so.0.0.p/c_common_str.c.o
                0x0000000000016b80                str_decode
 *fill*         0x0000000000016ca7        0x9 
 .text.str_decode_reverse
                0x0000000000016cb0      0x152 uspace/lib/libc.so.0.0.p/c_common_str.c.o
                0x0000000000016cb0                str_decode_reverse
 *fill*         0x0000000000016e02        0xe 
 .text.str_size
                0x0000000000016e10       0x1c uspace/lib/libc.so.0.0.p/c_common_str.c.o
                0x0000000000016e10                str_size
 *fill*         0x0000000000016e2c        0x4 
 .text.str_lsize
                0x0000000000016e30       0x64 uspace/lib/libc.so.0.0.p/c_common_str.c.o
                0x0000000000016e30                str_lsize
 *fill*         0x0000000000016e94        0xc 
 .text.str_nsize
                0x0000000000016ea0       0x29 uspace/lib/libc.so.0.0.p/c_common_str.c.o
                0x0000000000016ea0                str_nsize
 *fill*         0x0000000000016ec9        0x7 
 .text.str_length
                0x0000000000016ed0       0x48 uspace/lib/libc.so.0.0.p/c_common_str.c.o
                0x0000000000016ed0                str_length
 *fill*         0x0000000000016f18        0x8 
 .text.wstr_length
                0x0000000000016f20       0x1d uspace/lib/libc.so.0.0.p/c_common_str.c.o
                0x0000000000016f20                wstr_length
 *fill*         0x0000000000016f3d        0x3 
 .text.wstr_size
                0x0000000000016f40        0xf uspace/lib/libc.so.0.0.p/c_common_str.c.o
                0x0000000000016f40                wstr_size
 *fill*         0x0000000000016f4f        0x1 
 .text.str_nlength
                0x0000000000016f50       0x4e uspace/lib/libc.so.0.0.p/c_common_str.c.o
                0x0000000000016f50                str_nlength
 *fill*         0x0000000000016f9e        0x2 
 .text.wstr_nlength
                0x0000000000016fa0       0x2a uspace/lib/libc.so.0.0.p/c_common_str.c.o
                0x0000000000016fa0                wstr_nlength
 *fill*         0x0000000000016fca        0x6 
 .text.wstr_nsize
                0x0000000000016fd0        0xf uspace/lib/libc.so.0.0.p/c_common_str.c.o
                0x0000000000016fd0                wstr_nsize
 *fill*         0x0000000000016fdf        0x1 
 .text.wstr_lsize
                0x0000000000016fe0       0x13 uspace/lib/libc.so.0.0.p/c_common_str.c.o
                0x0000000000016fe0                wstr_lsize
 *fill*         0x0000000000016ff3        0xd 
 .text.chr_width
                0x0000000000017000        0xb uspace/lib/libc.so.0.0.p/c_common_str.c.o
                0x0000000000017000                chr_width
 *fill*         0x000000000001700b        0x5 
 .text.str_width
                0x0000000000017010       0x4e uspace/lib/libc.so.0.0.p/c_common_str.c.o
                0x0000000000017010                str_width
 *fill*         0x000000000001705e        0x2 
 .text.ascii_check
                0x0000000000017060        0xc uspace/lib/libc.so.0.0.p/c_common_str.c.o
                0x0000000000017060                ascii_check
 *fill*         0x000000000001706c        0x4 
 .text.chr_check
                0x0000000000017070        0xf uspace/lib/libc.so.0.0.p/c_common_str.c.o
                0x0000000000017070                chr_check
 *fill*         0x000000000001707f        0x1 
 .text.chr_encode
                0x0000000000017080      0x16f uspace/lib/libc.so.0.0.p/c_common_str.c.o
                0x0000000000017080                chr_encode
 *fill*         0x00000000000171ef        0x1 
 .text.str_cmp  0x00000000000171f0       0xb1 uspace/lib/libc.so.0.0.p/c_common_str.c.o
                0x00000000000171f0                str_cmp
 *fill*         0x00000000000172a1        0xf 
 .text.str_lcmp
                0x00000000000172b0       0xdc uspace/lib/libc.so.0.0.p/c_common_str.c.o
                0x00000000000172b0                str_lcmp
 *fill*         0x000000000001738c        0x4 
 .text.str_casecmp
                0x0000000000017390       0xb9 uspace/lib/libc.so.0.0.p/c_common_str.c.o
                0x0000000000017390                str_casecmp
 *fill*         0x0000000000017449        0x7 
 .text.str_lcasecmp
                0x0000000000017450       0xec uspace/lib/libc.so.0.0.p/c_common_str.c.o
                0x0000000000017450                str_lcasecmp
 *fill*         0x000000000001753c        0x4 
 .text.str_test_prefix
                0x0000000000017540       0x91 uspace/lib/libc.so.0.0.p/c_common_str.c.o
                0x0000000000017540                str_test_prefix
 *fill*         0x00000000000175d1        0xf 
 .text.str_suffix
                0x00000000000175e0       0x57 uspace/lib/libc.so.0.0.p/c_common_str.c.o
                0x00000000000175e0                str_suffix
 *fill*         0x0000000000017637        0x9 
 .text.str_cpy  0x0000000000017640       0xb2 uspace/lib/libc.so.0.0.p/c_common_str.c.o
                0x0000000000017640                str_cpy
 *fill*         0x00000000000176f2        0xe 
 .text.str_ncpy
                0x0000000000017700       0x97 uspace/lib/libc.so.0.0.p/c_common_str.c.o
                0x0000000000017700                str_ncpy
 *fill*         0x0000000000017797        0x9 
 .text.str_append
                0x00000000000177a0       0x4c uspace/lib/libc.so.0.0.p/c_common_str.c.o
                0x00000000000177a0                str_append
 *fill*         0x00000000000177ec        0x4 
 .text.spascii_to_str
                0x00000000000177f0      0x131 uspace/lib/libc.so.0.0.p/c_common_str.c.o
                0x00000000000177f0                spascii_to_str
 *fill*         0x0000000000017921        0xf 
 .text.wstr_to_str
                0x0000000000017930       0x79 uspace/lib/libc.so.0.0.p/c_common_str.c.o
                0x0000000000017930                wstr_to_str
 *fill*         0x00000000000179a9        0x7 
 .text.utf16_to_str
                0x00000000000179b0       0xc9 uspace/lib/libc.so.0.0.p/c_common_str.c.o
                0x00000000000179b0                utf16_to_str
 *fill*         0x0000000000017a79        0x7 
 .text.str_to_utf16
                0x0000000000017a80       0xcf uspace/lib/libc.so.0.0.p/c_common_str.c.o
                0x0000000000017a80                str_to_utf16
 *fill*         0x0000000000017b4f        0x1 
 .text.utf16_wsize
                0x0000000000017b50       0x1d uspace/lib/libc.so.0.0.p/c_common_str.c.o
                0x0000000000017b50                utf16_wsize
 *fill*         0x0000000000017b6d        0x3 
 .text.wstr_to_astr
                0x0000000000017b70       0xbe uspace/lib/libc.so.0.0.p/c_common_str.c.o
                0x0000000000017b70                wstr_to_astr
 *fill*         0x0000000000017c2e        0x2 
 .text.str_to_wstr
                0x0000000000017c30       0x8f uspace/lib/libc.so.0.0.p/c_common_str.c.o
                0x0000000000017c30                str_to_wstr
 *fill*         0x0000000000017cbf        0x1 
 .text.str_to_awstr
                0x0000000000017cc0       0x4a uspace/lib/libc.so.0.0.p/c_common_str.c.o
                0x0000000000017cc0                str_to_awstr
 *fill*         0x0000000000017d0a        0x6 
 .text.str_chr  0x0000000000017d10       0x71 uspace/lib/libc.so.0.0.p/c_common_str.c.o
                0x0000000000017d10                str_chr
 *fill*         0x0000000000017d81        0xf 
 .text.str_str  0x0000000000017d90       0x9a uspace/lib/libc.so.0.0.p/c_common_str.c.o
                0x0000000000017d90                str_str
 *fill*         0x0000000000017e2a        0x6 
 .text.str_rtrim
                0x0000000000017e30       0x88 uspace/lib/libc.so.0.0.p/c_common_str.c.o
                0x0000000000017e30                str_rtrim
 *fill*         0x0000000000017eb8        0x8 
 .text.str_ltrim
                0x0000000000017ec0       0x8e uspace/lib/libc.so.0.0.p/c_common_str.c.o
                0x0000000000017ec0                str_ltrim
 *fill*         0x0000000000017f4e        0x2 
 .text.str_rchr
                0x0000000000017f50       0x66 uspace/lib/libc.so.0.0.p/c_common_str.c.o
                0x0000000000017f50                str_rchr
 *fill*         0x0000000000017fb6        0xa 
 .text.wstr_linsert
                0x0000000000017fc0       0xe3 uspace/lib/libc.so.0.0.p/c_common_str.c.o
                0x0000000000017fc0                wstr_linsert
 *fill*         0x00000000000180a3        0xd 
 .text.wstr_remove
                0x00000000000180b0       0xe1 uspace/lib/libc.so.0.0.p/c_common_str.c.o
                0x00000000000180b0                wstr_remove
 *fill*         0x0000000000018191        0xf 
 .text.str_dup  0x00000000000181a0       0x45 uspace/lib/libc.so.0.0.p/c_common_str.c.o
                0x00000000000181a0                str_dup
 *fill*         0x00000000000181e5        0xb 
 .text.str_ndup
                0x00000000000181f0       0x4f uspace/lib/libc.so.0.0.p/c_common_str.c.o
                0x00000000000181f0                str_ndup
 *fill*         0x000000000001823f        0x1 
 .text.str_tok  0x0000000000018240       0xea uspace/lib/libc.so.0.0.p/c_common_str.c.o
                0x0000000000018240                str_tok
 *fill*         0x000000000001832a        0x6 
 .text.order_suffix
                0x0000000000018330      0x14e uspace/lib/libc.so.0.0.p/c_common_str.c.o
                0x0000000000018330                order_suffix
 *fill*         0x000000000001847e        0x2 
 .text.bin_order_suffix
                0x0000000000018480       0xc9 uspace/lib/libc.so.0.0.p/c_common_str.c.o
                0x0000000000018480                bin_order_suffix
 *fill*         0x0000000000018549        0x7 
 .text.str_error_name
                0x0000000000018550       0x32 uspace/lib/libc.so.0.0.p/c_common_str_error.c.o
                0x0000000000018550                str_error_name
 *fill*         0x0000000000018582        0xe 
 .text.str_error
                0x0000000000018590       0x32 uspace/lib/libc.so.0.0.p/c_common_str_error.c.o
                0x0000000000018590                str_error
 *fill*         0x00000000000185c2        0xe 
 .text._max_value
                0x00000000000185d0       0x15 uspace/lib/libc.so.0.0.p/c_common_strtol.c.o
 *fill*         0x00000000000185e5        0xb 
 .text._strtoumax.constprop.0
                0x00000000000185f0      0x541 uspace/lib/libc.so.0.0.p/c_common_strtol.c.o
 *fill*         0x0000000000018b31        0xf 
 .text.strtol   0x0000000000018b40       0xad uspace/lib/libc.so.0.0.p/c_common_strtol.c.o
                0x0000000000018b40                strtol
 *fill*         0x0000000000018bed        0x3 
 .text.strtoul  0x0000000000018bf0       0x4b uspace/lib/libc.so.0.0.p/c_common_strtol.c.o
                0x0000000000018bf0                strtoul
 *fill*         0x0000000000018c3b        0x5 
 .text.strtoll  0x0000000000018c40       0xad uspace/lib/libc.so.0.0.p/c_common_strtol.c.o
                0x0000000000018c40                strtoll
 *fill*         0x0000000000018ced        0x3 
 .text.strtoull
                0x0000000000018cf0       0x4b uspace/lib/libc.so.0.0.p/c_common_strtol.c.o
                0x0000000000018cf0                strtoull
 *fill*         0x0000000000018d3b        0x5 
 .text.strtoimax
                0x0000000000018d40       0xad uspace/lib/libc.so.0.0.p/c_common_strtol.c.o
                0x0000000000018d40                strtoimax
 *fill*         0x0000000000018ded        0x3 
 .text.strtoumax
                0x0000000000018df0       0x4b uspace/lib/libc.so.0.0.p/c_common_strtol.c.o
                0x0000000000018df0                strtoumax
 *fill*         0x0000000000018e3b        0x5 
 .text.atoi     0x0000000000018e40       0x12 uspace/lib/libc.so.0.0.p/c_common_strtol.c.o
                0x0000000000018e40                atoi
 *fill*         0x0000000000018e52        0xe 
 .text.atol     0x0000000000018e60       0x11 uspace/lib/libc.so.0.0.p/c_common_strtol.c.o
                0x0000000000018e60                atol
 *fill*         0x0000000000018e71        0xf 
 .text.atoll    0x0000000000018e80       0x11 uspace/lib/libc.so.0.0.p/c_common_strtol.c.o
                0x0000000000018e80                atoll
 *fill*         0x0000000000018e91        0xf 
 .text.str_uint8_t
                0x0000000000018ea0       0xdb uspace/lib/libc.so.0.0.p/c_common_strtol.c.o
                0x0000000000018ea0                str_uint8_t
 *fill*         0x0000000000018f7b        0x5 
 .text.str_uint16_t
                0x0000000000018f80       0xdb uspace/lib/libc.so.0.0.p/c_common_strtol.c.o
                0x0000000000018f80                str_uint16_t
 *fill*         0x000000000001905b        0x5 
 .text.str_uint32_t
                0x0000000000019060       0xdb uspace/lib/libc.so.0.0.p/c_common_strtol.c.o
                0x0000000000019060                str_uint32_t
 *fill*         0x000000000001913b        0x5 
 .text.str_uint64_t
                0x0000000000019140       0xb3 uspace/lib/libc.so.0.0.p/c_common_strtol.c.o
                0x0000000000019140                str_uint64_t
 *fill*         0x00000000000191f3        0xd 
 .text.str_int64_t
                0x0000000000019200       0xd7 uspace/lib/libc.so.0.0.p/c_common_strtol.c.o
                0x0000000000019200                str_int64_t
 *fill*         0x00000000000192d7        0x9 
 .text.str_size_t
                0x00000000000192e0       0xb3 uspace/lib/libc.so.0.0.p/c_common_strtol.c.o
                0x00000000000192e0                str_size_t
 *fill*         0x0000000000019393        0xd 
 .text.__libc_main
                0x00000000000193a0      0x1fe uspace/lib/libc.so.0.0.p/c_generic_libc.c.o
                0x00000000000193a0                __libc_main
 *fill*         0x000000000001959e        0x2 
 .text.__libc_fini
                0x00000000000195a0       0x28 uspace/lib/libc.so.0.0.p/c_generic_libc.c.o
                0x00000000000195a0                __libc_fini
 *fill*         0x00000000000195c8        0x8 
 .text.__libc_exit
                0x00000000000195d0       0x6e uspace/lib/libc.so.0.0.p/c_generic_libc.c.o
                0x00000000000195d0                __libc_exit
 *fill*         0x000000000001963e        0x2 
 .text.__libc_abort
                0x0000000000019640       0x20 uspace/lib/libc.so.0.0.p/c_generic_libc.c.o
                0x0000000000019640                __libc_abort
 .text.prodcons_initialize
                0x0000000000019660       0x3e uspace/lib/libc.so.0.0.p/c_generic_adt_prodcons.c.o
                0x0000000000019660                prodcons_initialize
 *fill*         0x000000000001969e        0x2 
 .text.prodcons_produce
                0x00000000000196a0       0x4a uspace/lib/libc.so.0.0.p/c_generic_adt_prodcons.c.o
                0x00000000000196a0                prodcons_produce
 *fill*         0x00000000000196ea        0x6 
 .text.prodcons_consume
                0x00000000000196f0       0x7d uspace/lib/libc.so.0.0.p/c_generic_adt_prodcons.c.o
                0x00000000000196f0                prodcons_consume
 *fill*         0x000000000001976d        0x3 
 .text.as_area_create
                0x0000000000019770       0x24 uspace/lib/libc.so.0.0.p/c_generic_as.c.o
                0x0000000000019770                as_area_create
 *fill*         0x0000000000019794        0xc 
 .text.as_area_resize
                0x00000000000197a0       0x1b uspace/lib/libc.so.0.0.p/c_generic_as.c.o
                0x00000000000197a0                as_area_resize
 *fill*         0x00000000000197bb        0x5 
 .text.as_area_destroy
                0x00000000000197c0       0x1d uspace/lib/libc.so.0.0.p/c_generic_as.c.o
                0x00000000000197c0                as_area_destroy
 *fill*         0x00000000000197dd        0x3 
 .text.as_area_change_flags
                0x00000000000197e0       0x1d uspace/lib/libc.so.0.0.p/c_generic_as.c.o
                0x00000000000197e0                as_area_change_flags
 *fill*         0x00000000000197fd        0x3 
 .text.as_area_get_info
                0x0000000000019800       0x1b uspace/lib/libc.so.0.0.p/c_generic_as.c.o
                0x0000000000019800                as_area_get_info
 *fill*         0x000000000001981b        0x5 
 .text.as_get_physical_mapping
                0x0000000000019820       0x1b uspace/lib/libc.so.0.0.p/c_generic_as.c.o
                0x0000000000019820                as_get_physical_mapping
 *fill*         0x000000000001983b        0x5 
 .text.physmem_map
                0x0000000000019840       0x21 uspace/lib/libc.so.0.0.p/c_generic_ddi.c.o
                0x0000000000019840                physmem_map
 *fill*         0x0000000000019861        0xf 
 .text.physmem_unmap
                0x0000000000019870       0x1d uspace/lib/libc.so.0.0.p/c_generic_ddi.c.o
                0x0000000000019870                physmem_unmap
 *fill*         0x000000000001988d        0x3 
 .text.dmamem_map
                0x0000000000019890       0x2d uspace/lib/libc.so.0.0.p/c_generic_ddi.c.o
                0x0000000000019890                dmamem_map
 *fill*         0x00000000000198bd        0x3 
 .text.dmamem_map_anonymous
                0x00000000000198c0       0x2f uspace/lib/libc.so.0.0.p/c_generic_ddi.c.o
                0x00000000000198c0                dmamem_map_anonymous
 *fill*         0x00000000000198ef        0x1 
 .text.dmamem_unmap
                0x00000000000198f0       0x1b uspace/lib/libc.so.0.0.p/c_generic_ddi.c.o
                0x00000000000198f0                dmamem_unmap
 *fill*         0x000000000001990b        0x5 
 .text.dmamem_unmap_anonymous
                0x0000000000019910       0x20 uspace/lib/libc.so.0.0.p/c_generic_ddi.c.o
                0x0000000000019910                dmamem_unmap_anonymous
 .text.pio_enable
                0x0000000000019930       0xcf uspace/lib/libc.so.0.0.p/c_generic_ddi.c.o
                0x0000000000019930                pio_enable
 *fill*         0x00000000000199ff        0x1 
 .text.pio_enable_range
                0x0000000000019a00       0x14 uspace/lib/libc.so.0.0.p/c_generic_ddi.c.o
                0x0000000000019a00                pio_enable_range
 *fill*         0x0000000000019a14        0xc 
 .text.pio_enable_resource
                0x0000000000019a20       0x6a uspace/lib/libc.so.0.0.p/c_generic_ddi.c.o
                0x0000000000019a20                pio_enable_resource
 *fill*         0x0000000000019a8a        0x6 
 .text.pio_disable
                0x0000000000019a90       0x62 uspace/lib/libc.so.0.0.p/c_generic_ddi.c.o
                0x0000000000019a90                pio_disable
 *fill*         0x0000000000019af2        0xe 
 .text.pio_write_8
                0x0000000000019b00       0x4e uspace/lib/libc.so.0.0.p/c_generic_ddi.c.o
                0x0000000000019b00                pio_write_8
 *fill*         0x0000000000019b4e        0x2 
 .text.pio_write_16
                0x0000000000019b50       0x4f uspace/lib/libc.so.0.0.p/c_generic_ddi.c.o
                0x0000000000019b50                pio_write_16
 *fill*         0x0000000000019b9f        0x1 
 .text.pio_write_32
                0x0000000000019ba0       0x38 uspace/lib/libc.so.0.0.p/c_generic_ddi.c.o
                0x0000000000019ba0                pio_write_32
 *fill*         0x0000000000019bd8        0x8 
 .text.pio_write_64
                0x0000000000019be0       0x1f uspace/lib/libc.so.0.0.p/c_generic_ddi.c.o
                0x0000000000019be0                pio_write_64
 *fill*         0x0000000000019bff        0x1 
 .text.pio_read_8
                0x0000000000019c00       0x35 uspace/lib/libc.so.0.0.p/c_generic_ddi.c.o
                0x0000000000019c00                pio_read_8
 *fill*         0x0000000000019c35        0xb 
 .text.pio_read_16
                0x0000000000019c40       0x35 uspace/lib/libc.so.0.0.p/c_generic_ddi.c.o
                0x0000000000019c40                pio_read_16
 *fill*         0x0000000000019c75        0xb 
 .text.pio_read_32
                0x0000000000019c80       0x34 uspace/lib/libc.so.0.0.p/c_generic_ddi.c.o
                0x0000000000019c80                pio_read_32
 *fill*         0x0000000000019cb4        0xc 
 .text.pio_read_64
                0x0000000000019cc0       0x1f uspace/lib/libc.so.0.0.p/c_generic_ddi.c.o
                0x0000000000019cc0                pio_read_64
 *fill*         0x0000000000019cdf        0x1 
 .text.perm_grant
                0x0000000000019ce0       0x1d uspace/lib/libc.so.0.0.p/c_generic_perm.c.o
                0x0000000000019ce0                perm_grant
 *fill*         0x0000000000019cfd        0x3 
 .text.perm_revoke
                0x0000000000019d00       0x1d uspace/lib/libc.so.0.0.p/c_generic_perm.c.o
                0x0000000000019d00                perm_revoke
 *fill*         0x0000000000019d1d        0x3 
 .text.capa_from_blocks
                0x0000000000019d20       0x15 uspace/lib/libc.so.0.0.p/c_generic_capa.c.o
                0x0000000000019d20                capa_from_blocks
 *fill*         0x0000000000019d35        0xb 
 .text.capa_to_blocks
                0x0000000000019d40       0xe8 uspace/lib/libc.so.0.0.p/c_generic_capa.c.o
                0x0000000000019d40                capa_to_blocks
 *fill*         0x0000000000019e28        0x8 
 .text.capa_simplify
                0x0000000000019e30      0x1b7 uspace/lib/libc.so.0.0.p/c_generic_capa.c.o
                0x0000000000019e30                capa_simplify
 *fill*         0x0000000000019fe7        0x9 
 .text.capa_format
                0x0000000000019ff0       0xa1 uspace/lib/libc.so.0.0.p/c_generic_capa.c.o
                0x0000000000019ff0                capa_format
 *fill*         0x000000000001a091        0xf 
 .text.capa_parse
                0x000000000001a0a0      0x27a uspace/lib/libc.so.0.0.p/c_generic_capa.c.o
                0x000000000001a0a0                capa_parse
 *fill*         0x000000000001a31a        0x6 
 .text.config_get_value
                0x000000000001a320       0xd5 uspace/lib/libc.so.0.0.p/c_generic_config.c.o
                0x000000000001a320                config_get_value
 *fill*         0x000000000001a3f5        0xb 
 .text.config_key_exists
                0x000000000001a400       0x25 uspace/lib/libc.so.0.0.p/c_generic_config.c.o
                0x000000000001a400                config_key_exists
 *fill*         0x000000000001a425        0xb 
 .text.context_swap
                0x000000000001a430       0x25 uspace/lib/libc.so.0.0.p/c_generic_context.c.o
                0x000000000001a430                context_swap
 *fill*         0x000000000001a455        0xb 
 .text.context_create
                0x000000000001a460       0x47 uspace/lib/libc.so.0.0.p/c_generic_context.c.o
                0x000000000001a460                context_create
 *fill*         0x000000000001a4a7        0x9 
 .text.context_get_pc
                0x000000000001a4b0        0xa uspace/lib/libc.so.0.0.p/c_generic_context.c.o
                0x000000000001a4b0                context_get_pc
 *fill*         0x000000000001a4ba        0x6 
 .text.context_get_fp
                0x000000000001a4c0        0xa uspace/lib/libc.so.0.0.p/c_generic_context.c.o
                0x000000000001a4c0                context_get_fp
 *fill*         0x000000000001a4ca        0x6 
 .text.dbgcon_enable
                0x000000000001a4d0       0x27 uspace/lib/libc.so.0.0.p/c_generic_dbgcon.c.o
                0x000000000001a4d0                dbgcon_enable
 *fill*         0x000000000001a4f7        0x9 
 .text.clock_dev_time_get
                0x000000000001a500       0x86 uspace/lib/libc.so.0.0.p/c_generic_device_clock_dev.c.o
                0x000000000001a500                clock_dev_time_get
 *fill*         0x000000000001a586        0xa 
 .text.clock_dev_time_set
                0x000000000001a590       0x86 uspace/lib/libc.so.0.0.p/c_generic_device_clock_dev.c.o
                0x000000000001a590                clock_dev_time_set
 *fill*         0x000000000001a616        0xa 
 .text.hw_res_get_resource_list
                0x000000000001a620       0xd6 uspace/lib/libc.so.0.0.p/c_generic_device_hw_res.c.o
                0x000000000001a620                hw_res_get_resource_list
 *fill*         0x000000000001a6f6        0xa 
 .text.hw_res_enable_interrupt
                0x000000000001a700       0x37 uspace/lib/libc.so.0.0.p/c_generic_device_hw_res.c.o
                0x000000000001a700                hw_res_enable_interrupt
 *fill*         0x000000000001a737        0x9 
 .text.hw_res_disable_interrupt
                0x000000000001a740       0x37 uspace/lib/libc.so.0.0.p/c_generic_device_hw_res.c.o
                0x000000000001a740                hw_res_disable_interrupt
 *fill*         0x000000000001a777        0x9 
 .text.hw_res_clear_interrupt
                0x000000000001a780       0x37 uspace/lib/libc.so.0.0.p/c_generic_device_hw_res.c.o
                0x000000000001a780                hw_res_clear_interrupt
 *fill*         0x000000000001a7b7        0x9 
 .text.hw_res_dma_channel_setup
                0x000000000001a7c0       0x69 uspace/lib/libc.so.0.0.p/c_generic_device_hw_res.c.o
                0x000000000001a7c0                hw_res_dma_channel_setup
 *fill*         0x000000000001a829        0x7 
 .text.hw_res_dma_channel_remain
                0x000000000001a830       0x55 uspace/lib/libc.so.0.0.p/c_generic_device_hw_res.c.o
                0x000000000001a830                hw_res_dma_channel_remain
 *fill*         0x000000000001a885        0xb 
 .text.hw_res_get_flags
                0x000000000001a890       0x51 uspace/lib/libc.so.0.0.p/c_generic_device_hw_res.c.o
                0x000000000001a890                hw_res_get_flags
 *fill*         0x000000000001a8e1        0xf 
 .text.hw_res_list_parse
                0x000000000001a8f0      0x39e uspace/lib/libc.so.0.0.p/c_generic_device_hw_res_parsed.c.o
                0x000000000001a8f0                hw_res_list_parse
 *fill*         0x000000000001ac8e        0x2 
 .text.hw_res_get_list_parsed
                0x000000000001ac90       0xde uspace/lib/libc.so.0.0.p/c_generic_device_hw_res_parsed.c.o
                0x000000000001ac90                hw_res_get_list_parsed
 *fill*         0x000000000001ad6e        0x2 
 .text.pio_window_get
                0x000000000001ad70       0x74 uspace/lib/libc.so.0.0.p/c_generic_device_pio_window.c.o
                0x000000000001ad70                pio_window_get
 *fill*         0x000000000001ade4        0xc 
 .text.opendir  0x000000000001adf0       0xbb uspace/lib/libc.so.0.0.p/c_generic_dirent.c.o
                0x000000000001adf0                opendir
 *fill*         0x000000000001aeab        0x5 
 .text.readdir  0x000000000001aeb0       0xa4 uspace/lib/libc.so.0.0.p/c_generic_dirent.c.o
                0x000000000001aeb0                readdir
 *fill*         0x000000000001af54        0xc 
 .text.rewinddir
                0x000000000001af60       0x11 uspace/lib/libc.so.0.0.p/c_generic_dirent.c.o
                0x000000000001af60                rewinddir
 *fill*         0x000000000001af71        0xf 
 .text.closedir
                0x000000000001af80       0x3e uspace/lib/libc.so.0.0.p/c_generic_dirent.c.o
                0x000000000001af80                closedir
 *fill*         0x000000000001afbe        0x2 
 .text.dlopen   0x000000000001afc0       0x83 uspace/lib/libc.so.0.0.p/c_generic_dlfcn.c.o
                0x000000000001afc0                dlopen
 *fill*         0x000000000001b043        0xd 
 .text.dlsym    0x000000000001b050       0x52 uspace/lib/libc.so.0.0.p/c_generic_dlfcn.c.o
                0x000000000001b050                dlsym
 *fill*         0x000000000001b0a2        0xe 
 .text.elf_get_phdr
                0x000000000001b0b0       0x93 uspace/lib/libc.so.0.0.p/c_generic_elf_elf.c.o
                0x000000000001b0b0                elf_get_phdr
 *fill*         0x000000000001b143        0xd 
 .text.elf_get_bias
                0x000000000001b150       0x69 uspace/lib/libc.so.0.0.p/c_generic_elf_elf.c.o
                0x000000000001b150                elf_get_bias
 *fill*         0x000000000001b1b9        0x7 
 .text.elf_load
                0x000000000001b1c0       0x4e uspace/lib/libc.so.0.0.p/c_generic_elf_elf_load.c.o
                0x000000000001b1c0                elf_load
 *fill*         0x000000000001b20e        0x2 
 .text.elf_set_pcb
                0x000000000001b210       0x1a uspace/lib/libc.so.0.0.p/c_generic_elf_elf_load.c.o
                0x000000000001b210                elf_set_pcb
 *fill*         0x000000000001b22a        0x6 
 .text.elf_load_file
                0x000000000001b230      0x66f uspace/lib/libc.so.0.0.p/c_generic_elf_elf_mod.c.o
                0x000000000001b230                elf_load_file
 *fill*         0x000000000001b89f        0x1 
 .text.elf_load_file_name
                0x000000000001b8a0       0x4d uspace/lib/libc.so.0.0.p/c_generic_elf_elf_mod.c.o
                0x000000000001b8a0                elf_load_file_name
 *fill*         0x000000000001b8ed        0x3 
 .text.ipc_event_subscribe
                0x000000000001b8f0       0x1d uspace/lib/libc.so.0.0.p/c_generic_event.c.o
                0x000000000001b8f0                ipc_event_subscribe
 *fill*         0x000000000001b90d        0x3 
 .text.ipc_event_task_subscribe
                0x000000000001b910       0x1d uspace/lib/libc.so.0.0.p/c_generic_event.c.o
                0x000000000001b910                ipc_event_task_subscribe
 *fill*         0x000000000001b92d        0x3 
 .text.ipc_event_unsubscribe
                0x000000000001b930       0x1f uspace/lib/libc.so.0.0.p/c_generic_event.c.o
                0x000000000001b930                ipc_event_unsubscribe
 *fill*         0x000000000001b94f        0x1 
 .text.ipc_event_task_unsubscribe
                0x000000000001b950       0x1f uspace/lib/libc.so.0.0.p/c_generic_event.c.o
                0x000000000001b950                ipc_event_task_unsubscribe
 *fill*         0x000000000001b96f        0x1 
 .text.ipc_event_unmask
                0x000000000001b970       0x1f uspace/lib/libc.so.0.0.p/c_generic_event.c.o
                0x000000000001b970                ipc_event_unmask
 *fill*         0x000000000001b98f        0x1 
 .text.ipc_event_task_unmask
                0x000000000001b990       0x1f uspace/lib/libc.so.0.0.p/c_generic_event.c.o
                0x000000000001b990                ipc_event_task_unmask
 *fill*         0x000000000001b9af        0x1 
 .text.__errno  0x000000000001b9b0       0x18 uspace/lib/libc.so.0.0.p/c_generic_errno.c.o
                0x000000000001b9b0                __errno
 *fill*         0x000000000001b9c8        0x8 
 .text.imaxabs  0x000000000001b9d0       0x10 uspace/lib/libc.so.0.0.p/c_generic_inttypes.c.o
                0x000000000001b9d0                imaxabs
 .text.imaxdiv  0x000000000001b9e0        0xe uspace/lib/libc.so.0.0.p/c_generic_inttypes.c.o
                0x000000000001b9e0                imaxdiv
 *fill*         0x000000000001b9ee        0x2 
 .text.loc_cb_conn
                0x000000000001b9f0       0x9f uspace/lib/libc.so.0.0.p/c_generic_loc.c.o
 *fill*         0x000000000001ba8f        0x1 
 .text.loc_exchange_begin_blocking
                0x000000000001ba90       0xe9 uspace/lib/libc.so.0.0.p/c_generic_loc.c.o
                0x000000000001ba90                loc_exchange_begin_blocking
 *fill*         0x000000000001bb79        0x7 
 .text.loc_exchange_begin
                0x000000000001bb80       0x68 uspace/lib/libc.so.0.0.p/c_generic_loc.c.o
                0x000000000001bb80                loc_exchange_begin
 *fill*         0x000000000001bbe8        0x8 
 .text.loc_exchange_end
                0x000000000001bbf0        0xa uspace/lib/libc.so.0.0.p/c_generic_loc.c.o
                0x000000000001bbf0                loc_exchange_end
 *fill*         0x000000000001bbfa        0x6 
 .text.loc_get_name_internal
                0x000000000001bc00      0x116 uspace/lib/libc.so.0.0.p/c_generic_loc.c.o
 *fill*         0x000000000001bd16        0xa 
 .text.loc_get_ids_internal
                0x000000000001bd20      0x1b0 uspace/lib/libc.so.0.0.p/c_generic_loc.c.o
 .text.loc_server_register
                0x000000000001bed0      0x134 uspace/lib/libc.so.0.0.p/c_generic_loc.c.o
                0x000000000001bed0                loc_server_register
 *fill*         0x000000000001c004        0xc 
 .text.loc_server_unregister
                0x000000000001c010       0x21 uspace/lib/libc.so.0.0.p/c_generic_loc.c.o
                0x000000000001c010                loc_server_unregister
 *fill*         0x000000000001c031        0xf 
 .text.loc_service_register
                0x000000000001c040       0xd3 uspace/lib/libc.so.0.0.p/c_generic_loc.c.o
                0x000000000001c040                loc_service_register
 *fill*         0x000000000001c113        0xd 
 .text.loc_service_unregister
                0x000000000001c120       0x38 uspace/lib/libc.so.0.0.p/c_generic_loc.c.o
                0x000000000001c120                loc_service_unregister
 *fill*         0x000000000001c158        0x8 
 .text.loc_service_get_id
                0x000000000001c160      0x103 uspace/lib/libc.so.0.0.p/c_generic_loc.c.o
                0x000000000001c160                loc_service_get_id
 *fill*         0x000000000001c263        0xd 
 .text.loc_category_get_name
                0x000000000001c270       0x15 uspace/lib/libc.so.0.0.p/c_generic_loc.c.o
                0x000000000001c270                loc_category_get_name
 *fill*         0x000000000001c285        0xb 
 .text.loc_service_get_name
                0x000000000001c290       0x15 uspace/lib/libc.so.0.0.p/c_generic_loc.c.o
                0x000000000001c290                loc_service_get_name
 *fill*         0x000000000001c2a5        0xb 
 .text.loc_service_get_server_name
                0x000000000001c2b0       0x15 uspace/lib/libc.so.0.0.p/c_generic_loc.c.o
                0x000000000001c2b0                loc_service_get_server_name
 *fill*         0x000000000001c2c5        0xb 
 .text.loc_namespace_get_id
                0x000000000001c2d0      0x103 uspace/lib/libc.so.0.0.p/c_generic_loc.c.o
                0x000000000001c2d0                loc_namespace_get_id
 *fill*         0x000000000001c3d3        0xd 
 .text.loc_category_get_id
                0x000000000001c3e0       0xfb uspace/lib/libc.so.0.0.p/c_generic_loc.c.o
                0x000000000001c3e0                loc_category_get_id
 *fill*         0x000000000001c4db        0x5 
 .text.loc_id_probe
                0x000000000001c4e0       0x48 uspace/lib/libc.so.0.0.p/c_generic_loc.c.o
                0x000000000001c4e0                loc_id_probe
 *fill*         0x000000000001c528        0x8 
 .text.loc_service_connect
                0x000000000001c530       0x26 uspace/lib/libc.so.0.0.p/c_generic_loc.c.o
                0x000000000001c530                loc_service_connect
 *fill*         0x000000000001c556        0xa 
 .text.loc_null_create
                0x000000000001c560       0x47 uspace/lib/libc.so.0.0.p/c_generic_loc.c.o
                0x000000000001c560                loc_null_create
 *fill*         0x000000000001c5a7        0x9 
 .text.loc_null_destroy
                0x000000000001c5b0       0x2d uspace/lib/libc.so.0.0.p/c_generic_loc.c.o
                0x000000000001c5b0                loc_null_destroy
 *fill*         0x000000000001c5dd        0x3 
 .text.loc_service_add_to_cat
                0x000000000001c5e0       0x4a uspace/lib/libc.so.0.0.p/c_generic_loc.c.o
                0x000000000001c5e0                loc_service_add_to_cat
 *fill*         0x000000000001c62a        0x6 
 .text.loc_count_namespaces
                0x000000000001c630       0x43 uspace/lib/libc.so.0.0.p/c_generic_loc.c.o
                0x000000000001c630                loc_count_namespaces
 *fill*         0x000000000001c673        0xd 
 .text.loc_count_services
                0x000000000001c680       0x49 uspace/lib/libc.so.0.0.p/c_generic_loc.c.o
                0x000000000001c680                loc_count_services
 *fill*         0x000000000001c6c9        0x7 
 .text.loc_get_namespaces
                0x000000000001c6d0      0x13d uspace/lib/libc.so.0.0.p/c_generic_loc.c.o
                0x000000000001c6d0                loc_get_namespaces
 *fill*         0x000000000001c80d        0x3 
 .text.loc_get_services
                0x000000000001c810      0x14d uspace/lib/libc.so.0.0.p/c_generic_loc.c.o
                0x000000000001c810                loc_get_services
 *fill*         0x000000000001c95d        0x3 
 .text.loc_category_get_svcs
                0x000000000001c960       0x18 uspace/lib/libc.so.0.0.p/c_generic_loc.c.o
                0x000000000001c960                loc_category_get_svcs
 *fill*         0x000000000001c978        0x8 
 .text.loc_get_categories
                0x000000000001c980       0x17 uspace/lib/libc.so.0.0.p/c_generic_loc.c.o
                0x000000000001c980                loc_get_categories
 *fill*         0x000000000001c997        0x9 
 .text.loc_register_cat_change_cb
                0x000000000001c9a0      0x139 uspace/lib/libc.so.0.0.p/c_generic_loc.c.o
                0x000000000001c9a0                loc_register_cat_change_cb
 *fill*         0x000000000001cad9        0x7 
 .text.strcpy   0x000000000001cae0       0x2e uspace/lib/libc.so.0.0.p/c_generic_string.c.o
                0x000000000001cae0                strcpy
 *fill*         0x000000000001cb0e        0x2 
 .text.strncpy  0x000000000001cb10       0x33 uspace/lib/libc.so.0.0.p/c_generic_string.c.o
                0x000000000001cb10                strncpy
 *fill*         0x000000000001cb43        0xd 
 .text.strcat   0x000000000001cb50       0x36 uspace/lib/libc.so.0.0.p/c_generic_string.c.o
                0x000000000001cb50                strcat
 *fill*         0x000000000001cb86        0xa 
 .text.strncat  0x000000000001cb90       0x55 uspace/lib/libc.so.0.0.p/c_generic_string.c.o
                0x000000000001cb90                strncat
 *fill*         0x000000000001cbe5        0xb 
 .text.strcmp   0x000000000001cbf0       0x3f uspace/lib/libc.so.0.0.p/c_generic_string.c.o
                0x000000000001cbf0                strcmp
 *fill*         0x000000000001cc2f        0x1 
 .text.strcoll  0x000000000001cc30        0xa uspace/lib/libc.so.0.0.p/c_generic_string.c.o
                0x000000000001cc30                strcoll
 *fill*         0x000000000001cc3a        0x6 
 .text.strncmp  0x000000000001cc40       0x54 uspace/lib/libc.so.0.0.p/c_generic_string.c.o
                0x000000000001cc40                strncmp
 *fill*         0x000000000001cc94        0xc 
 .text.strchr   0x000000000001cca0       0x2c uspace/lib/libc.so.0.0.p/c_generic_string.c.o
                0x000000000001cca0                strchr
 *fill*         0x000000000001cccc        0x4 
 .text.strcspn  0x000000000001ccd0       0x4d uspace/lib/libc.so.0.0.p/c_generic_string.c.o
                0x000000000001ccd0                strcspn
 *fill*         0x000000000001cd1d        0x3 
 .text.strpbrk  0x000000000001cd20       0x4f uspace/lib/libc.so.0.0.p/c_generic_string.c.o
                0x000000000001cd20                strpbrk
 *fill*         0x000000000001cd6f        0x1 
 .text.strspn   0x000000000001cd70       0x4d uspace/lib/libc.so.0.0.p/c_generic_string.c.o
                0x000000000001cd70                strspn
 *fill*         0x000000000001cdbd        0x3 
 .text.__strtok_r
                0x000000000001cdc0       0x8a uspace/lib/libc.so.0.0.p/c_generic_string.c.o
                0x000000000001cdc0                __strtok_r
 *fill*         0x000000000001ce4a        0x6 
 .text.strtok   0x000000000001ce50       0x11 uspace/lib/libc.so.0.0.p/c_generic_string.c.o
                0x000000000001ce50                strtok
 *fill*         0x000000000001ce61        0xf 
 .text.strerror
                0x000000000001ce70        0xa uspace/lib/libc.so.0.0.p/c_generic_string.c.o
                0x000000000001ce70                strerror
 *fill*         0x000000000001ce7a        0x6 
 .text.strlen   0x000000000001ce80       0x1c uspace/lib/libc.so.0.0.p/c_generic_string.c.o
                0x000000000001ce80                strlen
 *fill*         0x000000000001ce9c        0x4 
 .text.strxfrm  0x000000000001cea0       0x52 uspace/lib/libc.so.0.0.p/c_generic_string.c.o
                0x000000000001cea0                strxfrm
 *fill*         0x000000000001cef2        0xe 
 .text.strrchr  0x000000000001cf00       0x3f uspace/lib/libc.so.0.0.p/c_generic_string.c.o
                0x000000000001cf00                strrchr
 *fill*         0x000000000001cf3f        0x1 
 .text.strstr   0x000000000001cf40       0x65 uspace/lib/libc.so.0.0.p/c_generic_string.c.o
                0x000000000001cf40                strstr
 *fill*         0x000000000001cfa5        0xb 
 .text.strnlen  0x000000000001cfb0       0x24 uspace/lib/libc.so.0.0.p/c_generic_string.c.o
                0x000000000001cfb0                strnlen
 *fill*         0x000000000001cfd4        0xc 
 .text.strdup   0x000000000001cfe0       0x40 uspace/lib/libc.so.0.0.p/c_generic_string.c.o
                0x000000000001cfe0                strdup
 .text.strndup  0x000000000001d020       0x52 uspace/lib/libc.so.0.0.p/c_generic_string.c.o
                0x000000000001d020                strndup
 *fill*         0x000000000001d072        0xe 
 .text.str_l18_win_locale
                0x000000000001d080       0xa0 uspace/lib/libc.so.0.0.p/c_generic_l18n_langs.c.o
                0x000000000001d080                str_l18_win_locale
 .text.pio_trace_log
                0x000000000001d120       0x9d uspace/lib/libc.so.0.0.p/c_generic_pio_trace.c.o
                0x000000000001d120                pio_trace_log
 *fill*         0x000000000001d1bd        0x3 
 .text.pio_trace_enable
                0x000000000001d1c0       0x93 uspace/lib/libc.so.0.0.p/c_generic_pio_trace.c.o
                0x000000000001d1c0                pio_trace_enable
 *fill*         0x000000000001d253        0xd 
 .text.pio_trace_disable
                0x000000000001d260       0x89 uspace/lib/libc.so.0.0.p/c_generic_pio_trace.c.o
                0x000000000001d260                pio_trace_disable
 *fill*         0x000000000001d2e9        0x7 
 .text.smc_coherence
                0x000000000001d2f0       0x1b uspace/lib/libc.so.0.0.p/c_generic_smc.c.o
                0x000000000001d2f0                smc_coherence
 *fill*         0x000000000001d30b        0x5 
 .text.task_get_id
                0x000000000001d310       0x1f uspace/lib/libc.so.0.0.p/c_generic_task.c.o
                0x000000000001d310                task_get_id
 *fill*         0x000000000001d32f        0x1 
 .text.task_set_name
                0x000000000001d330       0x4f uspace/lib/libc.so.0.0.p/c_generic_task.c.o
                0x000000000001d330                task_set_name
 *fill*         0x000000000001d37f        0x1 
 .text.task_kill
                0x000000000001d380       0x25 uspace/lib/libc.so.0.0.p/c_generic_task.c.o
                0x000000000001d380                task_kill
 *fill*         0x000000000001d3a5        0xb 
 .text.task_setup_wait
                0x000000000001d3b0       0x6e uspace/lib/libc.so.0.0.p/c_generic_task.c.o
                0x000000000001d3b0                task_setup_wait
 *fill*         0x000000000001d41e        0x2 
 .text.task_cancel_wait
                0x000000000001d420        0xe uspace/lib/libc.so.0.0.p/c_generic_task.c.o
                0x000000000001d420                task_cancel_wait
 *fill*         0x000000000001d42e        0x2 
 .text.task_spawnvf_debug
                0x000000000001d430      0x250 uspace/lib/libc.so.0.0.p/c_generic_task.c.o
                0x000000000001d430                task_spawnvf_debug
 .text.task_spawnv_debug
                0x000000000001d680       0xab uspace/lib/libc.so.0.0.p/c_generic_task.c.o
                0x000000000001d680                task_spawnv_debug
 *fill*         0x000000000001d72b        0x5 
 .text.task_spawnv
                0x000000000001d730        0xd uspace/lib/libc.so.0.0.p/c_generic_task.c.o
                0x000000000001d730                task_spawnv
 *fill*         0x000000000001d73d        0x3 
 .text.task_spawn
                0x000000000001d740       0xd9 uspace/lib/libc.so.0.0.p/c_generic_task.c.o
                0x000000000001d740                task_spawn
 *fill*         0x000000000001d819        0x7 
 .text.task_spawnl
                0x000000000001d820      0x10a uspace/lib/libc.so.0.0.p/c_generic_task.c.o
                0x000000000001d820                task_spawnl
 *fill*         0x000000000001d92a        0x6 
 .text.task_spawnvf
                0x000000000001d930       0x11 uspace/lib/libc.so.0.0.p/c_generic_task.c.o
                0x000000000001d930                task_spawnvf
 *fill*         0x000000000001d941        0xf 
 .text.task_wait
                0x000000000001d950       0x7f uspace/lib/libc.so.0.0.p/c_generic_task.c.o
                0x000000000001d950                task_wait
 *fill*         0x000000000001d9cf        0x1 
 .text.task_wait_task_id
                0x000000000001d9d0       0x3c uspace/lib/libc.so.0.0.p/c_generic_task.c.o
                0x000000000001d9d0                task_wait_task_id
 *fill*         0x000000000001da0c        0x4 
 .text.task_retval
                0x000000000001da10       0x4d uspace/lib/libc.so.0.0.p/c_generic_task.c.o
                0x000000000001da10                task_retval
 *fill*         0x000000000001da5d        0x3 
 .text.ipow10_u64
                0x000000000001da60       0x47 uspace/lib/libc.so.0.0.p/c_generic_imath.c.o
                0x000000000001da60                ipow10_u64
 *fill*         0x000000000001daa7        0x9 
 .text.ilog10_u64
                0x000000000001dab0      0x12a uspace/lib/libc.so.0.0.p/c_generic_imath.c.o
                0x000000000001dab0                ilog10_u64
 *fill*         0x000000000001dbda        0x6 
 .text.asprintf_wstr_write
                0x000000000001dbe0        0xb uspace/lib/libc.so.0.0.p/c_generic_io_asprintf.c.o
 *fill*         0x000000000001dbeb        0x5 
 .text.asprintf_str_write
                0x000000000001dbf0        0xb uspace/lib/libc.so.0.0.p/c_generic_io_asprintf.c.o
 *fill*         0x000000000001dbfb        0x5 
 .text.vprintf_length
                0x000000000001dc00       0x3e uspace/lib/libc.so.0.0.p/c_generic_io_asprintf.c.o
                0x000000000001dc00                vprintf_length
 *fill*         0x000000000001dc3e        0x2 
 .text.printf_length
                0x000000000001dc40       0x8d uspace/lib/libc.so.0.0.p/c_generic_io_asprintf.c.o
                0x000000000001dc40                printf_length
 *fill*         0x000000000001dccd        0x3 
 .text.vasprintf
                0x000000000001dcd0       0x87 uspace/lib/libc.so.0.0.p/c_generic_io_asprintf.c.o
                0x000000000001dcd0                vasprintf
 *fill*         0x000000000001dd57        0x9 
 .text.asprintf
                0x000000000001dd60       0x86 uspace/lib/libc.so.0.0.p/c_generic_io_asprintf.c.o
                0x000000000001dd60                asprintf
 *fill*         0x000000000001dde6        0xa 
 .text.stdio_kio_read
                0x000000000001ddf0        0xf uspace/lib/libc.so.0.0.p/c_generic_io_io.c.o
 *fill*         0x000000000001ddff        0x1 
 .text.stdio_kio_flush
                0x000000000001de00        0xd uspace/lib/libc.so.0.0.p/c_generic_io_io.c.o
 *fill*         0x000000000001de0d        0x3 
 .text.stdio_kio_write
                0x000000000001de10       0x54 uspace/lib/libc.so.0.0.p/c_generic_io_io.c.o
 *fill*         0x000000000001de64        0xc 
 .text.stdio_vfs_flush
                0x000000000001de70       0x2e uspace/lib/libc.so.0.0.p/c_generic_io_io.c.o
 *fill*         0x000000000001de9e        0x2 
 .text.stdio_vfs_write
                0x000000000001dea0       0x5c uspace/lib/libc.so.0.0.p/c_generic_io_io.c.o
 *fill*         0x000000000001defc        0x4 
 .text._fflushbuf
                0x000000000001df00       0x98 uspace/lib/libc.so.0.0.p/c_generic_io_io.c.o
 *fill*         0x000000000001df98        0x8 
 .text.stdio_vfs_read
                0x000000000001dfa0       0x9a uspace/lib/libc.so.0.0.p/c_generic_io_io.c.o
 *fill*         0x000000000001e03a        0x6 
 .text.setvbuf  0x000000000001e040       0x37 uspace/lib/libc.so.0.0.p/c_generic_io_io.c.o
                0x000000000001e040                setvbuf
 *fill*         0x000000000001e077        0x9 
 .text.setbuf   0x000000000001e080       0x28 uspace/lib/libc.so.0.0.p/c_generic_io_io.c.o
                0x000000000001e080                setbuf
 *fill*         0x000000000001e0a8        0x8 
 .text.fopen    0x000000000001e0b0      0x2dc uspace/lib/libc.so.0.0.p/c_generic_io_io.c.o
                0x000000000001e0b0                fopen
 *fill*         0x000000000001e38c        0x4 
 .text.fdopen   0x000000000001e390       0xe3 uspace/lib/libc.so.0.0.p/c_generic_io_io.c.o
                0x000000000001e390                fdopen
 *fill*         0x000000000001e473        0xd 
 .text.__stdio_init
                0x000000000001e480      0x289 uspace/lib/libc.so.0.0.p/c_generic_io_io.c.o
                0x000000000001e480                __stdio_init
 *fill*         0x000000000001e709        0x7 
 .text.fread    0x000000000001e710      0x24c uspace/lib/libc.so.0.0.p/c_generic_io_io.c.o
                0x000000000001e710                fread
 *fill*         0x000000000001e95c        0x4 
 .text.ungetc   0x000000000001e960       0x37 uspace/lib/libc.so.0.0.p/c_generic_io_io.c.o
                0x000000000001e960                ungetc
 *fill*         0x000000000001e997        0x9 
 .text.fseek64  0x000000000001e9a0      0x13b uspace/lib/libc.so.0.0.p/c_generic_io_io.c.o
                0x000000000001e9a0                fseek64
 *fill*         0x000000000001eadb        0x5 
 .text.ftell64  0x000000000001eae0       0xce uspace/lib/libc.so.0.0.p/c_generic_io_io.c.o
                0x000000000001eae0                ftell64
 *fill*         0x000000000001ebae        0x2 
 .text.fseek    0x000000000001ebb0        0xa uspace/lib/libc.so.0.0.p/c_generic_io_io.c.o
                0x000000000001ebb0                fseek
 *fill*         0x000000000001ebba        0x6 
 .text.ftell    0x000000000001ebc0        0xa uspace/lib/libc.so.0.0.p/c_generic_io_io.c.o
                0x000000000001ebc0                ftell
 *fill*         0x000000000001ebca        0x6 
 .text.rewind   0x000000000001ebd0        0xe uspace/lib/libc.so.0.0.p/c_generic_io_io.c.o
                0x000000000001ebd0                rewind
 *fill*         0x000000000001ebde        0x2 
 .text.fflush   0x000000000001ebe0       0xd8 uspace/lib/libc.so.0.0.p/c_generic_io_io.c.o
                0x000000000001ebe0                fflush
 *fill*         0x000000000001ecb8        0x8 
 .text.freopen  0x000000000001ecc0      0x183 uspace/lib/libc.so.0.0.p/c_generic_io_io.c.o
                0x000000000001ecc0                freopen
 *fill*         0x000000000001ee43        0xd 
 .text.fwrite   0x000000000001ee50      0x278 uspace/lib/libc.so.0.0.p/c_generic_io_io.c.o
                0x000000000001ee50                fwrite
 *fill*         0x000000000001f0c8        0x8 
 .text.fputwc   0x000000000001f0d0       0x72 uspace/lib/libc.so.0.0.p/c_generic_io_io.c.o
                0x000000000001f0d0                fputwc
 *fill*         0x000000000001f142        0xe 
 .text.putwchar
                0x000000000001f150       0x14 uspace/lib/libc.so.0.0.p/c_generic_io_io.c.o
                0x000000000001f150                putwchar
 *fill*         0x000000000001f164        0xc 
 .text.fputuc   0x000000000001f170       0x72 uspace/lib/libc.so.0.0.p/c_generic_io_io.c.o
                0x000000000001f170                fputuc
 *fill*         0x000000000001f1e2        0xe 
 .text.putuchar
                0x000000000001f1f0       0x14 uspace/lib/libc.so.0.0.p/c_generic_io_io.c.o
                0x000000000001f1f0                putuchar
 *fill*         0x000000000001f204        0xc 
 .text.fputc    0x000000000001f210       0x37 uspace/lib/libc.so.0.0.p/c_generic_io_io.c.o
                0x000000000001f210                fputc
 *fill*         0x000000000001f247        0x9 
 .text.putchar  0x000000000001f250       0x14 uspace/lib/libc.so.0.0.p/c_generic_io_io.c.o
                0x000000000001f250                putchar
 *fill*         0x000000000001f264        0xc 
 .text.fgetc    0x000000000001f270       0x67 uspace/lib/libc.so.0.0.p/c_generic_io_io.c.o
                0x000000000001f270                fgetc
 *fill*         0x000000000001f2d7        0x9 
 .text.getchar  0x000000000001f2e0       0x14 uspace/lib/libc.so.0.0.p/c_generic_io_io.c.o
                0x000000000001f2e0                getchar
 *fill*         0x000000000001f2f4        0xc 
 .text.fclose   0x000000000001f300       0xec uspace/lib/libc.so.0.0.p/c_generic_io_io.c.o
                0x000000000001f300                fclose
 *fill*         0x000000000001f3ec        0x4 
 .text.__stdio_done
                0x000000000001f3f0       0x37 uspace/lib/libc.so.0.0.p/c_generic_io_io.c.o
                0x000000000001f3f0                __stdio_done
 *fill*         0x000000000001f427        0x9 
 .text.feof     0x000000000001f430        0x9 uspace/lib/libc.so.0.0.p/c_generic_io_io.c.o
                0x000000000001f430                feof
 *fill*         0x000000000001f439        0x7 
 .text.ferror   0x000000000001f440        0x9 uspace/lib/libc.so.0.0.p/c_generic_io_io.c.o
                0x000000000001f440                ferror
 *fill*         0x000000000001f449        0x7 
 .text.fputs    0x000000000001f450       0x36 uspace/lib/libc.so.0.0.p/c_generic_io_io.c.o
                0x000000000001f450                fputs
 *fill*         0x000000000001f486        0xa 
 .text.puts     0x000000000001f490       0x2f uspace/lib/libc.so.0.0.p/c_generic_io_io.c.o
                0x000000000001f490                puts
 *fill*         0x000000000001f4bf        0x1 
 .text.fgets    0x000000000001f4c0       0x91 uspace/lib/libc.so.0.0.p/c_generic_io_io.c.o
                0x000000000001f4c0                fgets
 *fill*         0x000000000001f551        0xf 
 .text.clearerr
                0x000000000001f560        0xe uspace/lib/libc.so.0.0.p/c_generic_io_io.c.o
                0x000000000001f560                clearerr
 *fill*         0x000000000001f56e        0x2 
 .text.fileno   0x000000000001f570       0x2e uspace/lib/libc.so.0.0.p/c_generic_io_io.c.o
                0x000000000001f570                fileno
 *fill*         0x000000000001f59e        0x2 
 .text.vfs_fsession
                0x000000000001f5a0       0x37 uspace/lib/libc.so.0.0.p/c_generic_io_io.c.o
                0x000000000001f5a0                vfs_fsession
 *fill*         0x000000000001f5d7        0x9 
 .text.vfs_fhandle
                0x000000000001f5e0       0x1e uspace/lib/libc.so.0.0.p/c_generic_io_io.c.o
                0x000000000001f5e0                vfs_fhandle
 *fill*         0x000000000001f5fe        0x2 
 .text.fprintf  0x000000000001f600       0x86 uspace/lib/libc.so.0.0.p/c_generic_io_printf.c.o
                0x000000000001f600                fprintf
 *fill*         0x000000000001f686        0xa 
 .text.printf   0x000000000001f690       0x8d uspace/lib/libc.so.0.0.p/c_generic_io_printf.c.o
                0x000000000001f690                printf
 *fill*         0x000000000001f71d        0x3 
 .text.log_level_str
                0x000000000001f720       0x1f uspace/lib/libc.so.0.0.p/c_generic_io_log.c.o
                0x000000000001f720                log_level_str
 *fill*         0x000000000001f73f        0x1 
 .text.log_level_from_str
                0x000000000001f740       0xb2 uspace/lib/libc.so.0.0.p/c_generic_io_log.c.o
                0x000000000001f740                log_level_from_str
 *fill*         0x000000000001f7f2        0xe 
 .text.log_create