
As-needed library included to satisfy reference by file (symbol)

libc.so.0                     uspace/lib/libdisplay.so.0.0.p/display_src_display.c.o (async_connect_me_to)
libipcgfx.so.0                uspace/lib/libdisplay.so.0.0.p/display_src_display.c.o (ipc_gc_create)

Discarded input sections

 .text          0x0000000000000000        0x0 uspace/lib/libdisplay.so.0.0.p/display_src_display.c.o
 .data          0x0000000000000000        0x0 uspace/lib/libdisplay.so.0.0.p/display_src_display.c.o
 .bss           0x0000000000000000        0x0 uspace/lib/libdisplay.so.0.0.p/display_src_display.c.o
 .text          0x0000000000000000        0x0 uspace/lib/libdisplay.so.0.0.p/display_src_disp_srv.c.o
 .data          0x0000000000000000        0x0 uspace/lib/libdisplay.so.0.0.p/display_src_disp_srv.c.o
 .bss           0x0000000000000000        0x0 uspace/lib/libdisplay.so.0.0.p/display_src_disp_srv.c.o
 .text          0x0000000000000000        0x0 uspace/lib/libdisplay.so.0.0.p/display_src_wndresize.c.o
 .data          0x0000000000000000        0x0 uspace/lib/libdisplay.so.0.0.p/display_src_wndresize.c.o
 .bss           0x0000000000000000        0x0 uspace/lib/libdisplay.so.0.0.p/display_src_wndresize.c.o

Memory Configuration

Name             Origin             Length             Attributes
*default*        0x0000000000000000 0xffffffffffffffff

Linker script and memory map

LOAD uspace/lib/libdisplay.so.0.0.p/display_src_display.c.o
LOAD uspace/lib/libdisplay.so.0.0.p/display_src_disp_srv.c.o
LOAD uspace/lib/libdisplay.so.0.0.p/display_src_wndresize.c.o
START GROUP
LOAD uspace/lib/libgfx.so.0.0
LOAD uspace/lib/libc.so.0.0
LOAD uspace/lib/libipcgfx.so.0.0
LOAD uspace/lib/libinput.so.0.0
LOAD /home/zyc/.local/share/HelenOS/cross/lib/gcc/amd64-helenos/13.2.0/libgcc.a
END GROUP
                0x0000000000000120                . = (SEGMENT_START ("text-segment", 0x0) + SIZEOF_HEADERS)

.note.gnu.build-id
 *(.note.gnu.build-id)

.hash           0x0000000000000120      0x194
 *(.hash)
 .hash          0x0000000000000120      0x194 uspace/lib/libdisplay.so.0.0.p/display_src_display.c.o

.gnu.hash
 *(.gnu.hash)

.dynsym         0x00000000000002b8      0x5d0
 *(.dynsym)
 .dynsym        0x00000000000002b8      0x5d0 uspace/lib/libdisplay.so.0.0.p/display_src_display.c.o

.dynstr         0x0000000000000888      0x4ce
 *(.dynstr)
 .dynstr        0x0000000000000888      0x4ce uspace/lib/libdisplay.so.0.0.p/display_src_display.c.o

.gnu.version    0x0000000000000d56        0x0
 *(.gnu.version)
 .gnu.version   0x0000000000000d56        0x0 uspace/lib/libdisplay.so.0.0.p/display_src_display.c.o

.gnu.version_d  0x0000000000000d58        0x0
 *(.gnu.version_d)
 .gnu.version_d
                0x0000000000000d58        0x0 uspace/lib/libdisplay.so.0.0.p/display_src_display.c.o

.gnu.version_r  0x0000000000000d58        0x0
 *(.gnu.version_r)
 .gnu.version_r
                0x0000000000000d58        0x0 uspace/lib/libdisplay.so.0.0.p/display_src_display.c.o

.rela.dyn       0x0000000000000d58        0x0
 *(.rela.init)
 *(.rela.text .rela.text.* .rela.gnu.linkonce.t.*)
 *(.rela.fini)
 *(.rela.rodata .rela.rodata.* .rela.gnu.linkonce.r.*)
 *(.rela.data .rela.data.* .rela.gnu.linkonce.d.*)
 *(.rela.tdata .rela.tdata.* .rela.gnu.linkonce.td.*)
 *(.rela.tbss .rela.tbss.* .rela.gnu.linkonce.tb.*)
 *(.rela.ctors)
 *(.rela.dtors)
 *(.rela.got)
 .rela.got      0x0000000000000d58        0x0 uspace/lib/libdisplay.so.0.0.p/display_src_display.c.o
 *(.rela.bss .rela.bss.* .rela.gnu.linkonce.b.*)
 *(.rela.ldata .rela.ldata.* .rela.gnu.linkonce.l.*)
 *(.rela.lbss .rela.lbss.* .rela.gnu.linkonce.lb.*)
 *(.rela.lrodata .rela.lrodata.* .rela.gnu.linkonce.lr.*)
 *(.rela.ifunc)
 .rela.ifunc    0x0000000000000d58        0x0 uspace/lib/libdisplay.so.0.0.p/display_src_display.c.o

.rela.plt       0x0000000000000d58      0x390
 *(.rela.plt)
 .rela.plt      0x0000000000000d58      0x390 uspace/lib/libdisplay.so.0.0.p/display_src_display.c.o
 *(.rela.iplt)

.relr.dyn
 *(.relr.dyn)

.init
 *(SORT_NONE(.init))

.plt            0x00000000000010f0      0x270
 *(.plt)
 .plt           0x00000000000010f0      0x270 uspace/lib/libdisplay.so.0.0.p/display_src_display.c.o
 *(.iplt)

.plt.got        0x0000000000001360        0x0
 *(.plt.got)
 .plt.got       0x0000000000001360        0x0 uspace/lib/libdisplay.so.0.0.p/display_src_display.c.o

.plt.sec
 *(.plt.sec)

.text           0x0000000000001360     0x1969
 *(.text.unlikely .text.*_unlikely .text.unlikely.*)
 *(.text.exit .text.exit.*)
 *(.text.startup .text.startup.*)
 *(.text.hot .text.hot.*)
 *(SORT_BY_NAME(.text.sorted.*))
 *(.text .stub .text.* .gnu.linkonce.t.*)
 .text.display_cb_conn
                0x0000000000001360      0x2cd uspace/lib/libdisplay.so.0.0.p/display_src_display.c.o
 *fill*         0x000000000000162d        0x3 
 .text.display_open
                0x0000000000001630      0x163 uspace/lib/libdisplay.so.0.0.p/display_src_display.c.o
                0x0000000000001630                display_open
 *fill*         0x0000000000001793        0xd 
 .text.display_close
                0x00000000000017a0       0x63 uspace/lib/libdisplay.so.0.0.p/display_src_display.c.o
                0x00000000000017a0                display_close
 *fill*         0x0000000000001803        0xd 
 .text.display_wnd_params_init
                0x0000000000001810       0x28 uspace/lib/libdisplay.so.0.0.p/display_src_display.c.o
                0x0000000000001810                display_wnd_params_init
 *fill*         0x0000000000001838        0x8 
 .text.display_window_create
                0x0000000000001840      0x1bd uspace/lib/libdisplay.so.0.0.p/display_src_display.c.o
                0x0000000000001840                display_window_create
 *fill*         0x00000000000019fd        0x3 
 .text.display_window_destroy
                0x0000000000001a00       0x71 uspace/lib/libdisplay.so.0.0.p/display_src_display.c.o
                0x0000000000001a00                display_window_destroy
 *fill*         0x0000000000001a71        0xf 
 .text.display_window_get_gc
                0x0000000000001a80       0xbc uspace/lib/libdisplay.so.0.0.p/display_src_display.c.o
                0x0000000000001a80                display_window_get_gc
 *fill*         0x0000000000001b3c        0x4 
 .text.display_window_move_req
                0x0000000000001b40       0xab uspace/lib/libdisplay.so.0.0.p/display_src_display.c.o
                0x0000000000001b40                display_window_move_req
 *fill*         0x0000000000001beb        0x5 
 .text.display_window_move
                0x0000000000001bf0       0xa1 uspace/lib/libdisplay.so.0.0.p/display_src_display.c.o
                0x0000000000001bf0                display_window_move
 *fill*         0x0000000000001c91        0xf 
 .text.display_window_get_pos
                0x0000000000001ca0       0xa1 uspace/lib/libdisplay.so.0.0.p/display_src_display.c.o
                0x0000000000001ca0                display_window_get_pos
 *fill*         0x0000000000001d41        0xf 
 .text.display_window_get_max_rect
                0x0000000000001d50       0xa1 uspace/lib/libdisplay.so.0.0.p/display_src_display.c.o
                0x0000000000001d50                display_window_get_max_rect
 *fill*         0x0000000000001df1        0xf 
 .text.display_window_resize_req
                0x0000000000001e00       0xbd uspace/lib/libdisplay.so.0.0.p/display_src_display.c.o
                0x0000000000001e00                display_window_resize_req
 *fill*         0x0000000000001ebd        0x3 
 .text.display_window_resize
                0x0000000000001ec0       0xba uspace/lib/libdisplay.so.0.0.p/display_src_display.c.o
                0x0000000000001ec0                display_window_resize
 *fill*         0x0000000000001f7a        0x6 
 .text.display_window_minimize
                0x0000000000001f80       0x3d uspace/lib/libdisplay.so.0.0.p/display_src_display.c.o
                0x0000000000001f80                display_window_minimize
 *fill*         0x0000000000001fbd        0x3 
 .text.display_window_maximize
                0x0000000000001fc0       0x3d uspace/lib/libdisplay.so.0.0.p/display_src_display.c.o
                0x0000000000001fc0                display_window_maximize
 *fill*         0x0000000000001ffd        0x3 
 .text.display_window_unmaximize
                0x0000000000002000       0x3d uspace/lib/libdisplay.so.0.0.p/display_src_display.c.o
                0x0000000000002000                display_window_unmaximize
 *fill*         0x000000000000203d        0x3 
 .text.display_window_set_cursor
                0x0000000000002040       0x4a uspace/lib/libdisplay.so.0.0.p/display_src_display.c.o
                0x0000000000002040                display_window_set_cursor
 *fill*         0x000000000000208a        0x6 
 .text.display_window_set_caption
                0x0000000000002090       0xab uspace/lib/libdisplay.so.0.0.p/display_src_display.c.o
                0x0000000000002090                display_window_set_caption
 *fill*         0x000000000000213b        0x5 
 .text.display_get_info
                0x0000000000002140       0x99 uspace/lib/libdisplay.so.0.0.p/display_src_display.c.o
                0x0000000000002140                display_get_info
 *fill*         0x00000000000021d9        0x7 
 .text.display_conn
                0x00000000000021e0      0x9fe uspace/lib/libdisplay.so.0.0.p/display_src_disp_srv.c.o
                0x00000000000021e0                display_conn
 *fill*         0x0000000000002bde        0x2 
 .text.display_srv_initialize
                0x0000000000002be0       0x15 uspace/lib/libdisplay.so.0.0.p/display_src_disp_srv.c.o
                0x0000000000002be0                display_srv_initialize
 *fill*         0x0000000000002bf5        0xb 
 .text.display_srv_ev_pending
                0x0000000000002c00       0x2e uspace/lib/libdisplay.so.0.0.p/display_src_disp_srv.c.o
                0x0000000000002c00                display_srv_ev_pending
 *fill*         0x0000000000002c2e        0x2 
 .text.display_cursor_from_wrsz
                0x0000000000002c30       0x72 uspace/lib/libdisplay.so.0.0.p/display_src_wndresize.c.o
                0x0000000000002c30                display_cursor_from_wrsz
 *fill*         0x0000000000002ca2        0xe 
 .text.display_wndrsz_valid
                0x0000000000002cb0       0x19 uspace/lib/libdisplay.so.0.0.p/display_src_wndresize.c.o
                0x0000000000002cb0                display_wndrsz_valid
 *(.gnu.warning)

.fini
 *(SORT_NONE(.fini))
                [!provide]                        PROVIDE (__etext = .)
                [!provide]                        PROVIDE (_etext = .)
                [!provide]                        PROVIDE (etext = .)

.rodata         0x0000000000002cd0       0xd8
 *(.rodata .rodata.* .gnu.linkonce.r.*)
 .rodata.display_cb_conn
                0x0000000000002cd0       0x18 uspace/lib/libdisplay.so.0.0.p/display_src_display.c.o
 .rodata.display_open.str1.1
                0x0000000000002ce8       0x12 uspace/lib/libdisplay.so.0.0.p/display_src_display.c.o
                                          0xc (size before relaxing)
 .rodata.display_wnd_params_init.str1.1
                0x0000000000002cfa        0x1 uspace/lib/libdisplay.so.0.0.p/display_src_display.c.o
 *fill*         0x0000000000002cfa        0x2 
 .rodata.display_conn
                0x0000000000002cfc       0x40 uspace/lib/libdisplay.so.0.0.p/display_src_disp_srv.c.o
 *fill*         0x0000000000002d3c        0x4 
 .rodata.display_cursor_from_wrsz.str1.8
                0x0000000000002d40       0x31 uspace/lib/libdisplay.so.0.0.p/display_src_wndresize.c.o
 .rodata.display_cursor_from_wrsz.str1.1
                0x0000000000002d71        0x6 uspace/lib/libdisplay.so.0.0.p/display_src_wndresize.c.o
 *fill*         0x0000000000002d71        0x3 
 .rodata.display_cursor_from_wrsz
                0x0000000000002d74       0x34 uspace/lib/libdisplay.so.0.0.p/display_src_wndresize.c.o

.rodata1
 *(.rodata1)

.eh_frame_hdr   0x0000000000002da8       0xd4
 *(.eh_frame_hdr)
 .eh_frame_hdr  0x0000000000002da8       0xd4 uspace/lib/libdisplay.so.0.0.p/display_src_display.c.o
                0x0000000000002da8                __GNU_EH_FRAME_HDR
 *(.eh_frame_entry .eh_frame_entry.*)

.eh_frame       0x0000000000002e80      0x444
 *(.eh_frame)
 .eh_frame      0x0000000000002e80      0x370 uspace/lib/libdisplay.so.0.0.p/display_src_display.c.o
 .eh_frame      0x00000000000031f0       0x28 uspace/lib/libdisplay.so.0.0.p/display_src_display.c.o
                                         0x40 (size before relaxing)
 .eh_frame      0x0000000000003218        0x0 uspace/lib/libdisplay.so.0.0.p/display_src_display.c.o
 .eh_frame      0x0000000000003218       0x70 uspace/lib/libdisplay.so.0.0.p/display_src_disp_srv.c.o
                                         0x88 (size before relaxing)
 .eh_frame      0x0000000000003288       0x3c uspace/lib/libdisplay.so.0.0.p/display_src_wndresize.c.o
                                         0x58 (size before relaxing)
 *(.eh_frame.*)

.sframe         0x00000000000032c4        0x0
 *(.sframe)
 .sframe        0x00000000000032c4        0x0 uspace/lib/libdisplay.so.0.0.p/display_src_display.c.o
 *(.sframe.*)

.gcc_except_table
 *(.gcc_except_table .gcc_except_table.*)

.gnu_extab
 *(.gnu_extab*)

.exception_ranges
 *(.exception_ranges*)
                0x00000000000042c4                . = DATA_SEGMENT_ALIGN (CONSTANT (MAXPAGESIZE), CONSTANT (COMMONPAGESIZE))

.eh_frame
 *(.eh_frame)
 *(.eh_frame.*)

.sframe
 *(.sframe)
 *(.sframe.*)

.gnu_extab
 *(.gnu_extab)

.gcc_except_table
 *(.gcc_except_table .gcc_except_table.*)

.exception_ranges
 *(.exception_ranges*)

.tdata
 *(.tdata .tdata.* .gnu.linkonce.td.*)

.tbss
 *(.tbss .tbss.* .gnu.linkonce.tb.*)
 *(.tcommon)

.preinit_array
 *(.preinit_array)

.init_array
 *(SORT_BY_INIT_PRIORITY(.init_array.*) SORT_BY_INIT_PRIORITY(.ctors.*))
 *(.init_array EXCLUDE_FILE(*crtend?.o *crtend.o *crtbegin?.o *crtbegin.o) .ctors)

.fini_array
 *(SORT_BY_INIT_PRIORITY(.fini_array.*) SORT_BY_INIT_PRIORITY(.dtors.*))
 *(.fini_array EXCLUDE_FILE(*crtend?.o *crtend.o *crtbegin?.o *crtbegin.o) .dtors)

.ctors
 *crtbegin.o(.ctors)
 *crtbegin?.o(.ctors)
 *(EXCLUDE_FILE(*crtend?.o *crtend.o) .ctors)
 *(SORT_BY_NAME(.ctors.*))
 *(.ctors)

.dtors
 *crtbegin.o(.dtors)
 *crtbegin?.o(.dtors)
 *(EXCLUDE_FILE(*crtend?.o *crtend.o) .dtors)
 *(SORT_BY_NAME(.dtors.*))
 *(.dtors)

.jcr
 *(.jcr)

.data.rel.ro    0x00000000000042c4        0x0
 *(.data.rel.ro.local* .gnu.linkonce.d.rel.ro.local.*)
 *(.data.rel.ro .data.rel.ro.* .gnu.linkonce.d.rel.ro.*)
 .data.rel.ro   0x00000000000042c4        0x0 uspace/lib/libdisplay.so.0.0.p/display_src_display.c.o

.dynamic        0x00000000000042c8      0x130
 *(.dynamic)
 .dynamic       0x00000000000042c8      0x130 uspace/lib/libdisplay.so.0.0.p/display_src_display.c.o
                0x00000000000042c8                _DYNAMIC

.got            0x00000000000043f8        0x0
 *(.got)
 .got           0x00000000000043f8        0x0 uspace/lib/libdisplay.so.0.0.p/display_src_display.c.o
 *(.igot)
                0x00000000000043f8                . = DATA_SEGMENT_RELRO_END (., (SIZEOF (.got.plt) >= 0x18)?0x18:0x0)

.got.plt        0x00000000000043f8      0x148
 *(.got.plt)
 .got.plt       0x00000000000043f8      0x148 uspace/lib/libdisplay.so.0.0.p/display_src_display.c.o
                0x00000000000043f8                _GLOBAL_OFFSET_TABLE_
 *(.igot.plt)

.data
 *(.data .data.* .gnu.linkonce.d.*)

.data1
 *(.data1)
                [!provide]                        PROVIDE (_edata = .)
                [!provide]                        PROVIDE (edata = .)
                0x0000000000004540                . = .
                [!provide]                        PROVIDE (__bss_start = .)

.bss            0x0000000000004540        0x0
 *(.dynbss)
 .dynbss        0x0000000000004540        0x0 uspace/lib/libdisplay.so.0.0.p/display_src_display.c.o
 *(.bss .bss.* .gnu.linkonce.b.*)
 *(COMMON)
                0x0000000000004540                . = ALIGN ((. != 0x0)?0x8:0x1)

.lbss
 *(.dynlbss)
 *(.lbss .lbss.* .gnu.linkonce.lb.*)
 *(LARGE_COMMON)
                0x0000000000004540                . = ALIGN (0x8)
                0x0000000000004540                . = SEGMENT_START ("ldata-segment", .)

.lrodata
 *(.lrodata .lrodata.* .gnu.linkonce.lr.*)

.ldata          0x0000000000006540        0x0
 *(.ldata .ldata.* .gnu.linkonce.l.*)
                0x0000000000006540                . = ALIGN ((. != 0x0)?0x8:0x1)
                0x0000000000006540                . = ALIGN (0x8)
                [!provide]                        PROVIDE (_end = .)
                [!provide]                        PROVIDE (end = .)
                0x0000000000006540                . = DATA_SEGMENT_END (.)

.stab
 *(.stab)

.stabstr
 *(.stabstr)

.stab.excl
 *(.stab.excl)

.stab.exclstr
 *(.stab.exclstr)

.stab.index
 *(.stab.index)

.stab.indexstr
 *(.stab.indexstr)

.comment        0x0000000000000000       0x12
 *(.comment)
 .comment       0x0000000000000000       0x12 uspace/lib/libdisplay.so.0.0.p/display_src_display.c.o
                                         0x13 (size before relaxing)
 .comment       0x0000000000000012       0x13 uspace/lib/libdisplay.so.0.0.p/display_src_disp_srv.c.o
 .comment       0x0000000000000012       0x13 uspace/lib/libdisplay.so.0.0.p/display_src_wndresize.c.o

.gnu.build.attributes
 *(.gnu.build.attributes .gnu.build.attributes.*)

.debug
 *(.debug)

.line
 *(.line)

.debug_srcinfo
 *(.debug_srcinfo)

.debug_sfnames
 *(.debug_sfnames)

.debug_aranges
 *(.debug_aranges)

.debug_pubnames
 *(.debug_pubnames)

.debug_info
 *(.debug_info .gnu.linkonce.wi.*)

.debug_abbrev
 *(.debug_abbrev)

.debug_line
 *(.debug_line .debug_line.* .debug_line_end)

.debug_frame
 *(.debug_frame)

.debug_str
 *(.debug_str)

.debug_loc
 *(.debug_loc)

.debug_macinfo
 *(.debug_macinfo)

.debug_weaknames
 *(.debug_weaknames)

.debug_funcnames
 *(.debug_funcnames)

.debug_typenames
 *(.debug_typenames)

.debug_varnames
 *(.debug_varnames)

.debug_pubtypes
 *(.debug_pubtypes)

.debug_ranges
 *(.debug_ranges)

.debug_addr
 *(.debug_addr)

.debug_line_str
 *(.debug_line_str)

.debug_loclists
 *(.debug_loclists)

.debug_macro
 *(.debug_macro)

.debug_names
 *(.debug_names)

.debug_rnglists
 *(.debug_rnglists)

.debug_str_offsets
 *(.debug_str_offsets)

.debug_sup
 *(.debug_sup)

.gnu.attributes
 *(.gnu.attributes)

/DISCARD/
 *(.note.GNU-stack)
 *(.gnu_debuglink)
 *(.gnu.lto_*)
OUTPUT(uspace/lib/libdisplay.so.0.0 elf64-x86-64)
