
As-needed library included to satisfy reference by file (symbol)

libdevice.so.0                uspace/lib/libfdisk.so.0.0.p/fdisk_src_fdisk.c.o (vol_destroy)
libc.so.0                     uspace/lib/libfdisk.so.0.0.p/fdisk_src_fdisk.c.o (loc_service_get_name)

Discarded input sections

 .text          0x0000000000000000        0x0 uspace/lib/libfdisk.so.0.0.p/fdisk_src_fdisk.c.o
 .data          0x0000000000000000        0x0 uspace/lib/libfdisk.so.0.0.p/fdisk_src_fdisk.c.o
 .bss           0x0000000000000000        0x0 uspace/lib/libfdisk.so.0.0.p/fdisk_src_fdisk.c.o

Memory Configuration

Name             Origin             Length             Attributes
*default*        0x0000000000000000 0xffffffffffffffff

Linker script and memory map

LOAD uspace/lib/libfdisk.so.0.0.p/fdisk_src_fdisk.c.o
START GROUP
LOAD uspace/lib/libdevice.so.0.0
LOAD uspace/lib/libc.so.0.0
LOAD /home/zyc/.local/share/HelenOS/cross/lib/gcc/amd64-helenos/13.2.0/libgcc.a
END GROUP
                0x0000000000000120                . = (SEGMENT_START ("text-segment", 0x0) + SIZEOF_HEADERS)

.note.gnu.build-id
 *(.note.gnu.build-id)

.hash           0x0000000000000120      0x17c
 *(.hash)
 .hash          0x0000000000000120      0x17c uspace/lib/libfdisk.so.0.0.p/fdisk_src_fdisk.c.o

.gnu.hash
 *(.gnu.hash)

.dynsym         0x00000000000002a0      0x540
 *(.dynsym)
 .dynsym        0x00000000000002a0      0x540 uspace/lib/libfdisk.so.0.0.p/fdisk_src_fdisk.c.o

.dynstr         0x00000000000007e0      0x3e1
 *(.dynstr)
 .dynstr        0x00000000000007e0      0x3e1 uspace/lib/libfdisk.so.0.0.p/fdisk_src_fdisk.c.o

.gnu.version    0x0000000000000bc2        0x0
 *(.gnu.version)
 .gnu.version   0x0000000000000bc2        0x0 uspace/lib/libfdisk.so.0.0.p/fdisk_src_fdisk.c.o

.gnu.version_d  0x0000000000000bc8        0x0
 *(.gnu.version_d)
 .gnu.version_d
                0x0000000000000bc8        0x0 uspace/lib/libfdisk.so.0.0.p/fdisk_src_fdisk.c.o

.gnu.version_r  0x0000000000000bc8        0x0
 *(.gnu.version_r)
 .gnu.version_r
                0x0000000000000bc8        0x0 uspace/lib/libfdisk.so.0.0.p/fdisk_src_fdisk.c.o

.rela.dyn       0x0000000000000bc8        0x0
 *(.rela.init)
 *(.rela.text .rela.text.* .rela.gnu.linkonce.t.*)
 *(.rela.fini)
 *(.rela.rodata .rela.rodata.* .rela.gnu.linkonce.r.*)
 *(.rela.data .rela.data.* .rela.gnu.linkonce.d.*)
 *(.rela.tdata .rela.tdata.* .rela.gnu.linkonce.td.*)
 *(.rela.tbss .rela.tbss.* .rela.gnu.linkonce.tb.*)
 *(.rela.ctors)
 *(.rela.dtors)
 *(.rela.got)
 .rela.got      0x0000000000000bc8        0x0 uspace/lib/libfdisk.so.0.0.p/fdisk_src_fdisk.c.o
 *(.rela.bss .rela.bss.* .rela.gnu.linkonce.b.*)
 *(.rela.ldata .rela.ldata.* .rela.gnu.linkonce.l.*)
 *(.rela.lbss .rela.lbss.* .rela.gnu.linkonce.lb.*)
 *(.rela.lrodata .rela.lrodata.* .rela.gnu.linkonce.lr.*)
 *(.rela.ifunc)
 .rela.ifunc    0x0000000000000bc8        0x0 uspace/lib/libfdisk.so.0.0.p/fdisk_src_fdisk.c.o

.rela.plt       0x0000000000000bc8      0x330
 *(.rela.plt)
 .rela.plt      0x0000000000000bc8      0x330 uspace/lib/libfdisk.so.0.0.p/fdisk_src_fdisk.c.o
 *(.rela.iplt)

.relr.dyn
 *(.relr.dyn)

.init
 *(SORT_NONE(.init))

.plt            0x0000000000000f00      0x230
 *(.plt)
 .plt           0x0000000000000f00      0x230 uspace/lib/libfdisk.so.0.0.p/fdisk_src_fdisk.c.o
 *(.iplt)

.plt.got        0x0000000000001130        0x0
 *(.plt.got)
 .plt.got       0x0000000000001130        0x0 uspace/lib/libfdisk.so.0.0.p/fdisk_src_fdisk.c.o

.plt.sec
 *(.plt.sec)

.text           0x0000000000001130     0x1f10
 *(.text.unlikely .text.*_unlikely .text.unlikely.*)
 *(.text.exit .text.exit.*)
 *(.text.startup .text.startup.*)
 *(.text.hot .text.hot.*)
 *(SORT_BY_NAME(.text.sorted.*))
 *(.text .stub .text.* .gnu.linkonce.t.*)
 .text.fdisk_part_add
                0x0000000000001130      0x3a1 uspace/lib/libfdisk.so.0.0.p/fdisk_src_fdisk.c.o
 *fill*         0x00000000000014d1        0xf 
 .text.link_used.part.0
                0x00000000000014e0       0x1c uspace/lib/libfdisk.so.0.0.p/fdisk_src_fdisk.c.o
 *fill*         0x00000000000014fc        0x4 
 .text.fdisk_part_remove
                0x0000000000001500       0xca uspace/lib/libfdisk.so.0.0.p/fdisk_src_fdisk.c.o
 *fill*         0x00000000000015ca        0x6 
 .text.fdisk_part_get_free_range
                0x00000000000015d0      0x1e4 uspace/lib/libfdisk.so.0.0.p/fdisk_src_fdisk.c.o
 *fill*         0x00000000000017b4        0xc 
 .text.fdisk_part_get_max_free_range
                0x00000000000017c0      0x1f7 uspace/lib/libfdisk.so.0.0.p/fdisk_src_fdisk.c.o
 *fill*         0x00000000000019b7        0x9 
 .text.fdisk_destroy
                0x00000000000019c0       0x31 uspace/lib/libfdisk.so.0.0.p/fdisk_src_fdisk.c.o
                0x00000000000019c0                fdisk_destroy
 *fill*         0x00000000000019f1        0xf 
 .text.fdisk_create
                0x0000000000001a00       0x7a uspace/lib/libfdisk.so.0.0.p/fdisk_src_fdisk.c.o
                0x0000000000001a00                fdisk_create
 *fill*         0x0000000000001a7a        0x6 
 .text.fdisk_dev_list_free
                0x0000000000001a80       0x81 uspace/lib/libfdisk.so.0.0.p/fdisk_src_fdisk.c.o
                0x0000000000001a80                fdisk_dev_list_free
 *fill*         0x0000000000001b01        0xf 
 .text.fdisk_dev_list_get
                0x0000000000001b10      0x10f uspace/lib/libfdisk.so.0.0.p/fdisk_src_fdisk.c.o
                0x0000000000001b10                fdisk_dev_list_get
 *fill*         0x0000000000001c1f        0x1 
 .text.fdisk_dev_first
                0x0000000000001c20       0x1e uspace/lib/libfdisk.so.0.0.p/fdisk_src_fdisk.c.o
                0x0000000000001c20                fdisk_dev_first
 *fill*         0x0000000000001c3e        0x2 
 .text.fdisk_dev_next
                0x0000000000001c40       0x24 uspace/lib/libfdisk.so.0.0.p/fdisk_src_fdisk.c.o
                0x0000000000001c40                fdisk_dev_next
 *fill*         0x0000000000001c64        0xc 
 .text.fdisk_dev_info_get_svcid
                0x0000000000001c70        0xd uspace/lib/libfdisk.so.0.0.p/fdisk_src_fdisk.c.o
                0x0000000000001c70                fdisk_dev_info_get_svcid
 *fill*         0x0000000000001c7d        0x3 
 .text.fdisk_dev_info_get_svcname
                0x0000000000001c80       0x57 uspace/lib/libfdisk.so.0.0.p/fdisk_src_fdisk.c.o
                0x0000000000001c80                fdisk_dev_info_get_svcname
 *fill*         0x0000000000001cd7        0x9 
 .text.fdisk_dev_info_capacity
                0x0000000000001ce0       0x4b uspace/lib/libfdisk.so.0.0.p/fdisk_src_fdisk.c.o
                0x0000000000001ce0                fdisk_dev_info_capacity
 *fill*         0x0000000000001d2b        0x5 
 .text.fdisk_dev_get_svcname
                0x0000000000001d30       0x2a uspace/lib/libfdisk.so.0.0.p/fdisk_src_fdisk.c.o
                0x0000000000001d30                fdisk_dev_get_svcname
 *fill*         0x0000000000001d5a        0x6 
 .text.fdisk_dev_capacity
                0x0000000000001d60       0x18 uspace/lib/libfdisk.so.0.0.p/fdisk_src_fdisk.c.o
                0x0000000000001d60                fdisk_dev_capacity
 *fill*         0x0000000000001d78        0x8 
 .text.fdisk_label_get_info
                0x0000000000001d80       0xe0 uspace/lib/libfdisk.so.0.0.p/fdisk_src_fdisk.c.o
                0x0000000000001d80                fdisk_label_get_info
 .text.fdisk_part_first
                0x0000000000001e60       0x24 uspace/lib/libfdisk.so.0.0.p/fdisk_src_fdisk.c.o
                0x0000000000001e60                fdisk_part_first
 *fill*         0x0000000000001e84        0xc 
 .text.fdisk_dev_erase
                0x0000000000001e90       0x7e uspace/lib/libfdisk.so.0.0.p/fdisk_src_fdisk.c.o
                0x0000000000001e90                fdisk_dev_erase
 *fill*         0x0000000000001f0e        0x2 
 .text.fdisk_dev_get_flags
                0x0000000000001f10       0x56 uspace/lib/libfdisk.so.0.0.p/fdisk_src_fdisk.c.o
                0x0000000000001f10                fdisk_dev_get_flags
 *fill*         0x0000000000001f66        0xa 
 .text.fdisk_dev_close
                0x0000000000001f70      0x141 uspace/lib/libfdisk.so.0.0.p/fdisk_src_fdisk.c.o
                0x0000000000001f70                fdisk_dev_close
 *fill*         0x00000000000020b1        0xf 
 .text.fdisk_dev_open
                0x00000000000020c0      0x1e5 uspace/lib/libfdisk.so.0.0.p/fdisk_src_fdisk.c.o
                0x00000000000020c0                fdisk_dev_open
 *fill*         0x00000000000022a5        0xb 
 .text.fdisk_dev_add_parts
                0x00000000000022b0      0x172 uspace/lib/libfdisk.so.0.0.p/fdisk_src_fdisk.c.o
 *fill*         0x0000000000002422        0xe 
 .text.fdisk_label_create
                0x0000000000002430      0x276 uspace/lib/libfdisk.so.0.0.p/fdisk_src_fdisk.c.o
                0x0000000000002430                fdisk_label_create
 *fill*         0x00000000000026a6        0xa 
 .text.fdisk_part_next
                0x00000000000026b0       0x24 uspace/lib/libfdisk.so.0.0.p/fdisk_src_fdisk.c.o
                0x00000000000026b0                fdisk_part_next
 *fill*         0x00000000000026d4        0xc 
 .text.fdisk_part_get_info
                0x00000000000026e0       0x34 uspace/lib/libfdisk.so.0.0.p/fdisk_src_fdisk.c.o
                0x00000000000026e0                fdisk_part_get_info
 *fill*         0x0000000000002714        0xc 
 .text.fdisk_part_get_max_avail
                0x0000000000002720       0x77 uspace/lib/libfdisk.so.0.0.p/fdisk_src_fdisk.c.o
                0x0000000000002720                fdisk_part_get_max_avail
 *fill*         0x0000000000002797        0x9 
 .text.fdisk_part_get_tot_avail
                0x00000000000027a0      0x218 uspace/lib/libfdisk.so.0.0.p/fdisk_src_fdisk.c.o
                0x00000000000027a0                fdisk_part_get_tot_avail
 *fill*         0x00000000000029b8        0x8 
 .text.fdisk_part_create
                0x00000000000029c0      0x53b uspace/lib/libfdisk.so.0.0.p/fdisk_src_fdisk.c.o
                0x00000000000029c0                fdisk_part_create
 *fill*         0x0000000000002efb        0x5 
 .text.fdisk_part_destroy
                0x0000000000002f00       0x5e uspace/lib/libfdisk.so.0.0.p/fdisk_src_fdisk.c.o
                0x0000000000002f00                fdisk_part_destroy
 *fill*         0x0000000000002f5e        0x2 
 .text.fdisk_label_destroy
                0x0000000000002f60       0x8a uspace/lib/libfdisk.so.0.0.p/fdisk_src_fdisk.c.o
                0x0000000000002f60                fdisk_label_destroy
 *fill*         0x0000000000002fea        0x6 
 .text.fdisk_part_set_mountp
                0x0000000000002ff0       0x1d uspace/lib/libfdisk.so.0.0.p/fdisk_src_fdisk.c.o
                0x0000000000002ff0                fdisk_part_set_mountp
 *fill*         0x000000000000300d        0x3 
 .text.fdisk_pspec_init
                0x0000000000003010       0x19 uspace/lib/libfdisk.so.0.0.p/fdisk_src_fdisk.c.o
                0x0000000000003010                fdisk_pspec_init
 *fill*         0x0000000000003029        0x7 
 .text.fdisk_get_vollabel_support
                0x0000000000003030       0x10 uspace/lib/libfdisk.so.0.0.p/fdisk_src_fdisk.c.o
                0x0000000000003030                fdisk_get_vollabel_support
 *(.gnu.warning)

.fini
 *(SORT_NONE(.fini))
                [!provide]                        PROVIDE (__etext = .)
                [!provide]                        PROVIDE (_etext = .)
                [!provide]                        PROVIDE (etext = .)

.rodata         0x0000000000003040       0xba
 *(.rodata .rodata.* .gnu.linkonce.r.*)
 .rodata.link_used.part.0.str1.8
                0x0000000000003040       0x83 uspace/lib/libfdisk.so.0.0.p/fdisk_src_fdisk.c.o
                                         0x51 (size before relaxing)
 .rodata.fdisk_dev_erase.str1.8
                0x00000000000030c3       0x2b uspace/lib/libfdisk.so.0.0.p/fdisk_src_fdisk.c.o
 .rodata.fdisk_dev_erase.str1.1
                0x00000000000030c3       0x37 uspace/lib/libfdisk.so.0.0.p/fdisk_src_fdisk.c.o
                                          0xd (size before relaxing)
 .rodata.fdisk_part_create.str1.1
                0x00000000000030fa       0x2b uspace/lib/libfdisk.so.0.0.p/fdisk_src_fdisk.c.o

.rodata1
 *(.rodata1)

.eh_frame_hdr   0x00000000000030fc      0x124
 *(.eh_frame_hdr)
 .eh_frame_hdr  0x00000000000030fc      0x124 uspace/lib/libfdisk.so.0.0.p/fdisk_src_fdisk.c.o
                0x00000000000030fc                __GNU_EH_FRAME_HDR
 *(.eh_frame_entry .eh_frame_entry.*)

.eh_frame       0x0000000000003220      0x5b4
 *(.eh_frame)
 .eh_frame      0x0000000000003220      0x590 uspace/lib/libfdisk.so.0.0.p/fdisk_src_fdisk.c.o
 .eh_frame      0x00000000000037b0       0x24 uspace/lib/libfdisk.so.0.0.p/fdisk_src_fdisk.c.o
                                         0x40 (size before relaxing)
 .eh_frame      0x00000000000037d4        0x0 uspace/lib/libfdisk.so.0.0.p/fdisk_src_fdisk.c.o
 *(.eh_frame.*)

.sframe         0x00000000000037d4        0x0
 *(.sframe)
 .sframe        0x00000000000037d4        0x0 uspace/lib/libfdisk.so.0.0.p/fdisk_src_fdisk.c.o
 *(.sframe.*)

.gcc_except_table
 *(.gcc_except_table .gcc_except_table.*)

.gnu_extab
 *(.gnu_extab*)

.exception_ranges
 *(.exception_ranges*)
                0x00000000000047d4                . = DATA_SEGMENT_ALIGN (CONSTANT (MAXPAGESIZE), CONSTANT (COMMONPAGESIZE))

.eh_frame
 *(.eh_frame)
 *(.eh_frame.*)

.sframe
 *(.sframe)
 *(.sframe.*)

.gnu_extab
 *(.gnu_extab)

.gcc_except_table
 *(.gcc_except_table .gcc_except_table.*)

.exception_ranges
 *(.exception_ranges*)

.tdata
 *(.tdata .tdata.* .gnu.linkonce.td.*)

.tbss
 *(.tbss .tbss.* .gnu.linkonce.tb.*)
 *(.tcommon)

.preinit_array
 *(.preinit_array)

.init_array
 *(SORT_BY_INIT_PRIORITY(.init_array.*) SORT_BY_INIT_PRIORITY(.ctors.*))
 *(.init_array EXCLUDE_FILE(*crtend?.o *crtend.o *crtbegin?.o *crtbegin.o) .ctors)

.fini_array
 *(SORT_BY_INIT_PRIORITY(.fini_array.*) SORT_BY_INIT_PRIORITY(.dtors.*))
 *(.fini_array EXCLUDE_FILE(*crtend?.o *crtend.o *crtbegin?.o *crtbegin.o) .dtors)

.ctors
 *crtbegin.o(.ctors)
 *crtbegin?.o(.ctors)
 *(EXCLUDE_FILE(*crtend?.o *crtend.o) .ctors)
 *(SORT_BY_NAME(.ctors.*))
 *(.ctors)

.dtors
 *crtbegin.o(.dtors)
 *crtbegin?.o(.dtors)
 *(EXCLUDE_FILE(*crtend?.o *crtend.o) .dtors)
 *(SORT_BY_NAME(.dtors.*))
 *(.dtors)

.jcr
 *(.jcr)

.data.rel.ro    0x00000000000047d4        0x0
 *(.data.rel.ro.local* .gnu.linkonce.d.rel.ro.local.*)
 *(.data.rel.ro .data.rel.ro.* .gnu.linkonce.d.rel.ro.*)
 .data.rel.ro   0x00000000000047d4        0x0 uspace/lib/libfdisk.so.0.0.p/fdisk_src_fdisk.c.o

.dynamic        0x00000000000047d8      0x130
 *(.dynamic)
 .dynamic       0x00000000000047d8      0x130 uspace/lib/libfdisk.so.0.0.p/fdisk_src_fdisk.c.o
                0x00000000000047d8                _DYNAMIC

.got            0x0000000000004908        0x0
 *(.got)
 .got           0x0000000000004908        0x0 uspace/lib/libfdisk.so.0.0.p/fdisk_src_fdisk.c.o
 *(.igot)
                0x0000000000004908                . = DATA_SEGMENT_RELRO_END (., (SIZEOF (.got.plt) >= 0x18)?0x18:0x0)

.got.plt        0x0000000000004908      0x128
 *(.got.plt)
 .got.plt       0x0000000000004908      0x128 uspace/lib/libfdisk.so.0.0.p/fdisk_src_fdisk.c.o
                0x0000000000004908                _GLOBAL_OFFSET_TABLE_
 *(.igot.plt)

.data
 *(.data .data.* .gnu.linkonce.d.*)

.data1
 *(.data1)
                [!provide]                        PROVIDE (_edata = .)
                [!provide]                        PROVIDE (edata = .)
                0x0000000000004a30                . = .
                [!provide]                        PROVIDE (__bss_start = .)

.bss            0x0000000000004a30        0x0
 *(.dynbss)
 .dynbss        0x0000000000004a30        0x0 uspace/lib/libfdisk.so.0.0.p/fdisk_src_fdisk.c.o
 *(.bss .bss.* .gnu.linkonce.b.*)
 *(COMMON)
                0x0000000000004a30                . = ALIGN ((. != 0x0)?0x8:0x1)

.lbss
 *(.dynlbss)
 *(.lbss .lbss.* .gnu.linkonce.lb.*)
 *(LARGE_COMMON)
                0x0000000000004a30                . = ALIGN (0x8)
                0x0000000000004a30                . = SEGMENT_START ("ldata-segment", .)

.lrodata
 *(.lrodata .lrodata.* .gnu.linkonce.lr.*)

.ldata          0x0000000000006a30        0x0
 *(.ldata .ldata.* .gnu.linkonce.l.*)
                0x0000000000006a30                . = ALIGN ((. != 0x0)?0x8:0x1)
                0x0000000000006a30                . = ALIGN (0x8)
                [!provide]                        PROVIDE (_end = .)
                [!provide]                        PROVIDE (end = .)
                0x0000000000006a30                . = DATA_SEGMENT_END (.)

.stab
 *(.stab)

.stabstr
 *(.stabstr)

.stab.excl
 *(.stab.excl)

.stab.exclstr
 *(.stab.exclstr)

.stab.index
 *(.stab.index)

.stab.indexstr
 *(.stab.indexstr)

.comment        0x0000000000000000       0x12
 *(.comment)
 .comment       0x0000000000000000       0x12 uspace/lib/libfdisk.so.0.0.p/fdisk_src_fdisk.c.o
                                         0x13 (size before relaxing)

.gnu.build.attributes
 *(.gnu.build.attributes .gnu.build.attributes.*)

.debug
 *(.debug)

.line
 *(.line)

.debug_srcinfo
 *(.debug_srcinfo)

.debug_sfnames
 *(.debug_sfnames)

.debug_aranges
 *(.debug_aranges)

.debug_pubnames
 *(.debug_pubnames)

.debug_info
 *(.debug_info .gnu.linkonce.wi.*)

.debug_abbrev
 *(.debug_abbrev)

.debug_line
 *(.debug_line .debug_line.* .debug_line_end)

.debug_frame
 *(.debug_frame)

.debug_str
 *(.debug_str)

.debug_loc
 *(.debug_loc)

.debug_macinfo
 *(.debug_macinfo)

.debug_weaknames
 *(.debug_weaknames)

.debug_funcnames
 *(.debug_funcnames)

.debug_typenames
 *(.debug_typenames)

.debug_varnames
 *(.debug_varnames)

.debug_pubtypes
 *(.debug_pubtypes)

.debug_ranges
 *(.debug_ranges)

.debug_addr
 *(.debug_addr)

.debug_line_str
 *(.debug_line_str)

.debug_loclists
 *(.debug_loclists)

.debug_macro
 *(.debug_macro)

.debug_names
 *(.debug_names)

.debug_rnglists
 *(.debug_rnglists)

.debug_str_offsets
 *(.debug_str_offsets)

.debug_sup
 *(.debug_sup)

.gnu.attributes
 *(.gnu.attributes)

/DISCARD/
 *(.note.GNU-stack)
 *(.gnu_debuglink)
 *(.gnu.lto_*)
OUTPUT(uspace/lib/libfdisk.so.0.0 elf64-x86-64)
