
As-needed library included to satisfy reference by file (symbol)

libgfx.so.0                   uspace/lib/libui.so.0.0.p/ui_src_window.c.o (gfx_rect_envelope)
libc.so.0                     uspace/lib/libui.so.0.0.p/ui_src_ui.c.o (task_retval)
libgfxfont.so.0               uspace/lib/libui.so.0.0.p/ui_src_entry.c.o (gfx_text_start_pos)
libmemgfx.so.0                uspace/lib/libui.so.0.0.p/ui_src_window.c.o (mem_gc_retarget)
libdisplay.so.0               uspace/lib/libui.so.0.0.p/ui_src_ui.c.o (display_open)
libcongfx.so.0                uspace/lib/libui.so.0.0.p/ui_src_ui.c.o (console_gc_resume)
libconsole.so.0               uspace/lib/libui.so.0.0.p/ui_src_ui.c.o (console_get_size)
libclipboard.so.0             uspace/lib/libui.so.0.0.p/ui_src_entry.c.o (clipboard_put_str)

Discarded input sections

 .text          0x0000000000000000        0x0 uspace/lib/libui.so.0.0.p/ui_src_accel.c.o
 .data          0x0000000000000000        0x0 uspace/lib/libui.so.0.0.p/ui_src_accel.c.o
 .bss           0x0000000000000000        0x0 uspace/lib/libui.so.0.0.p/ui_src_accel.c.o
 .text          0x0000000000000000        0x0 uspace/lib/libui.so.0.0.p/ui_src_checkbox.c.o
 .data          0x0000000000000000        0x0 uspace/lib/libui.so.0.0.p/ui_src_checkbox.c.o
 .bss           0x0000000000000000        0x0 uspace/lib/libui.so.0.0.p/ui_src_checkbox.c.o
 .text          0x0000000000000000        0x0 uspace/lib/libui.so.0.0.p/ui_src_clickmatic.c.o
 .data          0x0000000000000000        0x0 uspace/lib/libui.so.0.0.p/ui_src_clickmatic.c.o
 .bss           0x0000000000000000        0x0 uspace/lib/libui.so.0.0.p/ui_src_clickmatic.c.o
 .text          0x0000000000000000        0x0 uspace/lib/libui.so.0.0.p/ui_src_control.c.o
 .data          0x0000000000000000        0x0 uspace/lib/libui.so.0.0.p/ui_src_control.c.o
 .bss           0x0000000000000000        0x0 uspace/lib/libui.so.0.0.p/ui_src_control.c.o
 .text          0x0000000000000000        0x0 uspace/lib/libui.so.0.0.p/ui_src_dummygc.c.o
 .data          0x0000000000000000        0x0 uspace/lib/libui.so.0.0.p/ui_src_dummygc.c.o
 .bss           0x0000000000000000        0x0 uspace/lib/libui.so.0.0.p/ui_src_dummygc.c.o
 .text          0x0000000000000000        0x0 uspace/lib/libui.so.0.0.p/ui_src_entry.c.o
 .data          0x0000000000000000        0x0 uspace/lib/libui.so.0.0.p/ui_src_entry.c.o
 .bss           0x0000000000000000        0x0 uspace/lib/libui.so.0.0.p/ui_src_entry.c.o
 .text          0x0000000000000000        0x0 uspace/lib/libui.so.0.0.p/ui_src_filedialog.c.o
 .data          0x0000000000000000        0x0 uspace/lib/libui.so.0.0.p/ui_src_filedialog.c.o
 .bss           0x0000000000000000        0x0 uspace/lib/libui.so.0.0.p/ui_src_filedialog.c.o
 .text          0x0000000000000000        0x0 uspace/lib/libui.so.0.0.p/ui_src_filelist.c.o
 .data          0x0000000000000000        0x0 uspace/lib/libui.so.0.0.p/ui_src_filelist.c.o
 .bss           0x0000000000000000        0x0 uspace/lib/libui.so.0.0.p/ui_src_filelist.c.o
 .text          0x0000000000000000        0x0 uspace/lib/libui.so.0.0.p/ui_src_fixed.c.o
 .data          0x0000000000000000        0x0 uspace/lib/libui.so.0.0.p/ui_src_fixed.c.o
 .bss           0x0000000000000000        0x0 uspace/lib/libui.so.0.0.p/ui_src_fixed.c.o
 .text          0x0000000000000000        0x0 uspace/lib/libui.so.0.0.p/ui_src_image.c.o
 .data          0x0000000000000000        0x0 uspace/lib/libui.so.0.0.p/ui_src_image.c.o
 .bss           0x0000000000000000        0x0 uspace/lib/libui.so.0.0.p/ui_src_image.c.o
 .text          0x0000000000000000        0x0 uspace/lib/libui.so.0.0.p/ui_src_label.c.o
 .data          0x0000000000000000        0x0 uspace/lib/libui.so.0.0.p/ui_src_label.c.o
 .bss           0x0000000000000000        0x0 uspace/lib/libui.so.0.0.p/ui_src_label.c.o
 .text          0x0000000000000000        0x0 uspace/lib/libui.so.0.0.p/ui_src_list.c.o
 .data          0x0000000000000000        0x0 uspace/lib/libui.so.0.0.p/ui_src_list.c.o
 .bss           0x0000000000000000        0x0 uspace/lib/libui.so.0.0.p/ui_src_list.c.o
 .text          0x0000000000000000        0x0 uspace/lib/libui.so.0.0.p/ui_src_menu.c.o
 .data          0x0000000000000000        0x0 uspace/lib/libui.so.0.0.p/ui_src_menu.c.o
 .bss           0x0000000000000000        0x0 uspace/lib/libui.so.0.0.p/ui_src_menu.c.o
 .text          0x0000000000000000        0x0 uspace/lib/libui.so.0.0.p/ui_src_menubar.c.o
 .data          0x0000000000000000        0x0 uspace/lib/libui.so.0.0.p/ui_src_menubar.c.o
 .bss           0x0000000000000000        0x0 uspace/lib/libui.so.0.0.p/ui_src_menubar.c.o
 .text          0x0000000000000000        0x0 uspace/lib/libui.so.0.0.p/ui_src_menudd.c.o
 .data          0x0000000000000000        0x0 uspace/lib/libui.so.0.0.p/ui_src_menudd.c.o
 .bss           0x0000000000000000        0x0 uspace/lib/libui.so.0.0.p/ui_src_menudd.c.o
 .text          0x0000000000000000        0x0 uspace/lib/libui.so.0.0.p/ui_src_menuentry.c.o
[...]
Memory Configuration

Name             Origin             Length             Attributes
*default*        0x0000000000000000 0xffffffffffffffff

Linker script and memory map

LOAD uspace/lib/libui.so.0.0.p/ui_src_accel.c.o
LOAD uspace/lib/libui.so.0.0.p/ui_src_checkbox.c.o
LOAD uspace/lib/libui.so.0.0.p/ui_src_clickmatic.c.o
LOAD uspace/lib/libui.so.0.0.p/ui_src_control.c.o
LOAD uspace/lib/libui.so.0.0.p/ui_src_dummygc.c.o
LOAD uspace/lib/libui.so.0.0.p/ui_src_entry.c.o
LOAD uspace/lib/libui.so.0.0.p/ui_src_filedialog.c.o
LOAD uspace/lib/libui.so.0.0.p/ui_src_filelist.c.o
LOAD uspace/lib/libui.so.0.0.p/ui_src_fixed.c.o
LOAD uspace/lib/libui.so.0.0.p/ui_src_image.c.o
LOAD uspace/lib/libui.so.0.0.p/ui_src_label.c.o
LOAD uspace/lib/libui.so.0.0.p/ui_src_list.c.o
LOAD uspace/lib/libui.so.0.0.p/ui_src_menu.c.o
LOAD uspace/lib/libui.so.0.0.p/ui_src_menubar.c.o
LOAD uspace/lib/libui.so.0.0.p/ui_src_menudd.c.o
LOAD uspace/lib/libui.so.0.0.p/ui_src_menuentry.c.o
LOAD uspace/lib/libui.so.0.0.p/ui_src_msgdialog.c.o
LOAD uspace/lib/libui.so.0.0.p/ui_src_paint.c.o
LOAD uspace/lib/libui.so.0.0.p/ui_src_pbutton.c.o
LOAD uspace/lib/libui.so.0.0.p/ui_src_popup.c.o
LOAD uspace/lib/libui.so.0.0.p/ui_src_promptdialog.c.o
LOAD uspace/lib/libui.so.0.0.p/ui_src_rbutton.c.o
LOAD uspace/lib/libui.so.0.0.p/ui_src_resource.c.o
LOAD uspace/lib/libui.so.0.0.p/ui_src_scrollbar.c.o
LOAD uspace/lib/libui.so.0.0.p/ui_src_selectdialog.c.o
LOAD uspace/lib/libui.so.0.0.p/ui_src_slider.c.o
LOAD uspace/lib/libui.so.0.0.p/ui_src_tab.c.o
LOAD uspace/lib/libui.so.0.0.p/ui_src_tabset.c.o
LOAD uspace/lib/libui.so.0.0.p/ui_src_testctl.c.o
LOAD uspace/lib/libui.so.0.0.p/ui_src_ui.c.o
LOAD uspace/lib/libui.so.0.0.p/ui_src_wdecor.c.o
LOAD uspace/lib/libui.so.0.0.p/ui_src_window.c.o
START GROUP
LOAD uspace/lib/libgfx.so.0.0
LOAD uspace/lib/libc.so.0.0
LOAD uspace/lib/libgfxfont.so.0.0
LOAD uspace/lib/libriff.so.0.0
LOAD uspace/lib/libmemgfx.so.0.0
LOAD uspace/lib/libdisplay.so.0.0
LOAD uspace/lib/libipcgfx.so.0.0
LOAD uspace/lib/libinput.so.0.0
LOAD uspace/lib/libcongfx.so.0.0
LOAD uspace/lib/libconsole.so.0.0
LOAD uspace/lib/liboutput.so.0.0
LOAD uspace/lib/libclipboard.so.0.0
LOAD /home/zyc/.local/share/HelenOS/cross/lib/gcc/amd64-helenos/13.2.0/libgcc.a
END GROUP
                0x0000000000000120                . = (SEGMENT_START ("text-segment", 0x0) + SIZEOF_HEADERS)

.note.gnu.build-id
 *(.note.gnu.build-id)

.hash           0x0000000000000120     0x1250
 *(.hash)
 .hash          0x0000000000000120     0x1250 uspace/lib/libui.so.0.0.p/ui_src_accel.c.o

.gnu.hash
 *(.gnu.hash)

.dynsym         0x0000000000001370     0x3cd8
 *(.dynsym)
 .dynsym        0x0000000000001370     0x3cd8 uspace/lib/libui.so.0.0.p/ui_src_accel.c.o

.dynstr         0x0000000000005048     0x30cf
 *(.dynstr)
 .dynstr        0x0000000000005048     0x30cf uspace/lib/libui.so.0.0.p/ui_src_accel.c.o

.gnu.version    0x0000000000008118        0x0
 *(.gnu.version)
 .gnu.version   0x0000000000008118        0x0 uspace/lib/libui.so.0.0.p/ui_src_accel.c.o

.gnu.version_d  0x0000000000008118        0x0
 *(.gnu.version_d)
 .gnu.version_d
                0x0000000000008118        0x0 uspace/lib/libui.so.0.0.p/ui_src_accel.c.o

.gnu.version_r  0x0000000000008118        0x0
 *(.gnu.version_r)
 .gnu.version_r
                0x0000000000008118        0x0 uspace/lib/libui.so.0.0.p/ui_src_accel.c.o

.rela.dyn       0x0000000000008118     0x1488
 *(.rela.init)
 *(.rela.text .rela.text.* .rela.gnu.linkonce.t.*)
 *(.rela.fini)
 *(.rela.rodata .rela.rodata.* .rela.gnu.linkonce.r.*)
 *(.rela.data .rela.data.* .rela.gnu.linkonce.d.*)
 .rela.data.rel.local.ui_checkbox_ops
                0x0000000000008118       0x48 uspace/lib/libui.so.0.0.p/ui_src_accel.c.o
 .rela.data.rel.local.dummygc_ops
                0x0000000000008160       0xc0 uspace/lib/libui.so.0.0.p/ui_src_accel.c.o
 .rela.data.rel.local.ui_entry_ops
                0x0000000000008220       0x60 uspace/lib/libui.so.0.0.p/ui_src_accel.c.o
 .rela.data.rel.local.ui_file_dialog_bcancel_cb
                0x0000000000008280       0x18 uspace/lib/libui.so.0.0.p/ui_src_accel.c.o
 .rela.data.rel.local.ui_file_dialog_bok_cb
                0x0000000000008298       0x18 uspace/lib/libui.so.0.0.p/ui_src_accel.c.o
 .rela.data.rel.local.ui_file_dialog_flist_cb
                0x00000000000082b0       0x30 uspace/lib/libui.so.0.0.p/ui_src_accel.c.o
 .rela.data.rel.local.ui_file_dialog_wnd_cb
                0x00000000000082e0       0x30 uspace/lib/libui.so.0.0.p/ui_src_accel.c.o
 .rela.data.rel.ui_file_list_list_cb
                0x0000000000008310       0x48 uspace/lib/libui.so.0.0.p/ui_src_accel.c.o
 .rela.data.rel.local.ui_file_list_ctl_ops
                0x0000000000008358       0x60 uspace/lib/libui.so.0.0.p/ui_src_accel.c.o
 .rela.data.rel.local.ui_fixed_ops
                0x00000000000083b8       0x78 uspace/lib/libui.so.0.0.p/ui_src_accel.c.o
 .rela.data.rel.local.ui_image_ops
                0x0000000000008430       0x48 uspace/lib/libui.so.0.0.p/ui_src_accel.c.o
 .rela.data.rel.local.ui_label_ops
                0x0000000000008478       0x48 uspace/lib/libui.so.0.0.p/ui_src_accel.c.o
 .rela.data.rel.local.ui_list_scrollbar_cb
                0x00000000000084c0       0x78 uspace/lib/libui.so.0.0.p/ui_src_accel.c.o
 .rela.data.rel.local.ui_list_ctl_ops
                0x0000000000008538       0x60 uspace/lib/libui.so.0.0.p/ui_src_accel.c.o
 .rela.data.rel.local.ui_menu_popup_cb
                0x0000000000008598       0x48 uspace/lib/libui.so.0.0.p/ui_src_accel.c.o
 .rela.data.rel.local.ui_menu_bar_ops
                0x00000000000085e0       0x60 uspace/lib/libui.so.0.0.p/ui_src_accel.c.o
 .rela.data.rel.local.ui_menu_dd_menu_cb
                0x0000000000008640       0x60 uspace/lib/libui.so.0.0.p/ui_src_accel.c.o
 .rela.data.rel.local.ui_msg_dialog_captions
                0x00000000000086a0       0x48 uspace/lib/libui.so.0.0.p/ui_src_accel.c.o
 .rela.data.rel.local.ui_msg_dialog_btn_cb
                0x00000000000086e8       0x18 uspace/lib/libui.so.0.0.p/ui_src_accel.c.o
 .rela.data.rel.local.ui_msg_dialog_wnd_cb
                0x0000000000008700       0x30 uspace/lib/libui.so.0.0.p/ui_src_accel.c.o
 .rela.data.rel.local.double_hbrace_chars
                0x0000000000008730       0x48 uspace/lib/libui.so.0.0.p/ui_src_accel.c.o
 .rela.data.rel.local.single_hbrace_chars
                0x0000000000008778       0x48 uspace/lib/libui.so.0.0.p/ui_src_accel.c.o
 .rela.data.rel.local.double_box_chars
                0x00000000000087c0       0xd8 uspace/lib/libui.so.0.0.p/ui_src_accel.c.o
 .rela.data.rel.local.single_box_chars
                0x0000000000008898       0xd8 uspace/lib/libui.so.0.0.p/ui_src_accel.c.o
 .rela.data.rel.local.ui_pbutton_ops
                0x0000000000008970       0x48 uspace/lib/libui.so.0.0.p/ui_src_accel.c.o
 .rela.data.rel.local.ui_popup_window_cb
                0x00000000000089b8       0x48 uspace/lib/libui.so.0.0.p/ui_src_accel.c.o
 .rela.data.rel.local.ui_prompt_dialog_bcancel_cb
                0x0000000000008a00       0x18 uspace/lib/libui.so.0.0.p/ui_src_accel.c.o
 .rela.data.rel.local.ui_prompt_dialog_bok_cb
                0x0000000000008a18       0x18 uspace/lib/libui.so.0.0.p/ui_src_accel.c.o
 .rela.data.rel.local.ui_prompt_dialog_wnd_cb
                0x0000000000008a30       0x30 uspace/lib/libui.so.0.0.p/ui_src_accel.c.o
 .rela.data.rel.local.ui_rbutton_ops
                0x0000000000008a60       0x48 uspace/lib/libui.so.0.0.p/ui_src_accel.c.o
 .rela.data.rel.local.ui_scrollbar_clickmatic_page_down_cb
                0x0000000000008aa8       0x18 uspace/lib/libui.so.0.0.p/ui_src_accel.c.o
 .rela.data.rel.local.ui_scrollbar_clickmatic_page_up_cb
                0x0000000000008ac0       0x18 uspace/lib/libui.so.0.0.p/ui_src_accel.c.o
 .rela.data.rel.local.ui_scrollbar_clickmatic_down_cb
                0x0000000000008ad8       0x18 uspace/lib/libui.so.0.0.p/ui_src_accel.c.o
 .rela.data.rel.local.ui_scrollbar_clickmatic_up_cb
                0x0000000000008af0       0x18 uspace/lib/libui.so.0.0.p/ui_src_accel.c.o
 .rela.data.rel.local.ui_scrollbar_ops
                0x0000000000008b08       0x48 uspace/lib/libui.so.0.0.p/ui_src_accel.c.o
 .rela.data.rel.local.ui_scrollbar_down_btn_decor_ops
                0x0000000000008b50       0x18 uspace/lib/libui.so.0.0.p/ui_src_accel.c.o
 .rela.data.rel.local.ui_scrollbar_down_btn_cb
                0x0000000000008b68       0x30 uspace/lib/libui.so.0.0.p/ui_src_accel.c.o
 .rela.data.rel.local.ui_scrollbar_up_btn_decor_ops
                0x0000000000008b98       0x18 uspace/lib/libui.so.0.0.p/ui_src_accel.c.o
 .rela.data.rel.local.ui_scrollbar_up_btn_cb
                0x0000000000008bb0       0x30 uspace/lib/libui.so.0.0.p/ui_src_accel.c.o
 .rela.data.rel.local.ui_select_dialog_list_cb
                0x0000000000008be0       0x18 uspace/lib/libui.so.0.0.p/ui_src_accel.c.o
 .rela.data.rel.local.ui_select_dialog_bcancel_cb
                0x0000000000008bf8       0x18 uspace/lib/libui.so.0.0.p/ui_src_accel.c.o
 .rela.data.rel.local.ui_select_dialog_bok_cb
                0x0000000000008c10       0x18 uspace/lib/libui.so.0.0.p/ui_src_accel.c.o
 .rela.data.rel.local.ui_select_dialog_wnd_cb
                0x0000000000008c28       0x30 uspace/lib/libui.so.0.0.p/ui_src_accel.c.o
 .rela.data.rel.local.ui_slider_ops
                0x0000000000008c58       0x48 uspace/lib/libui.so.0.0.p/ui_src_accel.c.o
 .rela.data.rel.local.unsel_tab_box_chars
                0x0000000000008ca0       0xd8 uspace/lib/libui.so.0.0.p/ui_src_accel.c.o
 .rela.data.rel.local.sel_tab_box_chars
                0x0000000000008d78       0xd8 uspace/lib/libui.so.0.0.p/ui_src_accel.c.o
 .rela.data.rel.local.ui_tab_set_ops
                0x0000000000008e50       0x60 uspace/lib/libui.so.0.0.p/ui_src_accel.c.o
 .rela.data.rel.local.ui_test_ctl_ops
                0x0000000000008eb0       0x78 uspace/lib/libui.so.0.0.p/ui_src_accel.c.o
 .rela.data.rel.local.ui_wdecor_btn_close_decor_ops
                0x0000000000008f28       0x18 uspace/lib/libui.so.0.0.p/ui_src_accel.c.o
 .rela.data.rel.local.ui_wdecor_btn_close_cb
                0x0000000000008f40       0x18 uspace/lib/libui.so.0.0.p/ui_src_accel.c.o
 .rela.data.rel.local.ui_wdecor_btn_max_decor_ops
                0x0000000000008f58       0x18 uspace/lib/libui.so.0.0.p/ui_src_accel.c.o
 .rela.data.rel.local.ui_wdecor_btn_max_cb
                0x0000000000008f70       0x18 uspace/lib/libui.so.0.0.p/ui_src_accel.c.o
 .rela.data.rel.local.ui_wdecor_btn_min_decor_ops
                0x0000000000008f88       0x18 uspace/lib/libui.so.0.0.p/ui_src_accel.c.o
 .rela.data.rel.local.ui_wdecor_btn_min_cb
                0x0000000000008fa0       0x18 uspace/lib/libui.so.0.0.p/ui_src_accel.c.o
 .rela.data.rel.local.ui_window_app_mem_gc_cb
                0x0000000000008fb8       0x30 uspace/lib/libui.so.0.0.p/ui_src_accel.c.o
 .rela.data.rel.local.ui_window_mem_gc_cb
                0x0000000000008fe8       0x78 uspace/lib/libui.so.0.0.p/ui_src_accel.c.o
 .rela.data.rel.local.wnd_sysmenu_cb
                0x0000000000009060       0x60 uspace/lib/libui.so.0.0.p/ui_src_accel.c.o
 .rela.data.rel.local.wdecor_cb
                0x00000000000090c0      0x108 uspace/lib/libui.so.0.0.p/ui_src_accel.c.o
 .rela.data.rel.local.dwnd_cb
                0x00000000000091c8       0x90 uspace/lib/libui.so.0.0.p/ui_src_accel.c.o
 *(.rela.tdata .rela.tdata.* .rela.gnu.linkonce.td.*)
 *(.rela.tbss .rela.tbss.* .rela.gnu.linkonce.tb.*)
 *(.rela.ctors)
 *(.rela.dtors)
 *(.rela.got)
 .rela.got      0x0000000000009258      0x348 uspace/lib/libui.so.0.0.p/ui_src_accel.c.o
 *(.rela.bss .rela.bss.* .rela.gnu.linkonce.b.*)
 *(.rela.ldata .rela.ldata.* .rela.gnu.linkonce.l.*)
 *(.rela.lbss .rela.lbss.* .rela.gnu.linkonce.lb.*)
 *(.rela.lrodata .rela.lrodata.* .rela.gnu.linkonce.lr.*)
 *(.rela.ifunc)
 .rela.ifunc    0x00000000000095a0        0x0 uspace/lib/libui.so.0.0.p/ui_src_accel.c.o

.rela.plt       0x00000000000095a0     0x3060
 *(.rela.plt)
 .rela.plt      0x00000000000095a0     0x3060 uspace/lib/libui.so.0.0.p/ui_src_accel.c.o
 *(.rela.iplt)

.relr.dyn
 *(.relr.dyn)

.init
 *(SORT_NONE(.init))

.plt            0x000000000000c600     0x2050
 *(.plt)
 .plt           0x000000000000c600     0x2050 uspace/lib/libui.so.0.0.p/ui_src_accel.c.o
 *(.iplt)

.plt.got        0x000000000000e650        0x0
 *(.plt.got)
 .plt.got       0x000000000000e650        0x0 uspace/lib/libui.so.0.0.p/ui_src_accel.c.o

.plt.sec
 *(.plt.sec)

.text           0x000000000000e650    0x12acb
 *(.text.unlikely .text.*_unlikely .text.unlikely.*)
 *(.text.exit .text.exit.*)
 *(.text.startup .text.startup.*)
 *(.text.hot .text.hot.*)
 *(SORT_BY_NAME(.text.sorted.*))
 *(.text .stub .text.* .gnu.linkonce.t.*)
 .text.ui_accel_process
                0x000000000000e650       0x9d uspace/lib/libui.so.0.0.p/ui_src_accel.c.o
                0x000000000000e650                ui_accel_process
 *fill*         0x000000000000e6ed        0x3 
 .text.ui_accel_get
                0x000000000000e6f0       0x63 uspace/lib/libui.so.0.0.p/ui_src_accel.c.o
                0x000000000000e6f0                ui_accel_get
 *fill*         0x000000000000e753        0xd 
 .text.ui_checkbox_create
                0x000000000000e760       0xa0 uspace/lib/libui.so.0.0.p/ui_src_checkbox.c.o
                0x000000000000e760                ui_checkbox_create
 .text.ui_checkbox_destroy
                0x000000000000e800       0x31 uspace/lib/libui.so.0.0.p/ui_src_checkbox.c.o
                0x000000000000e800                ui_checkbox_destroy
 *fill*         0x000000000000e831        0xf 
 .text.ui_checkbox_ctl_destroy
                0x000000000000e840        0xa uspace/lib/libui.so.0.0.p/ui_src_checkbox.c.o
 *fill*         0x000000000000e84a        0x6 
 .text.ui_checkbox_ctl
                0x000000000000e850        0x9 uspace/lib/libui.so.0.0.p/ui_src_checkbox.c.o
                0x000000000000e850                ui_checkbox_ctl
 *fill*         0x000000000000e859        0x7 
 .text.ui_checkbox_set_cb
                0x000000000000e860        0xe uspace/lib/libui.so.0.0.p/ui_src_checkbox.c.o
                0x000000000000e860                ui_checkbox_set_cb
 *fill*         0x000000000000e86e        0x2 
 .text.ui_checkbox_set_rect
                0x000000000000e870        0xe uspace/lib/libui.so.0.0.p/ui_src_checkbox.c.o
                0x000000000000e870                ui_checkbox_set_rect
 *fill*         0x000000000000e87e        0x2 
 .text.ui_checkbox_get_checked
                0x000000000000e880        0xa uspace/lib/libui.so.0.0.p/ui_src_checkbox.c.o
                0x000000000000e880                ui_checkbox_get_checked
 *fill*         0x000000000000e88a        0x6 
 .text.ui_checkbox_set_checked
                0x000000000000e890        0xa uspace/lib/libui.so.0.0.p/ui_src_checkbox.c.o
                0x000000000000e890                ui_checkbox_set_checked
 *fill*         0x000000000000e89a        0x6 
 .text.ui_checkbox_paint_gfx
                0x000000000000e8a0      0x17e uspace/lib/libui.so.0.0.p/ui_src_checkbox.c.o
                0x000000000000e8a0                ui_checkbox_paint_gfx
 *fill*         0x000000000000ea1e        0x2 
 .text.ui_checkbox_paint_text
                0x000000000000ea20       0xf2 uspace/lib/libui.so.0.0.p/ui_src_checkbox.c.o
                0x000000000000ea20                ui_checkbox_paint_text
 *fill*         0x000000000000eb12        0xe 
 .text.ui_checkbox_paint
                0x000000000000eb20       0x1e uspace/lib/libui.so.0.0.p/ui_src_checkbox.c.o
                0x000000000000eb20                ui_checkbox_paint
 *fill*         0x000000000000eb3e        0x2 
 .text.ui_checkbox_ctl_paint
                0x000000000000eb40        0xa uspace/lib/libui.so.0.0.p/ui_src_checkbox.c.o
 *fill*         0x000000000000eb4a        0x6 
 .text.ui_checkbox_press
                0x000000000000eb50       0x1f uspace/lib/libui.so.0.0.p/ui_src_checkbox.c.o
                0x000000000000eb50                ui_checkbox_press
 *fill*         0x000000000000eb6f        0x1 
 .text.ui_checkbox_enter
                0x000000000000eb70       0x26 uspace/lib/libui.so.0.0.p/ui_src_checkbox.c.o
                0x000000000000eb70                ui_checkbox_enter
 *fill*         0x000000000000eb96        0xa 
 .text.ui_checkbox_leave
                0x000000000000eba0       0x26 uspace/lib/libui.so.0.0.p/ui_src_checkbox.c.o
                0x000000000000eba0                ui_checkbox_leave
 *fill*         0x000000000000ebc6        0xa 
 .text.ui_checkbox_switched
                0x000000000000ebd0       0x22 uspace/lib/libui.so.0.0.p/ui_src_checkbox.c.o
                0x000000000000ebd0                ui_checkbox_switched
 *fill*         0x000000000000ebf2        0xe 
 .text.ui_checkbox_release
                0x000000000000ec00       0x37 uspace/lib/libui.so.0.0.p/ui_src_checkbox.c.o
                0x000000000000ec00                ui_checkbox_release
 *fill*         0x000000000000ec37        0x9 
 .text.ui_checkbox_pos_event
                0x000000000000ec40       0xae uspace/lib/libui.so.0.0.p/ui_src_checkbox.c.o
                0x000000000000ec40                ui_checkbox_pos_event
 *fill*         0x000000000000ecee        0x2 
 .text.ui_checkbox_ctl_pos_event
                0x000000000000ecf0        0xa uspace/lib/libui.so.0.0.p/ui_src_checkbox.c.o
 *fill*         0x000000000000ecfa        0x6 
 .text.ui_clickmatic_create
                0x000000000000ed00       0x5f uspace/lib/libui.so.0.0.p/ui_src_clickmatic.c.o
                0x000000000000ed00                ui_clickmatic_create
 *fill*         0x000000000000ed5f        0x1 
 .text.ui_clickmatic_set_cb
                0x000000000000ed60        0xe uspace/lib/libui.so.0.0.p/ui_src_clickmatic.c.o
                0x000000000000ed60                ui_clickmatic_set_cb
 *fill*         0x000000000000ed6e        0x2 
 .text.ui_clickmatic_destroy
                0x000000000000ed70       0x31 uspace/lib/libui.so.0.0.p/ui_src_clickmatic.c.o
                0x000000000000ed70                ui_clickmatic_destroy
 *fill*         0x000000000000eda1        0xf 
 .text.ui_clickmatic_release
                0x000000000000edb0        0xe uspace/lib/libui.so.0.0.p/ui_src_clickmatic.c.o
                0x000000000000edb0                ui_clickmatic_release
 *fill*         0x000000000000edbe        0x2 
 .text.ui_clickmatic_clicked
                0x000000000000edc0       0x22 uspace/lib/libui.so.0.0.p/ui_src_clickmatic.c.o
                0x000000000000edc0                ui_clickmatic_clicked
 *fill*         0x000000000000ede2        0xe 
 .text.ui_clickmatic_press
                0x000000000000edf0       0x2e uspace/lib/libui.so.0.0.p/ui_src_clickmatic.c.o
                0x000000000000edf0                ui_clickmatic_press
 *fill*         0x000000000000ee1e        0x2 
 .text.ui_clickmatic_timer_fun
                0x000000000000ee20       0x41 uspace/lib/libui.so.0.0.p/ui_src_clickmatic.c.o
 *fill*         0x000000000000ee61        0xf 
 .text.ui_control_new
                0x000000000000ee70       0x4a uspace/lib/libui.so.0.0.p/ui_src_control.c.o
                0x000000000000ee70                ui_control_new
 *fill*         0x000000000000eeba        0x6 
 .text.ui_control_delete
                0x000000000000eec0       0x12 uspace/lib/libui.so.0.0.p/ui_src_control.c.o
                0x000000000000eec0                ui_control_delete
 *fill*         0x000000000000eed2        0xe 
 .text.ui_control_destroy
                0x000000000000eee0       0x22 uspace/lib/libui.so.0.0.p/ui_src_control.c.o
                0x000000000000eee0                ui_control_destroy
 *fill*         0x000000000000ef02        0xe 
 .text.ui_control_kbd_event
                0x000000000000ef10       0x27 uspace/lib/libui.so.0.0.p/ui_src_control.c.o
                0x000000000000ef10                ui_control_kbd_event
 *fill*         0x000000000000ef37        0x9 
 .text.ui_control_paint
                0x000000000000ef40       0x16 uspace/lib/libui.so.0.0.p/ui_src_control.c.o
                0x000000000000ef40                ui_control_paint
 *fill*         0x000000000000ef56        0xa 
 .text.ui_control_pos_event
                0x000000000000ef60       0x16 uspace/lib/libui.so.0.0.p/ui_src_control.c.o
                0x000000000000ef60                ui_control_pos_event
 *fill*         0x000000000000ef76        0xa 
 .text.ui_control_unfocus
                0x000000000000ef80       0x22 uspace/lib/libui.so.0.0.p/ui_src_control.c.o
                0x000000000000ef80                ui_control_unfocus
 *fill*         0x000000000000efa2        0xe 
 .text.dummygc_set_clip_rect
                0x000000000000efb0        0x8 uspace/lib/libui.so.0.0.p/ui_src_dummygc.c.o
 *fill*         0x000000000000efb8        0x8 
 .text.dummygc_update
                0x000000000000efc0        0x8 uspace/lib/libui.so.0.0.p/ui_src_dummygc.c.o
 *fill*         0x000000000000efc8        0x8 
 .text.dummygc_bitmap_render
                0x000000000000efd0       0x38 uspace/lib/libui.so.0.0.p/ui_src_dummygc.c.o
 *fill*         0x000000000000f008        0x8 
 .text.dummygc_bitmap_get_alloc
                0x000000000000f010       0x1f uspace/lib/libui.so.0.0.p/ui_src_dummygc.c.o
 *fill*         0x000000000000f02f        0x1 
 .text.dummygc_bitmap_destroy
                0x000000000000f030       0x3b uspace/lib/libui.so.0.0.p/ui_src_dummygc.c.o
 *fill*         0x000000000000f06b        0x5 
 .text.dummygc_bitmap_create
                0x000000000000f070       0xd6 uspace/lib/libui.so.0.0.p/ui_src_dummygc.c.o
 *fill*         0x000000000000f146        0xa 
 .text.dummygc_set_color
                0x000000000000f150        0x8 uspace/lib/libui.so.0.0.p/ui_src_dummygc.c.o
 *fill*         0x000000000000f158        0x8 
 .text.dummygc_fill_rect
                0x000000000000f160        0x8 uspace/lib/libui.so.0.0.p/ui_src_dummygc.c.o
 *fill*         0x000000000000f168        0x8 
 .text.dummygc_create
                0x000000000000f170       0x6e uspace/lib/libui.so.0.0.p/ui_src_dummygc.c.o
                0x000000000000f170                dummygc_create
 *fill*         0x000000000000f1de        0x2 
 .text.dummygc_destroy
                0x000000000000f1e0       0x21 uspace/lib/libui.so.0.0.p/ui_src_dummygc.c.o
                0x000000000000f1e0                dummygc_destroy
 *fill*         0x000000000000f201        0xf 
 .text.dummygc_get_ctx
                0x000000000000f210        0x9 uspace/lib/libui.so.0.0.p/ui_src_dummygc.c.o
                0x000000000000f210                dummygc_get_ctx
 *fill*         0x000000000000f219        0x7 
 .text.ui_entry_create
                0x000000000000f220       0xa8 uspace/lib/libui.so.0.0.p/ui_src_entry.c.o
                0x000000000000f220                ui_entry_create
 *fill*         0x000000000000f2c8        0x8 
 .text.ui_entry_destroy
                0x000000000000f2d0       0x31 uspace/lib/libui.so.0.0.p/ui_src_entry.c.o
                0x000000000000f2d0                ui_entry_destroy
 *fill*         0x000000000000f301        0xf 
 .text.ui_entry_ctl_destroy
                0x000000000000f310        0xa uspace/lib/libui.so.0.0.p/ui_src_entry.c.o
 *fill*         0x000000000000f31a        0x6 
 .text.ui_entry_ctl
                0x000000000000f320        0x9 uspace/lib/libui.so.0.0.p/ui_src_entry.c.o
                0x000000000000f320                ui_entry_ctl
 *fill*         0x000000000000f329        0x7 
 .text.ui_entry_set_rect
                0x000000000000f330        0xe uspace/lib/libui.so.0.0.p/ui_src_entry.c.o
                0x000000000000f330                ui_entry_set_rect
 *fill*         0x000000000000f33e        0x2 
 .text.ui_entry_set_read_only
                0x000000000000f340        0xa uspace/lib/libui.so.0.0.p/ui_src_entry.c.o
                0x000000000000f340                ui_entry_set_read_only
 *fill*         0x000000000000f34a        0x6 
 .text.ui_entry_get_text
                0x000000000000f350        0xa uspace/lib/libui.so.0.0.p/ui_src_entry.c.o
                0x000000000000f350                ui_entry_get_text
 *fill*         0x000000000000f35a        0x6 
 .text.ui_entry_copy
                0x000000000000f360       0x50 uspace/lib/libui.so.0.0.p/ui_src_entry.c.o
                0x000000000000f360                ui_entry_copy
 .text.ui_entry_get_geom
                0x000000000000f3b0       0xee uspace/lib/libui.so.0.0.p/ui_src_entry.c.o
                0x000000000000f3b0                ui_entry_get_geom
 *fill*         0x000000000000f49e        0x2 
 .text.ui_entry_paint
                0x000000000000f4a0      0x401 uspace/lib/libui.so.0.0.p/ui_src_entry.c.o
                0x000000000000f4a0                ui_entry_paint
 *fill*         0x000000000000f8a1        0xf 
 .text.ui_entry_ctl_paint
                0x000000000000f8b0        0xa uspace/lib/libui.so.0.0.p/ui_src_entry.c.o
 *fill*         0x000000000000f8ba        0x6 
 .text.ui_entry_find_pos
                0x000000000000f8c0       0x6f uspace/lib/libui.so.0.0.p/ui_src_entry.c.o
                0x000000000000f8c0                ui_entry_find_pos
 *fill*         0x000000000000f92f        0x1 
 .text.ui_entry_activate
                0x000000000000f930       0x49 uspace/lib/libui.so.0.0.p/ui_src_entry.c.o
                0x000000000000f930                ui_entry_activate
 *fill*         0x000000000000f979        0x7 
 .text.ui_entry_deactivate
                0x000000000000f980       0x4c uspace/lib/libui.so.0.0.p/ui_src_entry.c.o
                0x000000000000f980                ui_entry_deactivate
 *fill*         0x000000000000f9cc        0x4 
 .text.ui_entry_pos_event
                0x000000000000f9d0      0x174 uspace/lib/libui.so.0.0.p/ui_src_entry.c.o
                0x000000000000f9d0                ui_entry_pos_event
 *fill*         0x000000000000fb44        0xc 
 .text.ui_entry_ctl_pos_event
                0x000000000000fb50        0xa uspace/lib/libui.so.0.0.p/ui_src_entry.c.o
 *fill*         0x000000000000fb5a        0x6 
 .text.ui_entry_scroll_update
                0x000000000000fb60      0x13f uspace/lib/libui.so.0.0.p/ui_src_entry.c.o
                0x000000000000fb60                ui_entry_scroll_update
 *fill*         0x000000000000fc9f        0x1 
 .text.ui_entry_set_halign
                0x000000000000fca0       0x26 uspace/lib/libui.so.0.0.p/ui_src_entry.c.o
                0x000000000000fca0                ui_entry_set_halign
 *fill*         0x000000000000fcc6        0xa 
 .text.ui_entry_set_text
                0x000000000000fcd0       0x78 uspace/lib/libui.so.0.0.p/ui_src_entry.c.o
                0x000000000000fcd0                ui_entry_set_text
 *fill*         0x000000000000fd48        0x8 
 .text.ui_entry_delete_sel
                0x000000000000fd50       0x7a uspace/lib/libui.so.0.0.p/ui_src_entry.c.o
                0x000000000000fd50                ui_entry_delete_sel
 *fill*         0x000000000000fdca        0x6 
 .text.ui_entry_cut
                0x000000000000fdd0       0x1e uspace/lib/libui.so.0.0.p/ui_src_entry.c.o
                0x000000000000fdd0                ui_entry_cut
 *fill*         0x000000000000fdee        0x2 
 .text.ui_entry_insert_str
                0x000000000000fdf0       0xe2 uspace/lib/libui.so.0.0.p/ui_src_entry.c.o
                0x000000000000fdf0                ui_entry_insert_str
 *fill*         0x000000000000fed2        0xe 
 .text.ui_entry_paste
                0x000000000000fee0       0x34 uspace/lib/libui.so.0.0.p/ui_src_entry.c.o
                0x000000000000fee0                ui_entry_paste
 *fill*         0x000000000000ff14        0xc 
 .text.ui_entry_key_press_ctrl
                0x000000000000ff20       0x61 uspace/lib/libui.so.0.0.p/ui_src_entry.c.o
                0x000000000000ff20                ui_entry_key_press_ctrl
 *fill*         0x000000000000ff81        0xf 
 .text.ui_entry_backspace
                0x000000000000ff90       0x9a uspace/lib/libui.so.0.0.p/ui_src_entry.c.o
                0x000000000000ff90                ui_entry_backspace
 *fill*         0x000000000001002a        0x6 
 .text.ui_entry_delete
                0x0000000000010030       0x7c uspace/lib/libui.so.0.0.p/ui_src_entry.c.o
                0x0000000000010030                ui_entry_delete
 *fill*         0x00000000000100ac        0x4 
 .text.ui_entry_seek_start
                0x00000000000100b0       0x36 uspace/lib/libui.so.0.0.p/ui_src_entry.c.o
                0x00000000000100b0                ui_entry_seek_start
 *fill*         0x00000000000100e6        0xa 
 .text.ui_entry_seek_end
                0x00000000000100f0       0x37 uspace/lib/libui.so.0.0.p/ui_src_entry.c.o
                0x00000000000100f0                ui_entry_seek_end
 *fill*         0x0000000000010127        0x9 
 .text.ui_entry_seek_prev_char
                0x0000000000010130       0x5b uspace/lib/libui.so.0.0.p/ui_src_entry.c.o
                0x0000000000010130                ui_entry_seek_prev_char
 *fill*         0x000000000001018b        0x5 
 .text.ui_entry_seek_next_char
                0x0000000000010190       0x5b uspace/lib/libui.so.0.0.p/ui_src_entry.c.o
                0x0000000000010190                ui_entry_seek_next_char
 *fill*         0x00000000000101eb        0x5 
 .text.ui_entry_key_press_unmod
                0x00000000000101f0       0xb3 uspace/lib/libui.so.0.0.p/ui_src_entry.c.o
                0x00000000000101f0                ui_entry_key_press_unmod
 *fill*         0x00000000000102a3        0xd 
 .text.ui_entry_key_press_shift
                0x00000000000102b0       0x86 uspace/lib/libui.so.0.0.p/ui_src_entry.c.o
                0x00000000000102b0                ui_entry_key_press_shift
 *fill*         0x0000000000010336        0xa 
 .text.ui_entry_kbd_event
                0x0000000000010340      0x169 uspace/lib/libui.so.0.0.p/ui_src_entry.c.o
                0x0000000000010340                ui_entry_kbd_event
 *fill*         0x00000000000104a9        0x7 
 .text.ui_entry_ctl_kbd_event
                0x00000000000104b0        0xa uspace/lib/libui.so.0.0.p/ui_src_entry.c.o
 *fill*         0x00000000000104ba        0x6 
 .text.ui_file_dialog_wnd_close
                0x00000000000104c0       0x22 uspace/lib/libui.so.0.0.p/ui_src_filedialog.c.o
 *fill*         0x00000000000104e2        0xe 
 .text.ui_file_dialog_flist_selected
                0x00000000000104f0       0x15 uspace/lib/libui.so.0.0.p/ui_src_filedialog.c.o
 *fill*         0x0000000000010505        0xb 
 .text.ui_file_dialog_bcancel_clicked
                0x0000000000010510       0x22 uspace/lib/libui.so.0.0.p/ui_src_filedialog.c.o
 *fill*         0x0000000000010532        0xe 
 .text.ui_file_dialog_flist_activate_req
                0x0000000000010540       0x23 uspace/lib/libui.so.0.0.p/ui_src_filedialog.c.o
 *fill*         0x0000000000010563        0xd 
 .text.ui_file_dialog_wnd_kbd
                0x0000000000010570       0x99 uspace/lib/libui.so.0.0.p/ui_src_filedialog.c.o
 *fill*         0x0000000000010609        0x7 
 .text.ui_file_dialog_bok_clicked
                0x0000000000010610       0x41 uspace/lib/libui.so.0.0.p/ui_src_filedialog.c.o
 *fill*         0x0000000000010651        0xf 
 .text.ui_file_dialog_params_init
                0x0000000000010660       0x18 uspace/lib/libui.so.0.0.p/ui_src_filedialog.c.o
                0x0000000000010660                ui_file_dialog_params_init
 *fill*         0x0000000000010678        0x8 
 .text.ui_file_dialog_create
                0x0000000000010680      0x65b uspace/lib/libui.so.0.0.p/ui_src_filedialog.c.o
                0x0000000000010680                ui_file_dialog_create
 *fill*         0x0000000000010cdb        0x5 
 .text.ui_file_dialog_destroy
                0x0000000000010ce0       0x31 uspace/lib/libui.so.0.0.p/ui_src_filedialog.c.o
                0x0000000000010ce0                ui_file_dialog_destroy
 *fill*         0x0000000000010d11        0xf 
 .text.ui_file_dialog_set_cb
                0x0000000000010d20        0xe uspace/lib/libui.so.0.0.p/ui_src_filedialog.c.o
                0x0000000000010d20                ui_file_dialog_set_cb
 *fill*         0x0000000000010d2e        0x2 
 .text.ui_file_list_ctl_pos_event
                0x0000000000010d30       0x25 uspace/lib/libui.so.0.0.p/ui_src_filelist.c.o
 *fill*         0x0000000000010d55        0xb 
 .text.ui_file_list_ctl_kbd_event
                0x0000000000010d60       0x25 uspace/lib/libui.so.0.0.p/ui_src_filelist.c.o
 *fill*         0x0000000000010d85        0xb 
 .text.ui_file_list_list_compare
                0x0000000000010d90       0x41 uspace/lib/libui.so.0.0.p/ui_src_filelist.c.o
                0x0000000000010d90                ui_file_list_list_compare
 *fill*         0x0000000000010dd1        0xf 
 .text.ui_file_list_create
                0x0000000000010de0       0xf9 uspace/lib/libui.so.0.0.p/ui_src_filelist.c.o
                0x0000000000010de0                ui_file_list_create
 *fill*         0x0000000000010ed9        0x7 
 .text.ui_file_list_set_cb
                0x0000000000010ee0        0xe uspace/lib/libui.so.0.0.p/ui_src_filelist.c.o
                0x0000000000010ee0                ui_file_list_set_cb
 *fill*         0x0000000000010eee        0x2 
 .text.ui_file_list_ctl
                0x0000000000010ef0        0x9 uspace/lib/libui.so.0.0.p/ui_src_filelist.c.o
                0x0000000000010ef0                ui_file_list_ctl
 *fill*         0x0000000000010ef9        0x7 
 .text.ui_file_list_set_rect
                0x0000000000010f00        0xe uspace/lib/libui.so.0.0.p/ui_src_filelist.c.o
                0x0000000000010f00                ui_file_list_set_rect
 *fill*         0x0000000000010f0e        0x2 
 .text.ui_file_list_is_active
                0x0000000000010f10        0xe uspace/lib/libui.so.0.0.p/ui_src_filelist.c.o
                0x0000000000010f10                ui_file_list_is_active
 *fill*         0x0000000000010f1e        0x2 
 .text.ui_file_list_activate
                0x0000000000010f20       0x36 uspace/lib/libui.so.0.0.p/ui_src_filelist.c.o
                0x0000000000010f20                ui_file_list_activate
 *fill*         0x0000000000010f56        0xa 
 .text.ui_file_list_deactivate
                0x0000000000010f60        0xe uspace/lib/libui.so.0.0.p/ui_src_filelist.c.o
                0x0000000000010f60                ui_file_list_deactivate
 *fill*         0x0000000000010f6e        0x2 
 .text.ui_file_list_entry_attr_init
                0x0000000000010f70       0x11 uspace/lib/libui.so.0.0.p/ui_src_filelist.c.o
                0x0000000000010f70                ui_file_list_entry_attr_init
 *fill*         0x0000000000010f81        0xf 
 .text.ui_file_list_entry_append
                0x0000000000010f90      0x19a uspace/lib/libui.so.0.0.p/ui_src_filelist.c.o
                0x0000000000010f90                ui_file_list_entry_append
 *fill*         0x000000000001112a        0x6 
 .text.ui_file_list_entry_destroy
                0x0000000000011130       0x2b uspace/lib/libui.so.0.0.p/ui_src_filelist.c.o
                0x0000000000011130                ui_file_list_entry_destroy
 *fill*         0x000000000001115b        0x5 
 .text.ui_file_list_sort
                0x0000000000011160        0xe uspace/lib/libui.so.0.0.p/ui_src_filelist.c.o
                0x0000000000011160                ui_file_list_sort
 *fill*         0x000000000001116e        0x2 
 .text.ui_file_list_first
                0x0000000000011170       0x24 uspace/lib/libui.so.0.0.p/ui_src_filelist.c.o
                0x0000000000011170                ui_file_list_first
 *fill*         0x0000000000011194        0xc 
 .text.ui_file_list_clear_entries
                0x00000000000111a0       0x3b uspace/lib/libui.so.0.0.p/ui_src_filelist.c.o
                0x00000000000111a0                ui_file_list_clear_entries
 *fill*         0x00000000000111db        0x5 
 .text.ui_file_list_destroy
                0x00000000000111e0       0x2f uspace/lib/libui.so.0.0.p/ui_src_filelist.c.o
                0x00000000000111e0                ui_file_list_destroy
 *fill*         0x000000000001120f        0x1 
 .text.ui_file_list_ctl_destroy
                0x0000000000011210        0xa uspace/lib/libui.so.0.0.p/ui_src_filelist.c.o
 *fill*         0x000000000001121a        0x6 
 .text.ui_file_list_last
                0x0000000000011220       0x24 uspace/lib/libui.so.0.0.p/ui_src_filelist.c.o
                0x0000000000011220                ui_file_list_last
 *fill*         0x0000000000011244        0xc 
 .text.ui_file_list_next
                0x0000000000011250       0x24 uspace/lib/libui.so.0.0.p/ui_src_filelist.c.o
                0x0000000000011250                ui_file_list_next
 *fill*         0x0000000000011274        0xc 
 .text.ui_file_list_read_dir.part.0
                0x0000000000011280      0x294 uspace/lib/libui.so.0.0.p/ui_src_filelist.c.o
 *fill*         0x0000000000011514        0xc 
 .text.ui_file_list_read_dir
                0x0000000000011520       0x2f uspace/lib/libui.so.0.0.p/ui_src_filelist.c.o
                0x0000000000011520                ui_file_list_read_dir
 *fill*         0x000000000001154f        0x1 
 .text.ui_file_list_prev
                0x0000000000011550       0x24 uspace/lib/libui.so.0.0.p/ui_src_filelist.c.o
                0x0000000000011550                ui_file_list_prev
 *fill*         0x0000000000011574        0xc 
 .text.ui_file_list_get_cursor
                0x0000000000011580       0x24 uspace/lib/libui.so.0.0.p/ui_src_filelist.c.o
                0x0000000000011580                ui_file_list_get_cursor
 *fill*         0x00000000000115a4        0xc 
 .text.ui_file_list_activate_req
                0x00000000000115b0       0x22 uspace/lib/libui.so.0.0.p/ui_src_filelist.c.o
                0x00000000000115b0                ui_file_list_activate_req
 *fill*         0x00000000000115d2        0xe 
 .text.ui_file_list_list_activate_req
                0x00000000000115e0        0xd uspace/lib/libui.so.0.0.p/ui_src_filelist.c.o
 *fill*         0x00000000000115ed        0x3 
 .text.ui_file_list_selected
                0x00000000000115f0       0x22 uspace/lib/libui.so.0.0.p/ui_src_filelist.c.o
                0x00000000000115f0                ui_file_list_selected
 *fill*         0x0000000000011612        0xe 
 .text.ui_file_list_open_file
                0x0000000000011620       0x11 uspace/lib/libui.so.0.0.p/ui_src_filelist.c.o
                0x0000000000011620                ui_file_list_open_file
 *fill*         0x0000000000011631        0xf 
 .text.ui_file_list_paint
                0x0000000000011640       0x16 uspace/lib/libui.so.0.0.p/ui_src_filelist.c.o
                0x0000000000011640                ui_file_list_paint
 *fill*         0x0000000000011656        0xa 
 .text.ui_file_list_ctl_paint
                0x0000000000011660        0xa uspace/lib/libui.so.0.0.p/ui_src_filelist.c.o
 *fill*         0x000000000001166a        0x6 
 .text.ui_file_list_open_dir
                0x0000000000011670       0xa4 uspace/lib/libui.so.0.0.p/ui_src_filelist.c.o
                0x0000000000011670                ui_file_list_open_dir
 *fill*         0x0000000000011714        0xc 
 .text.ui_file_list_open
                0x0000000000011720       0x26 uspace/lib/libui.so.0.0.p/ui_src_filelist.c.o
                0x0000000000011720                ui_file_list_open
 *fill*         0x0000000000011746        0xa 
 .text.ui_file_list_list_selected
                0x0000000000011750        0xd uspace/lib/libui.so.0.0.p/ui_src_filelist.c.o
 *fill*         0x000000000001175d        0x3 
 .text.ui_fixed_create
                0x0000000000011760       0x7e uspace/lib/libui.so.0.0.p/ui_src_fixed.c.o
                0x0000000000011760                ui_fixed_create
 *fill*         0x00000000000117de        0x2 
 .text.ui_fixed_ctl
                0x00000000000117e0        0x9 uspace/lib/libui.so.0.0.p/ui_src_fixed.c.o
                0x00000000000117e0                ui_fixed_ctl
 *fill*         0x00000000000117e9        0x7 
 .text.ui_fixed_add
                0x00000000000117f0       0x56 uspace/lib/libui.so.0.0.p/ui_src_fixed.c.o
                0x00000000000117f0                ui_fixed_add
 *fill*         0x0000000000011846        0xa 
 .text.ui_fixed_remove
                0x0000000000011850       0x4c uspace/lib/libui.so.0.0.p/ui_src_fixed.c.o
                0x0000000000011850                ui_fixed_remove
 *fill*         0x000000000001189c        0x4 
 .text.ui_fixed_first
                0x00000000000118a0       0x24 uspace/lib/libui.so.0.0.p/ui_src_fixed.c.o
                0x00000000000118a0                ui_fixed_first
 *fill*         0x00000000000118c4        0xc 
 .text.ui_fixed_destroy
                0x00000000000118d0       0x61 uspace/lib/libui.so.0.0.p/ui_src_fixed.c.o
                0x00000000000118d0                ui_fixed_destroy
 *fill*         0x0000000000011931        0xf 
 .text.ui_fixed_ctl_destroy
                0x0000000000011940        0xa uspace/lib/libui.so.0.0.p/ui_src_fixed.c.o
 *fill*         0x000000000001194a        0x6 
 .text.ui_fixed_next
                0x0000000000011950       0x24 uspace/lib/libui.so.0.0.p/ui_src_fixed.c.o
                0x0000000000011950                ui_fixed_next
 *fill*         0x0000000000011974        0xc 
 .text.ui_fixed_paint
                0x0000000000011980       0x50 uspace/lib/libui.so.0.0.p/ui_src_fixed.c.o
                0x0000000000011980                ui_fixed_paint
 .text.ui_fixed_ctl_paint
                0x00000000000119d0        0xa uspace/lib/libui.so.0.0.p/ui_src_fixed.c.o
 *fill*         0x00000000000119da        0x6 
 .text.ui_fixed_kbd_event
                0x00000000000119e0       0x52 uspace/lib/libui.so.0.0.p/ui_src_fixed.c.o
                0x00000000000119e0                ui_fixed_kbd_event
 *fill*         0x0000000000011a32        0xe 
 .text.ui_fixed_ctl_kbd_event
                0x0000000000011a40        0xa uspace/lib/libui.so.0.0.p/ui_src_fixed.c.o
 *fill*         0x0000000000011a4a        0x6 
 .text.ui_fixed_pos_event
                0x0000000000011a50       0x52 uspace/lib/libui.so.0.0.p/ui_src_fixed.c.o
                0x0000000000011a50                ui_fixed_pos_event
 *fill*         0x0000000000011aa2        0xe 
 .text.ui_fixed_ctl_pos_event
                0x0000000000011ab0        0xa uspace/lib/libui.so.0.0.p/ui_src_fixed.c.o
 *fill*         0x0000000000011aba        0x6 
 .text.ui_fixed_unfocus
                0x0000000000011ac0       0x41 uspace/lib/libui.so.0.0.p/ui_src_fixed.c.o
                0x0000000000011ac0                ui_fixed_unfocus
 *fill*         0x0000000000011b01        0xf 
 .text.ui_fixed_ctl_unfocus
                0x0000000000011b10        0xa uspace/lib/libui.so.0.0.p/ui_src_fixed.c.o
 *fill*         0x0000000000011b1a        0x6 
 .text.ui_image_ctl_pos_event
                0x0000000000011b20        0xb uspace/lib/libui.so.0.0.p/ui_src_image.c.o
 *fill*         0x0000000000011b2b        0x5 
 .text.ui_image_create
                0x0000000000011b30       0x94 uspace/lib/libui.so.0.0.p/ui_src_image.c.o
                0x0000000000011b30                ui_image_create
 *fill*         0x0000000000011bc4        0xc 
 .text.ui_image_destroy
                0x0000000000011bd0       0x39 uspace/lib/libui.so.0.0.p/ui_src_image.c.o
                0x0000000000011bd0                ui_image_destroy
 *fill*         0x0000000000011c09        0x7 
 .text.ui_image_ctl_destroy
                0x0000000000011c10        0xa uspace/lib/libui.so.0.0.p/ui_src_image.c.o
 *fill*         0x0000000000011c1a        0x6 
 .text.ui_image_ctl
                0x0000000000011c20        0x9 uspace/lib/libui.so.0.0.p/ui_src_image.c.o
                0x0000000000011c20                ui_image_ctl
 *fill*         0x0000000000011c29        0x7 
 .text.ui_image_set_rect
                0x0000000000011c30        0xe uspace/lib/libui.so.0.0.p/ui_src_image.c.o
                0x0000000000011c30                ui_image_set_rect
 *fill*         0x0000000000011c3e        0x2 
 .text.ui_image_set_flags
                0x0000000000011c40        0x9 uspace/lib/libui.so.0.0.p/ui_src_image.c.o
                0x0000000000011c40                ui_image_set_flags
 *fill*         0x0000000000011c49        0x7 
 .text.ui_image_paint
                0x0000000000011c50       0xfc uspace/lib/libui.so.0.0.p/ui_src_image.c.o
                0x0000000000011c50                ui_image_paint
 *fill*         0x0000000000011d4c        0x4 
 .text.ui_image_ctl_paint
                0x0000000000011d50        0xa uspace/lib/libui.so.0.0.p/ui_src_image.c.o
 *fill*         0x0000000000011d5a        0x6 
 .text.ui_image_set_bmp
                0x0000000000011d60       0x12 uspace/lib/libui.so.0.0.p/ui_src_image.c.o
                0x0000000000011d60                ui_image_set_bmp
 *fill*         0x0000000000011d72        0xe 
 .text.ui_label_ctl_pos_event
                0x0000000000011d80        0xb uspace/lib/libui.so.0.0.p/ui_src_label.c.o
 *fill*         0x0000000000011d8b        0x5 
 .text.ui_label_create
                0x0000000000011d90       0xa8 uspace/lib/libui.so.0.0.p/ui_src_label.c.o
                0x0000000000011d90                ui_label_create
 *fill*         0x0000000000011e38        0x8 
 .text.ui_label_destroy
                0x0000000000011e40       0x31 uspace/lib/libui.so.0.0.p/ui_src_label.c.o
                0x0000000000011e40                ui_label_destroy
 *fill*         0x0000000000011e71        0xf 
 .text.ui_label_ctl_destroy
                0x0000000000011e80        0xa uspace/lib/libui.so.0.0.p/ui_src_label.c.o
 *fill*         0x0000000000011e8a        0x6 
 .text.ui_label_ctl
                0x0000000000011e90        0x9 uspace/lib/libui.so.0.0.p/ui_src_label.c.o
                0x0000000000011e90                ui_label_ctl
 *fill*         0x0000000000011e99        0x7 
 .text.ui_label_set_rect
                0x0000000000011ea0        0xe uspace/lib/libui.so.0.0.p/ui_src_label.c.o
                0x0000000000011ea0                ui_label_set_rect
 *fill*         0x0000000000011eae        0x2 
 .text.ui_label_set_halign
                0x0000000000011eb0        0x9 uspace/lib/libui.so.0.0.p/ui_src_label.c.o
                0x0000000000011eb0                ui_label_set_halign
 *fill*         0x0000000000011eb9        0x7 
 .text.ui_label_set_valign
                0x0000000000011ec0        0x9 uspace/lib/libui.so.0.0.p/ui_src_label.c.o
                0x0000000000011ec0                ui_label_set_valign
 *fill*         0x0000000000011ec9        0x7 
 .text.ui_label_set_text
                0x0000000000011ed0       0x3a uspace/lib/libui.so.0.0.p/ui_src_label.c.o
                0x0000000000011ed0                ui_label_set_text
 *fill*         0x0000000000011f0a        0x6 
 .text.ui_label_paint
                0x0000000000011f10      0x153 uspace/lib/libui.so.0.0.p/ui_src_label.c.o
                0x0000000000011f10                ui_label_paint
 *fill*         0x0000000000012063        0xd 
 .text.ui_label_ctl_paint
                0x0000000000012070        0xa uspace/lib/libui.so.0.0.p/ui_src_label.c.o
 *fill*         0x000000000001207a        0x6 
 .text.ui_list_entry_ptr_cmp
                0x0000000000012080       0x18 uspace/lib/libui.so.0.0.p/ui_src_list.c.o
                0x0000000000012080                ui_list_entry_ptr_cmp
 *fill*         0x0000000000012098        0x8 
 .text.ui_list_create
                0x00000000000120a0       0xda uspace/lib/libui.so.0.0.p/ui_src_list.c.o
                0x00000000000120a0                ui_list_create
 *fill*         0x000000000001217a        0x6 
 .text.ui_list_set_cb
                0x0000000000012180        0xe uspace/lib/libui.so.0.0.p/ui_src_list.c.o
                0x0000000000012180                ui_list_set_cb
 *fill*         0x000000000001218e        0x2 
 .text.ui_list_get_cb_arg
                0x0000000000012190        0xa uspace/lib/libui.so.0.0.p/ui_src_list.c.o
                0x0000000000012190                ui_list_get_cb_arg
 *fill*         0x000000000001219a        0x6 
 .text.ui_list_entry_height
                0x00000000000121a0       0x39 uspace/lib/libui.so.0.0.p/ui_src_list.c.o
                0x00000000000121a0                ui_list_entry_height
 *fill*         0x00000000000121d9        0x7 
 .text.ui_list_ctl
                0x00000000000121e0        0x9 uspace/lib/libui.so.0.0.p/ui_src_list.c.o
                0x00000000000121e0                ui_list_ctl
 *fill*         0x00000000000121e9        0x7 
 .text.ui_list_inside_rect
                0x00000000000121f0       0x81 uspace/lib/libui.so.0.0.p/ui_src_list.c.o
                0x00000000000121f0                ui_list_inside_rect
 *fill*         0x0000000000012271        0xf 
 .text.ui_list_page_size
                0x0000000000012280       0x33 uspace/lib/libui.so.0.0.p/ui_src_list.c.o
                0x0000000000012280                ui_list_page_size
 *fill*         0x00000000000122b3        0xd 
 .text.ui_list_entry_paint
                0x00000000000122c0      0x278 uspace/lib/libui.so.0.0.p/ui_src_list.c.o
                0x00000000000122c0                ui_list_entry_paint
 *fill*         0x0000000000012538        0x8 
 .text.ui_list_scrollbar_rect
                0x0000000000012540       0x81 uspace/lib/libui.so.0.0.p/ui_src_list.c.o
                0x0000000000012540                ui_list_scrollbar_rect
 *fill*         0x00000000000125c1        0xf 
 .text.ui_list_set_rect
                0x00000000000125d0       0x37 uspace/lib/libui.so.0.0.p/ui_src_list.c.o
                0x00000000000125d0                ui_list_set_rect
 *fill*         0x0000000000012607        0x9 
 .text.ui_list_scrollbar_pos
                0x0000000000012610       0x5d uspace/lib/libui.so.0.0.p/ui_src_list.c.o
                0x0000000000012610                ui_list_scrollbar_pos
 *fill*         0x000000000001266d        0x3 
 .text.ui_list_scrollbar_update
                0x0000000000012670       0x21 uspace/lib/libui.so.0.0.p/ui_src_list.c.o
                0x0000000000012670                ui_list_scrollbar_update
 *fill*         0x0000000000012691        0xf 
 .text.ui_list_is_active
                0x00000000000126a0        0xa uspace/lib/libui.so.0.0.p/ui_src_list.c.o
                0x00000000000126a0                ui_list_is_active
 *fill*         0x00000000000126aa        0x6 
 .text.ui_list_entry_attr_init
                0x00000000000126b0       0x11 uspace/lib/libui.so.0.0.p/ui_src_list.c.o
                0x00000000000126b0                ui_list_entry_attr_init
 *fill*         0x00000000000126c1        0xf 
 .text.ui_list_entry_append
                0x00000000000126d0       0xdf uspace/lib/libui.so.0.0.p/ui_src_list.c.o
                0x00000000000126d0                ui_list_entry_append
 *fill*         0x00000000000127af        0x1 
 .text.ui_list_entry_destroy
                0x00000000000127b0       0x6a uspace/lib/libui.so.0.0.p/ui_src_list.c.o
                0x00000000000127b0                ui_list_entry_destroy
 *fill*         0x000000000001281a        0x6 
 .text.ui_list_entry_get_arg
                0x0000000000012820        0xa uspace/lib/libui.so.0.0.p/ui_src_list.c.o
                0x0000000000012820                ui_list_entry_get_arg
 *fill*         0x000000000001282a        0x6 
 .text.ui_list_entry_get_list
                0x0000000000012830        0x9 uspace/lib/libui.so.0.0.p/ui_src_list.c.o
                0x0000000000012830                ui_list_entry_get_list
 *fill*         0x0000000000012839        0x7 
 .text.ui_list_entries_cnt
                0x0000000000012840        0xa uspace/lib/libui.so.0.0.p/ui_src_list.c.o
                0x0000000000012840                ui_list_entries_cnt
 *fill*         0x000000000001284a        0x6 
 .text.ui_list_first
                0x0000000000012850       0x24 uspace/lib/libui.so.0.0.p/ui_src_list.c.o
                0x0000000000012850                ui_list_first
 *fill*         0x0000000000012874        0xc 
 .text.ui_list_clear_entries
                0x0000000000012880       0x3b uspace/lib/libui.so.0.0.p/ui_src_list.c.o
                0x0000000000012880                ui_list_clear_entries
 *fill*         0x00000000000128bb        0x5 
 .text.ui_list_destroy
                0x00000000000128c0       0x26 uspace/lib/libui.so.0.0.p/ui_src_list.c.o
                0x00000000000128c0                ui_list_destroy
 *fill*         0x00000000000128e6        0xa 
 .text.ui_list_ctl_destroy
                0x00000000000128f0        0xa uspace/lib/libui.so.0.0.p/ui_src_list.c.o
 *fill*         0x00000000000128fa        0x6 
 .text.ui_list_last
                0x0000000000012900       0x24 uspace/lib/libui.so.0.0.p/ui_src_list.c.o
                0x0000000000012900                ui_list_last
 *fill*         0x0000000000012924        0xc 
 .text.ui_list_next
                0x0000000000012930       0x24 uspace/lib/libui.so.0.0.p/ui_src_list.c.o
                0x0000000000012930                ui_list_next
 *fill*         0x0000000000012954        0xc 
 .text.ui_list_paint
                0x0000000000012960      0x10a uspace/lib/libui.so.0.0.p/ui_src_list.c.o
                0x0000000000012960                ui_list_paint
 *fill*         0x0000000000012a6a        0x6 
 .text.ui_list_ctl_paint
                0x0000000000012a70        0xa uspace/lib/libui.so.0.0.p/ui_src_list.c.o
 *fill*         0x0000000000012a7a        0x6 
 .text.ui_list_activate
                0x0000000000012a80       0x11 uspace/lib/libui.so.0.0.p/ui_src_list.c.o
                0x0000000000012a80                ui_list_activate
 *fill*         0x0000000000012a91        0xf 
 .text.ui_list_deactivate
                0x0000000000012aa0        0xe uspace/lib/libui.so.0.0.p/ui_src_list.c.o
                0x0000000000012aa0                ui_list_deactivate
 *fill*         0x0000000000012aae        0x2 
 .text.ui_list_prev
                0x0000000000012ab0       0x24 uspace/lib/libui.so.0.0.p/ui_src_list.c.o
                0x0000000000012ab0                ui_list_prev
 *fill*         0x0000000000012ad4        0xc 
 .text.ui_list_page_nth_entry
                0x0000000000012ae0       0x93 uspace/lib/libui.so.0.0.p/ui_src_list.c.o
                0x0000000000012ae0                ui_list_page_nth_entry
 *fill*         0x0000000000012b73        0xd 
 .text.ui_list_get_cursor
                0x0000000000012b80        0xa uspace/lib/libui.so.0.0.p/ui_src_list.c.o
                0x0000000000012b80                ui_list_get_cursor
 *fill*         0x0000000000012b8a        0x6 
 .text.ui_list_cursor_move
                0x0000000000012b90      0x11c uspace/lib/libui.so.0.0.p/ui_src_list.c.o
                0x0000000000012b90                ui_list_cursor_move
 *fill*         0x0000000000012cac        0x4 
 .text.ui_list_entry_move_up
                0x0000000000012cb0       0xdd uspace/lib/libui.so.0.0.p/ui_src_list.c.o
                0x0000000000012cb0                ui_list_entry_move_up
 *fill*         0x0000000000012d8d        0x3 
 .text.ui_list_entry_move_down
                0x0000000000012d90       0xdd uspace/lib/libui.so.0.0.p/ui_src_list.c.o
                0x0000000000012d90                ui_list_entry_move_down
 *fill*         0x0000000000012e6d        0x3 
 .text.ui_list_cursor_up
                0x0000000000012e70       0x3e uspace/lib/libui.so.0.0.p/ui_src_list.c.o
                0x0000000000012e70                ui_list_cursor_up
 *fill*         0x0000000000012eae        0x2 
 .text.ui_list_cursor_down
                0x0000000000012eb0       0x3e uspace/lib/libui.so.0.0.p/ui_src_list.c.o
                0x0000000000012eb0                ui_list_cursor_down
 *fill*         0x0000000000012eee        0x2 
 .text.ui_list_cursor_top
                0x0000000000012ef0       0x23 uspace/lib/libui.so.0.0.p/ui_src_list.c.o
                0x0000000000012ef0                ui_list_cursor_top
 *fill*         0x0000000000012f13        0xd 
 .text.ui_list_cursor_bottom
                0x0000000000012f20       0x29 uspace/lib/libui.so.0.0.p/ui_src_list.c.o
                0x0000000000012f20                ui_list_cursor_bottom
 *fill*         0x0000000000012f49        0x7 
 .text.ui_list_page_up
                0x0000000000012f50      0x11f uspace/lib/libui.so.0.0.p/ui_src_list.c.o
                0x0000000000012f50                ui_list_page_up
 *fill*         0x000000000001306f        0x1 
 .text.ui_list_page_down
                0x0000000000013070      0x13f uspace/lib/libui.so.0.0.p/ui_src_list.c.o
                0x0000000000013070                ui_list_page_down
 *fill*         0x00000000000131af        0x1 
 .text.ui_list_scroll_up
                0x00000000000131b0       0x6e uspace/lib/libui.so.0.0.p/ui_src_list.c.o
                0x00000000000131b0                ui_list_scroll_up
 *fill*         0x000000000001321e        0x2 
 .text.ui_list_scrollbar_up
                0x0000000000013220        0xd uspace/lib/libui.so.0.0.p/ui_src_list.c.o
 *fill*         0x000000000001322d        0x3 
 .text.ui_list_scroll_down
                0x0000000000013230       0x90 uspace/lib/libui.so.0.0.p/ui_src_list.c.o
                0x0000000000013230                ui_list_scroll_down
 .text.ui_list_scrollbar_down
                0x00000000000132c0        0xd uspace/lib/libui.so.0.0.p/ui_src_list.c.o
 *fill*         0x00000000000132cd        0x3 
 .text.ui_list_scroll_page_up
                0x00000000000132d0       0xa1 uspace/lib/libui.so.0.0.p/ui_src_list.c.o
                0x00000000000132d0                ui_list_scroll_page_up
 *fill*         0x0000000000013371        0xf 
 .text.ui_list_scrollbar_page_up
                0x0000000000013380        0xd uspace/lib/libui.so.0.0.p/ui_src_list.c.o
 *fill*         0x000000000001338d        0x3 
 .text.ui_list_scroll_page_down
                0x0000000000013390       0xcf uspace/lib/libui.so.0.0.p/ui_src_list.c.o
                0x0000000000013390                ui_list_scroll_page_down
 *fill*         0x000000000001345f        0x1 
 .text.ui_list_scrollbar_page_down
                0x0000000000013460        0xd uspace/lib/libui.so.0.0.p/ui_src_list.c.o
 *fill*         0x000000000001346d        0x3 
 .text.ui_list_scroll_pos
                0x0000000000013470       0x72 uspace/lib/libui.so.0.0.p/ui_src_list.c.o
                0x0000000000013470                ui_list_scroll_pos
 *fill*         0x00000000000134e2        0xe 
 .text.ui_list_scrollbar_moved
                0x00000000000134f0       0x61 uspace/lib/libui.so.0.0.p/ui_src_list.c.o
 *fill*         0x0000000000013551        0xf 
 .text.ui_list_activate_req
                0x0000000000013560       0x26 uspace/lib/libui.so.0.0.p/ui_src_list.c.o
                0x0000000000013560                ui_list_activate_req
 *fill*         0x0000000000013586        0xa 
 .text.ui_list_sort
                0x0000000000013590      0x14f uspace/lib/libui.so.0.0.p/ui_src_list.c.o
                0x0000000000013590                ui_list_sort
 *fill*         0x00000000000136df        0x1 
 .text.ui_list_entry_get_idx
                0x00000000000136e0       0x4b uspace/lib/libui.so.0.0.p/ui_src_list.c.o
                0x00000000000136e0                ui_list_entry_get_idx
 *fill*         0x000000000001372b        0x5 
 .text.ui_list_entry_delete
                0x0000000000013730       0xd1 uspace/lib/libui.so.0.0.p/ui_src_list.c.o
                0x0000000000013730                ui_list_entry_delete
 *fill*         0x0000000000013801        0xf 
 .text.ui_list_entry_set_caption
                0x0000000000013810       0x52 uspace/lib/libui.so.0.0.p/ui_src_list.c.o
                0x0000000000013810                ui_list_entry_set_caption
 *fill*         0x0000000000013862        0xe 
 .text.ui_list_set_cursor
                0x0000000000013870       0x27 uspace/lib/libui.so.0.0.p/ui_src_list.c.o
                0x0000000000013870                ui_list_set_cursor
 *fill*         0x0000000000013897        0x9 
 .text.ui_list_cursor_center
                0x00000000000138a0       0xc3 uspace/lib/libui.so.0.0.p/ui_src_list.c.o
                0x00000000000138a0                ui_list_cursor_center
 *fill*         0x0000000000013963        0xd 
 .text.ui_list_selected
                0x0000000000013970       0x22 uspace/lib/libui.so.0.0.p/ui_src_list.c.o
                0x0000000000013970                ui_list_selected
 *fill*         0x0000000000013992        0xe 
 .text.ui_list_kbd_event
                0x00000000000139a0       0x7a uspace/lib/libui.so.0.0.p/ui_src_list.c.o
                0x00000000000139a0                ui_list_kbd_event
 *fill*         0x0000000000013a1a        0x6 
 .text.ui_list_ctl_kbd_event
                0x0000000000013a20        0xa uspace/lib/libui.so.0.0.p/ui_src_list.c.o
 *fill*         0x0000000000013a2a        0x6 
 .text.ui_list_pos_event
                0x0000000000013a30      0x130 uspace/lib/libui.so.0.0.p/ui_src_list.c.o
                0x0000000000013a30                ui_list_pos_event
 .text.ui_list_ctl_pos_event
                0x0000000000013b60        0xa uspace/lib/libui.so.0.0.p/ui_src_list.c.o
 *fill*         0x0000000000013b6a        0x6 
 .text.ui_menu_create
                0x0000000000013b70       0x46 uspace/lib/libui.so.0.0.p/ui_src_menu.c.o
                0x0000000000013b70                ui_menu_create
 *fill*         0x0000000000013bb6        0xa 
 .text.ui_menu_destroy
                0x0000000000013bc0       0x49 uspace/lib/libui.so.0.0.p/ui_src_menu.c.o
                0x0000000000013bc0                ui_menu_destroy
 *fill*         0x0000000000013c09        0x7 
 .text.ui_menu_set_cb
                0x0000000000013c10        0xe uspace/lib/libui.so.0.0.p/ui_src_menu.c.o
                0x0000000000013c10                ui_menu_set_cb
 *fill*         0x0000000000013c1e        0x2 
 .text.ui_menu_get_geom
                0x0000000000013c20       0xde uspace/lib/libui.so.0.0.p/ui_src_menu.c.o
                0x0000000000013c20                ui_menu_get_geom
 *fill*         0x0000000000013cfe        0x2 
 .text.ui_menu_get_res
                0x0000000000013d00        0xe uspace/lib/libui.so.0.0.p/ui_src_menu.c.o
                0x0000000000013d00                ui_menu_get_res
 *fill*         0x0000000000013d0e        0x2 
 .text.ui_menu_close
                0x0000000000013d10       0x23 uspace/lib/libui.so.0.0.p/ui_src_menu.c.o
                0x0000000000013d10                ui_menu_close
 *fill*         0x0000000000013d33        0xd 
 .text.ui_menu_is_open
                0x0000000000013d40        0xe uspace/lib/libui.so.0.0.p/ui_src_menu.c.o
                0x0000000000013d40                ui_menu_is_open
 *fill*         0x0000000000013d4e        0x2 
 .text.ui_menu_paint_bg_gfx
                0x0000000000013d50       0x8e uspace/lib/libui.so.0.0.p/ui_src_menu.c.o
                0x0000000000013d50                ui_menu_paint_bg_gfx
 *fill*         0x0000000000013dde        0x2 
 .text.ui_menu_paint_bg_text
                0x0000000000013de0       0x8f uspace/lib/libui.so.0.0.p/ui_src_menu.c.o
                0x0000000000013de0                ui_menu_paint_bg_text
 *fill*         0x0000000000013e6f        0x1 
 .text.ui_menu_paint
                0x0000000000013e70       0xb6 uspace/lib/libui.so.0.0.p/ui_src_menu.c.o
                0x0000000000013e70                ui_menu_paint
 *fill*         0x0000000000013f26        0xa 
 .text.ui_menu_open
                0x0000000000013f30       0xc9 uspace/lib/libui.so.0.0.p/ui_src_menu.c.o
                0x0000000000013f30                ui_menu_open
 *fill*         0x0000000000013ff9        0x7 
 .text.ui_menu_up
                0x0000000000014000       0xb0 uspace/lib/libui.so.0.0.p/ui_src_menu.c.o
                0x0000000000014000                ui_menu_up
 .text.ui_menu_down
                0x00000000000140b0       0xb0 uspace/lib/libui.so.0.0.p/ui_src_menu.c.o
                0x00000000000140b0                ui_menu_down
 .text.ui_menu_left
                0x0000000000014160       0x22 uspace/lib/libui.so.0.0.p/ui_src_menu.c.o
                0x0000000000014160                ui_menu_left
 *fill*         0x0000000000014182        0xe 
 .text.ui_menu_right
                0x0000000000014190       0x22 uspace/lib/libui.so.0.0.p/ui_src_menu.c.o
                0x0000000000014190                ui_menu_right
 *fill*         0x00000000000141b2        0xe 
 .text.ui_menu_close_req
                0x00000000000141c0       0x22 uspace/lib/libui.so.0.0.p/ui_src_menu.c.o
                0x00000000000141c0                ui_menu_close_req
 *fill*         0x00000000000141e2        0xe 
 .text.ui_menu_popup_close
                0x00000000000141f0        0xd uspace/lib/libui.so.0.0.p/ui_src_menu.c.o
 *fill*         0x00000000000141fd        0x3 
 .text.ui_menu_pos_event
                0x0000000000014200       0xd6 uspace/lib/libui.so.0.0.p/ui_src_menu.c.o
                0x0000000000014200                ui_menu_pos_event
 *fill*         0x00000000000142d6        0xa 
 .text.ui_menu_popup_pos
                0x00000000000142e0       0x3e uspace/lib/libui.so.0.0.p/ui_src_menu.c.o
 *fill*         0x000000000001431e        0x2 
 .text.ui_menu_press_accel
                0x0000000000014320       0x2a uspace/lib/libui.so.0.0.p/ui_src_menu.c.o
                0x0000000000014320                ui_menu_press_accel
 *fill*         0x000000000001434a        0x6 
 .text.ui_menu_kbd_event
                0x0000000000014350      0x138 uspace/lib/libui.so.0.0.p/ui_src_menu.c.o
                0x0000000000014350                ui_menu_kbd_event
 *fill*         0x0000000000014488        0x8 
 .text.ui_menu_popup_kbd
                0x0000000000014490       0x29 uspace/lib/libui.so.0.0.p/ui_src_menu.c.o
 *fill*         0x00000000000144b9        0x7 
 .text.ui_menu_get_idev_id
                0x00000000000144c0        0xa uspace/lib/libui.so.0.0.p/ui_src_menu.c.o
                0x00000000000144c0                ui_menu_get_idev_id
 *fill*         0x00000000000144ca        0x6 
 .text.ui_menu_bar_create
                0x00000000000144d0       0xb2 uspace/lib/libui.so.0.0.p/ui_src_menubar.c.o
                0x00000000000144d0                ui_menu_bar_create
 *fill*         0x0000000000014582        0xe 
 .text.ui_menu_bar_destroy
                0x0000000000014590       0x61 uspace/lib/libui.so.0.0.p/ui_src_menubar.c.o
                0x0000000000014590                ui_menu_bar_destroy
 *fill*         0x00000000000145f1        0xf 
 .text.ui_menu_bar_ctl_destroy
                0x0000000000014600        0xa uspace/lib/libui.so.0.0.p/ui_src_menubar.c.o
 *fill*         0x000000000001460a        0x6 
 .text.ui_menu_bar_set_cb
                0x0000000000014610        0xe uspace/lib/libui.so.0.0.p/ui_src_menubar.c.o
                0x0000000000014610                ui_menu_bar_set_cb
 *fill*         0x000000000001461e        0x2 
 .text.ui_menu_bar_ctl
                0x0000000000014620        0x9 uspace/lib/libui.so.0.0.p/ui_src_menubar.c.o
                0x0000000000014620                ui_menu_bar_ctl
 *fill*         0x0000000000014629        0x7 
 .text.ui_menu_bar_set_rect
                0x0000000000014630        0xe uspace/lib/libui.so.0.0.p/ui_src_menubar.c.o
                0x0000000000014630                ui_menu_bar_set_rect
 *fill*         0x000000000001463e        0x2 
 .text.ui_menu_bar_paint
                0x0000000000014640      0x1ff uspace/lib/libui.so.0.0.p/ui_src_menubar.c.o
                0x0000000000014640                ui_menu_bar_paint
 *fill*         0x000000000001483f        0x1 
 .text.ui_menu_bar_ctl_paint
                0x0000000000014840        0xa uspace/lib/libui.so.0.0.p/ui_src_menubar.c.o
 *fill*         0x000000000001484a        0x6 
 .text.ui_menu_bar_select_sysmenu
                0x0000000000014850       0x56 uspace/lib/libui.so.0.0.p/ui_src_menubar.c.o
                0x0000000000014850                ui_menu_bar_select_sysmenu
 *fill*         0x00000000000148a6        0xa 
 .text.ui_menu_bar_entry_rect
                0x00000000000148b0       0xe1 uspace/lib/libui.so.0.0.p/ui_src_menubar.c.o
                0x00000000000148b0                ui_menu_bar_entry_rect
 *fill*         0x0000000000014991        0xf 
 .text.ui_menu_bar_select
                0x00000000000149a0      0x10c uspace/lib/libui.so.0.0.p/ui_src_menubar.c.o
                0x00000000000149a0                ui_menu_bar_select
 *fill*         0x0000000000014aac        0x4 
 .text.ui_menu_bar_select_first
                0x0000000000014ab0       0x35 uspace/lib/libui.so.0.0.p/ui_src_menubar.c.o
                0x0000000000014ab0                ui_menu_bar_select_first
 *fill*         0x0000000000014ae5        0xb 
 .text.ui_menu_bar_select_last
                0x0000000000014af0       0x35 uspace/lib/libui.so.0.0.p/ui_src_menubar.c.o
                0x0000000000014af0                ui_menu_bar_select_last
 *fill*         0x0000000000014b25        0xb 
 .text.ui_menu_bar_left
                0x0000000000014b30      0x110 uspace/lib/libui.so.0.0.p/ui_src_menubar.c.o
                0x0000000000014b30                ui_menu_bar_left
 .text.ui_menu_bar_right
                0x0000000000014c40      0x110 uspace/lib/libui.so.0.0.p/ui_src_menubar.c.o
                0x0000000000014c40                ui_menu_bar_right
 .text.ui_menu_bar_press_accel
                0x0000000000014d50       0x8f uspace/lib/libui.so.0.0.p/ui_src_menubar.c.o
                0x0000000000014d50                ui_menu_bar_press_accel
 *fill*         0x0000000000014ddf        0x1 
 .text.ui_menu_bar_pos_event
                0x0000000000014de0      0x12c uspace/lib/libui.so.0.0.p/ui_src_menubar.c.o
                0x0000000000014de0                ui_menu_bar_pos_event
 *fill*         0x0000000000014f0c        0x4 
 .text.ui_menu_bar_ctl_pos_event
                0x0000000000014f10        0xa uspace/lib/libui.so.0.0.p/ui_src_menubar.c.o
 *fill*         0x0000000000014f1a        0x6 
 .text.ui_menu_bar_activate
                0x0000000000014f20       0x63 uspace/lib/libui.so.0.0.p/ui_src_menubar.c.o
                0x0000000000014f20                ui_menu_bar_activate
 *fill*         0x0000000000014f83        0xd 
 .text.ui_menu_bar_deactivate
                0x0000000000014f90       0x46 uspace/lib/libui.so.0.0.p/ui_src_menubar.c.o
                0x0000000000014f90                ui_menu_bar_deactivate
 *fill*         0x0000000000014fd6        0xa 
 .text.ui_menu_bar_key_press_unmod
                0x0000000000014fe0      0x10c uspace/lib/libui.so.0.0.p/ui_src_menubar.c.o
                0x0000000000014fe0                ui_menu_bar_key_press_unmod
 *fill*         0x00000000000150ec        0x4 
 .text.ui_menu_bar_kbd_event
                0x00000000000150f0       0x65 uspace/lib/libui.so.0.0.p/ui_src_menubar.c.o
                0x00000000000150f0                ui_menu_bar_kbd_event
 *fill*         0x0000000000015155        0xb 
 .text.ui_menu_bar_ctl_kbd_event
                0x0000000000015160        0xa uspace/lib/libui.so.0.0.p/ui_src_menubar.c.o
 *fill*         0x000000000001516a        0x6 
 .text.ui_menu_dd_press_accel
                0x0000000000015170       0x15 uspace/lib/libui.so.0.0.p/ui_src_menudd.c.o
 *fill*         0x0000000000015185        0xb 
 .text.ui_menu_dd_close_req
                0x0000000000015190        0xd uspace/lib/libui.so.0.0.p/ui_src_menudd.c.o
 *fill*         0x000000000001519d        0x3 
 .text.ui_menu_dd_right
                0x00000000000151a0       0x13 uspace/lib/libui.so.0.0.p/ui_src_menudd.c.o
 *fill*         0x00000000000151b3        0xd 
 .text.ui_menu_dd_left
                0x00000000000151c0       0x13 uspace/lib/libui.so.0.0.p/ui_src_menudd.c.o
 *fill*         0x00000000000151d3        0xd 
 .text.ui_menu_dd_create
                0x00000000000151e0       0xf0 uspace/lib/libui.so.0.0.p/ui_src_menudd.c.o
                0x00000000000151e0                ui_menu_dd_create
 .text.ui_menu_dd_destroy
                0x00000000000152d0       0x51 uspace/lib/libui.so.0.0.p/ui_src_menudd.c.o
                0x00000000000152d0                ui_menu_dd_destroy
 *fill*         0x0000000000015321        0xf 
 .text.ui_menu_dd_first
                0x0000000000015330       0x24 uspace/lib/libui.so.0.0.p/ui_src_menudd.c.o
                0x0000000000015330                ui_menu_dd_first
 *fill*         0x0000000000015354        0xc 
 .text.ui_menu_dd_next
                0x0000000000015360       0x24 uspace/lib/libui.so.0.0.p/ui_src_menudd.c.o
                0x0000000000015360                ui_menu_dd_next
 *fill*         0x0000000000015384        0xc 
 .text.ui_menu_dd_last
                0x0000000000015390       0x24 uspace/lib/libui.so.0.0.p/ui_src_menudd.c.o
                0x0000000000015390                ui_menu_dd_last
 *fill*         0x00000000000153b4        0xc 
 .text.ui_menu_dd_prev
                0x00000000000153c0       0x24 uspace/lib/libui.so.0.0.p/ui_src_menudd.c.o
                0x00000000000153c0                ui_menu_dd_prev
 *fill*         0x00000000000153e4        0xc 
 .text.ui_menu_dd_caption
                0x00000000000153f0        0xa uspace/lib/libui.so.0.0.p/ui_src_menudd.c.o
                0x00000000000153f0                ui_menu_dd_caption
 *fill*         0x00000000000153fa        0x6 
 .text.ui_menu_dd_get_accel
                0x0000000000015400        0xe uspace/lib/libui.so.0.0.p/ui_src_menudd.c.o
                0x0000000000015400                ui_menu_dd_get_accel
 *fill*         0x000000000001540e        0x2 
 .text.ui_menu_dd_open
                0x0000000000015410        0xe uspace/lib/libui.so.0.0.p/ui_src_menudd.c.o
                0x0000000000015410                ui_menu_dd_open
 *fill*         0x000000000001541e        0x2 
 .text.ui_menu_dd_close
                0x0000000000015420        0xe uspace/lib/libui.so.0.0.p/ui_src_menudd.c.o
                0x0000000000015420                ui_menu_dd_close
 *fill*         0x000000000001542e        0x2 
 .text.ui_menu_dd_is_open
                0x0000000000015430        0xe uspace/lib/libui.so.0.0.p/ui_src_menudd.c.o
                0x0000000000015430                ui_menu_dd_is_open
 *fill*         0x000000000001543e        0x2 
 .text.ui_menu_entry_set_cb
                0x0000000000015440        0xe uspace/lib/libui.so.0.0.p/ui_src_menuentry.c.o
                0x0000000000015440                ui_menu_entry_set_cb
 *fill*         0x000000000001544e        0x2 
 .text.ui_menu_entry_set_disabled
                0x0000000000015450        0xa uspace/lib/libui.so.0.0.p/ui_src_menuentry.c.o
                0x0000000000015450                ui_menu_entry_set_disabled
 *fill*         0x000000000001545a        0x6 
 .text.ui_menu_entry_is_disabled
                0x0000000000015460        0xa uspace/lib/libui.so.0.0.p/ui_src_menuentry.c.o
                0x0000000000015460                ui_menu_entry_is_disabled
 *fill*         0x000000000001546a        0x6 
 .text.ui_menu_entry_first
                0x0000000000015470       0x24 uspace/lib/libui.so.0.0.p/ui_src_menuentry.c.o
                0x0000000000015470                ui_menu_entry_first
 *fill*         0x0000000000015494        0xc 
 .text.ui_menu_entry_last
                0x00000000000154a0       0x24 uspace/lib/libui.so.0.0.p/ui_src_menuentry.c.o
                0x00000000000154a0                ui_menu_entry_last
 *fill*         0x00000000000154c4        0xc 
 .text.ui_menu_entry_next
                0x00000000000154d0       0x24 uspace/lib/libui.so.0.0.p/ui_src_menuentry.c.o
                0x00000000000154d0                ui_menu_entry_next
 *fill*         0x00000000000154f4        0xc 
 .text.ui_menu_entry_prev
                0x0000000000015500       0x24 uspace/lib/libui.so.0.0.p/ui_src_menuentry.c.o
                0x0000000000015500                ui_menu_entry_prev
 *fill*         0x0000000000015524        0xc 
 .text.ui_menu_entry_column_widths
                0x0000000000015530       0x4d uspace/lib/libui.so.0.0.p/ui_src_menuentry.c.o
                0x0000000000015530                ui_menu_entry_column_widths
 *fill*         0x000000000001557d        0x3 
 .text.ui_menu_entry_calc_width
                0x0000000000015580       0x4d uspace/lib/libui.so.0.0.p/ui_src_menuentry.c.o
                0x0000000000015580                ui_menu_entry_calc_width
 *fill*         0x00000000000155cd        0x3 
 .text.ui_menu_entry_height
                0x00000000000155d0       0x64 uspace/lib/libui.so.0.0.p/ui_src_menuentry.c.o
                0x00000000000155d0                ui_menu_entry_height
 *fill*         0x0000000000015634        0xc 
 .text.ui_menu_entry_create
                0x0000000000015640      0x10c uspace/lib/libui.so.0.0.p/ui_src_menuentry.c.o
                0x0000000000015640                ui_menu_entry_create
 *fill*         0x000000000001574c        0x4 
 .text.ui_menu_entry_sep_create
                0x0000000000015750       0x5f uspace/lib/libui.so.0.0.p/ui_src_menuentry.c.o
                0x0000000000015750                ui_menu_entry_sep_create
 *fill*         0x00000000000157af        0x1 
 .text.ui_menu_entry_destroy
                0x00000000000157b0       0x79 uspace/lib/libui.so.0.0.p/ui_src_menuentry.c.o
                0x00000000000157b0                ui_menu_entry_destroy
 *fill*         0x0000000000015829        0x7 
 .text.ui_menu_entry_get_accel
                0x0000000000015830        0xe uspace/lib/libui.so.0.0.p/ui_src_menuentry.c.o
                0x0000000000015830                ui_menu_entry_get_accel
 *fill*         0x000000000001583e        0x2 
 .text.ui_menu_entry_selectable
                0x0000000000015840        0xd uspace/lib/libui.so.0.0.p/ui_src_menuentry.c.o
                0x0000000000015840                ui_menu_entry_selectable
 *fill*         0x000000000001584d        0x3 
 .text.ui_menu_entry_cb
                0x0000000000015850       0x1a uspace/lib/libui.so.0.0.p/ui_src_menuentry.c.o
                0x0000000000015850                ui_menu_entry_cb
 *fill*         0x000000000001586a        0x6 
 .text.ui_menu_entry_activate
                0x0000000000015870       0x21 uspace/lib/libui.so.0.0.p/ui_src_menuentry.c.o
                0x0000000000015870                ui_menu_entry_activate
 *fill*         0x0000000000015891        0xf 
 .text.ui_menu_entry_release
                0x00000000000158a0       0x26 uspace/lib/libui.so.0.0.p/ui_src_menuentry.c.o
                0x00000000000158a0                ui_menu_entry_release
 *fill*         0x00000000000158c6        0xa 
 .text.ui_menu_entry_get_geom
                0x00000000000158d0       0xa7 uspace/lib/libui.so.0.0.p/ui_src_menuentry.c.o
                0x00000000000158d0                ui_menu_entry_get_geom
 *fill*         0x0000000000015977        0x9 
 .text.ui_menu_entry_paint
                0x0000000000015980      0x1a0 uspace/lib/libui.so.0.0.p/ui_src_menuentry.c.o
                0x0000000000015980                ui_menu_entry_paint
 .text.ui_menu_entry_press
                0x0000000000015b20       0x27 uspace/lib/libui.so.0.0.p/ui_src_menuentry.c.o
                0x0000000000015b20                ui_menu_entry_press
 *fill*         0x0000000000015b47        0x9 
 .text.ui_menu_entry_enter
                0x0000000000015b50       0x26 uspace/lib/libui.so.0.0.p/ui_src_menuentry.c.o
                0x0000000000015b50                ui_menu_entry_enter
 *fill*         0x0000000000015b76        0xa 
 .text.ui_menu_entry_leave
                0x0000000000015b80       0x26 uspace/lib/libui.so.0.0.p/ui_src_menuentry.c.o
                0x0000000000015b80                ui_menu_entry_leave
 *fill*         0x0000000000015ba6        0xa 
 .text.ui_menu_entry_pos_event
                0x0000000000015bb0       0xc9 uspace/lib/libui.so.0.0.p/ui_src_menuentry.c.o
                0x0000000000015bb0                ui_menu_entry_pos_event
 *fill*         0x0000000000015c79        0x7 
 .text.ui_msg_dialog_wnd_close
                0x0000000000015c80       0x22 uspace/lib/libui.so.0.0.p/ui_src_msgdialog.c.o
 *fill*         0x0000000000015ca2        0xe 
 .text.ui_msg_dialog_btn_clicked
                0x0000000000015cb0       0x62 uspace/lib/libui.so.0.0.p/ui_src_msgdialog.c.o
 *fill*         0x0000000000015d12        0xe 
 .text.ui_msg_dialog_wnd_kbd
                0x0000000000015d20       0x89 uspace/lib/libui.so.0.0.p/ui_src_msgdialog.c.o
 *fill*         0x0000000000015da9        0x7 
 .text.ui_msg_dialog_params_init
                0x0000000000015db0       0x15 uspace/lib/libui.so.0.0.p/ui_src_msgdialog.c.o
                0x0000000000015db0                ui_msg_dialog_params_init
 *fill*         0x0000000000015dc5        0xb 
 .text.ui_msg_dialog_create
                0x0000000000015dd0      0x4ad uspace/lib/libui.so.0.0.p/ui_src_msgdialog.c.o
                0x0000000000015dd0                ui_msg_dialog_create
 *fill*         0x000000000001627d        0x3 
 .text.ui_msg_dialog_destroy
                0x0000000000016280       0x31 uspace/lib/libui.so.0.0.p/ui_src_msgdialog.c.o
                0x0000000000016280                ui_msg_dialog_destroy
 *fill*         0x00000000000162b1        0xf 
 .text.ui_msg_dialog_set_cb
                0x00000000000162c0        0xe uspace/lib/libui.so.0.0.p/ui_src_msgdialog.c.o
                0x00000000000162c0                ui_msg_dialog_set_cb
 *fill*         0x00000000000162ce        0x2 
 .text.ui_paint_get_bevel_inside
                0x00000000000162d0       0x2a uspace/lib/libui.so.0.0.p/ui_src_paint.c.o
                0x00000000000162d0                ui_paint_get_bevel_inside
 *fill*         0x00000000000162fa        0x6 
 .text.ui_paint_bevel
                0x0000000000016300      0x20b uspace/lib/libui.so.0.0.p/ui_src_paint.c.o
                0x0000000000016300                ui_paint_bevel
 *fill*         0x000000000001650b        0x5 
 .text.ui_paint_inset_frame
                0x0000000000016510       0x67 uspace/lib/libui.so.0.0.p/ui_src_paint.c.o
                0x0000000000016510                ui_paint_inset_frame
 *fill*         0x0000000000016577        0x9 
 .text.ui_paint_get_inset_frame_inside
                0x0000000000016580       0x15 uspace/lib/libui.so.0.0.p/ui_src_paint.c.o
                0x0000000000016580                ui_paint_get_inset_frame_inside
 *fill*         0x0000000000016595        0xb 
 .text.ui_paint_outset_frame
                0x00000000000165a0       0x67 uspace/lib/libui.so.0.0.p/ui_src_paint.c.o
                0x00000000000165a0                ui_paint_outset_frame
 *fill*         0x0000000000016607        0x9 
 .text.ui_paint_filled_circle
                0x0000000000016610      0xa7a uspace/lib/libui.so.0.0.p/ui_src_paint.c.o
                0x0000000000016610                ui_paint_filled_circle
 *fill*         0x000000000001708a        0x6 
 .text.ui_paint_up_triangle
                0x0000000000017090       0xbc uspace/lib/libui.so.0.0.p/ui_src_paint.c.o
                0x0000000000017090                ui_paint_up_triangle
 *fill*         0x000000000001714c        0x4 
 .text.ui_paint_down_triangle
                0x0000000000017150       0xb4 uspace/lib/libui.so.0.0.p/ui_src_paint.c.o
                0x0000000000017150                ui_paint_down_triangle
 *fill*         0x0000000000017204        0xc 
 .text.ui_paint_left_triangle
                0x0000000000017210       0xbc uspace/lib/libui.so.0.0.p/ui_src_paint.c.o
                0x0000000000017210                ui_paint_left_triangle
 *fill*         0x00000000000172cc        0x4 
 .text.ui_paint_right_triangle
                0x00000000000172d0       0xb4 uspace/lib/libui.so.0.0.p/ui_src_paint.c.o
                0x00000000000172d0                ui_paint_right_triangle
 *fill*         0x0000000000017384        0xc 
 .text.ui_paint_cross
                0x0000000000017390      0x1b7 uspace/lib/libui.so.0.0.p/ui_src_paint.c.o
                0x0000000000017390                ui_paint_cross
 *fill*         0x0000000000017547        0x9 
 .text.ui_paint_minicon
                0x0000000000017550       0x86 uspace/lib/libui.so.0.0.p/ui_src_paint.c.o
                0x0000000000017550                ui_paint_minicon
 *fill*         0x00000000000175d6        0xa 
 .text.ui_paint_maxicon
                0x00000000000175e0       0xd4 uspace/lib/libui.so.0.0.p/ui_src_paint.c.o
                0x00000000000175e0                ui_paint_maxicon
 *fill*         0x00000000000176b4        0xc 
 .text.ui_paint_unmaxicon
                0x00000000000176c0       0x99 uspace/lib/libui.so.0.0.p/ui_src_paint.c.o
                0x00000000000176c0                ui_paint_unmaxicon
 *fill*         0x0000000000017759        0x7 
 .text.ui_paint_text_box_custom
                0x0000000000017760      0x2c1 uspace/lib/libui.so.0.0.p/ui_src_paint.c.o
                0x0000000000017760                ui_paint_text_box_custom
 *fill*         0x0000000000017a21        0xf 
 .text.ui_paint_text_box
                0x0000000000017a30       0x3d uspace/lib/libui.so.0.0.p/ui_src_paint.c.o
                0x0000000000017a30                ui_paint_text_box
 *fill*         0x0000000000017a6d        0x3 
 .text.ui_paint_text_hbrace
                0x0000000000017a70      0x1c4 uspace/lib/libui.so.0.0.p/ui_src_paint.c.o
                0x0000000000017a70                ui_paint_text_hbrace
 *fill*         0x0000000000017c34        0xc 
 .text.ui_paint_text_rect
                0x0000000000017c40      0x167 uspace/lib/libui.so.0.0.p/ui_src_paint.c.o
                0x0000000000017c40                ui_paint_text_rect
 *fill*         0x0000000000017da7        0x9 
 .text.ui_text_fmt_init
                0x0000000000017db0       0x19 uspace/lib/libui.so.0.0.p/ui_src_paint.c.o
                0x0000000000017db0                ui_text_fmt_init
 *fill*         0x0000000000017dc9        0x7 
 .text.ui_text_width
                0x0000000000017dd0       0x80 uspace/lib/libui.so.0.0.p/ui_src_paint.c.o
                0x0000000000017dd0                ui_text_width
 .text.ui_paint_text
                0x0000000000017e50      0x109 uspace/lib/libui.so.0.0.p/ui_src_paint.c.o
                0x0000000000017e50                ui_paint_text
 *fill*         0x0000000000017f59        0x7 
 .text.ui_pbutton_create
                0x0000000000017f60       0xa0 uspace/lib/libui.so.0.0.p/ui_src_pbutton.c.o
                0x0000000000017f60                ui_pbutton_create
 .text.ui_pbutton_destroy
                0x0000000000018000       0x31 uspace/lib/libui.so.0.0.p/ui_src_pbutton.c.o
                0x0000000000018000                ui_pbutton_destroy
 *fill*         0x0000000000018031        0xf 
 .text.ui_pbutton_ctl_destroy
                0x0000000000018040        0xa uspace/lib/libui.so.0.0.p/ui_src_pbutton.c.o
 *fill*         0x000000000001804a        0x6 
 .text.ui_pbutton_ctl
                0x0000000000018050        0x9 uspace/lib/libui.so.0.0.p/ui_src_pbutton.c.o
                0x0000000000018050                ui_pbutton_ctl
 *fill*         0x0000000000018059        0x7 
 .text.ui_pbutton_set_cb
                0x0000000000018060        0xe uspace/lib/libui.so.0.0.p/ui_src_pbutton.c.o
                0x0000000000018060                ui_pbutton_set_cb
 *fill*         0x000000000001806e        0x2 
 .text.ui_pbutton_set_decor_ops
                0x0000000000018070        0xe uspace/lib/libui.so.0.0.p/ui_src_pbutton.c.o
                0x0000000000018070                ui_pbutton_set_decor_ops
 *fill*         0x000000000001807e        0x2 
 .text.ui_pbutton_set_flags
                0x0000000000018080        0x9 uspace/lib/libui.so.0.0.p/ui_src_pbutton.c.o
                0x0000000000018080                ui_pbutton_set_flags
 *fill*         0x0000000000018089        0x7 
 .text.ui_pbutton_set_rect
                0x0000000000018090        0xe uspace/lib/libui.so.0.0.p/ui_src_pbutton.c.o
                0x0000000000018090                ui_pbutton_set_rect
 *fill*         0x000000000001809e        0x2 
 .text.ui_pbutton_set_default
                0x00000000000180a0        0xa uspace/lib/libui.so.0.0.p/ui_src_pbutton.c.o
                0x00000000000180a0                ui_pbutton_set_default
 *fill*         0x00000000000180aa        0x6 
 .text.ui_pbutton_get_light
                0x00000000000180b0        0xa uspace/lib/libui.so.0.0.p/ui_src_pbutton.c.o
                0x00000000000180b0                ui_pbutton_get_light
 *fill*         0x00000000000180ba        0x6 
 .text.ui_pbutton_set_light
                0x00000000000180c0        0xa uspace/lib/libui.so.0.0.p/ui_src_pbutton.c.o
                0x00000000000180c0                ui_pbutton_set_light
 *fill*         0x00000000000180ca        0x6 
 .text.ui_pbutton_set_caption
                0x00000000000180d0       0x3a uspace/lib/libui.so.0.0.p/ui_src_pbutton.c.o
                0x00000000000180d0                ui_pbutton_set_caption
 *fill*         0x000000000001810a        0x6 
 .text.ui_pbutton_paint
                0x0000000000018110      0x4e0 uspace/lib/libui.so.0.0.p/ui_src_pbutton.c.o
                0x0000000000018110                ui_pbutton_paint
 .text.ui_pbutton_ctl_paint
                0x00000000000185f0        0xa uspace/lib/libui.so.0.0.p/ui_src_pbutton.c.o
 *fill*         0x00000000000185fa        0x6 
 .text.ui_pbutton_enter
                0x0000000000018600       0x26 uspace/lib/libui.so.0.0.p/ui_src_pbutton.c.o
                0x0000000000018600                ui_pbutton_enter
 *fill*         0x0000000000018626        0xa 
 .text.ui_pbutton_leave
                0x0000000000018630       0x26 uspace/lib/libui.so.0.0.p/ui_src_pbutton.c.o
                0x0000000000018630                ui_pbutton_leave
 *fill*         0x0000000000018656        0xa 
 .text.ui_pbutton_clicked
                0x0000000000018660       0x22 uspace/lib/libui.so.0.0.p/ui_src_pbutton.c.o
                0x0000000000018660                ui_pbutton_clicked
 *fill*         0x0000000000018682        0xe 
 .text.ui_pbutton_down
                0x0000000000018690       0x22 uspace/lib/libui.so.0.0.p/ui_src_pbutton.c.o
                0x0000000000018690                ui_pbutton_down
 *fill*         0x00000000000186b2        0xe 
 .text.ui_pbutton_press
                0x00000000000186c0       0x37 uspace/lib/libui.so.0.0.p/ui_src_pbutton.c.o
                0x00000000000186c0                ui_pbutton_press
 *fill*         0x00000000000186f7        0x9 
 .text.ui_pbutton_up
                0x0000000000018700       0x22 uspace/lib/libui.so.0.0.p/ui_src_pbutton.c.o
                0x0000000000018700                ui_pbutton_up
 *fill*         0x0000000000018722        0xe 
 .text.ui_pbutton_release
                0x0000000000018730       0x4d uspace/lib/libui.so.0.0.p/ui_src_pbutton.c.o
                0x0000000000018730                ui_pbutton_release
 *fill*         0x000000000001877d        0x3 
 .text.ui_pbutton_pos_event
                0x0000000000018780       0xae uspace/lib/libui.so.0.0.p/ui_src_pbutton.c.o
                0x0000000000018780                ui_pbutton_pos_event
 *fill*         0x000000000001882e        0x2 
 .text.ui_pbutton_ctl_pos_event
                0x0000000000018830        0xa uspace/lib/libui.so.0.0.p/ui_src_pbutton.c.o
 *fill*         0x000000000001883a        0x6 
 .text.ui_popup_window_close
                0x0000000000018840       0x22 uspace/lib/libui.so.0.0.p/ui_src_popup.c.o
 *fill*         0x0000000000018862        0xe 
 .text.ui_popup_window_kbd
                0x0000000000018870       0x32 uspace/lib/libui.so.0.0.p/ui_src_popup.c.o
 *fill*         0x00000000000188a2        0xe 
 .text.ui_popup_window_pos
                0x00000000000188b0       0x32 uspace/lib/libui.so.0.0.p/ui_src_popup.c.o
 *fill*         0x00000000000188e2        0xe 
 .text.ui_popup_params_init
                0x00000000000188f0       0x19 uspace/lib/libui.so.0.0.p/ui_src_popup.c.o
                0x00000000000188f0                ui_popup_params_init
 *fill*         0x0000000000018909        0x7 
 .text.ui_popup_create
                0x0000000000018910      0x147 uspace/lib/libui.so.0.0.p/ui_src_popup.c.o
                0x0000000000018910                ui_popup_create
 *fill*         0x0000000000018a57        0x9 
 .text.ui_popup_destroy
                0x0000000000018a60       0x31 uspace/lib/libui.so.0.0.p/ui_src_popup.c.o
                0x0000000000018a60                ui_popup_destroy
 *fill*         0x0000000000018a91        0xf 
 .text.ui_popup_add
                0x0000000000018aa0        0xe uspace/lib/libui.so.0.0.p/ui_src_popup.c.o
                0x0000000000018aa0                ui_popup_add
 *fill*         0x0000000000018aae        0x2 
 .text.ui_popup_remove
                0x0000000000018ab0        0xe uspace/lib/libui.so.0.0.p/ui_src_popup.c.o
                0x0000000000018ab0                ui_popup_remove
 *fill*         0x0000000000018abe        0x2 
 .text.ui_popup_set_cb
                0x0000000000018ac0        0xe uspace/lib/libui.so.0.0.p/ui_src_popup.c.o
                0x0000000000018ac0                ui_popup_set_cb
 *fill*         0x0000000000018ace        0x2 
 .text.ui_popup_get_res
                0x0000000000018ad0        0xe uspace/lib/libui.so.0.0.p/ui_src_popup.c.o
                0x0000000000018ad0                ui_popup_get_res
 *fill*         0x0000000000018ade        0x2 
 .text.ui_popup_get_gc
                0x0000000000018ae0        0xe uspace/lib/libui.so.0.0.p/ui_src_popup.c.o
                0x0000000000018ae0                ui_popup_get_gc
 *fill*         0x0000000000018aee        0x2 
 .text.ui_popup_get_idev_id
                0x0000000000018af0        0xa uspace/lib/libui.so.0.0.p/ui_src_popup.c.o
                0x0000000000018af0                ui_popup_get_idev_id
 *fill*         0x0000000000018afa        0x6 
 .text.ui_prompt_dialog_wnd_close
                0x0000000000018b00       0x22 uspace/lib/libui.so.0.0.p/ui_src_promptdialog.c.o
 *fill*         0x0000000000018b22        0xe 
 .text.ui_prompt_dialog_bcancel_clicked
                0x0000000000018b30       0x22 uspace/lib/libui.so.0.0.p/ui_src_promptdialog.c.o
 *fill*         0x0000000000018b52        0xe 
 .text.ui_prompt_dialog_bok_clicked
                0x0000000000018b60       0x41 uspace/lib/libui.so.0.0.p/ui_src_promptdialog.c.o
 *fill*         0x0000000000018ba1        0xf 
 .text.ui_prompt_dialog_wnd_kbd
                0x0000000000018bb0       0x90 uspace/lib/libui.so.0.0.p/ui_src_promptdialog.c.o
 .text.ui_prompt_dialog_params_init