Archive member included to satisfy reference by file (symbol)

uspace/lib/c/libstartfiles.a.p/arch_amd64_src_crt0.S.o
                              (--whole-archive)
uspace/lib/c/libstartfiles.a.p/generic_crt_crt1.c.o
                              (--whole-archive)
uspace/lib/libcodepage.a.p/codepage_src_cp437.c.o
                              uspace/lib/test-libcodepage.p/codepage_test_cp437.c.o (cp437_decode)
uspace/lib/libpcut.a.p/pcut_src_os_helenos.c.o
                              uspace/lib/test-libcodepage.p/codepage_test_cp437.c.o (pcut_str_error)
uspace/lib/libpcut.a.p/pcut_src_assert.c.o
                              uspace/lib/test-libcodepage.p/codepage_test_cp437.c.o (pcut_failed_assertion_fmt)
uspace/lib/libpcut.a.p/pcut_src_helper.c.o
                              uspace/lib/libpcut.a.p/pcut_src_assert.c.o (pcut_snprintf)
uspace/lib/libpcut.a.p/pcut_src_main.c.o
                              uspace/lib/test-libcodepage.p/codepage_test_main.c.o (pcut_main)
uspace/lib/libpcut.a.p/pcut_src_print.c.o
                              uspace/lib/libpcut.a.p/pcut_src_main.c.o (pcut_print_tests)
uspace/lib/libpcut.a.p/pcut_src_report_report.c.o
                              uspace/lib/libpcut.a.p/pcut_src_main.c.o (pcut_report_register_handler)
uspace/lib/libpcut.a.p/pcut_src_report_tap.c.o
                              uspace/lib/libpcut.a.p/pcut_src_main.c.o (pcut_report_tap)
uspace/lib/libpcut.a.p/pcut_src_report_xml.c.o
                              uspace/lib/libpcut.a.p/pcut_src_main.c.o (pcut_report_xml)
uspace/lib/libpcut.a.p/pcut_src_run.c.o
                              uspace/lib/libpcut.a.p/pcut_src_assert.c.o (pcut_failed_assertion)
uspace/lib/libpcut.a.p/pcut_src_list.c.o
                              uspace/lib/libpcut.a.p/pcut_src_main.c.o (pcut_get_real_next)

As-needed library included to satisfy reference by file (symbol)

libc.so.0                     uspace/lib/c/libstartfiles.a.p/generic_crt_crt1.c.o (__progsymbols)

Discarded input sections

 .text          0x0000000000000000        0x0 uspace/lib/test-libcodepage.p/codepage_test_cp437.c.o
 .data          0x0000000000000000        0x0 uspace/lib/test-libcodepage.p/codepage_test_cp437.c.o
 .bss           0x0000000000000000        0x0 uspace/lib/test-libcodepage.p/codepage_test_cp437.c.o
 .text          0x0000000000000000        0x0 uspace/lib/test-libcodepage.p/codepage_test_main.c.o
 .data          0x0000000000000000        0x0 uspace/lib/test-libcodepage.p/codepage_test_main.c.o
 .bss           0x0000000000000000        0x0 uspace/lib/test-libcodepage.p/codepage_test_main.c.o
 .data          0x0000000000000000        0x0 uspace/lib/c/libstartfiles.a.p/arch_amd64_src_crt0.S.o
 .bss           0x0000000000000000        0x0 uspace/lib/c/libstartfiles.a.p/arch_amd64_src_crt0.S.o
 .text          0x0000000000000000        0x0 uspace/lib/c/libstartfiles.a.p/generic_crt_crt1.c.o
 .data          0x0000000000000000        0x0 uspace/lib/c/libstartfiles.a.p/generic_crt_crt1.c.o
 .bss           0x0000000000000000        0x0 uspace/lib/c/libstartfiles.a.p/generic_crt_crt1.c.o
 .text          0x0000000000000000        0x0 uspace/lib/libcodepage.a.p/codepage_src_cp437.c.o
 .data          0x0000000000000000        0x0 uspace/lib/libcodepage.a.p/codepage_src_cp437.c.o
 .bss           0x0000000000000000        0x0 uspace/lib/libcodepage.a.p/codepage_src_cp437.c.o
 .text          0x0000000000000000        0x0 uspace/lib/libpcut.a.p/pcut_src_os_helenos.c.o
 .data          0x0000000000000000        0x0 uspace/lib/libpcut.a.p/pcut_src_os_helenos.c.o
 .bss           0x0000000000000000        0x0 uspace/lib/libpcut.a.p/pcut_src_os_helenos.c.o
 .text          0x0000000000000000        0x0 uspace/lib/libpcut.a.p/pcut_src_assert.c.o
 .data          0x0000000000000000        0x0 uspace/lib/libpcut.a.p/pcut_src_assert.c.o
 .bss           0x0000000000000000        0x0 uspace/lib/libpcut.a.p/pcut_src_assert.c.o
 .text          0x0000000000000000        0x0 uspace/lib/libpcut.a.p/pcut_src_helper.c.o
 .data          0x0000000000000000        0x0 uspace/lib/libpcut.a.p/pcut_src_helper.c.o
 .bss           0x0000000000000000        0x0 uspace/lib/libpcut.a.p/pcut_src_helper.c.o
 .text          0x0000000000000000        0x0 uspace/lib/libpcut.a.p/pcut_src_main.c.o
 .data          0x0000000000000000        0x0 uspace/lib/libpcut.a.p/pcut_src_main.c.o
 .bss           0x0000000000000000        0x0 uspace/lib/libpcut.a.p/pcut_src_main.c.o
 .text.pcut_is_arg_with_number
                0x0000000000000000       0x4c uspace/lib/libpcut.a.p/pcut_src_main.c.o
 .text          0x0000000000000000        0x0 uspace/lib/libpcut.a.p/pcut_src_print.c.o
 .data          0x0000000000000000        0x0 uspace/lib/libpcut.a.p/pcut_src_print.c.o
 .bss           0x0000000000000000        0x0 uspace/lib/libpcut.a.p/pcut_src_print.c.o
 .rodata.pcut_print_items.str1.1
                0x0000000000000000       0x37 uspace/lib/libpcut.a.p/pcut_src_print.c.o
 .text.pcut_print_items
                0x0000000000000000       0x9e uspace/lib/libpcut.a.p/pcut_src_print.c.o
 .text          0x0000000000000000        0x0 uspace/lib/libpcut.a.p/pcut_src_report_report.c.o
 .data          0x0000000000000000        0x0 uspace/lib/libpcut.a.p/pcut_src_report_report.c.o
 .bss           0x0000000000000000        0x0 uspace/lib/libpcut.a.p/pcut_src_report_report.c.o
 .text          0x0000000000000000        0x0 uspace/lib/libpcut.a.p/pcut_src_report_tap.c.o
 .data          0x0000000000000000        0x0 uspace/lib/libpcut.a.p/pcut_src_report_tap.c.o
 .bss           0x0000000000000000        0x0 uspace/lib/libpcut.a.p/pcut_src_report_tap.c.o
 .text          0x0000000000000000        0x0 uspace/lib/libpcut.a.p/pcut_src_report_xml.c.o
 .data          0x0000000000000000        0x0 uspace/lib/libpcut.a.p/pcut_src_report_xml.c.o
 .bss           0x0000000000000000        0x0 uspace/lib/libpcut.a.p/pcut_src_report_xml.c.o
 .text          0x0000000000000000        0x0 uspace/lib/libpcut.a.p/pcut_src_run.c.o
 .data          0x0000000000000000        0x0 uspace/lib/libpcut.a.p/pcut_src_run.c.o
 .bss           0x0000000000000000        0x0 uspace/lib/libpcut.a.p/pcut_src_run.c.o
 .text          0x0000000000000000        0x0 uspace/lib/libpcut.a.p/pcut_src_list.c.o
 .data          0x0000000000000000        0x0 uspace/lib/libpcut.a.p/pcut_src_list.c.o
 .bss           0x0000000000000000        0x0 uspace/lib/libpcut.a.p/pcut_src_list.c.o

Memory Configuration

Name             Origin             Length             Attributes
*default*        0x0000000000000000 0xffffffffffffffff

Linker script and memory map

LOAD uspace/lib/test-libcodepage.p/codepage_test_cp437.c.o
LOAD uspace/lib/test-libcodepage.p/codepage_test_main.c.o
START GROUP
LOAD uspace/lib/c/libstartfiles.a
LOAD uspace/lib/libcodepage.a
LOAD uspace/lib/libc.so.0.0
LOAD uspace/lib/libpcut.a
LOAD /home/zyc/.local/share/HelenOS/cross/lib/gcc/amd64-helenos/13.2.0/libgcc.a
END GROUP
                0x0000000000400000                PROVIDE (__executable_start = SEGMENT_START ("text-segment", 0x400000))
                0x0000000000400120                . = (SEGMENT_START ("text-segment", 0x400000) + SIZEOF_HEADERS)

.interp
 *(.interp)

.note.gnu.build-id
 *(.note.gnu.build-id)

.hash           0x0000000000400120      0x13c
 *(.hash)
 .hash          0x0000000000400120      0x13c uspace/lib/test-libcodepage.p/codepage_test_cp437.c.o

.gnu.hash
 *(.gnu.hash)

.dynsym         0x0000000000400260      0x3c0
 *(.dynsym)
 .dynsym        0x0000000000400260      0x3c0 uspace/lib/test-libcodepage.p/codepage_test_cp437.c.o

.dynstr         0x0000000000400620      0x1b8
 *(.dynstr)
 .dynstr        0x0000000000400620      0x1b8 uspace/lib/test-libcodepage.p/codepage_test_cp437.c.o

.gnu.version    0x00000000004007d8        0x0
 *(.gnu.version)
 .gnu.version   0x00000000004007d8        0x0 uspace/lib/test-libcodepage.p/codepage_test_cp437.c.o

.gnu.version_d  0x00000000004007d8        0x0
 *(.gnu.version_d)
 .gnu.version_d
                0x00000000004007d8        0x0 uspace/lib/test-libcodepage.p/codepage_test_cp437.c.o

.gnu.version_r  0x00000000004007d8        0x0
 *(.gnu.version_r)
 .gnu.version_r
                0x00000000004007d8        0x0 uspace/lib/test-libcodepage.p/codepage_test_cp437.c.o

.rela.dyn       0x00000000004007d8       0x48
 *(.rela.init)
 *(.rela.text .rela.text.* .rela.gnu.linkonce.t.*)
 .rela.text.__c_start
                0x00000000004007d8        0x0 uspace/lib/test-libcodepage.p/codepage_test_cp437.c.o
 .rela.text.pcut_run_test_forking
                0x00000000004007d8        0x0 uspace/lib/test-libcodepage.p/codepage_test_cp437.c.o
 .rela.text.pcut_main
                0x00000000004007d8        0x0 uspace/lib/test-libcodepage.p/codepage_test_cp437.c.o
 *(.rela.fini)
 *(.rela.rodata .rela.rodata.* .rela.gnu.linkonce.r.*)
 .rela.rodata.cst8
                0x00000000004007d8        0x0 uspace/lib/test-libcodepage.p/codepage_test_cp437.c.o
 *(.rela.data .rela.data.* .rela.gnu.linkonce.d.*)
 .rela.data.rel.ro
                0x00000000004007d8        0x0 uspace/lib/test-libcodepage.p/codepage_test_cp437.c.o
 *(.rela.tdata .rela.tdata.* .rela.gnu.linkonce.td.*)
 *(.rela.tbss .rela.tbss.* .rela.gnu.linkonce.tb.*)
 *(.rela.ctors)
 *(.rela.dtors)
 *(.rela.got)
 .rela.got      0x00000000004007d8        0x0 uspace/lib/test-libcodepage.p/codepage_test_cp437.c.o
 *(.rela.bss .rela.bss.* .rela.gnu.linkonce.b.*)
 .rela.bss      0x00000000004007d8       0x48 uspace/lib/test-libcodepage.p/codepage_test_cp437.c.o
 *(.rela.ldata .rela.ldata.* .rela.gnu.linkonce.l.*)
 *(.rela.lbss .rela.lbss.* .rela.gnu.linkonce.lb.*)
 *(.rela.lrodata .rela.lrodata.* .rela.gnu.linkonce.lr.*)
 *(.rela.ifunc)

.rela.plt       0x0000000000400820      0x360
 *(.rela.plt)
 .rela.plt      0x0000000000400820      0x360 uspace/lib/test-libcodepage.p/codepage_test_cp437.c.o
                [!provide]                        PROVIDE (__rela_iplt_start = .)
 *(.rela.iplt)
 .rela.iplt     0x0000000000400b80        0x0 uspace/lib/test-libcodepage.p/codepage_test_cp437.c.o
                [!provide]                        PROVIDE (__rela_iplt_end = .)

.relr.dyn
 *(.relr.dyn)

.init
 *(SORT_NONE(.init))

.plt            0x0000000000400b80      0x250
 *(.plt)
 .plt           0x0000000000400b80      0x250 uspace/lib/test-libcodepage.p/codepage_test_cp437.c.o
                0x0000000000400b90                longjmp
                0x0000000000400ba0                printf
                0x0000000000400bb0                snprintf
                0x0000000000400bc0                task_wait
                0x0000000000400bd0                memcpy
                0x0000000000400be0                setvbuf
                0x0000000000400bf0                puts
                0x0000000000400c00                vsnprintf
                0x0000000000400c10                fibril_condvar_signal
                0x0000000000400c20                vfs_put
                0x0000000000400c30                vfs_unlink_path
                0x0000000000400c40                task_spawnvf
                0x0000000000400c50                strtol
                0x0000000000400c60                str_chr
                0x0000000000400c70                fibril_condvar_wait_timeout
                0x0000000000400c80                __context_save
                0x0000000000400c90                fibril_mutex_unlock
                0x0000000000400ca0                fibril_create
                0x0000000000400cb0                task_kill
                0x0000000000400cc0                str_cmp
                0x0000000000400cd0                task_get_id
                0x0000000000400ce0                strdup
                0x0000000000400cf0                __helenos_assert_abort
                0x0000000000400d00                vfs_read
                0x0000000000400d10                str_cpy
                0x0000000000400d20                asprintf
                0x0000000000400d30                str_size
                0x0000000000400d40                str_lcmp
                0x0000000000400d50                str_error
                0x0000000000400d60                __libc_main
                0x0000000000400d70                exit
                0x0000000000400d80                fibril_add_ready
                0x0000000000400d90                fileno
                0x0000000000400da0                vfs_lookup_open
                0x0000000000400db0                free
                0x0000000000400dc0                fibril_mutex_lock
 *(.iplt)
 .iplt          0x0000000000400dd0        0x0 uspace/lib/test-libcodepage.p/codepage_test_cp437.c.o

.plt.got        0x0000000000400dd0        0x0
 *(.plt.got)
 .plt.got       0x0000000000400dd0        0x0 uspace/lib/test-libcodepage.p/codepage_test_cp437.c.o

.plt.sec
 *(.plt.sec)

.text           0x0000000000400dd0     0x1f2a
 *(.text.unlikely .text.*_unlikely .text.unlikely.*)
 *(.text.exit .text.exit.*)
 *(.text.startup .text.startup.*)
 .text.startup.main
                0x0000000000400dd0       0x14 uspace/lib/test-libcodepage.p/codepage_test_main.c.o
                0x0000000000400dd0                main
 *(.text.hot .text.hot.*)
 *(SORT_BY_NAME(.text.sorted.*))
 *(.text .stub .text.* .gnu.linkonce.t.*)
 *fill*         0x0000000000400de4        0xc 
 .text.test_encode_cases
                0x0000000000400df0      0x392 uspace/lib/test-libcodepage.p/codepage_test_cp437.c.o
 *fill*         0x0000000000401182        0xe 
 .text.test_decode_encode
                0x0000000000401190       0xe5 uspace/lib/test-libcodepage.p/codepage_test_cp437.c.o
 .text          0x0000000000401275        0xc uspace/lib/c/libstartfiles.a.p/arch_amd64_src_crt0.S.o
                0x0000000000401275                _start
 *fill*         0x0000000000401281        0xf 
 .text.__c_start
                0x0000000000401290       0x8c uspace/lib/c/libstartfiles.a.p/generic_crt_crt1.c.o
                0x0000000000401290                __c_start
 *fill*         0x000000000040131c        0x4 
 .text.cp437_decode
                0x0000000000401320       0x11 uspace/lib/libcodepage.a.p/codepage_src_cp437.c.o
                0x0000000000401320                cp437_decode
 *fill*         0x0000000000401331        0xf 
 .text.cp437_encode
                0x0000000000401340       0x57 uspace/lib/libcodepage.a.p/codepage_src_cp437.c.o
                0x0000000000401340                cp437_encode
 *fill*         0x0000000000401397        0x9 
 .text.test_timeout_handler_fibril
                0x00000000004013a0       0x6c uspace/lib/libpcut.a.p/pcut_src_os_helenos.c.o
 *fill*         0x000000000040140c        0x4 
 .text.pcut_str_equals
                0x0000000000401410       0x13 uspace/lib/libpcut.a.p/pcut_src_os_helenos.c.o
                0x0000000000401410                pcut_str_equals
 *fill*         0x0000000000401423        0xd 
 .text.pcut_str_start_equals
                0x0000000000401430       0x16 uspace/lib/libpcut.a.p/pcut_src_os_helenos.c.o
                0x0000000000401430                pcut_str_start_equals
 *fill*         0x0000000000401446        0xa 
 .text.pcut_str_size
                0x0000000000401450        0xb uspace/lib/libpcut.a.p/pcut_src_os_helenos.c.o
                0x0000000000401450                pcut_str_size
 *fill*         0x000000000040145b        0x5 
 .text.pcut_str_to_int
                0x0000000000401460       0x12 uspace/lib/libpcut.a.p/pcut_src_os_helenos.c.o
                0x0000000000401460                pcut_str_to_int
 *fill*         0x0000000000401472        0xe 
 .text.pcut_str_find_char
                0x0000000000401480        0xe uspace/lib/libpcut.a.p/pcut_src_os_helenos.c.o
                0x0000000000401480                pcut_str_find_char
 *fill*         0x000000000040148e        0x2 
 .text.pcut_str_error
                0x0000000000401490       0x2f uspace/lib/libpcut.a.p/pcut_src_os_helenos.c.o
                0x0000000000401490                pcut_str_error
 *fill*         0x00000000004014bf        0x1 
 .text.pcut_run_test_forking
                0x00000000004014c0      0x249 uspace/lib/libpcut.a.p/pcut_src_os_helenos.c.o
                0x00000000004014c0                pcut_run_test_forking
 *fill*         0x0000000000401709        0x7 
 .text.pcut_hook_before_test
                0x0000000000401710        0x6 uspace/lib/libpcut.a.p/pcut_src_os_helenos.c.o
                0x0000000000401710                pcut_hook_before_test
 *fill*         0x0000000000401716        0xa 
 .text.pcut_failed_assertion_fmt
                0x0000000000401720      0x10a uspace/lib/libpcut.a.p/pcut_src_assert.c.o
                0x0000000000401720                pcut_failed_assertion_fmt
 *fill*         0x000000000040182a        0x6 
 .text.pcut_snprintf
                0x0000000000401830       0x7f uspace/lib/libpcut.a.p/pcut_src_helper.c.o
                0x0000000000401830                pcut_snprintf
 *fill*         0x00000000004018af        0x1 
 .text.run_suite
                0x00000000004018b0       0xec uspace/lib/libpcut.a.p/pcut_src_main.c.o
 *fill*         0x000000000040199c        0x4 
 .text.pcut_main
                0x00000000004019a0      0x447 uspace/lib/libpcut.a.p/pcut_src_main.c.o
                0x00000000004019a0                pcut_main
 *fill*         0x0000000000401de7        0x9 
 .text.pcut_print_tests
                0x0000000000401df0       0x99 uspace/lib/libpcut.a.p/pcut_src_print.c.o
                0x0000000000401df0                pcut_print_tests
 *fill*         0x0000000000401e89        0x7 
 .text.pcut_print_fail_message
                0x0000000000401e90       0x41 uspace/lib/libpcut.a.p/pcut_src_report_report.c.o
                0x0000000000401e90                pcut_print_fail_message
 *fill*         0x0000000000401ed1        0xf 
 .text.pcut_report_register_handler
                0x0000000000401ee0        0xd uspace/lib/libpcut.a.p/pcut_src_report_report.c.o
                0x0000000000401ee0                pcut_report_register_handler
 *fill*         0x0000000000401eed        0x3 
 .text.pcut_report_init
                0x0000000000401ef0       0x22 uspace/lib/libpcut.a.p/pcut_src_report_report.c.o
                0x0000000000401ef0                pcut_report_init
 *fill*         0x0000000000401f12        0xe 
 .text.pcut_report_suite_start
                0x0000000000401f20       0x22 uspace/lib/libpcut.a.p/pcut_src_report_report.c.o
                0x0000000000401f20                pcut_report_suite_start
 *fill*         0x0000000000401f42        0xe 
 .text.pcut_report_suite_done
                0x0000000000401f50       0x22 uspace/lib/libpcut.a.p/pcut_src_report_report.c.o
                0x0000000000401f50                pcut_report_suite_done
 *fill*         0x0000000000401f72        0xe 
 .text.pcut_report_test_start
                0x0000000000401f80       0x22 uspace/lib/libpcut.a.p/pcut_src_report_report.c.o
                0x0000000000401f80                pcut_report_test_start
 *fill*         0x0000000000401fa2        0xe 
 .text.pcut_report_test_done
                0x0000000000401fb0       0x22 uspace/lib/libpcut.a.p/pcut_src_report_report.c.o
                0x0000000000401fb0                pcut_report_test_done
 *fill*         0x0000000000401fd2        0xe 
 .text.pcut_report_test_done_unparsed
                0x0000000000401fe0      0x15a uspace/lib/libpcut.a.p/pcut_src_report_report.c.o
                0x0000000000401fe0                pcut_report_test_done_unparsed
 *fill*         0x000000000040213a        0x6 
 .text.pcut_report_done
                0x0000000000402140       0x22 uspace/lib/libpcut.a.p/pcut_src_report_report.c.o
                0x0000000000402140                pcut_report_done
 *fill*         0x0000000000402162        0xe 
 .text.tap_test_start
                0x0000000000402170       0x14 uspace/lib/libpcut.a.p/pcut_src_report_tap.c.o
 *fill*         0x0000000000402184        0xc 
 .text.tap_suite_start
                0x0000000000402190       0x29 uspace/lib/libpcut.a.p/pcut_src_report_tap.c.o
 *fill*         0x00000000004021b9        0x7 
 .text.tap_init
                0x00000000004021c0       0x2c uspace/lib/libpcut.a.p/pcut_src_report_tap.c.o
 *fill*         0x00000000004021ec        0x4 
 .text.tap_done
                0x00000000004021f0       0x42 uspace/lib/libpcut.a.p/pcut_src_report_tap.c.o
 *fill*         0x0000000000402232        0xe 
 .text.tap_suite_done
                0x0000000000402240       0x33 uspace/lib/libpcut.a.p/pcut_src_report_tap.c.o
 *fill*         0x0000000000402273        0xd 
 .text.tap_test_done
                0x0000000000402280      0x246 uspace/lib/libpcut.a.p/pcut_src_report_tap.c.o
 *fill*         0x00000000004024c6        0xa 
 .text.xml_test_start
                0x00000000004024d0       0x14 uspace/lib/libpcut.a.p/pcut_src_report_xml.c.o
 *fill*         0x00000000004024e4        0xc 
 .text.xml_suite_done
                0x00000000004024f0       0x21 uspace/lib/libpcut.a.p/pcut_src_report_xml.c.o
 *fill*         0x0000000000402511        0xf 
 .text.xml_suite_start
                0x0000000000402520       0x29 uspace/lib/libpcut.a.p/pcut_src_report_xml.c.o
 *fill*         0x0000000000402549        0x7 
 .text.xml_done
                0x0000000000402550        0xf uspace/lib/libpcut.a.p/pcut_src_report_xml.c.o
 *fill*         0x000000000040255f        0x1 
 .text.xml_init
                0x0000000000402560       0x37 uspace/lib/libpcut.a.p/pcut_src_report_xml.c.o
 *fill*         0x0000000000402597        0x9 
 .text.xml_test_done
                0x00000000004025a0      0x1dd uspace/lib/libpcut.a.p/pcut_src_report_xml.c.o
 *fill*         0x000000000040277d        0x3 
 .text.run_test
                0x0000000000402780      0x135 uspace/lib/libpcut.a.p/pcut_src_run.c.o
 *fill*         0x00000000004028b5        0xb 
 .text.pcut_failed_assertion
                0x00000000004028c0       0xca uspace/lib/libpcut.a.p/pcut_src_run.c.o
                0x00000000004028c0                pcut_failed_assertion
 *fill*         0x000000000040298a        0x6 
 .text.pcut_run_test_forked
                0x0000000000402990       0x3f uspace/lib/libpcut.a.p/pcut_src_run.c.o
                0x0000000000402990                pcut_run_test_forked
 *fill*         0x00000000004029cf        0x1 
 .text.pcut_run_test_single
                0x00000000004029d0       0x3f uspace/lib/libpcut.a.p/pcut_src_run.c.o
                0x00000000004029d0                pcut_run_test_single
 *fill*         0x0000000000402a0f        0x1 
 .text.pcut_get_test_timeout
                0x0000000000402a10       0x2f uspace/lib/libpcut.a.p/pcut_src_run.c.o
                0x0000000000402a10                pcut_get_test_timeout
 *fill*         0x0000000000402a3f        0x1 
 .text.pcut_get_real_next
                0x0000000000402a40       0x22 uspace/lib/libpcut.a.p/pcut_src_list.c.o
                0x0000000000402a40                pcut_get_real_next
 *fill*         0x0000000000402a62        0xe 
 .text.pcut_get_real
                0x0000000000402a70       0x2a uspace/lib/libpcut.a.p/pcut_src_list.c.o
                0x0000000000402a70                pcut_get_real
 *fill*         0x0000000000402a9a        0x6 
 .text.pcut_fix_list_get_real_head
                0x0000000000402aa0      0x219 uspace/lib/libpcut.a.p/pcut_src_list.c.o
                0x0000000000402aa0                pcut_fix_list_get_real_head
 *fill*         0x0000000000402cb9        0x7 
 .text.pcut_count_tests
                0x0000000000402cc0       0x3a uspace/lib/libpcut.a.p/pcut_src_list.c.o
                0x0000000000402cc0                pcut_count_tests
 *(.gnu.warning)

.fini
 *(SORT_NONE(.fini))
                [!provide]                        PROVIDE (__etext = .)
                [!provide]                        PROVIDE (_etext = .)
                [!provide]                        PROVIDE (etext = .)

.rodata         0x0000000000402d00     0x1388
 *(.rodata .rodata.* .gnu.linkonce.r.*)
 .rodata.test_encode_cases.str1.1
                0x0000000000402d00      0x272 uspace/lib/test-libcodepage.p/codepage_test_cp437.c.o
                                          0xa (size before relaxing)
 *fill*         0x0000000000402f72        0x6 
 .rodata.test_encode_cases.str1.8
                0x0000000000402f78      0x1ec uspace/lib/test-libcodepage.p/codepage_test_cp437.c.o
                                         0x87 (size before relaxing)
 .rodata.test_decode_encode.str1.8
                0x0000000000403164       0x1f uspace/lib/test-libcodepage.p/codepage_test_cp437.c.o
 .rodata.str1.1
                0x0000000000403164       0x3d uspace/lib/test-libcodepage.p/codepage_test_cp437.c.o
 .rodata.str1.1
                0x0000000000403164       0x1f uspace/lib/test-libcodepage.p/codepage_test_main.c.o
 *fill*         0x0000000000403164        0x4 
 .rodata.cst8   0x0000000000403168        0x8 uspace/lib/c/libstartfiles.a.p/generic_crt_crt1.c.o
 *fill*         0x0000000000403170       0x10 
 .rodata.u2xxx_to_cp437
                0x0000000000403180      0x700 uspace/lib/libcodepage.a.p/codepage_src_cp437.c.o
 .rodata.u0xxx_to_cp437
                0x0000000000403880      0x400 uspace/lib/libcodepage.a.p/codepage_src_cp437.c.o
 .rodata.cp437  0x0000000000403c80      0x400 uspace/lib/libcodepage.a.p/codepage_src_cp437.c.o
 .rodata.pcut_str_error.str1.1
                0x0000000000404080       0x13 uspace/lib/libpcut.a.p/pcut_src_os_helenos.c.o
 .rodata.pcut_run_test_forking.str1.1
                0x0000000000404080       0x13 uspace/lib/libpcut.a.p/pcut_src_os_helenos.c.o
 .rodata.pcut_run_test_forking.str1.8
                0x0000000000404080       0x21 uspace/lib/libpcut.a.p/pcut_src_os_helenos.c.o
 .rodata.pcut_failed_assertion_fmt.str1.1
                0x0000000000404080        0x8 uspace/lib/libpcut.a.p/pcut_src_assert.c.o
 .rodata.pcut_main.str1.1
                0x0000000000404080       0x80 uspace/lib/libpcut.a.p/pcut_src_main.c.o
 .rodata.pcut_print_tests.str1.1
                0x0000000000404080       0x27 uspace/lib/libpcut.a.p/pcut_src_print.c.o
 .rodata.pcut_print_tests.str1.8
                0x0000000000404080       0x5c uspace/lib/libpcut.a.p/pcut_src_print.c.o
 .rodata.pcut_print_fail_message.str1.1
                0x0000000000404080        0xc uspace/lib/libpcut.a.p/pcut_src_report_report.c.o
 .rodata.tap_suite_start.str1.1
                0x0000000000404080       0x17 uspace/lib/libpcut.a.p/pcut_src_report_tap.c.o
 .rodata.tap_init.str1.1
                0x0000000000404080        0x7 uspace/lib/libpcut.a.p/pcut_src_report_tap.c.o
 .rodata.tap_done.str1.1
                0x0000000000404080       0x30 uspace/lib/libpcut.a.p/pcut_src_report_tap.c.o
 .rodata.tap_done.str1.8
                0x0000000000404080       0x21 uspace/lib/libpcut.a.p/pcut_src_report_tap.c.o
 .rodata.tap_suite_done.str1.8
                0x0000000000404080       0x49 uspace/lib/libpcut.a.p/pcut_src_report_tap.c.o
 .rodata.tap_test_done.str1.1
                0x0000000000404080       0x49 uspace/lib/libpcut.a.p/pcut_src_report_tap.c.o
 .rodata.xml_suite_done.str1.8
                0x0000000000404080       0x1f uspace/lib/libpcut.a.p/pcut_src_report_xml.c.o
 .rodata.xml_suite_start.str1.1
                0x0000000000404080       0x14 uspace/lib/libpcut.a.p/pcut_src_report_xml.c.o
 .rodata.xml_done.str1.1
                0x0000000000404080        0xa uspace/lib/libpcut.a.p/pcut_src_report_xml.c.o
 .rodata.xml_init.str1.1
                0x0000000000404080       0x31 uspace/lib/libpcut.a.p/pcut_src_report_xml.c.o
 .rodata.xml_test_done.str1.1
                0x0000000000404080       0x63 uspace/lib/libpcut.a.p/pcut_src_report_xml.c.o
 .rodata.xml_test_done.str1.8
                0x0000000000404080       0x24 uspace/lib/libpcut.a.p/pcut_src_report_xml.c.o
 .rodata.run_test.str1.1
                0x0000000000404080        0x8 uspace/lib/libpcut.a.p/pcut_src_run.c.o
 .rodata.cst8   0x0000000000404080        0x8 uspace/lib/libpcut.a.p/pcut_src_run.c.o

.rodata1
 *(.rodata1)

.eh_frame_hdr   0x0000000000404088      0x1a4
 *(.eh_frame_hdr)
 .eh_frame_hdr  0x0000000000404088      0x1a4 uspace/lib/test-libcodepage.p/codepage_test_cp437.c.o
                0x0000000000404088                __GNU_EH_FRAME_HDR
 *(.eh_frame_entry .eh_frame_entry.*)

.eh_frame       0x0000000000404230      0x778
 *(.eh_frame)
 .eh_frame      0x0000000000404230       0x68 uspace/lib/test-libcodepage.p/codepage_test_cp437.c.o
 .eh_frame      0x0000000000404298       0x28 uspace/lib/test-libcodepage.p/codepage_test_cp437.c.o
                                         0x40 (size before relaxing)
 .eh_frame      0x00000000004042c0        0x0 uspace/lib/test-libcodepage.p/codepage_test_cp437.c.o
 .eh_frame      0x00000000004042c0       0x20 uspace/lib/test-libcodepage.p/codepage_test_main.c.o
                                         0x38 (size before relaxing)
 .eh_frame      0x00000000004042e0       0x20 uspace/lib/c/libstartfiles.a.p/generic_crt_crt1.c.o
                                         0x38 (size before relaxing)
 .eh_frame      0x0000000000404300       0x40 uspace/lib/libcodepage.a.p/codepage_src_cp437.c.o
                                         0x58 (size before relaxing)
 .eh_frame      0x0000000000404340      0x140 uspace/lib/libpcut.a.p/pcut_src_os_helenos.c.o
                                        0x158 (size before relaxing)
 .eh_frame      0x0000000000404480       0x28 uspace/lib/libpcut.a.p/pcut_src_assert.c.o
                                         0x40 (size before relaxing)
 .eh_frame      0x00000000004044a8       0x20 uspace/lib/libpcut.a.p/pcut_src_helper.c.o
                                         0x38 (size before relaxing)
 .eh_frame      0x00000000004044c8       0x60 uspace/lib/libpcut.a.p/pcut_src_main.c.o
                                         0xa0 (size before relaxing)
 .eh_frame      0x0000000000404528       0x28 uspace/lib/libpcut.a.p/pcut_src_print.c.o
                                         0x60 (size before relaxing)
 .eh_frame      0x0000000000404550      0x160 uspace/lib/libpcut.a.p/pcut_src_report_report.c.o
                                        0x178 (size before relaxing)
 .eh_frame      0x00000000004046b0       0xe8 uspace/lib/libpcut.a.p/pcut_src_report_tap.c.o
                                        0x100 (size before relaxing)
 .eh_frame      0x0000000000404798       0xd0 uspace/lib/libpcut.a.p/pcut_src_report_xml.c.o
                                         0xe8 (size before relaxing)
 .eh_frame      0x0000000000404868       0xa8 uspace/lib/libpcut.a.p/pcut_src_run.c.o
                                         0xc0 (size before relaxing)
 .eh_frame      0x0000000000404910       0x98 uspace/lib/libpcut.a.p/pcut_src_list.c.o
                                         0xb0 (size before relaxing)
 *(.eh_frame.*)

.sframe         0x00000000004049a8        0x0
 *(.sframe)
 .sframe        0x00000000004049a8        0x0 uspace/lib/test-libcodepage.p/codepage_test_cp437.c.o
 *(.sframe.*)

.gcc_except_table
 *(.gcc_except_table .gcc_except_table.*)

.gnu_extab
 *(.gnu_extab*)

.exception_ranges
 *(.exception_ranges*)
                0x0000000000405000                . = DATA_SEGMENT_ALIGN (CONSTANT (MAXPAGESIZE), CONSTANT (COMMONPAGESIZE))

.eh_frame
 *(.eh_frame)
 *(.eh_frame.*)

.sframe
 *(.sframe)
 *(.sframe.*)

.gnu_extab
 *(.gnu_extab)

.gcc_except_table
 *(.gcc_except_table .gcc_except_table.*)

.exception_ranges
 *(.exception_ranges*)

.tdata          0x0000000000405000        0x0
                [!provide]                        PROVIDE (__tdata_start = .)
 *(.tdata .tdata.* .gnu.linkonce.td.*)

.tbss
 *(.tbss .tbss.* .gnu.linkonce.tb.*)
 *(.tcommon)

.preinit_array  0x0000000000405000        0x0
                0x0000000000405000                PROVIDE (__preinit_array_start = .)
 *(.preinit_array)
                0x0000000000405000                PROVIDE (__preinit_array_end = .)

.init_array     0x0000000000405000        0x0
                0x0000000000405000                PROVIDE (__init_array_start = .)
 *(SORT_BY_INIT_PRIORITY(.init_array.*) SORT_BY_INIT_PRIORITY(.ctors.*))
 *(.init_array EXCLUDE_FILE(*crtend?.o *crtend.o *crtbegin?.o *crtbegin.o) .ctors)
                0x0000000000405000                PROVIDE (__init_array_end = .)

.fini_array     0x0000000000405000        0x0
                0x0000000000405000                PROVIDE (__fini_array_start = .)
 *(SORT_BY_INIT_PRIORITY(.fini_array.*) SORT_BY_INIT_PRIORITY(.dtors.*))
 *(.fini_array EXCLUDE_FILE(*crtend?.o *crtend.o *crtbegin?.o *crtbegin.o) .dtors)
                0x0000000000405000                PROVIDE (__fini_array_end = .)

.ctors
 *crtbegin.o(.ctors)
 *crtbegin?.o(.ctors)
 *(EXCLUDE_FILE(*crtend?.o *crtend.o) .ctors)
 *(SORT_BY_NAME(.ctors.*))
 *(.ctors)

.dtors
 *crtbegin.o(.dtors)
 *crtbegin?.o(.dtors)
 *(EXCLUDE_FILE(*crtend?.o *crtend.o) .dtors)
 *(SORT_BY_NAME(.dtors.*))
 *(.dtors)

.jcr
 *(.jcr)

.data.rel.ro    0x0000000000405000        0x0
 *(.data.rel.ro.local* .gnu.linkonce.d.rel.ro.local.*)
 *(.data.rel.ro .data.rel.ro.* .gnu.linkonce.d.rel.ro.*)
 .data.rel.ro   0x0000000000405000        0x0 uspace/lib/test-libcodepage.p/codepage_test_cp437.c.o

.dynamic        0x0000000000405000      0x150
 *(.dynamic)
 .dynamic       0x0000000000405000      0x150 uspace/lib/test-libcodepage.p/codepage_test_cp437.c.o
                0x0000000000405000                _DYNAMIC

.got            0x0000000000405150        0x0
 *(.got)
 .got           0x0000000000405150        0x0 uspace/lib/test-libcodepage.p/codepage_test_cp437.c.o
 *(.igot)
                0x0000000000405150                . = DATA_SEGMENT_RELRO_END (., (SIZEOF (.got.plt) >= 0x18)?0x18:0x0)

.got.plt        0x0000000000405150      0x138
 *(.got.plt)
 .got.plt       0x0000000000405150      0x138 uspace/lib/test-libcodepage.p/codepage_test_cp437.c.o
                0x0000000000405150                _GLOBAL_OFFSET_TABLE_
 *(.igot.plt)
 .igot.plt      0x0000000000405288        0x0 uspace/lib/test-libcodepage.p/codepage_test_cp437.c.o

.data           0x00000000004052a0      0x490
 *(.data .data.* .gnu.linkonce.d.*)
 .data.pcut_exported_cp437
                0x00000000004052a0       0x50 uspace/lib/test-libcodepage.p/codepage_test_cp437.c.o
                0x00000000004052a0                pcut_exported_cp437
 *fill*         0x00000000004052f0       0x10 
 .data.pcut_item_4
                0x0000000000405300       0x50 uspace/lib/test-libcodepage.p/codepage_test_cp437.c.o
 .data.pcut_extras_4
                0x0000000000405350        0x8 uspace/lib/test-libcodepage.p/codepage_test_cp437.c.o
 *fill*         0x0000000000405358        0x8 
 .data.pcut_item_3
                0x0000000000405360       0x50 uspace/lib/test-libcodepage.p/codepage_test_cp437.c.o
 .data.pcut_extras_3
                0x00000000004053b0        0x8 uspace/lib/test-libcodepage.p/codepage_test_cp437.c.o
 *fill*         0x00000000004053b8        0x8 
 .data.pcut_item_2
                0x00000000004053c0       0x50 uspace/lib/test-libcodepage.p/codepage_test_cp437.c.o
 *fill*         0x0000000000405410       0x10 
 .data.pcut_item_1
                0x0000000000405420       0x50 uspace/lib/test-libcodepage.p/codepage_test_cp437.c.o
 *fill*         0x0000000000405470       0x10 
 .data.pcut_item_0
                0x0000000000405480       0x50 uspace/lib/test-libcodepage.p/codepage_test_cp437.c.o
 *fill*         0x00000000004054d0       0x10 
 .data.pcut_item_last
                0x00000000004054e0       0x50 uspace/lib/test-libcodepage.p/codepage_test_main.c.o
 .data.pcut_main_extras
                0x0000000000405530       0x18 uspace/lib/test-libcodepage.p/codepage_test_main.c.o
 *fill*         0x0000000000405548       0x18 
 .data.pcut_item_2
                0x0000000000405560       0x50 uspace/lib/test-libcodepage.p/codepage_test_main.c.o
 *fill*         0x00000000004055b0       0x10 
 .data.pcut_item_1
                0x00000000004055c0       0x50 uspace/lib/test-libcodepage.p/codepage_test_main.c.o
 *fill*         0x0000000000405610       0x10 
 .data.pcut_item_0
                0x0000000000405620       0x50 uspace/lib/test-libcodepage.p/codepage_test_main.c.o
 .data.forced_termination_cv
                0x0000000000405670       0x10 uspace/lib/libpcut.a.p/pcut_src_os_helenos.c.o
 .data.forced_termination_mutex
                0x0000000000405680       0x20 uspace/lib/libpcut.a.p/pcut_src_os_helenos.c.o
 .data.empty_main_extra
                0x00000000004056a0       0x18 uspace/lib/libpcut.a.p/pcut_src_main.c.o
 .data.pcut_run_mode
                0x00000000004056b8        0x4 uspace/lib/libpcut.a.p/pcut_src_main.c.o
                0x00000000004056b8                pcut_run_mode
 *fill*         0x00000000004056bc        0x4 
 .data.pcut_report_tap
                0x00000000004056c0       0x30 uspace/lib/libpcut.a.p/pcut_src_report_tap.c.o
                0x00000000004056c0                pcut_report_tap
 *fill*         0x00000000004056f0       0x10 
 .data.pcut_report_xml
                0x0000000000405700       0x30 uspace/lib/libpcut.a.p/pcut_src_report_xml.c.o
                0x0000000000405700                pcut_report_xml

.data1
 *(.data1)
                0x0000000000405730                _edata = .
                [!provide]                        PROVIDE (edata = .)
                0x0000000000405730                . = .
                0x0000000000405730                __bss_start = .

.bss            0x0000000000405740     0x63c8
 *(.dynbss)
 .dynbss        0x0000000000405740       0x68 uspace/lib/test-libcodepage.p/codepage_test_cp437.c.o
                0x0000000000405740                stdout
                0x0000000000405750                stdin
                0x0000000000405760                __progsymbols
 *(.bss .bss.* .gnu.linkonce.b.*)
 .bss.test_running
                0x00000000004057a8        0x4 uspace/lib/libpcut.a.p/pcut_src_os_helenos.c.o
 *fill*         0x00000000004057ac        0x4 
 .bss.test_task_id
                0x00000000004057b0        0x8 uspace/lib/libpcut.a.p/pcut_src_os_helenos.c.o
 *fill*         0x00000000004057b8        0x8 
 .bss.extra_output_buffer
                0x00000000004057c0     0x2000 uspace/lib/libpcut.a.p/pcut_src_os_helenos.c.o
 .bss.error_message_buffer
                0x00000000004077c0     0x2000 uspace/lib/libpcut.a.p/pcut_src_os_helenos.c.o
 .bss.message_buffer_index
                0x00000000004097c0        0x4 uspace/lib/libpcut.a.p/pcut_src_assert.c.o
 *fill*         0x00000000004097c4       0x1c 
 .bss.message_buffer
                0x00000000004097e0      0x202 uspace/lib/libpcut.a.p/pcut_src_assert.c.o
 *fill*         0x00000000004099e2       0x1e 
 .bss.buffer_for_error_messages
                0x0000000000409a00     0x1000 uspace/lib/libpcut.a.p/pcut_src_report_report.c.o
 .bss.buffer_for_extra_output
                0x000000000040aa00     0x1000 uspace/lib/libpcut.a.p/pcut_src_report_report.c.o
 .bss.report_ops
                0x000000000040ba00        0x8 uspace/lib/libpcut.a.p/pcut_src_report_report.c.o
 .bss.failed_test_names
                0x000000000040ba08        0x8 uspace/lib/libpcut.a.p/pcut_src_report_tap.c.o
 .bss.failed_tests_in_suite
                0x000000000040ba10        0x4 uspace/lib/libpcut.a.p/pcut_src_report_tap.c.o
 .bss.tests_in_suite
                0x000000000040ba14        0x4 uspace/lib/libpcut.a.p/pcut_src_report_tap.c.o
 .bss.failed_test_counter
                0x000000000040ba18        0x4 uspace/lib/libpcut.a.p/pcut_src_report_tap.c.o
 .bss.test_counter
                0x000000000040ba1c        0x4 uspace/lib/libpcut.a.p/pcut_src_report_tap.c.o
 .bss.failed_tests_in_suite
                0x000000000040ba20        0x4 uspace/lib/libpcut.a.p/pcut_src_report_xml.c.o
 .bss.tests_in_suite
                0x000000000040ba24        0x4 uspace/lib/libpcut.a.p/pcut_src_report_xml.c.o
 .bss.test_counter
                0x000000000040ba28        0x4 uspace/lib/libpcut.a.p/pcut_src_report_xml.c.o
 *fill*         0x000000000040ba2c        0x4 
 .bss.prev_message.0
                0x000000000040ba30        0x8 uspace/lib/libpcut.a.p/pcut_src_run.c.o
 *fill*         0x000000000040ba38        0x8 
 .bss.default_suite
                0x000000000040ba40       0x50 uspace/lib/libpcut.a.p/pcut_src_run.c.o
 .bss.current_suite
                0x000000000040ba90        0x8 uspace/lib/libpcut.a.p/pcut_src_run.c.o
 .bss.current_test
                0x000000000040ba98        0x8 uspace/lib/libpcut.a.p/pcut_src_run.c.o
 .bss.leave_means_exit
                0x000000000040baa0        0x4 uspace/lib/libpcut.a.p/pcut_src_run.c.o
 .bss.print_test_error
                0x000000000040baa4        0x4 uspace/lib/libpcut.a.p/pcut_src_run.c.o
 .bss.report_test_result
                0x000000000040baa8        0x4 uspace/lib/libpcut.a.p/pcut_src_run.c.o
 .bss.execute_teardown_on_failure
                0x000000000040baac        0x4 uspace/lib/libpcut.a.p/pcut_src_run.c.o
 *fill*         0x000000000040bab0       0x10 
 .bss.start_test_jump
                0x000000000040bac0       0x48 uspace/lib/libpcut.a.p/pcut_src_run.c.o
 *(COMMON)
                0x000000000040bb08                . = ALIGN ((. != 0x0)?0x8:0x1)

.lbss
 *(.dynlbss)
 *(.lbss .lbss.* .gnu.linkonce.lb.*)
 *(LARGE_COMMON)
                0x000000000040bb08                . = ALIGN (0x8)
                0x000000000040bb08                . = SEGMENT_START ("ldata-segment", .)

.lrodata
 *(.lrodata .lrodata.* .gnu.linkonce.lr.*)

.ldata          0x000000000040db08        0x0
 *(.ldata .ldata.* .gnu.linkonce.l.*)
                0x000000000040db08                . = ALIGN ((. != 0x0)?0x8:0x1)
                0x000000000040db08                . = ALIGN (0x8)
                0x000000000040bb08                _end = .
                [!provide]                        PROVIDE (end = .)
                0x000000000040db08                . = DATA_SEGMENT_END (.)

.stab
 *(.stab)

.stabstr
 *(.stabstr)

.stab.excl
 *(.stab.excl)

.stab.exclstr
 *(.stab.exclstr)

.stab.index
 *(.stab.index)

.stab.indexstr
 *(.stab.indexstr)

.comment        0x0000000000000000       0x12
 *(.comment)
 .comment       0x0000000000000000       0x12 uspace/lib/test-libcodepage.p/codepage_test_cp437.c.o
                                         0x13 (size before relaxing)
 .comment       0x0000000000000012       0x13 uspace/lib/test-libcodepage.p/codepage_test_main.c.o
 .comment       0x0000000000000012       0x13 uspace/lib/c/libstartfiles.a.p/generic_crt_crt1.c.o
 .comment       0x0000000000000012       0x13 uspace/lib/libcodepage.a.p/codepage_src_cp437.c.o
 .comment       0x0000000000000012       0x13 uspace/lib/libpcut.a.p/pcut_src_os_helenos.c.o
 .comment       0x0000000000000012       0x13 uspace/lib/libpcut.a.p/pcut_src_assert.c.o
 .comment       0x0000000000000012       0x13 uspace/lib/libpcut.a.p/pcut_src_helper.c.o
 .comment       0x0000000000000012       0x13 uspace/lib/libpcut.a.p/pcut_src_main.c.o
 .comment       0x0000000000000012       0x13 uspace/lib/libpcut.a.p/pcut_src_print.c.o
 .comment       0x0000000000000012       0x13 uspace/lib/libpcut.a.p/pcut_src_report_report.c.o
 .comment       0x0000000000000012       0x13 uspace/lib/libpcut.a.p/pcut_src_report_tap.c.o
 .comment       0x0000000000000012       0x13 uspace/lib/libpcut.a.p/pcut_src_report_xml.c.o
 .comment       0x0000000000000012       0x13 uspace/lib/libpcut.a.p/pcut_src_run.c.o
 .comment       0x0000000000000012       0x13 uspace/lib/libpcut.a.p/pcut_src_list.c.o

.gnu.build.attributes
 *(.gnu.build.attributes .gnu.build.attributes.*)

.debug
 *(.debug)

.line
 *(.line)

.debug_srcinfo
 *(.debug_srcinfo)

.debug_sfnames
 *(.debug_sfnames)

.debug_aranges
 *(.debug_aranges)

.debug_pubnames
 *(.debug_pubnames)

.debug_info
 *(.debug_info .gnu.linkonce.wi.*)

.debug_abbrev
 *(.debug_abbrev)

.debug_line
 *(.debug_line .debug_line.* .debug_line_end)

.debug_frame
 *(.debug_frame)

.debug_str
 *(.debug_str)

.debug_loc
 *(.debug_loc)

.debug_macinfo
 *(.debug_macinfo)

.debug_weaknames
 *(.debug_weaknames)

.debug_funcnames
 *(.debug_funcnames)

.debug_typenames
 *(.debug_typenames)

.debug_varnames
 *(.debug_varnames)

.debug_pubtypes
 *(.debug_pubtypes)

.debug_ranges
 *(.debug_ranges)

.debug_addr
 *(.debug_addr)

.debug_line_str
 *(.debug_line_str)

.debug_loclists
 *(.debug_loclists)

.debug_macro
 *(.debug_macro)

.debug_names
 *(.debug_names)

.debug_rnglists
 *(.debug_rnglists)

.debug_str_offsets
 *(.debug_str_offsets)

.debug_sup
 *(.debug_sup)

.gnu.attributes
 *(.gnu.attributes)

/DISCARD/
 *(.note.GNU-stack)
 *(.gnu_debuglink)
 *(.gnu.lto_*)
OUTPUT(uspace/lib/test-libcodepage elf64-x86-64)
