Archive member included to satisfy reference by file (symbol)

uspace/lib/c/libstartfiles.a.p/arch_amd64_src_crt0.S.o
                              (--whole-archive)
uspace/lib/c/libstartfiles.a.p/generic_crt_crt1.c.o
                              (--whole-archive)
uspace/lib/libblock.a.p/block_block.c.o
                              uspace/app_mkexfat.p/app_mkexfat_mkexfat.c.o (block_init)
uspace/lib/libdevice.a.p/device_src_bd.c.o
                              uspace/lib/libblock.a.p/block_block.c.o (bd_open)

As-needed library included to satisfy reference by file (symbol)

libc.so.0                     uspace/app_mkexfat.p/app_mkexfat_mkexfat.c.o (rndgen_create)

Discarded input sections

 .text          0x0000000000000000        0x0 uspace/app_mkexfat.p/app_mkexfat_mkexfat.c.o
 .data          0x0000000000000000        0x0 uspace/app_mkexfat.p/app_mkexfat_mkexfat.c.o
 .bss           0x0000000000000000        0x0 uspace/app_mkexfat.p/app_mkexfat_mkexfat.c.o
 .data          0x0000000000000000        0x0 uspace/lib/c/libstartfiles.a.p/arch_amd64_src_crt0.S.o
 .bss           0x0000000000000000        0x0 uspace/lib/c/libstartfiles.a.p/arch_amd64_src_crt0.S.o
 .text          0x0000000000000000        0x0 uspace/lib/c/libstartfiles.a.p/generic_crt_crt1.c.o
 .data          0x0000000000000000        0x0 uspace/lib/c/libstartfiles.a.p/generic_crt_crt1.c.o
 .bss           0x0000000000000000        0x0 uspace/lib/c/libstartfiles.a.p/generic_crt_crt1.c.o
 .text          0x0000000000000000        0x0 uspace/lib/libblock.a.p/block_block.c.o
 .data          0x0000000000000000        0x0 uspace/lib/libblock.a.p/block_block.c.o
 .bss           0x0000000000000000        0x0 uspace/lib/libblock.a.p/block_block.c.o
 .text.cache_key_hash
                0x0000000000000000        0x9 uspace/lib/libblock.a.p/block_block.c.o
 .text.cache_hash
                0x0000000000000000        0xa uspace/lib/libblock.a.p/block_block.c.o
 .text.cache_key_equal
                0x0000000000000000       0x10 uspace/lib/libblock.a.p/block_block.c.o
 .text.read_blocks.part.0
                0x0000000000000000       0x18 uspace/lib/libblock.a.p/block_block.c.o
 .text.write_blocks.part.0
                0x0000000000000000       0x18 uspace/lib/libblock.a.p/block_block.c.o
 .text.block_bb_read
                0x0000000000000000      0x120 uspace/lib/libblock.a.p/block_block.c.o
 .text.block_bb_get
                0x0000000000000000       0x7e uspace/lib/libblock.a.p/block_block.c.o
 .text.block_cache_init
                0x0000000000000000      0x16c uspace/lib/libblock.a.p/block_block.c.o
 .text.block_cache_fini
                0x0000000000000000      0x18d uspace/lib/libblock.a.p/block_block.c.o
 .text.block_fini
                0x0000000000000000       0xee uspace/lib/libblock.a.p/block_block.c.o
 .rodata.block_put.str1.1
                0x0000000000000000       0x21 uspace/lib/libblock.a.p/block_block.c.o
 .rodata.block_put.str1.8
                0x0000000000000000       0x53 uspace/lib/libblock.a.p/block_block.c.o
 .text.block_put
                0x0000000000000000      0x2f0 uspace/lib/libblock.a.p/block_block.c.o
 .rodata.block_get.str1.1
                0x0000000000000000       0x1f uspace/lib/libblock.a.p/block_block.c.o
 .text.block_get
                0x0000000000000000      0x528 uspace/lib/libblock.a.p/block_block.c.o
 .text.block_seqread
                0x0000000000000000      0x1be uspace/lib/libblock.a.p/block_block.c.o
 .text.block_sync_cache
                0x0000000000000000       0x86 uspace/lib/libblock.a.p/block_block.c.o
 .text.block_read_bytes_direct
                0x0000000000000000      0x1e8 uspace/lib/libblock.a.p/block_block.c.o
 .text.block_read_toc
                0x0000000000000000       0x9e uspace/lib/libblock.a.p/block_block.c.o
 .rodata.cache_ops
                0x0000000000000000       0x28 uspace/lib/libblock.a.p/block_block.c.o
 .text          0x0000000000000000        0x0 uspace/lib/libdevice.a.p/device_src_bd.c.o
 .data          0x0000000000000000        0x0 uspace/lib/libdevice.a.p/device_src_bd.c.o
 .bss           0x0000000000000000        0x0 uspace/lib/libdevice.a.p/device_src_bd.c.o
 .text.bd_read_toc
                0x0000000000000000       0x9a uspace/lib/libdevice.a.p/device_src_bd.c.o
 .text.bd_sync_cache
                0x0000000000000000       0x4e uspace/lib/libdevice.a.p/device_src_bd.c.o

Memory Configuration

Name             Origin             Length             Attributes
*default*        0x0000000000000000 0xffffffffffffffff

Linker script and memory map

LOAD uspace/app_mkexfat.p/app_mkexfat_mkexfat.c.o
START GROUP
LOAD uspace/lib/c/libstartfiles.a
LOAD uspace/lib/libblock.a
LOAD uspace/lib/libdevice.a
LOAD uspace/lib/libc.so.0.0
LOAD /home/zyc/.local/share/HelenOS/cross/lib/gcc/amd64-helenos/13.2.0/libgcc.a
END GROUP
                0x0000000000400000                PROVIDE (__executable_start = SEGMENT_START ("text-segment", 0x400000))
                0x0000000000400120                . = (SEGMENT_START ("text-segment", 0x400000) + SIZEOF_HEADERS)

.interp
 *(.interp)

.note.gnu.build-id
 *(.note.gnu.build-id)

.hash           0x0000000000400120      0x138
 *(.hash)
 .hash          0x0000000000400120      0x138 uspace/app_mkexfat.p/app_mkexfat_mkexfat.c.o

.gnu.hash
 *(.gnu.hash)

.dynsym         0x0000000000400258      0x3a8
 *(.dynsym)
 .dynsym        0x0000000000400258      0x3a8 uspace/app_mkexfat.p/app_mkexfat_mkexfat.c.o

.dynstr         0x0000000000400600      0x227
 *(.dynstr)
 .dynstr        0x0000000000400600      0x227 uspace/app_mkexfat.p/app_mkexfat_mkexfat.c.o

.gnu.version    0x0000000000400828        0x0
 *(.gnu.version)
 .gnu.version   0x0000000000400828        0x0 uspace/app_mkexfat.p/app_mkexfat_mkexfat.c.o

.gnu.version_d  0x0000000000400828        0x0
 *(.gnu.version_d)
 .gnu.version_d
                0x0000000000400828        0x0 uspace/app_mkexfat.p/app_mkexfat_mkexfat.c.o

.gnu.version_r  0x0000000000400828        0x0
 *(.gnu.version_r)
 .gnu.version_r
                0x0000000000400828        0x0 uspace/app_mkexfat.p/app_mkexfat_mkexfat.c.o

.rela.dyn       0x0000000000400828       0x48
 *(.rela.init)
 *(.rela.text .rela.text.* .rela.gnu.linkonce.t.*)
 .rela.text.startup.main
                0x0000000000400828        0x0 uspace/app_mkexfat.p/app_mkexfat_mkexfat.c.o
 .rela.text.__c_start
                0x0000000000400828        0x0 uspace/app_mkexfat.p/app_mkexfat_mkexfat.c.o
 *(.rela.fini)
 *(.rela.rodata .rela.rodata.* .rela.gnu.linkonce.r.*)
 .rela.rodata.cst8
                0x0000000000400828        0x0 uspace/app_mkexfat.p/app_mkexfat_mkexfat.c.o
 *(.rela.data .rela.data.* .rela.gnu.linkonce.d.*)
 .rela.data.rel.ro
                0x0000000000400828        0x0 uspace/app_mkexfat.p/app_mkexfat_mkexfat.c.o
 *(.rela.tdata .rela.tdata.* .rela.gnu.linkonce.td.*)
 *(.rela.tbss .rela.tbss.* .rela.gnu.linkonce.tb.*)
 *(.rela.ctors)
 *(.rela.dtors)
 *(.rela.got)
 .rela.got      0x0000000000400828        0x0 uspace/app_mkexfat.p/app_mkexfat_mkexfat.c.o
 *(.rela.bss .rela.bss.* .rela.gnu.linkonce.b.*)
 .rela.bss      0x0000000000400828       0x48 uspace/app_mkexfat.p/app_mkexfat_mkexfat.c.o
 *(.rela.ldata .rela.ldata.* .rela.gnu.linkonce.l.*)
 *(.rela.lbss .rela.lbss.* .rela.gnu.linkonce.lb.*)
 *(.rela.lrodata .rela.lrodata.* .rela.gnu.linkonce.lr.*)
 *(.rela.ifunc)

.rela.plt       0x0000000000400870      0x348
 *(.rela.plt)
 .rela.plt      0x0000000000400870      0x348 uspace/app_mkexfat.p/app_mkexfat_mkexfat.c.o
                [!provide]                        PROVIDE (__rela_iplt_start = .)
 *(.rela.iplt)
 .rela.iplt     0x0000000000400bb8        0x0 uspace/app_mkexfat.p/app_mkexfat_mkexfat.c.o
                [!provide]                        PROVIDE (__rela_iplt_end = .)

.relr.dyn
 *(.relr.dyn)

.init
 *(SORT_NONE(.init))

.plt            0x0000000000400bc0      0x240
 *(.plt)
 .plt           0x0000000000400bc0      0x240 uspace/app_mkexfat.p/app_mkexfat_mkexfat.c.o
                0x0000000000400bd0                rndgen_create
                0x0000000000400be0                loc_service_connect
                0x0000000000400bf0                printf
                0x0000000000400c00                async_hangup
                0x0000000000400c10                async_req_0_2
                0x0000000000400c20                async_wait_for
                0x0000000000400c30                getopt_long
                0x0000000000400c40                async_data_write_start
                0x0000000000400c50                async_get_call
                0x0000000000400c60                str_to_utf16
                0x0000000000400c70                memcpy
                0x0000000000400c80                rndgen_uint32
                0x0000000000400c90                puts
                0x0000000000400ca0                malloc
                0x0000000000400cb0                loc_service_get_id
                0x0000000000400cc0                async_answer_0
                0x0000000000400cd0                stacktrace_print
                0x0000000000400ce0                strtol
                0x0000000000400cf0                async_exchange_end
                0x0000000000400d00                calloc
                0x0000000000400d10                async_send_3
                0x0000000000400d20                fibril_mutex_unlock
                0x0000000000400d30                async_req_0_1
                0x0000000000400d40                async_create_callback_port
                0x0000000000400d50                __helenos_assert_abort
                0x0000000000400d60                memset
                0x0000000000400d70                async_data_read_start
                0x0000000000400d80                rndgen_destroy
                0x0000000000400d90                utf16_wsize
                0x0000000000400da0                str_error_name
                0x0000000000400db0                async_exchange_begin
                0x0000000000400dc0                __libc_main
                0x0000000000400dd0                async_forget
                0x0000000000400de0                free
                0x0000000000400df0                fibril_mutex_lock
 *(.iplt)
 .iplt          0x0000000000400e00        0x0 uspace/app_mkexfat.p/app_mkexfat_mkexfat.c.o

.plt.got        0x0000000000400e00        0x0
 *(.plt.got)
 .plt.got       0x0000000000400e00        0x0 uspace/app_mkexfat.p/app_mkexfat_mkexfat.c.o

.plt.sec
 *(.plt.sec)

.text           0x0000000000400e00     0x185d
 *(.text.unlikely .text.*_unlikely .text.unlikely.*)
 *(.text.exit .text.exit.*)
 *(.text.startup .text.startup.*)
 .text.startup.main
                0x0000000000400e00      0xd92 uspace/app_mkexfat.p/app_mkexfat_mkexfat.c.o
                0x0000000000400e00                main
 *(.text.hot .text.hot.*)
 *(SORT_BY_NAME(.text.sorted.*))
 *(.text .stub .text.* .gnu.linkonce.t.*)
 *fill*         0x0000000000401b92        0xe 
 .text.ebs_write
                0x0000000000401ba0      0x15f uspace/app_mkexfat.p/app_mkexfat_mkexfat.c.o
 *fill*         0x0000000000401cff        0x1 
 .text.fat_allocate_clusters.isra.0
                0x0000000000401d00      0x16a uspace/app_mkexfat.p/app_mkexfat_mkexfat.c.o
 .text          0x0000000000401e6a        0xc uspace/lib/c/libstartfiles.a.p/arch_amd64_src_crt0.S.o
                0x0000000000401e6a                _start
 *fill*         0x0000000000401e76        0xa 
 .text.__c_start
                0x0000000000401e80       0x8c uspace/lib/c/libstartfiles.a.p/generic_crt_crt1.c.o
                0x0000000000401e80                __c_start
 *fill*         0x0000000000401f0c        0x4 
 .text.block_init
                0x0000000000401f10      0x180 uspace/lib/libblock.a.p/block_block.c.o
                0x0000000000401f10                block_init
 .text.block_read_direct
                0x0000000000402090       0xda uspace/lib/libblock.a.p/block_block.c.o
                0x0000000000402090                block_read_direct
 *fill*         0x000000000040216a        0x6 
 .text.block_write_direct
                0x0000000000402170       0xda uspace/lib/libblock.a.p/block_block.c.o
                0x0000000000402170                block_write_direct
 *fill*         0x000000000040224a        0x6 
 .text.block_get_bsize
                0x0000000000402250       0x86 uspace/lib/libblock.a.p/block_block.c.o
                0x0000000000402250                block_get_bsize
 *fill*         0x00000000004022d6        0xa 
 .text.block_get_nblocks
                0x00000000004022e0       0x86 uspace/lib/libblock.a.p/block_block.c.o
                0x00000000004022e0                block_get_nblocks
 *fill*         0x0000000000402366        0xa 
 .text.bd_cb_conn
                0x0000000000402370       0x3b uspace/lib/libdevice.a.p/device_src_bd.c.o
 *fill*         0x00000000004023ab        0x5 
 .text.bd_open  0x00000000004023b0       0xa8 uspace/lib/libdevice.a.p/device_src_bd.c.o
                0x00000000004023b0                bd_open
 *fill*         0x0000000000402458        0x8 
 .text.bd_close
                0x0000000000402460        0xa uspace/lib/libdevice.a.p/device_src_bd.c.o
                0x0000000000402460                bd_close
 *fill*         0x000000000040246a        0x6 
 .text.bd_read_blocks
                0x0000000000402470       0x9a uspace/lib/libdevice.a.p/device_src_bd.c.o
                0x0000000000402470                bd_read_blocks
 *fill*         0x000000000040250a        0x6 
 .text.bd_write_blocks
                0x0000000000402510       0x9a uspace/lib/libdevice.a.p/device_src_bd.c.o
                0x0000000000402510                bd_write_blocks
 *fill*         0x00000000004025aa        0x6 
 .text.bd_get_block_size
                0x00000000004025b0       0x4f uspace/lib/libdevice.a.p/device_src_bd.c.o
                0x00000000004025b0                bd_get_block_size
 *fill*         0x00000000004025ff        0x1 
 .text.bd_get_num_blocks
                0x0000000000402600       0x5d uspace/lib/libdevice.a.p/device_src_bd.c.o
                0x0000000000402600                bd_get_num_blocks
 *(.gnu.warning)

.fini
 *(SORT_NONE(.fini))
                [!provide]                        PROVIDE (__etext = .)
                [!provide]                        PROVIDE (_etext = .)
                [!provide]                        PROVIDE (etext = .)

.rodata         0x0000000000402660     0x2058
 *(.rodata .rodata.* .gnu.linkonce.r.*)
 .rodata.fat_allocate_clusters.isra.0.str1.8
                0x0000000000402660      0x728 uspace/app_mkexfat.p/app_mkexfat_mkexfat.c.o
                                         0x2b (size before relaxing)
 .rodata.fat_allocate_clusters.isra.0.str1.1
                0x0000000000402d88      0x1cc uspace/app_mkexfat.p/app_mkexfat_mkexfat.c.o
                                         0x1b (size before relaxing)
 .rodata.main.str1.8
                0x0000000000402f54      0x638 uspace/app_mkexfat.p/app_mkexfat_mkexfat.c.o
 .rodata.main.str1.1
                0x0000000000402f54      0x18a uspace/app_mkexfat.p/app_mkexfat_mkexfat.c.o
 .rodata.str1.1
                0x0000000000402f54       0x20 uspace/app_mkexfat.p/app_mkexfat_mkexfat.c.o
 *fill*         0x0000000000402f54        0xc 
 .rodata.long_options
                0x0000000000402f60       0x80 uspace/app_mkexfat.p/app_mkexfat_mkexfat.c.o
 .rodata.upcase_table
                0x0000000000402fe0     0x16cc uspace/app_mkexfat.p/app_mkexfat_mkexfat.c.o
 *fill*         0x00000000004046ac        0x4 
 .rodata.cst8   0x00000000004046b0        0x8 uspace/lib/c/libstartfiles.a.p/generic_crt_crt1.c.o
 .rodata.read_blocks.part.0.str1.8
                0x00000000004046b8       0x27 uspace/lib/libblock.a.p/block_block.c.o
 .rodata.read_blocks.part.0.str1.1
                0x00000000004046b8        0x7 uspace/lib/libblock.a.p/block_block.c.o
 .rodata.block_bb_read.str1.8
                0x00000000004046b8       0x4a uspace/lib/libblock.a.p/block_block.c.o
 .rodata.block_cache_fini.str1.8
                0x00000000004046b8       0x48 uspace/lib/libblock.a.p/block_block.c.o

.rodata1
 *(.rodata1)

.eh_frame_hdr   0x00000000004046b8       0x94
 *(.eh_frame_hdr)
 .eh_frame_hdr  0x00000000004046b8       0x94 uspace/app_mkexfat.p/app_mkexfat_mkexfat.c.o
                0x00000000004046b8                __GNU_EH_FRAME_HDR
 *(.eh_frame_entry .eh_frame_entry.*)

.eh_frame       0x0000000000404750      0x2fc
 *(.eh_frame)
 .eh_frame      0x0000000000404750       0xa8 uspace/app_mkexfat.p/app_mkexfat_mkexfat.c.o
 .eh_frame      0x00000000004047f8       0x28 uspace/app_mkexfat.p/app_mkexfat_mkexfat.c.o
                                         0x40 (size before relaxing)
 .eh_frame      0x0000000000404820        0x0 uspace/app_mkexfat.p/app_mkexfat_mkexfat.c.o
 .eh_frame      0x0000000000404820       0x20 uspace/lib/c/libstartfiles.a.p/generic_crt_crt1.c.o
                                         0x38 (size before relaxing)
 .eh_frame      0x0000000000404840       0xe8 uspace/lib/libblock.a.p/block_block.c.o
                                        0x3c0 (size before relaxing)
 .eh_frame      0x0000000000404928      0x124 uspace/lib/libdevice.a.p/device_src_bd.c.o
                                        0x198 (size before relaxing)
 *(.eh_frame.*)

.sframe         0x0000000000404a4c        0x0
 *(.sframe)
 .sframe        0x0000000000404a4c        0x0 uspace/app_mkexfat.p/app_mkexfat_mkexfat.c.o
 *(.sframe.*)

.gcc_except_table
 *(.gcc_except_table .gcc_except_table.*)

.gnu_extab
 *(.gnu_extab*)

.exception_ranges
 *(.exception_ranges*)
                0x0000000000405a4c                . = DATA_SEGMENT_ALIGN (CONSTANT (MAXPAGESIZE), CONSTANT (COMMONPAGESIZE))

.eh_frame
 *(.eh_frame)
 *(.eh_frame.*)

.sframe
 *(.sframe)
 *(.sframe.*)

.gnu_extab
 *(.gnu_extab)

.gcc_except_table
 *(.gcc_except_table .gcc_except_table.*)

.exception_ranges
 *(.exception_ranges*)

.tdata          0x0000000000405a4c        0x0
                [!provide]                        PROVIDE (__tdata_start = .)
 *(.tdata .tdata.* .gnu.linkonce.td.*)

.tbss
 *(.tbss .tbss.* .gnu.linkonce.tb.*)
 *(.tcommon)

.preinit_array  0x0000000000405a4c        0x0
                0x0000000000405a4c                PROVIDE (__preinit_array_start = .)
 *(.preinit_array)
                0x0000000000405a4c                PROVIDE (__preinit_array_end = .)

.init_array     0x0000000000405a4c        0x0
                0x0000000000405a4c                PROVIDE (__init_array_start = .)
 *(SORT_BY_INIT_PRIORITY(.init_array.*) SORT_BY_INIT_PRIORITY(.ctors.*))
 *(.init_array EXCLUDE_FILE(*crtend?.o *crtend.o *crtbegin?.o *crtbegin.o) .ctors)
                0x0000000000405a4c                PROVIDE (__init_array_end = .)

.fini_array     0x0000000000405a4c        0x0
                0x0000000000405a4c                PROVIDE (__fini_array_start = .)
 *(SORT_BY_INIT_PRIORITY(.fini_array.*) SORT_BY_INIT_PRIORITY(.dtors.*))
 *(.fini_array EXCLUDE_FILE(*crtend?.o *crtend.o *crtbegin?.o *crtbegin.o) .dtors)
                0x0000000000405a4c                PROVIDE (__fini_array_end = .)

.ctors
 *crtbegin.o(.ctors)
 *crtbegin?.o(.ctors)
 *(EXCLUDE_FILE(*crtend?.o *crtend.o) .ctors)
 *(SORT_BY_NAME(.ctors.*))
 *(.ctors)

.dtors
 *crtbegin.o(.dtors)
 *crtbegin?.o(.dtors)
 *(EXCLUDE_FILE(*crtend?.o *crtend.o) .dtors)
 *(SORT_BY_NAME(.dtors.*))
 *(.dtors)

.jcr
 *(.jcr)

.data.rel.ro    0x0000000000405a4c        0x0
 *(.data.rel.ro.local* .gnu.linkonce.d.rel.ro.local.*)
 *(.data.rel.ro .data.rel.ro.* .gnu.linkonce.d.rel.ro.*)
 .data.rel.ro   0x0000000000405a4c        0x0 uspace/app_mkexfat.p/app_mkexfat_mkexfat.c.o

.dynamic        0x0000000000405a50      0x150
 *(.dynamic)
 .dynamic       0x0000000000405a50      0x150 uspace/app_mkexfat.p/app_mkexfat_mkexfat.c.o
                0x0000000000405a50                _DYNAMIC

.got            0x0000000000405ba0        0x0
 *(.got)
 .got           0x0000000000405ba0        0x0 uspace/app_mkexfat.p/app_mkexfat_mkexfat.c.o
 *(.igot)
                0x0000000000405ba0                . = DATA_SEGMENT_RELRO_END (., (SIZEOF (.got.plt) >= 0x18)?0x18:0x0)

.got.plt        0x0000000000405ba0      0x130
 *(.got.plt)
 .got.plt       0x0000000000405ba0      0x130 uspace/app_mkexfat.p/app_mkexfat_mkexfat.c.o
                0x0000000000405ba0                _GLOBAL_OFFSET_TABLE_
 *(.igot.plt)
 .igot.plt      0x0000000000405cd0        0x0 uspace/app_mkexfat.p/app_mkexfat_mkexfat.c.o

.data           0x0000000000405ce0       0x40
 *(.data .data.* .gnu.linkonce.d.*)
 .data.dcl      0x0000000000405ce0       0x10 uspace/lib/libblock.a.p/block_block.c.o
 *fill*         0x0000000000405cf0       0x10 
 .data.dcl_lock
                0x0000000000405d00       0x20 uspace/lib/libblock.a.p/block_block.c.o

.data1
 *(.data1)
                0x0000000000405d20                _edata = .
                [!provide]                        PROVIDE (edata = .)
                0x0000000000405d20                . = .
                0x0000000000405d20                __bss_start = .

.bss            0x0000000000405d20       0x68
 *(.dynbss)
 .dynbss        0x0000000000405d20       0x68 uspace/app_mkexfat.p/app_mkexfat_mkexfat.c.o
                0x0000000000405d20                optarg
                0x0000000000405d28                optind
                0x0000000000405d40                __progsymbols
 *(.bss .bss.* .gnu.linkonce.b.*)
 *(COMMON)
                0x0000000000405d88                . = ALIGN ((. != 0x0)?0x8:0x1)

.lbss
 *(.dynlbss)
 *(.lbss .lbss.* .gnu.linkonce.lb.*)
 *(LARGE_COMMON)
                0x0000000000405d88                . = ALIGN (0x8)
                0x0000000000405d88                . = SEGMENT_START ("ldata-segment", .)

.lrodata
 *(.lrodata .lrodata.* .gnu.linkonce.lr.*)

.ldata          0x0000000000407d88        0x0
 *(.ldata .ldata.* .gnu.linkonce.l.*)
                0x0000000000407d88                . = ALIGN ((. != 0x0)?0x8:0x1)
                0x0000000000407d88                . = ALIGN (0x8)
                0x0000000000405d88                _end = .
                [!provide]                        PROVIDE (end = .)
                0x0000000000407d88                . = DATA_SEGMENT_END (.)

.stab
 *(.stab)

.stabstr
 *(.stabstr)

.stab.excl
 *(.stab.excl)

.stab.exclstr
 *(.stab.exclstr)

.stab.index
 *(.stab.index)

.stab.indexstr
 *(.stab.indexstr)

.comment        0x0000000000000000       0x12
 *(.comment)
 .comment       0x0000000000000000       0x12 uspace/app_mkexfat.p/app_mkexfat_mkexfat.c.o
                                         0x13 (size before relaxing)
 .comment       0x0000000000000012       0x13 uspace/lib/c/libstartfiles.a.p/generic_crt_crt1.c.o
 .comment       0x0000000000000012       0x13 uspace/lib/libblock.a.p/block_block.c.o
 .comment       0x0000000000000012       0x13 uspace/lib/libdevice.a.p/device_src_bd.c.o

.gnu.build.attributes
 *(.gnu.build.attributes .gnu.build.attributes.*)

.debug
 *(.debug)

.line
 *(.line)

.debug_srcinfo
 *(.debug_srcinfo)

.debug_sfnames
 *(.debug_sfnames)

.debug_aranges
 *(.debug_aranges)

.debug_pubnames
 *(.debug_pubnames)

.debug_info
 *(.debug_info .gnu.linkonce.wi.*)

.debug_abbrev
 *(.debug_abbrev)

.debug_line
 *(.debug_line .debug_line.* .debug_line_end)

.debug_frame
 *(.debug_frame)

.debug_str
 *(.debug_str)

.debug_loc
 *(.debug_loc)

.debug_macinfo
 *(.debug_macinfo)

.debug_weaknames
 *(.debug_weaknames)

.debug_funcnames
 *(.debug_funcnames)

.debug_typenames
 *(.debug_typenames)

.debug_varnames
 *(.debug_varnames)

.debug_pubtypes
 *(.debug_pubtypes)

.debug_ranges
 *(.debug_ranges)

.debug_addr
 *(.debug_addr)

.debug_line_str
 *(.debug_line_str)

.debug_loclists
 *(.debug_loclists)

.debug_macro
 *(.debug_macro)

.debug_names
 *(.debug_names)

.debug_rnglists
 *(.debug_rnglists)

.debug_str_offsets
 *(.debug_str_offsets)

.debug_sup
 *(.debug_sup)

.gnu.attributes
 *(.gnu.attributes)

/DISCARD/
 *(.note.GNU-stack)
 *(.gnu_debuglink)
 *(.gnu.lto_*)
OUTPUT(uspace/app_mkexfat elf64-x86-64)
