Archive member included to satisfy reference by file (symbol)

uspace/lib/c/libstartfiles.a.p/arch_amd64_src_crt0.S.o
                              (--whole-archive)
uspace/lib/c/libstartfiles.a.p/generic_crt_crt1.c.o
                              (--whole-archive)

As-needed library included to satisfy reference by file (symbol)

libc.so.0                     uspace/app_date.p/app_date_date.c.o (loc_category_get_id)

Discarded input sections

 .text          0x0000000000000000        0x0 uspace/app_date.p/app_date_date.c.o
 .data          0x0000000000000000        0x0 uspace/app_date.p/app_date_date.c.o
 .bss           0x0000000000000000        0x0 uspace/app_date.p/app_date_date.c.o
 .data          0x0000000000000000        0x0 uspace/lib/c/libstartfiles.a.p/arch_amd64_src_crt0.S.o
 .bss           0x0000000000000000        0x0 uspace/lib/c/libstartfiles.a.p/arch_amd64_src_crt0.S.o
 .text          0x0000000000000000        0x0 uspace/lib/c/libstartfiles.a.p/generic_crt_crt1.c.o
 .data          0x0000000000000000        0x0 uspace/lib/c/libstartfiles.a.p/generic_crt_crt1.c.o
 .bss           0x0000000000000000        0x0 uspace/lib/c/libstartfiles.a.p/generic_crt_crt1.c.o

Memory Configuration

Name             Origin             Length             Attributes
*default*        0x0000000000000000 0xffffffffffffffff

Linker script and memory map

LOAD uspace/app_date.p/app_date_date.c.o
START GROUP
LOAD uspace/lib/c/libstartfiles.a
LOAD uspace/lib/libc.so.0.0
LOAD /home/zyc/.local/share/HelenOS/cross/lib/gcc/amd64-helenos/13.2.0/libgcc.a
END GROUP
                0x0000000000400000                PROVIDE (__executable_start = SEGMENT_START ("text-segment", 0x400000))
                0x0000000000400120                . = (SEGMENT_START ("text-segment", 0x400000) + SIZEOF_HEADERS)

.interp
 *(.interp)

.note.gnu.build-id
 *(.note.gnu.build-id)

.hash           0x0000000000400120       0x58
 *(.hash)
 .hash          0x0000000000400120       0x58 uspace/app_date.p/app_date_date.c.o

.gnu.hash
 *(.gnu.hash)

.dynsym         0x0000000000400178      0x198
 *(.dynsym)
 .dynsym        0x0000000000400178      0x198 uspace/app_date.p/app_date_date.c.o

.dynstr         0x0000000000400310       0xf2
 *(.dynstr)
 .dynstr        0x0000000000400310       0xf2 uspace/app_date.p/app_date_date.c.o

.gnu.version    0x0000000000400402        0x0
 *(.gnu.version)
 .gnu.version   0x0000000000400402        0x0 uspace/app_date.p/app_date_date.c.o

.gnu.version_d  0x0000000000400408        0x0
 *(.gnu.version_d)
 .gnu.version_d
                0x0000000000400408        0x0 uspace/app_date.p/app_date_date.c.o

.gnu.version_r  0x0000000000400408        0x0
 *(.gnu.version_r)
 .gnu.version_r
                0x0000000000400408        0x0 uspace/app_date.p/app_date_date.c.o

.rela.dyn       0x0000000000400408       0x30
 *(.rela.init)
 *(.rela.text .rela.text.* .rela.gnu.linkonce.t.*)
 .rela.text.startup.main
                0x0000000000400408        0x0 uspace/app_date.p/app_date_date.c.o
 .rela.text.__c_start
                0x0000000000400408        0x0 uspace/app_date.p/app_date_date.c.o
 *(.rela.fini)
 *(.rela.rodata .rela.rodata.* .rela.gnu.linkonce.r.*)
 .rela.rodata.cst8
                0x0000000000400408        0x0 uspace/app_date.p/app_date_date.c.o
 *(.rela.data .rela.data.* .rela.gnu.linkonce.d.*)
 .rela.data.rel.ro
                0x0000000000400408        0x0 uspace/app_date.p/app_date_date.c.o
 *(.rela.tdata .rela.tdata.* .rela.gnu.linkonce.td.*)
 *(.rela.tbss .rela.tbss.* .rela.gnu.linkonce.tb.*)
 *(.rela.ctors)
 *(.rela.dtors)
 *(.rela.got)
 .rela.got      0x0000000000400408        0x0 uspace/app_date.p/app_date_date.c.o
 *(.rela.bss .rela.bss.* .rela.gnu.linkonce.b.*)
 .rela.bss      0x0000000000400408       0x30 uspace/app_date.p/app_date_date.c.o
 *(.rela.ldata .rela.ldata.* .rela.gnu.linkonce.l.*)
 *(.rela.lbss .rela.lbss.* .rela.gnu.linkonce.lb.*)
 *(.rela.lrodata .rela.lrodata.* .rela.gnu.linkonce.lr.*)
 *(.rela.ifunc)

.rela.plt       0x0000000000400438      0x150
 *(.rela.plt)
 .rela.plt      0x0000000000400438      0x150 uspace/app_date.p/app_date_date.c.o
                [!provide]                        PROVIDE (__rela_iplt_start = .)
 *(.rela.iplt)
 .rela.iplt     0x0000000000400588        0x0 uspace/app_date.p/app_date_date.c.o
                [!provide]                        PROVIDE (__rela_iplt_end = .)

.relr.dyn
 *(.relr.dyn)

.init
 *(SORT_NONE(.init))

.plt            0x0000000000400590       0xf0
 *(.plt)
 .plt           0x0000000000400590       0xf0 uspace/app_date.p/app_date_date.c.o
                0x00000000004005a0                loc_category_get_id
                0x00000000004005b0                loc_service_connect
                0x00000000004005c0                printf
                0x00000000004005d0                str_uint32_t
                0x00000000004005e0                puts
                0x00000000004005f0                clock_dev_time_set
                0x0000000000400600                loc_service_get_id
                0x0000000000400610                clock_dev_time_get
                0x0000000000400620                loc_service_get_name
                0x0000000000400630                getopt
                0x0000000000400640                loc_category_get_svcs
                0x0000000000400650                str_size
                0x0000000000400660                __libc_main
                0x0000000000400670                free
 *(.iplt)
 .iplt          0x0000000000400680        0x0 uspace/app_date.p/app_date_date.c.o

.plt.got        0x0000000000400680        0x0
 *(.plt.got)
 .plt.got       0x0000000000400680        0x0 uspace/app_date.p/app_date_date.c.o

.plt.sec
 *(.plt.sec)

.text           0x0000000000400680      0x5ac
 *(.text.unlikely .text.*_unlikely .text.unlikely.*)
 *(.text.exit .text.exit.*)
 *(.text.startup .text.startup.*)
 .text.startup.main
                0x0000000000400680      0x4dc uspace/app_date.p/app_date_date.c.o
                0x0000000000400680                main
 *(.text.hot .text.hot.*)
 *(SORT_BY_NAME(.text.sorted.*))
 *(.text .stub .text.* .gnu.linkonce.t.*)
 *fill*         0x0000000000400b5c        0x4 
 .text.usage    0x0000000000400b60       0x2d uspace/app_date.p/app_date_date.c.o
 .text          0x0000000000400b8d        0xc uspace/lib/c/libstartfiles.a.p/arch_amd64_src_crt0.S.o
                0x0000000000400b8d                _start
 *fill*         0x0000000000400b99        0x7 
 .text.__c_start
                0x0000000000400ba0       0x8c uspace/lib/c/libstartfiles.a.p/generic_crt_crt1.c.o
                0x0000000000400ba0                __c_start
 *(.gnu.warning)

.fini
 *(SORT_NONE(.fini))
                [!provide]                        PROVIDE (__etext = .)
                [!provide]                        PROVIDE (_etext = .)
                [!provide]                        PROVIDE (etext = .)

.rodata         0x0000000000400c40      0x318
 *(.rodata .rodata.* .gnu.linkonce.r.*)
 .rodata.usage.str1.8
                0x0000000000400c40      0x28d uspace/app_date.p/app_date_date.c.o
                                         0xa5 (size before relaxing)
 .rodata.main.str1.1
                0x0000000000400ecd       0x47 uspace/app_date.p/app_date_date.c.o
 .rodata.main.str1.8
                0x0000000000400f14      0x1e5 uspace/app_date.p/app_date_date.c.o
 *fill*         0x0000000000400f14        0xc 
 .rodata.days_month
                0x0000000000400f20       0x30 uspace/app_date.p/app_date_date.c.o
 .rodata.cst8   0x0000000000400f50        0x8 uspace/lib/c/libstartfiles.a.p/generic_crt_crt1.c.o

.rodata1
 *(.rodata1)

.eh_frame_hdr   0x0000000000400f58       0x2c
 *(.eh_frame_hdr)
 .eh_frame_hdr  0x0000000000400f58       0x2c uspace/app_date.p/app_date_date.c.o
                0x0000000000400f58                __GNU_EH_FRAME_HDR
 *(.eh_frame_entry .eh_frame_entry.*)

.eh_frame       0x0000000000400f88       0xac
 *(.eh_frame)
 .eh_frame      0x0000000000400f88       0x68 uspace/app_date.p/app_date_date.c.o
 .eh_frame      0x0000000000400ff0       0x28 uspace/app_date.p/app_date_date.c.o
                                         0x40 (size before relaxing)
 .eh_frame      0x0000000000401018        0x0 uspace/app_date.p/app_date_date.c.o
 .eh_frame      0x0000000000401018       0x1c uspace/lib/c/libstartfiles.a.p/generic_crt_crt1.c.o
                                         0x38 (size before relaxing)
 *(.eh_frame.*)

.sframe         0x0000000000401034        0x0
 *(.sframe)
 .sframe        0x0000000000401034        0x0 uspace/app_date.p/app_date_date.c.o
 *(.sframe.*)

.gcc_except_table
 *(.gcc_except_table .gcc_except_table.*)

.gnu_extab
 *(.gnu_extab*)

.exception_ranges
 *(.exception_ranges*)
                0x0000000000402034                . = DATA_SEGMENT_ALIGN (CONSTANT (MAXPAGESIZE), CONSTANT (COMMONPAGESIZE))

.eh_frame
 *(.eh_frame)
 *(.eh_frame.*)

.sframe
 *(.sframe)
 *(.sframe.*)

.gnu_extab
 *(.gnu_extab)

.gcc_except_table
 *(.gcc_except_table .gcc_except_table.*)

.exception_ranges
 *(.exception_ranges*)

.tdata          0x0000000000402034        0x0
                [!provide]                        PROVIDE (__tdata_start = .)
 *(.tdata .tdata.* .gnu.linkonce.td.*)

.tbss
 *(.tbss .tbss.* .gnu.linkonce.tb.*)
 *(.tcommon)

.preinit_array  0x0000000000402034        0x0
                0x0000000000402034                PROVIDE (__preinit_array_start = .)
 *(.preinit_array)
                0x0000000000402034                PROVIDE (__preinit_array_end = .)

.init_array     0x0000000000402034        0x0
                0x0000000000402034                PROVIDE (__init_array_start = .)
 *(SORT_BY_INIT_PRIORITY(.init_array.*) SORT_BY_INIT_PRIORITY(.ctors.*))
 *(.init_array EXCLUDE_FILE(*crtend?.o *crtend.o *crtbegin?.o *crtbegin.o) .ctors)
                0x0000000000402034                PROVIDE (__init_array_end = .)

.fini_array     0x0000000000402034        0x0
                0x0000000000402034                PROVIDE (__fini_array_start = .)
 *(SORT_BY_INIT_PRIORITY(.fini_array.*) SORT_BY_INIT_PRIORITY(.dtors.*))
 *(.fini_array EXCLUDE_FILE(*crtend?.o *crtend.o *crtbegin?.o *crtbegin.o) .dtors)
                0x0000000000402034                PROVIDE (__fini_array_end = .)

.ctors
 *crtbegin.o(.ctors)
 *crtbegin?.o(.ctors)
 *(EXCLUDE_FILE(*crtend?.o *crtend.o) .ctors)
 *(SORT_BY_NAME(.ctors.*))
 *(.ctors)

.dtors
 *crtbegin.o(.dtors)
 *crtbegin?.o(.dtors)
 *(EXCLUDE_FILE(*crtend?.o *crtend.o) .dtors)
 *(SORT_BY_NAME(.dtors.*))
 *(.dtors)

.jcr
 *(.jcr)

.data.rel.ro    0x0000000000402034        0x0
 *(.data.rel.ro.local* .gnu.linkonce.d.rel.ro.local.*)
 *(.data.rel.ro .data.rel.ro.* .gnu.linkonce.d.rel.ro.*)
 .data.rel.ro   0x0000000000402034        0x0 uspace/app_date.p/app_date_date.c.o

.dynamic        0x0000000000402038      0x150
 *(.dynamic)
 .dynamic       0x0000000000402038      0x150 uspace/app_date.p/app_date_date.c.o
                0x0000000000402038                _DYNAMIC

.got            0x0000000000402188        0x0
 *(.got)
 .got           0x0000000000402188        0x0 uspace/app_date.p/app_date_date.c.o
 *(.igot)
                0x0000000000402188                . = DATA_SEGMENT_RELRO_END (., (SIZEOF (.got.plt) >= 0x18)?0x18:0x0)

.got.plt        0x0000000000402188       0x88
 *(.got.plt)
 .got.plt       0x0000000000402188       0x88 uspace/app_date.p/app_date_date.c.o
                0x0000000000402188                _GLOBAL_OFFSET_TABLE_
 *(.igot.plt)
 .igot.plt      0x0000000000402210        0x0 uspace/app_date.p/app_date_date.c.o

.data
 *(.data .data.* .gnu.linkonce.d.*)

.data1
 *(.data1)
                0x0000000000402210                _edata = .
                [!provide]                        PROVIDE (edata = .)
                0x0000000000402210                . = .
                0x0000000000402210                __bss_start = .

.bss            0x0000000000402220       0x68
 *(.dynbss)
 *fill*         0x0000000000402220        0x0 
 .dynbss        0x0000000000402220       0x68 uspace/app_date.p/app_date_date.c.o
                0x0000000000402220                optarg
                0x0000000000402240                __progsymbols
 *(.bss .bss.* .gnu.linkonce.b.*)
 *(COMMON)
                0x0000000000402288                . = ALIGN ((. != 0x0)?0x8:0x1)

.lbss
 *(.dynlbss)
 *(.lbss .lbss.* .gnu.linkonce.lb.*)
 *(LARGE_COMMON)
                0x0000000000402288                . = ALIGN (0x8)
                0x0000000000402288                . = SEGMENT_START ("ldata-segment", .)

.lrodata
 *(.lrodata .lrodata.* .gnu.linkonce.lr.*)

.ldata          0x0000000000404288        0x0
 *(.ldata .ldata.* .gnu.linkonce.l.*)
                0x0000000000404288                . = ALIGN ((. != 0x0)?0x8:0x1)
                0x0000000000404288                . = ALIGN (0x8)
                0x0000000000402288                _end = .
                [!provide]                        PROVIDE (end = .)
                0x0000000000404288                . = DATA_SEGMENT_END (.)

.stab
 *(.stab)

.stabstr
 *(.stabstr)

.stab.excl
 *(.stab.excl)

.stab.exclstr
 *(.stab.exclstr)

.stab.index
 *(.stab.index)

.stab.indexstr
 *(.stab.indexstr)

.comment        0x0000000000000000       0x12
 *(.comment)
 .comment       0x0000000000000000       0x12 uspace/app_date.p/app_date_date.c.o
                                         0x13 (size before relaxing)
 .comment       0x0000000000000012       0x13 uspace/lib/c/libstartfiles.a.p/generic_crt_crt1.c.o

.gnu.build.attributes
 *(.gnu.build.attributes .gnu.build.attributes.*)

.debug
 *(.debug)

.line
 *(.line)

.debug_srcinfo
 *(.debug_srcinfo)

.debug_sfnames
 *(.debug_sfnames)

.debug_aranges
 *(.debug_aranges)

.debug_pubnames
 *(.debug_pubnames)

.debug_info
 *(.debug_info .gnu.linkonce.wi.*)

.debug_abbrev
 *(.debug_abbrev)

.debug_line
 *(.debug_line .debug_line.* .debug_line_end)

.debug_frame
 *(.debug_frame)

.debug_str
 *(.debug_str)

.debug_loc
 *(.debug_loc)

.debug_macinfo
 *(.debug_macinfo)

.debug_weaknames
 *(.debug_weaknames)

.debug_funcnames
 *(.debug_funcnames)

.debug_typenames
 *(.debug_typenames)

.debug_varnames
 *(.debug_varnames)

.debug_pubtypes
 *(.debug_pubtypes)

.debug_ranges
 *(.debug_ranges)

.debug_addr
 *(.debug_addr)

.debug_line_str
 *(.debug_line_str)

.debug_loclists
 *(.debug_loclists)

.debug_macro
 *(.debug_macro)

.debug_names
 *(.debug_names)

.debug_rnglists
 *(.debug_rnglists)

.debug_str_offsets
 *(.debug_str_offsets)

.debug_sup
 *(.debug_sup)

.gnu.attributes
 *(.gnu.attributes)

/DISCARD/
 *(.note.GNU-stack)
 *(.gnu_debuglink)
 *(.gnu.lto_*)
OUTPUT(uspace/app_date elf64-x86-64)
