Archive member included to satisfy reference by file (symbol)

uspace/lib/c/libstartfiles.a.p/arch_amd64_src_crt0.S.o
                              (--whole-archive)
uspace/lib/c/libstartfiles.a.p/generic_crt_crt1.c.o
                              (--whole-archive)
uspace/lib/libdispcfg.a.p/dispcfg_src_dispcfg.c.o
                              uspace/app_disp.p/app_disp_disp.c.o (dispcfg_open)

As-needed library included to satisfy reference by file (symbol)

libc.so.0                     uspace/lib/libdispcfg.a.p/dispcfg_src_dispcfg.c.o (loc_service_connect)

Discarded input sections

 .text          0x0000000000000000        0x0 uspace/app_disp.p/app_disp_disp.c.o
 .data          0x0000000000000000        0x0 uspace/app_disp.p/app_disp_disp.c.o
 .bss           0x0000000000000000        0x0 uspace/app_disp.p/app_disp_disp.c.o
 .data          0x0000000000000000        0x0 uspace/lib/c/libstartfiles.a.p/arch_amd64_src_crt0.S.o
 .bss           0x0000000000000000        0x0 uspace/lib/c/libstartfiles.a.p/arch_amd64_src_crt0.S.o
 .text          0x0000000000000000        0x0 uspace/lib/c/libstartfiles.a.p/generic_crt_crt1.c.o
 .data          0x0000000000000000        0x0 uspace/lib/c/libstartfiles.a.p/generic_crt_crt1.c.o
 .bss           0x0000000000000000        0x0 uspace/lib/c/libstartfiles.a.p/generic_crt_crt1.c.o
 .text          0x0000000000000000        0x0 uspace/lib/libdispcfg.a.p/dispcfg_src_dispcfg.c.o
 .data          0x0000000000000000        0x0 uspace/lib/libdispcfg.a.p/dispcfg_src_dispcfg.c.o
 .bss           0x0000000000000000        0x0 uspace/lib/libdispcfg.a.p/dispcfg_src_dispcfg.c.o
 .text.dispcfg_free_seat_list
                0x0000000000000000       0x22 uspace/lib/libdispcfg.a.p/dispcfg_src_dispcfg.c.o

Memory Configuration

Name             Origin             Length             Attributes
*default*        0x0000000000000000 0xffffffffffffffff

Linker script and memory map

LOAD uspace/app_disp.p/app_disp_disp.c.o
START GROUP
LOAD uspace/lib/c/libstartfiles.a
LOAD uspace/lib/libdispcfg.a
LOAD uspace/lib/libc.so.0.0
LOAD /home/zyc/.local/share/HelenOS/cross/lib/gcc/amd64-helenos/13.2.0/libgcc.a
END GROUP
                0x0000000000400000                PROVIDE (__executable_start = SEGMENT_START ("text-segment", 0x400000))
                0x0000000000400120                . = (SEGMENT_START ("text-segment", 0x400000) + SIZEOF_HEADERS)

.interp
 *(.interp)

.note.gnu.build-id
 *(.note.gnu.build-id)

.hash           0x0000000000400120      0x134
 *(.hash)
 .hash          0x0000000000400120      0x134 uspace/app_disp.p/app_disp_disp.c.o

.gnu.hash
 *(.gnu.hash)

.dynsym         0x0000000000400258      0x390
 *(.dynsym)
 .dynsym        0x0000000000400258      0x390 uspace/app_disp.p/app_disp_disp.c.o

.dynstr         0x00000000004005e8      0x243
 *(.dynstr)
 .dynstr        0x00000000004005e8      0x243 uspace/app_disp.p/app_disp_disp.c.o

.gnu.version    0x000000000040082c        0x0
 *(.gnu.version)
 .gnu.version   0x000000000040082c        0x0 uspace/app_disp.p/app_disp_disp.c.o

.gnu.version_d  0x0000000000400830        0x0
 *(.gnu.version_d)
 .gnu.version_d
                0x0000000000400830        0x0 uspace/app_disp.p/app_disp_disp.c.o

.gnu.version_r  0x0000000000400830        0x0
 *(.gnu.version_r)
 .gnu.version_r
                0x0000000000400830        0x0 uspace/app_disp.p/app_disp_disp.c.o

.rela.dyn       0x0000000000400830       0x30
 *(.rela.init)
 *(.rela.text .rela.text.* .rela.gnu.linkonce.t.*)
 .rela.text.startup.main
                0x0000000000400830        0x0 uspace/app_disp.p/app_disp_disp.c.o
 .rela.text.__c_start
                0x0000000000400830        0x0 uspace/app_disp.p/app_disp_disp.c.o
 *(.rela.fini)
 *(.rela.rodata .rela.rodata.* .rela.gnu.linkonce.r.*)
 .rela.rodata.cst8
                0x0000000000400830        0x0 uspace/app_disp.p/app_disp_disp.c.o
 *(.rela.data .rela.data.* .rela.gnu.linkonce.d.*)
 .rela.data.rel.ro
                0x0000000000400830        0x0 uspace/app_disp.p/app_disp_disp.c.o
 *(.rela.tdata .rela.tdata.* .rela.gnu.linkonce.td.*)
 *(.rela.tbss .rela.tbss.* .rela.gnu.linkonce.tb.*)
 *(.rela.ctors)
 *(.rela.dtors)
 *(.rela.got)
 .rela.got      0x0000000000400830        0x0 uspace/app_disp.p/app_disp_disp.c.o
 *(.rela.bss .rela.bss.* .rela.gnu.linkonce.b.*)
 .rela.bss      0x0000000000400830       0x30 uspace/app_disp.p/app_disp_disp.c.o
 *(.rela.ldata .rela.ldata.* .rela.gnu.linkonce.l.*)
 *(.rela.lbss .rela.lbss.* .rela.gnu.linkonce.lb.*)
 *(.rela.lrodata .rela.lrodata.* .rela.gnu.linkonce.lr.*)
 *(.rela.ifunc)

.rela.plt       0x0000000000400860      0x348
 *(.rela.plt)
 .rela.plt      0x0000000000400860      0x348 uspace/app_disp.p/app_disp_disp.c.o
                [!provide]                        PROVIDE (__rela_iplt_start = .)
 *(.rela.iplt)
 .rela.iplt     0x0000000000400ba8        0x0 uspace/app_disp.p/app_disp_disp.c.o
                [!provide]                        PROVIDE (__rela_iplt_end = .)

.relr.dyn
 *(.relr.dyn)

.init
 *(SORT_NONE(.init))

.plt            0x0000000000400bb0      0x240
 *(.plt)
 .plt           0x0000000000400bb0      0x240 uspace/app_disp.p/app_disp_disp.c.o
                0x0000000000400bc0                loc_service_connect
                0x0000000000400bd0                printf
                0x0000000000400be0                async_hangup
                0x0000000000400bf0                async_wait_for
                0x0000000000400c00                async_data_write_start
                0x0000000000400c10                table_destroy
                0x0000000000400c20                async_get_call
                0x0000000000400c30                table_header_row
                0x0000000000400c40                table_create
                0x0000000000400c50                async_send_1
                0x0000000000400c60                puts
                0x0000000000400c70                async_req_1_0
                0x0000000000400c80                loc_service_get_id
                0x0000000000400c90                async_answer_0
                0x0000000000400ca0                fibril_condvar_wait
                0x0000000000400cb0                async_exchange_end
                0x0000000000400cc0                loc_service_get_name
                0x0000000000400cd0                calloc
                0x0000000000400ce0                fibril_condvar_initialize
                0x0000000000400cf0                fibril_condvar_broadcast
                0x0000000000400d00                fibril_mutex_unlock
                0x0000000000400d10                async_create_callback_port
                0x0000000000400d20                str_cmp
                0x0000000000400d30                async_data_read_start
                0x0000000000400d40                table_print_out
                0x0000000000400d50                str_size
                0x0000000000400d60                async_exchange_begin
                0x0000000000400d70                async_send_0
                0x0000000000400d80                str_error
                0x0000000000400d90                __libc_main
                0x0000000000400da0                async_forget
                0x0000000000400db0                async_req_2_0
                0x0000000000400dc0                table_printf
                0x0000000000400dd0                free
                0x0000000000400de0                fibril_mutex_lock
 *(.iplt)
 .iplt          0x0000000000400df0        0x0 uspace/app_disp.p/app_disp_disp.c.o

.plt.got        0x0000000000400df0        0x0
 *(.plt.got)
 .plt.got       0x0000000000400df0        0x0 uspace/app_disp.p/app_disp_disp.c.o

.plt.sec
 *(.plt.sec)

.text           0x0000000000400df0     0x11f2
 *(.text.unlikely .text.*_unlikely .text.unlikely.*)
 *(.text.exit .text.exit.*)
 *(.text.startup .text.startup.*)
 .text.startup.main
                0x0000000000400df0      0x681 uspace/app_disp.p/app_disp_disp.c.o
                0x0000000000400df0                main
 *(.text.hot .text.hot.*)
 *(SORT_BY_NAME(.text.sorted.*))
 *(.text .stub .text.* .gnu.linkonce.t.*)
 *fill*         0x0000000000401471        0xf 
 .text.print_syntax
                0x0000000000401480       0x86 uspace/app_disp.p/app_disp_disp.c.o
 *fill*         0x0000000000401506        0xa 
 .text.seat_find_by_name
                0x0000000000401510       0xd1 uspace/app_disp.p/app_disp_disp.c.o
 .text          0x00000000004015e1        0xc uspace/lib/c/libstartfiles.a.p/arch_amd64_src_crt0.S.o
                0x00000000004015e1                _start
 *fill*         0x00000000004015ed        0x3 
 .text.__c_start
                0x00000000004015f0       0x8c uspace/lib/c/libstartfiles.a.p/generic_crt_crt1.c.o
                0x00000000004015f0                __c_start
 *fill*         0x000000000040167c        0x4 
 .text.dispcfg_cb_conn
                0x0000000000401680      0x1b3 uspace/lib/libdispcfg.a.p/dispcfg_src_dispcfg.c.o
 *fill*         0x0000000000401833        0xd 
 .text.dispcfg_open
                0x0000000000401840      0x15b uspace/lib/libdispcfg.a.p/dispcfg_src_dispcfg.c.o
                0x0000000000401840                dispcfg_open
 *fill*         0x000000000040199b        0x5 
 .text.dispcfg_close
                0x00000000004019a0       0x63 uspace/lib/libdispcfg.a.p/dispcfg_src_dispcfg.c.o
                0x00000000004019a0                dispcfg_close
 *fill*         0x0000000000401a03        0xd 
 .text.dispcfg_get_seat_list
                0x0000000000401a10      0x146 uspace/lib/libdispcfg.a.p/dispcfg_src_dispcfg.c.o
                0x0000000000401a10                dispcfg_get_seat_list
 *fill*         0x0000000000401b56        0xa 
 .text.dispcfg_get_seat_info
                0x0000000000401b60      0x146 uspace/lib/libdispcfg.a.p/dispcfg_src_dispcfg.c.o
                0x0000000000401b60                dispcfg_get_seat_info
 *fill*         0x0000000000401ca6        0xa 
 .text.dispcfg_free_seat_info
                0x0000000000401cb0       0x21 uspace/lib/libdispcfg.a.p/dispcfg_src_dispcfg.c.o
                0x0000000000401cb0                dispcfg_free_seat_info
 *fill*         0x0000000000401cd1        0xf 
 .text.dispcfg_seat_create
                0x0000000000401ce0       0xbd uspace/lib/libdispcfg.a.p/dispcfg_src_dispcfg.c.o
                0x0000000000401ce0                dispcfg_seat_create
 *fill*         0x0000000000401d9d        0x3 
 .text.dispcfg_seat_delete
                0x0000000000401da0       0x38 uspace/lib/libdispcfg.a.p/dispcfg_src_dispcfg.c.o
                0x0000000000401da0                dispcfg_seat_delete
 *fill*         0x0000000000401dd8        0x8 
 .text.dispcfg_dev_assign
                0x0000000000401de0       0x4a uspace/lib/libdispcfg.a.p/dispcfg_src_dispcfg.c.o
                0x0000000000401de0                dispcfg_dev_assign
 *fill*         0x0000000000401e2a        0x6 
 .text.dispcfg_dev_unassign
                0x0000000000401e30       0x38 uspace/lib/libdispcfg.a.p/dispcfg_src_dispcfg.c.o
                0x0000000000401e30                dispcfg_dev_unassign
 *fill*         0x0000000000401e68        0x8 
 .text.dispcfg_get_asgn_dev_list
                0x0000000000401e70      0x146 uspace/lib/libdispcfg.a.p/dispcfg_src_dispcfg.c.o
                0x0000000000401e70                dispcfg_get_asgn_dev_list
 *fill*         0x0000000000401fb6        0xa 
 .text.dispcfg_free_dev_list
                0x0000000000401fc0       0x22 uspace/lib/libdispcfg.a.p/dispcfg_src_dispcfg.c.o
                0x0000000000401fc0                dispcfg_free_dev_list
 *(.gnu.warning)

.fini
 *(SORT_NONE(.fini))
                [!provide]                        PROVIDE (__etext = .)
                [!provide]                        PROVIDE (_etext = .)
                [!provide]                        PROVIDE (etext = .)

.rodata         0x0000000000401fe8      0x368
 *(.rodata .rodata.* .gnu.linkonce.r.*)
 .rodata.print_syntax.str1.1
                0x0000000000401fe8      0x180 uspace/app_disp.p/app_disp_disp.c.o
                                         0x81 (size before relaxing)
 .rodata.print_syntax.str1.8
                0x0000000000402168      0x1dc uspace/app_disp.p/app_disp_disp.c.o
                                         0x49 (size before relaxing)
 .rodata.seat_find_by_name.str1.8
                0x0000000000402344       0x20 uspace/app_disp.p/app_disp_disp.c.o
 .rodata.main.str1.1
                0x0000000000402344      0x10a uspace/app_disp.p/app_disp_disp.c.o
 .rodata.main.str1.8
                0x0000000000402344      0x16c uspace/app_disp.p/app_disp_disp.c.o
 *fill*         0x0000000000402344        0x4 
 .rodata.cst8   0x0000000000402348        0x8 uspace/lib/c/libstartfiles.a.p/generic_crt_crt1.c.o
 .rodata.dispcfg_open.str1.1
                0x0000000000402350        0xc uspace/lib/libdispcfg.a.p/dispcfg_src_dispcfg.c.o

.rodata1
 *(.rodata1)

.eh_frame_hdr   0x0000000000402350       0x94
 *(.eh_frame_hdr)
 .eh_frame_hdr  0x0000000000402350       0x94 uspace/app_disp.p/app_disp_disp.c.o
                0x0000000000402350                __GNU_EH_FRAME_HDR
 *(.eh_frame_entry .eh_frame_entry.*)

.eh_frame       0x00000000004023e8      0x2d8
 *(.eh_frame)
 .eh_frame      0x00000000004023e8       0x90 uspace/app_disp.p/app_disp_disp.c.o
 .eh_frame      0x0000000000402478       0x28 uspace/app_disp.p/app_disp_disp.c.o
                                         0x40 (size before relaxing)
 .eh_frame      0x00000000004024a0        0x0 uspace/app_disp.p/app_disp_disp.c.o
 .eh_frame      0x00000000004024a0       0x20 uspace/lib/c/libstartfiles.a.p/generic_crt_crt1.c.o
                                         0x38 (size before relaxing)
 .eh_frame      0x00000000004024c0      0x200 uspace/lib/libdispcfg.a.p/dispcfg_src_dispcfg.c.o
                                        0x238 (size before relaxing)
 *(.eh_frame.*)

.sframe         0x00000000004026c0        0x0
 *(.sframe)
 .sframe        0x00000000004026c0        0x0 uspace/app_disp.p/app_disp_disp.c.o
 *(.sframe.*)

.gcc_except_table
 *(.gcc_except_table .gcc_except_table.*)

.gnu_extab
 *(.gnu_extab*)

.exception_ranges
 *(.exception_ranges*)
                0x00000000004036c0                . = DATA_SEGMENT_ALIGN (CONSTANT (MAXPAGESIZE), CONSTANT (COMMONPAGESIZE))

.eh_frame
 *(.eh_frame)
 *(.eh_frame.*)

.sframe
 *(.sframe)
 *(.sframe.*)

.gnu_extab
 *(.gnu_extab)

.gcc_except_table
 *(.gcc_except_table .gcc_except_table.*)

.exception_ranges
 *(.exception_ranges*)

.tdata          0x00000000004036c0        0x0
                [!provide]                        PROVIDE (__tdata_start = .)
 *(.tdata .tdata.* .gnu.linkonce.td.*)

.tbss
 *(.tbss .tbss.* .gnu.linkonce.tb.*)
 *(.tcommon)

.preinit_array  0x00000000004036c0        0x0
                0x00000000004036c0                PROVIDE (__preinit_array_start = .)
 *(.preinit_array)
                0x00000000004036c0                PROVIDE (__preinit_array_end = .)

.init_array     0x00000000004036c0        0x0
                0x00000000004036c0                PROVIDE (__init_array_start = .)
 *(SORT_BY_INIT_PRIORITY(.init_array.*) SORT_BY_INIT_PRIORITY(.ctors.*))
 *(.init_array EXCLUDE_FILE(*crtend?.o *crtend.o *crtbegin?.o *crtbegin.o) .ctors)
                0x00000000004036c0                PROVIDE (__init_array_end = .)

.fini_array     0x00000000004036c0        0x0
                0x00000000004036c0                PROVIDE (__fini_array_start = .)
 *(SORT_BY_INIT_PRIORITY(.fini_array.*) SORT_BY_INIT_PRIORITY(.dtors.*))
 *(.fini_array EXCLUDE_FILE(*crtend?.o *crtend.o *crtbegin?.o *crtbegin.o) .dtors)
                0x00000000004036c0                PROVIDE (__fini_array_end = .)

.ctors
 *crtbegin.o(.ctors)
 *crtbegin?.o(.ctors)
 *(EXCLUDE_FILE(*crtend?.o *crtend.o) .ctors)
 *(SORT_BY_NAME(.ctors.*))
 *(.ctors)

.dtors
 *crtbegin.o(.dtors)
 *crtbegin?.o(.dtors)
 *(EXCLUDE_FILE(*crtend?.o *crtend.o) .dtors)
 *(SORT_BY_NAME(.dtors.*))
 *(.dtors)

.jcr
 *(.jcr)

.data.rel.ro    0x00000000004036c0        0x0
 *(.data.rel.ro.local* .gnu.linkonce.d.rel.ro.local.*)
 *(.data.rel.ro .data.rel.ro.* .gnu.linkonce.d.rel.ro.*)
 .data.rel.ro   0x00000000004036c0        0x0 uspace/app_disp.p/app_disp_disp.c.o

.dynamic        0x00000000004036c0      0x150
 *(.dynamic)
 .dynamic       0x00000000004036c0      0x150 uspace/app_disp.p/app_disp_disp.c.o
                0x00000000004036c0                _DYNAMIC

.got            0x0000000000403810        0x0
 *(.got)
 .got           0x0000000000403810        0x0 uspace/app_disp.p/app_disp_disp.c.o
 *(.igot)
                0x0000000000403810                . = DATA_SEGMENT_RELRO_END (., (SIZEOF (.got.plt) >= 0x18)?0x18:0x0)

.got.plt        0x0000000000403810      0x130
 *(.got.plt)
 .got.plt       0x0000000000403810      0x130 uspace/app_disp.p/app_disp_disp.c.o
                0x0000000000403810                _GLOBAL_OFFSET_TABLE_
 *(.igot.plt)
 .igot.plt      0x0000000000403940        0x0 uspace/app_disp.p/app_disp_disp.c.o

.data
 *(.data .data.* .gnu.linkonce.d.*)

.data1
 *(.data1)
                0x0000000000403940                _edata = .
                [!provide]                        PROVIDE (edata = .)
                0x0000000000403940                . = .
                0x0000000000403940                __bss_start = .

.bss            0x0000000000403940       0x68
 *(.dynbss)
 .dynbss        0x0000000000403940       0x68 uspace/app_disp.p/app_disp_disp.c.o
                0x0000000000403940                stdout
                0x0000000000403960                __progsymbols
 *(.bss .bss.* .gnu.linkonce.b.*)
 *(COMMON)
                0x00000000004039a8                . = ALIGN ((. != 0x0)?0x8:0x1)

.lbss
 *(.dynlbss)
 *(.lbss .lbss.* .gnu.linkonce.lb.*)
 *(LARGE_COMMON)
                0x00000000004039a8                . = ALIGN (0x8)
                0x00000000004039a8                . = SEGMENT_START ("ldata-segment", .)

.lrodata
 *(.lrodata .lrodata.* .gnu.linkonce.lr.*)

.ldata          0x00000000004059a8        0x0
 *(.ldata .ldata.* .gnu.linkonce.l.*)
                0x00000000004059a8                . = ALIGN ((. != 0x0)?0x8:0x1)
                0x00000000004059a8                . = ALIGN (0x8)
                0x00000000004039a8                _end = .
                [!provide]                        PROVIDE (end = .)
                0x00000000004059a8                . = DATA_SEGMENT_END (.)

.stab
 *(.stab)

.stabstr
 *(.stabstr)

.stab.excl
 *(.stab.excl)

.stab.exclstr
 *(.stab.exclstr)

.stab.index
 *(.stab.index)

.stab.indexstr
 *(.stab.indexstr)

.comment        0x0000000000000000       0x12
 *(.comment)
 .comment       0x0000000000000000       0x12 uspace/app_disp.p/app_disp_disp.c.o
                                         0x13 (size before relaxing)
 .comment       0x0000000000000012       0x13 uspace/lib/c/libstartfiles.a.p/generic_crt_crt1.c.o
 .comment       0x0000000000000012       0x13 uspace/lib/libdispcfg.a.p/dispcfg_src_dispcfg.c.o

.gnu.build.attributes
 *(.gnu.build.attributes .gnu.build.attributes.*)

.debug
 *(.debug)

.line
 *(.line)

.debug_srcinfo
 *(.debug_srcinfo)

.debug_sfnames
 *(.debug_sfnames)

.debug_aranges
 *(.debug_aranges)

.debug_pubnames
 *(.debug_pubnames)

.debug_info
 *(.debug_info .gnu.linkonce.wi.*)

.debug_abbrev
 *(.debug_abbrev)

.debug_line
 *(.debug_line .debug_line.* .debug_line_end)

.debug_frame
 *(.debug_frame)

.debug_str
 *(.debug_str)

.debug_loc
 *(.debug_loc)

.debug_macinfo
 *(.debug_macinfo)

.debug_weaknames
 *(.debug_weaknames)

.debug_funcnames
 *(.debug_funcnames)

.debug_typenames
 *(.debug_typenames)

.debug_varnames
 *(.debug_varnames)

.debug_pubtypes
 *(.debug_pubtypes)

.debug_ranges
 *(.debug_ranges)

.debug_addr
 *(.debug_addr)

.debug_line_str
 *(.debug_line_str)

.debug_loclists
 *(.debug_loclists)

.debug_macro
 *(.debug_macro)

.debug_names
 *(.debug_names)

.debug_rnglists
 *(.debug_rnglists)

.debug_str_offsets
 *(.debug_str_offsets)

.debug_sup
 *(.debug_sup)

.gnu.attributes
 *(.gnu.attributes)

/DISCARD/
 *(.note.GNU-stack)
 *(.gnu_debuglink)
 *(.gnu.lto_*)
OUTPUT(uspace/app_disp elf64-x86-64)
