Archive member included to satisfy reference by file (symbol)

uspace/lib/c/libstartfiles.a.p/arch_amd64_src_crt0.S.o
                              (--whole-archive)
uspace/lib/c/libstartfiles.a.p/generic_crt_crt1.c.o
                              (--whole-archive)

As-needed library included to satisfy reference by file (symbol)

libc.so.0                     uspace/app_testrunner.p/app_testrunner_main.c.o (printf)

Discarded input sections

 .text          0x0000000000000000        0x0 uspace/app_testrunner.p/app_testrunner_main.c.o
 .data          0x0000000000000000        0x0 uspace/app_testrunner.p/app_testrunner_main.c.o
 .bss           0x0000000000000000        0x0 uspace/app_testrunner.p/app_testrunner_main.c.o
 .data          0x0000000000000000        0x0 uspace/lib/c/libstartfiles.a.p/arch_amd64_src_crt0.S.o
 .bss           0x0000000000000000        0x0 uspace/lib/c/libstartfiles.a.p/arch_amd64_src_crt0.S.o
 .text          0x0000000000000000        0x0 uspace/lib/c/libstartfiles.a.p/generic_crt_crt1.c.o
 .data          0x0000000000000000        0x0 uspace/lib/c/libstartfiles.a.p/generic_crt_crt1.c.o
 .bss           0x0000000000000000        0x0 uspace/lib/c/libstartfiles.a.p/generic_crt_crt1.c.o

Memory Configuration

Name             Origin             Length             Attributes
*default*        0x0000000000000000 0xffffffffffffffff

Linker script and memory map

LOAD uspace/app_testrunner.p/app_testrunner_main.c.o
START GROUP
LOAD uspace/lib/c/libstartfiles.a
LOAD uspace/lib/libc.so.0.0
LOAD /home/zyc/.local/share/HelenOS/cross/lib/gcc/amd64-helenos/13.2.0/libgcc.a
END GROUP
                0x0000000000400000                PROVIDE (__executable_start = SEGMENT_START ("text-segment", 0x400000))
                0x0000000000400120                . = (SEGMENT_START ("text-segment", 0x400000) + SIZEOF_HEADERS)

.interp
 *(.interp)

.note.gnu.build-id
 *(.note.gnu.build-id)

.hash           0x0000000000400120       0xa8
 *(.hash)
 .hash          0x0000000000400120       0xa8 uspace/app_testrunner.p/app_testrunner_main.c.o

.gnu.hash
 *(.gnu.hash)

.dynsym         0x00000000004001c8      0x228
 *(.dynsym)
 .dynsym        0x00000000004001c8      0x228 uspace/app_testrunner.p/app_testrunner_main.c.o

.dynstr         0x00000000004003f0       0xd2
 *(.dynstr)
 .dynstr        0x00000000004003f0       0xd2 uspace/app_testrunner.p/app_testrunner_main.c.o

.gnu.version    0x00000000004004c2        0x0
 *(.gnu.version)
 .gnu.version   0x00000000004004c2        0x0 uspace/app_testrunner.p/app_testrunner_main.c.o

.gnu.version_d  0x00000000004004c8        0x0
 *(.gnu.version_d)
 .gnu.version_d
                0x00000000004004c8        0x0 uspace/app_testrunner.p/app_testrunner_main.c.o

.gnu.version_r  0x00000000004004c8        0x0
 *(.gnu.version_r)
 .gnu.version_r
                0x00000000004004c8        0x0 uspace/app_testrunner.p/app_testrunner_main.c.o

.rela.dyn       0x00000000004004c8       0x30
 *(.rela.init)
 *(.rela.text .rela.text.* .rela.gnu.linkonce.t.*)
 .rela.text.run_test
                0x00000000004004c8        0x0 uspace/app_testrunner.p/app_testrunner_main.c.o
 .rela.text.startup.main
                0x00000000004004c8        0x0 uspace/app_testrunner.p/app_testrunner_main.c.o
 .rela.text.__c_start
                0x00000000004004c8        0x0 uspace/app_testrunner.p/app_testrunner_main.c.o
 *(.rela.fini)
 *(.rela.rodata .rela.rodata.* .rela.gnu.linkonce.r.*)
 .rela.rodata.cst8
                0x00000000004004c8        0x0 uspace/app_testrunner.p/app_testrunner_main.c.o
 *(.rela.data .rela.data.* .rela.gnu.linkonce.d.*)
 .rela.data.rel.ro
                0x00000000004004c8        0x0 uspace/app_testrunner.p/app_testrunner_main.c.o
 *(.rela.tdata .rela.tdata.* .rela.gnu.linkonce.td.*)
 *(.rela.tbss .rela.tbss.* .rela.gnu.linkonce.tb.*)
 *(.rela.ctors)
 *(.rela.dtors)
 *(.rela.got)
 .rela.got      0x00000000004004c8        0x0 uspace/app_testrunner.p/app_testrunner_main.c.o
 *(.rela.bss .rela.bss.* .rela.gnu.linkonce.b.*)
 .rela.bss      0x00000000004004c8       0x30 uspace/app_testrunner.p/app_testrunner_main.c.o
 *(.rela.ldata .rela.ldata.* .rela.gnu.linkonce.l.*)
 *(.rela.lbss .rela.lbss.* .rela.gnu.linkonce.lb.*)
 *(.rela.lrodata .rela.lrodata.* .rela.gnu.linkonce.lr.*)
 *(.rela.ifunc)

.rela.plt       0x00000000004004f8      0x1e0
 *(.rela.plt)
 .rela.plt      0x00000000004004f8      0x1e0 uspace/app_testrunner.p/app_testrunner_main.c.o
                [!provide]                        PROVIDE (__rela_iplt_start = .)
 *(.rela.iplt)
 .rela.iplt     0x00000000004006d8        0x0 uspace/app_testrunner.p/app_testrunner_main.c.o
                [!provide]                        PROVIDE (__rela_iplt_end = .)

.relr.dyn
 *(.relr.dyn)

.init
 *(SORT_NONE(.init))

.plt            0x00000000004006e0      0x150
 *(.plt)
 .plt           0x00000000004006e0      0x150 uspace/app_testrunner.p/app_testrunner_main.c.o
                0x00000000004006f0                printf
                0x0000000000400700                vfs_fhandle
                0x0000000000400710                task_wait
                0x0000000000400720                __errno
                0x0000000000400730                puts
                0x0000000000400740                readdir
                0x0000000000400750                task_spawnvf
                0x0000000000400760                fprintf
                0x0000000000400770                fopen
                0x0000000000400780                fclose
                0x0000000000400790                opendir
                0x00000000004007a0                str_error_name
                0x00000000004007b0                asprintf
                0x00000000004007c0                str_lcmp
                0x00000000004007d0                str_error
                0x00000000004007e0                fwrite
                0x00000000004007f0                __libc_main
                0x0000000000400800                exit
                0x0000000000400810                closedir
                0x0000000000400820                free
 *(.iplt)
 .iplt          0x0000000000400830        0x0 uspace/app_testrunner.p/app_testrunner_main.c.o

.plt.got        0x0000000000400830        0x0
 *(.plt.got)
 .plt.got       0x0000000000400830        0x0 uspace/app_testrunner.p/app_testrunner_main.c.o

.plt.sec
 *(.plt.sec)

.text           0x0000000000400830      0x71c
 *(.text.unlikely .text.*_unlikely .text.unlikely.*)
 *(.text.exit .text.exit.*)
 *(.text.startup .text.startup.*)
 .text.startup.main
                0x0000000000400830      0x52c uspace/app_testrunner.p/app_testrunner_main.c.o
                0x0000000000400830                main
 *(.text.hot .text.hot.*)
 *(SORT_BY_NAME(.text.sorted.*))
 *(.text .stub .text.* .gnu.linkonce.t.*)
 *fill*         0x0000000000400d5c        0x4 
 .text.run_test
                0x0000000000400d60      0x154 uspace/app_testrunner.p/app_testrunner_main.c.o
 .text          0x0000000000400eb4        0xc uspace/lib/c/libstartfiles.a.p/arch_amd64_src_crt0.S.o
                0x0000000000400eb4                _start
 .text.__c_start
                0x0000000000400ec0       0x8c uspace/lib/c/libstartfiles.a.p/generic_crt_crt1.c.o
                0x0000000000400ec0                __c_start
 *(.gnu.warning)

.fini
 *(SORT_NONE(.fini))
                [!provide]                        PROVIDE (__etext = .)
                [!provide]                        PROVIDE (_etext = .)
                [!provide]                        PROVIDE (etext = .)

.rodata         0x0000000000400f50      0x3f0
 *(.rodata .rodata.* .gnu.linkonce.r.*)
 .rodata.run_test.str1.1
                0x0000000000400f50      0x215 uspace/app_testrunner.p/app_testrunner_main.c.o
                                         0x48 (size before relaxing)
 *fill*         0x0000000000401165        0x3 
 .rodata.run_test.str1.8
                0x0000000000401168      0x171 uspace/app_testrunner.p/app_testrunner_main.c.o
                                         0x1f (size before relaxing)
 .rodata.main.str1.1
                0x00000000004012d9      0x1eb uspace/app_testrunner.p/app_testrunner_main.c.o
 .rodata.main.str1.8
                0x00000000004012d9      0x151 uspace/app_testrunner.p/app_testrunner_main.c.o
 *fill*         0x00000000004012d9        0x7 
 .rodata.cst8   0x00000000004012e0       0x58 uspace/app_testrunner.p/app_testrunner_main.c.o
 .rodata.cst8   0x0000000000401338        0x8 uspace/lib/c/libstartfiles.a.p/generic_crt_crt1.c.o

.rodata1
 *(.rodata1)

.eh_frame_hdr   0x0000000000401340       0x2c
 *(.eh_frame_hdr)
 .eh_frame_hdr  0x0000000000401340       0x2c uspace/app_testrunner.p/app_testrunner_main.c.o
                0x0000000000401340                __GNU_EH_FRAME_HDR
 *(.eh_frame_entry .eh_frame_entry.*)

.eh_frame       0x0000000000401370       0xbc
 *(.eh_frame)
 .eh_frame      0x0000000000401370       0x78 uspace/app_testrunner.p/app_testrunner_main.c.o
 .eh_frame      0x00000000004013e8       0x28 uspace/app_testrunner.p/app_testrunner_main.c.o
                                         0x40 (size before relaxing)
 .eh_frame      0x0000000000401410        0x0 uspace/app_testrunner.p/app_testrunner_main.c.o
 .eh_frame      0x0000000000401410       0x1c uspace/lib/c/libstartfiles.a.p/generic_crt_crt1.c.o
                                         0x38 (size before relaxing)
 *(.eh_frame.*)

.sframe         0x000000000040142c        0x0
 *(.sframe)
 .sframe        0x000000000040142c        0x0 uspace/app_testrunner.p/app_testrunner_main.c.o
 *(.sframe.*)

.gcc_except_table
 *(.gcc_except_table .gcc_except_table.*)

.gnu_extab
 *(.gnu_extab*)

.exception_ranges
 *(.exception_ranges*)
                0x000000000040242c                . = DATA_SEGMENT_ALIGN (CONSTANT (MAXPAGESIZE), CONSTANT (COMMONPAGESIZE))

.eh_frame
 *(.eh_frame)
 *(.eh_frame.*)

.sframe
 *(.sframe)
 *(.sframe.*)

.gnu_extab
 *(.gnu_extab)

.gcc_except_table
 *(.gcc_except_table .gcc_except_table.*)

.exception_ranges
 *(.exception_ranges*)

.tdata          0x000000000040242c        0x0
                [!provide]                        PROVIDE (__tdata_start = .)
 *(.tdata .tdata.* .gnu.linkonce.td.*)

.tbss
 *(.tbss .tbss.* .gnu.linkonce.tb.*)
 *(.tcommon)

.preinit_array  0x000000000040242c        0x0
                0x000000000040242c                PROVIDE (__preinit_array_start = .)
 *(.preinit_array)
                0x000000000040242c                PROVIDE (__preinit_array_end = .)

.init_array     0x000000000040242c        0x0
                0x000000000040242c                PROVIDE (__init_array_start = .)
 *(SORT_BY_INIT_PRIORITY(.init_array.*) SORT_BY_INIT_PRIORITY(.ctors.*))
 *(.init_array EXCLUDE_FILE(*crtend?.o *crtend.o *crtbegin?.o *crtbegin.o) .ctors)
                0x000000000040242c                PROVIDE (__init_array_end = .)

.fini_array     0x000000000040242c        0x0
                0x000000000040242c                PROVIDE (__fini_array_start = .)
 *(SORT_BY_INIT_PRIORITY(.fini_array.*) SORT_BY_INIT_PRIORITY(.dtors.*))
 *(.fini_array EXCLUDE_FILE(*crtend?.o *crtend.o *crtbegin?.o *crtbegin.o) .dtors)
                0x000000000040242c                PROVIDE (__fini_array_end = .)

.ctors
 *crtbegin.o(.ctors)
 *crtbegin?.o(.ctors)
 *(EXCLUDE_FILE(*crtend?.o *crtend.o) .ctors)
 *(SORT_BY_NAME(.ctors.*))
 *(.ctors)

.dtors
 *crtbegin.o(.dtors)
 *crtbegin?.o(.dtors)
 *(EXCLUDE_FILE(*crtend?.o *crtend.o) .dtors)
 *(SORT_BY_NAME(.dtors.*))
 *(.dtors)

.jcr
 *(.jcr)

.data.rel.ro    0x000000000040242c        0x0
 *(.data.rel.ro.local* .gnu.linkonce.d.rel.ro.local.*)
 *(.data.rel.ro .data.rel.ro.* .gnu.linkonce.d.rel.ro.*)
 .data.rel.ro   0x000000000040242c        0x0 uspace/app_testrunner.p/app_testrunner_main.c.o

.dynamic        0x0000000000402430      0x150
 *(.dynamic)
 .dynamic       0x0000000000402430      0x150 uspace/app_testrunner.p/app_testrunner_main.c.o
                0x0000000000402430                _DYNAMIC

.got            0x0000000000402580        0x0
 *(.got)
 .got           0x0000000000402580        0x0 uspace/app_testrunner.p/app_testrunner_main.c.o
 *(.igot)
                0x0000000000402580                . = DATA_SEGMENT_RELRO_END (., (SIZEOF (.got.plt) >= 0x18)?0x18:0x0)

.got.plt        0x0000000000402580       0xb8
 *(.got.plt)
 .got.plt       0x0000000000402580       0xb8 uspace/app_testrunner.p/app_testrunner_main.c.o
                0x0000000000402580                _GLOBAL_OFFSET_TABLE_
 *(.igot.plt)
 .igot.plt      0x0000000000402638        0x0 uspace/app_testrunner.p/app_testrunner_main.c.o

.data
 *(.data .data.* .gnu.linkonce.d.*)

.data1
 *(.data1)
                0x0000000000402638                _edata = .
                [!provide]                        PROVIDE (edata = .)
                0x0000000000402638                . = .
                0x0000000000402638                __bss_start = .

.bss            0x0000000000402640       0x68
 *(.dynbss)
 *fill*         0x0000000000402640        0x0 
 .dynbss        0x0000000000402640       0x68 uspace/app_testrunner.p/app_testrunner_main.c.o
                0x0000000000402640                __progsymbols
                0x00000000004026a0                stderr
 *(.bss .bss.* .gnu.linkonce.b.*)
 *(COMMON)
                0x00000000004026a8                . = ALIGN ((. != 0x0)?0x8:0x1)

.lbss
 *(.dynlbss)
 *(.lbss .lbss.* .gnu.linkonce.lb.*)
 *(LARGE_COMMON)
                0x00000000004026a8                . = ALIGN (0x8)
                0x00000000004026a8                . = SEGMENT_START ("ldata-segment", .)

.lrodata
 *(.lrodata .lrodata.* .gnu.linkonce.lr.*)

.ldata          0x00000000004046a8        0x0
 *(.ldata .ldata.* .gnu.linkonce.l.*)
                0x00000000004046a8                . = ALIGN ((. != 0x0)?0x8:0x1)
                0x00000000004046a8                . = ALIGN (0x8)
                0x00000000004026a8                _end = .
                [!provide]                        PROVIDE (end = .)
                0x00000000004046a8                . = DATA_SEGMENT_END (.)

.stab
 *(.stab)

.stabstr
 *(.stabstr)

.stab.excl
 *(.stab.excl)

.stab.exclstr
 *(.stab.exclstr)

.stab.index
 *(.stab.index)

.stab.indexstr
 *(.stab.indexstr)

.comment        0x0000000000000000       0x12
 *(.comment)
 .comment       0x0000000000000000       0x12 uspace/app_testrunner.p/app_testrunner_main.c.o
                                         0x13 (size before relaxing)
 .comment       0x0000000000000012       0x13 uspace/lib/c/libstartfiles.a.p/generic_crt_crt1.c.o

.gnu.build.attributes
 *(.gnu.build.attributes .gnu.build.attributes.*)

.debug
 *(.debug)

.line
 *(.line)

.debug_srcinfo
 *(.debug_srcinfo)

.debug_sfnames
 *(.debug_sfnames)

.debug_aranges
 *(.debug_aranges)

.debug_pubnames
 *(.debug_pubnames)

.debug_info
 *(.debug_info .gnu.linkonce.wi.*)

.debug_abbrev
 *(.debug_abbrev)

.debug_line
 *(.debug_line .debug_line.* .debug_line_end)

.debug_frame
 *(.debug_frame)

.debug_str
 *(.debug_str)

.debug_loc
 *(.debug_loc)

.debug_macinfo
 *(.debug_macinfo)

.debug_weaknames
 *(.debug_weaknames)

.debug_funcnames
 *(.debug_funcnames)

.debug_typenames
 *(.debug_typenames)

.debug_varnames
 *(.debug_varnames)

.debug_pubtypes
 *(.debug_pubtypes)

.debug_ranges
 *(.debug_ranges)

.debug_addr
 *(.debug_addr)

.debug_line_str
 *(.debug_line_str)

.debug_loclists
 *(.debug_loclists)

.debug_macro
 *(.debug_macro)

.debug_names
 *(.debug_names)

.debug_rnglists
 *(.debug_rnglists)

.debug_str_offsets
 *(.debug_str_offsets)

.debug_sup
 *(.debug_sup)

.gnu.attributes
 *(.gnu.attributes)

/DISCARD/
 *(.note.GNU-stack)
 *(.gnu_debuglink)
 *(.gnu.lto_*)
OUTPUT(uspace/app_testrunner elf64-x86-64)
