Archive member included to satisfy reference by file (symbol)

uspace/lib/c/libstartfiles.a.p/arch_amd64_src_crt0.S.o
                              (--whole-archive)
uspace/lib/c/libstartfiles.a.p/generic_crt_crt1.c.o
                              (--whole-archive)
uspace/lib/libconsole.a.p/console_src_console.c.o
                              uspace/app_top.p/app_top_screen.c.o (console_init)

As-needed library included to satisfy reference by file (symbol)

libc.so.0                     uspace/lib/libconsole.a.p/console_src_console.c.o (vfs_fsession)

Discarded input sections

 .text          0x0000000000000000        0x0 uspace/app_top.p/app_top_top.c.o
 .data          0x0000000000000000        0x0 uspace/app_top.p/app_top_top.c.o
 .bss           0x0000000000000000        0x0 uspace/app_top.p/app_top_top.c.o
 .text          0x0000000000000000        0x0 uspace/app_top.p/app_top_screen.c.o
 .data          0x0000000000000000        0x0 uspace/app_top.p/app_top_screen.c.o
 .bss           0x0000000000000000        0x0 uspace/app_top.p/app_top_screen.c.o
 .data          0x0000000000000000        0x0 uspace/lib/c/libstartfiles.a.p/arch_amd64_src_crt0.S.o
 .bss           0x0000000000000000        0x0 uspace/lib/c/libstartfiles.a.p/arch_amd64_src_crt0.S.o
 .text          0x0000000000000000        0x0 uspace/lib/c/libstartfiles.a.p/generic_crt_crt1.c.o
 .data          0x0000000000000000        0x0 uspace/lib/c/libstartfiles.a.p/generic_crt_crt1.c.o
 .bss           0x0000000000000000        0x0 uspace/lib/c/libstartfiles.a.p/generic_crt_crt1.c.o
 .text          0x0000000000000000        0x0 uspace/lib/libconsole.a.p/console_src_console.c.o
 .data          0x0000000000000000        0x0 uspace/lib/libconsole.a.p/console_src_console.c.o
 .bss           0x0000000000000000        0x0 uspace/lib/libconsole.a.p/console_src_console.c.o
 .text.console_done
                0x0000000000000000        0xa uspace/lib/libconsole.a.p/console_src_console.c.o
 .text.console_kcon
                0x0000000000000000        0xa uspace/lib/libconsole.a.p/console_src_console.c.o
 .text.console_set_color
                0x0000000000000000       0x47 uspace/lib/libconsole.a.p/console_src_console.c.o
 .text.console_set_rgb_color
                0x0000000000000000       0x42 uspace/lib/libconsole.a.p/console_src_console.c.o
 .text.console_set_caption
                0x0000000000000000       0xa3 uspace/lib/libconsole.a.p/console_src_console.c.o
 .text.console_get_color_cap
                0x0000000000000000       0x39 uspace/lib/libconsole.a.p/console_src_console.c.o
 .text.console_get_event
                0x0000000000000000      0x16d uspace/lib/libconsole.a.p/console_src_console.c.o
 .text.console_map
                0x0000000000000000       0xea uspace/lib/libconsole.a.p/console_src_console.c.o
 .text.console_unmap
                0x0000000000000000       0x37 uspace/lib/libconsole.a.p/console_src_console.c.o
 .text.console_update
                0x0000000000000000       0x5f uspace/lib/libconsole.a.p/console_src_console.c.o

Memory Configuration

Name             Origin             Length             Attributes
*default*        0x0000000000000000 0xffffffffffffffff

Linker script and memory map

LOAD uspace/app_top.p/app_top_top.c.o
LOAD uspace/app_top.p/app_top_screen.c.o
START GROUP
LOAD uspace/lib/c/libstartfiles.a
LOAD uspace/lib/libconsole.a
LOAD uspace/lib/libinput.a
LOAD uspace/lib/libc.so.0.0
LOAD uspace/lib/liboutput.a
LOAD /home/zyc/.local/share/HelenOS/cross/lib/gcc/amd64-helenos/13.2.0/libgcc.a
END GROUP
                0x0000000000400000                PROVIDE (__executable_start = SEGMENT_START ("text-segment", 0x400000))
                0x0000000000400120                . = (SEGMENT_START ("text-segment", 0x400000) + SIZEOF_HEADERS)

.interp
 *(.interp)

.note.gnu.build-id
 *(.note.gnu.build-id)

.hash           0x0000000000400120      0x138
 *(.hash)
 .hash          0x0000000000400120      0x138 uspace/app_top.p/app_top_top.c.o

.gnu.hash
 *(.gnu.hash)

.dynsym         0x0000000000400258      0x3a8
 *(.dynsym)
 .dynsym        0x0000000000400258      0x3a8 uspace/app_top.p/app_top_top.c.o

.dynstr         0x0000000000400600      0x1d2
 *(.dynstr)
 .dynstr        0x0000000000400600      0x1d2 uspace/app_top.p/app_top_top.c.o

.gnu.version    0x00000000004007d2        0x0
 *(.gnu.version)
 .gnu.version   0x00000000004007d2        0x0 uspace/app_top.p/app_top_top.c.o

.gnu.version_d  0x00000000004007d8        0x0
 *(.gnu.version_d)
 .gnu.version_d
                0x00000000004007d8        0x0 uspace/app_top.p/app_top_top.c.o

.gnu.version_r  0x00000000004007d8        0x0
 *(.gnu.version_r)
 .gnu.version_r
                0x00000000004007d8        0x0 uspace/app_top.p/app_top_top.c.o

.rela.dyn       0x00000000004007d8       0x60
 *(.rela.init)
 *(.rela.text .rela.text.* .rela.gnu.linkonce.t.*)
 .rela.text.startup.main
                0x00000000004007d8        0x0 uspace/app_top.p/app_top_top.c.o
 .rela.text.screen_newline
                0x00000000004007d8        0x0 uspace/app_top.p/app_top_top.c.o
 .rela.text.screen_init
                0x00000000004007d8        0x0 uspace/app_top.p/app_top_top.c.o
 .rela.text.print_data
                0x00000000004007d8        0x0 uspace/app_top.p/app_top_top.c.o
 .rela.text.__c_start
                0x00000000004007d8        0x0 uspace/app_top.p/app_top_top.c.o
 *(.rela.fini)
 *(.rela.rodata .rela.rodata.* .rela.gnu.linkonce.r.*)
 .rela.rodata.cst8
                0x00000000004007d8        0x0 uspace/app_top.p/app_top_top.c.o
 *(.rela.data .rela.data.* .rela.gnu.linkonce.d.*)
 .rela.data.rel.ro
                0x00000000004007d8        0x0 uspace/app_top.p/app_top_top.c.o
 *(.rela.tdata .rela.tdata.* .rela.gnu.linkonce.td.*)
 *(.rela.tbss .rela.tbss.* .rela.gnu.linkonce.tb.*)
 *(.rela.ctors)
 *(.rela.dtors)
 *(.rela.got)
 .rela.got      0x00000000004007d8        0x0 uspace/app_top.p/app_top_top.c.o
 *(.rela.bss .rela.bss.* .rela.gnu.linkonce.b.*)
 .rela.bss      0x00000000004007d8       0x60 uspace/app_top.p/app_top_top.c.o
 *(.rela.ldata .rela.ldata.* .rela.gnu.linkonce.l.*)
 *(.rela.lbss .rela.lbss.* .rela.gnu.linkonce.lb.*)
 *(.rela.lrodata .rela.lrodata.* .rela.gnu.linkonce.lr.*)
 *(.rela.ifunc)

.rela.plt       0x0000000000400838      0x330
 *(.rela.plt)
 .rela.plt      0x0000000000400838      0x330 uspace/app_top.p/app_top_top.c.o
                [!provide]                        PROVIDE (__rela_iplt_start = .)
 *(.rela.iplt)
 .rela.iplt     0x0000000000400b68        0x0 uspace/app_top.p/app_top_top.c.o
                [!provide]                        PROVIDE (__rela_iplt_end = .)

.relr.dyn
 *(.relr.dyn)

.init
 *(SORT_NONE(.init))

.plt            0x0000000000400b70      0x230
 *(.plt)
 .plt           0x0000000000400b70      0x230 uspace/app_top.p/app_top_top.c.o
                0x0000000000400b80                vfs_fsession
                0x0000000000400b90                printf
                0x0000000000400ba0                async_req_0_2
                0x0000000000400bb0                gsort
                0x0000000000400bc0                puts
                0x0000000000400bd0                malloc
                0x0000000000400be0                async_req_1_0
                0x0000000000400bf0                vsnprintf
                0x0000000000400c00                fflush
                0x0000000000400c10                async_exchange_end
                0x0000000000400c20                bin_order_suffix
                0x0000000000400c30                calloc
                0x0000000000400c40                fprintf
                0x0000000000400c50                stats_get_cpus
                0x0000000000400c60                async_wait_timeout
                0x0000000000400c70                stats_get_physmem
                0x0000000000400c80                order_suffix
                0x0000000000400c90                str_cmp
                0x0000000000400ca0                ts_sub_diff
                0x0000000000400cb0                getuptime
                0x0000000000400cc0                stats_get_exceptions
                0x0000000000400cd0                getrealtime
                0x0000000000400ce0                stats_get_tasks
                0x0000000000400cf0                fputc
                0x0000000000400d00                async_exchange_begin
                0x0000000000400d10                async_send_0
                0x0000000000400d20                fwrite
                0x0000000000400d30                __libc_main
                0x0000000000400d40                async_req_0_0
                0x0000000000400d50                async_req_2_0
                0x0000000000400d60                stats_get_load
                0x0000000000400d70                stats_get_threads
                0x0000000000400d80                free
                0x0000000000400d90                stats_print_load_fragment
 *(.iplt)
 .iplt          0x0000000000400da0        0x0 uspace/app_top.p/app_top_top.c.o

.plt.got        0x0000000000400da0        0x0
 *(.plt.got)
 .plt.got       0x0000000000400da0        0x0 uspace/app_top.p/app_top_top.c.o

.plt.sec
 *(.plt.sec)

.text           0x0000000000400da0     0x279c
 *(.text.unlikely .text.*_unlikely .text.unlikely.*)
 *(.text.exit .text.exit.*)
 *(.text.startup .text.startup.*)
 .text.startup.main
                0x0000000000400da0      0x733 uspace/app_top.p/app_top_top.c.o
                0x0000000000400da0                main
 *(.text.hot .text.hot.*)
 *(SORT_BY_NAME(.text.sorted.*))
 *(.text .stub .text.* .gnu.linkonce.t.*)
 *fill*         0x00000000004014d3        0xd 
 .text.compute_percentages
                0x00000000004014e0      0x59d uspace/app_top.p/app_top_top.c.o
 *fill*         0x0000000000401a7d        0x3 
 .text.read_data
                0x0000000000401a80      0x384 uspace/app_top.p/app_top_top.c.o
 *fill*         0x0000000000401e04        0xc 
 .text.free_data
                0x0000000000401e10       0xf6 uspace/app_top.p/app_top_top.c.o
 *fill*         0x0000000000401f06        0xa 
 .text.cmp_data
                0x0000000000401f10       0xa9 uspace/app_top.p/app_top_top.c.o
 *fill*         0x0000000000401fb9        0x7 
 .text.screen_newline
                0x0000000000401fc0       0xa0 uspace/app_top.p/app_top_screen.c.o
 .text.screen_init
                0x0000000000402060       0x83 uspace/app_top.p/app_top_screen.c.o
                0x0000000000402060                screen_init
 *fill*         0x00000000004020e3        0xd 
 .text.screen_done
                0x00000000004020f0       0x87 uspace/app_top.p/app_top_screen.c.o
                0x00000000004020f0                screen_done
 *fill*         0x0000000000402177        0x9 
 .text.print_data
                0x0000000000402180      0xc72 uspace/app_top.p/app_top_screen.c.o
                0x0000000000402180                print_data
 *fill*         0x0000000000402df2        0xe 
 .text.show_warning
                0x0000000000402e00      0x24e uspace/app_top.p/app_top_screen.c.o
                0x0000000000402e00                show_warning
 *fill*         0x000000000040304e        0x2 
 .text.tgetchar
                0x0000000000403050       0xb3 uspace/app_top.p/app_top_screen.c.o
                0x0000000000403050                tgetchar
 .text          0x0000000000403103        0xc uspace/lib/c/libstartfiles.a.p/arch_amd64_src_crt0.S.o
                0x0000000000403103                _start
 *fill*         0x000000000040310f        0x1 
 .text.__c_start
                0x0000000000403110       0x8c uspace/lib/c/libstartfiles.a.p/generic_crt_crt1.c.o
                0x0000000000403110                __c_start
 *fill*         0x000000000040319c        0x4 
 .text.console_init
                0x00000000004031a0       0x7c uspace/lib/libconsole.a.p/console_src_console.c.o
                0x00000000004031a0                console_init
 *fill*         0x000000000040321c        0x4 
 .text.console_flush
                0x0000000000403220        0xe uspace/lib/libconsole.a.p/console_src_console.c.o
                0x0000000000403220                console_flush
 *fill*         0x000000000040322e        0x2 
 .text.console_clear
                0x0000000000403230       0x2f uspace/lib/libconsole.a.p/console_src_console.c.o
                0x0000000000403230                console_clear
 *fill*         0x000000000040325f        0x1 
 .text.console_get_size
                0x0000000000403260       0x4b uspace/lib/libconsole.a.p/console_src_console.c.o
                0x0000000000403260                console_get_size
 *fill*         0x00000000004032ab        0x5 
 .text.console_set_style
                0x00000000004032b0       0x31 uspace/lib/libconsole.a.p/console_src_console.c.o
                0x00000000004032b0                console_set_style
 *fill*         0x00000000004032e1        0xf 
 .text.console_cursor_visibility
                0x00000000004032f0       0x31 uspace/lib/libconsole.a.p/console_src_console.c.o
                0x00000000004032f0                console_cursor_visibility
 *fill*         0x0000000000403321        0xf 
 .text.console_get_pos
                0x0000000000403330       0x4b uspace/lib/libconsole.a.p/console_src_console.c.o
                0x0000000000403330                console_get_pos
 *fill*         0x000000000040337b        0x5 
 .text.console_set_pos
                0x0000000000403380       0x44 uspace/lib/libconsole.a.p/console_src_console.c.o
                0x0000000000403380                console_set_pos
 *fill*         0x00000000004033c4        0xc 
 .text.console_get_event_timeout
                0x00000000004033d0      0x16c uspace/lib/libconsole.a.p/console_src_console.c.o
                0x00000000004033d0                console_get_event_timeout
 *(.gnu.warning)

.fini
 *(SORT_NONE(.fini))
                [!provide]                        PROVIDE (__etext = .)
                [!provide]                        PROVIDE (_etext = .)
                [!provide]                        PROVIDE (etext = .)

.rodata         0x0000000000403540      0x950
 *(.rodata .rodata.* .gnu.linkonce.r.*)
 .rodata.read_data.str1.1
                0x0000000000403540      0x28e uspace/app_top.p/app_top_top.c.o
                                         0x7c (size before relaxing)
 *fill*         0x00000000004037ce        0x2 
 .rodata.read_data.str1.8
                0x00000000004037d0      0x317 uspace/app_top.p/app_top_top.c.o
                                        0x142 (size before relaxing)
 .rodata.main.str1.8
                0x0000000000403ae7       0x4f uspace/app_top.p/app_top_top.c.o
 .rodata.main.str1.1
                0x0000000000403ae7       0x6c uspace/app_top.p/app_top_top.c.o
 *fill*         0x0000000000403ae7        0x1 
 .rodata.main   0x0000000000403ae8      0x1b0 uspace/app_top.p/app_top_top.c.o
 .rodata.str1.1
                0x0000000000403c98       0x8f uspace/app_top.p/app_top_top.c.o
 *fill*         0x0000000000403c98        0x8 
 .rodata.exception_columns
                0x0000000000403ca0       0x60 uspace/app_top.p/app_top_top.c.o
 .rodata.ipc_columns
                0x0000000000403d00       0x70 uspace/app_top.p/app_top_top.c.o
 *fill*         0x0000000000403d70       0x10 
 .rodata.task_columns
                0x0000000000403d80       0x90 uspace/app_top.p/app_top_top.c.o
 .rodata.cst16  0x0000000000403e10       0x10 uspace/app_top.p/app_top_top.c.o
 .rodata.screen_newline.str1.1
                0x0000000000403e20        0x1 uspace/app_top.p/app_top_screen.c.o
 .rodata.print_data.str1.8
                0x0000000000403e20      0x17f uspace/app_top.p/app_top_screen.c.o
 .rodata.print_data.str1.1
                0x0000000000403e20      0x124 uspace/app_top.p/app_top_screen.c.o
 .rodata.print_data
                0x0000000000403e20       0x68 uspace/app_top.p/app_top_screen.c.o
 .rodata.cst8   0x0000000000403e88        0x8 uspace/lib/c/libstartfiles.a.p/generic_crt_crt1.c.o

.rodata1
 *(.rodata1)

.eh_frame_hdr   0x0000000000403e90       0xbc
 *(.eh_frame_hdr)
 .eh_frame_hdr  0x0000000000403e90       0xbc uspace/app_top.p/app_top_top.c.o
                0x0000000000403e90                __GNU_EH_FRAME_HDR
 *(.eh_frame_entry .eh_frame_entry.*)

.eh_frame       0x0000000000403f50      0x39c
 *(.eh_frame)
 .eh_frame      0x0000000000403f50      0x100 uspace/app_top.p/app_top_top.c.o
 .eh_frame      0x0000000000404050       0x28 uspace/app_top.p/app_top_top.c.o
                                         0x40 (size before relaxing)
 .eh_frame      0x0000000000404078        0x0 uspace/app_top.p/app_top_top.c.o
 .eh_frame      0x0000000000404078       0xf0 uspace/app_top.p/app_top_screen.c.o
                                        0x108 (size before relaxing)
 .eh_frame      0x0000000000404168       0x20 uspace/lib/c/libstartfiles.a.p/generic_crt_crt1.c.o
                                         0x38 (size before relaxing)
 .eh_frame      0x0000000000404188      0x164 uspace/lib/libconsole.a.p/console_src_console.c.o
                                        0x318 (size before relaxing)
 *(.eh_frame.*)

.sframe         0x00000000004042ec        0x0
 *(.sframe)
 .sframe        0x00000000004042ec        0x0 uspace/app_top.p/app_top_top.c.o
 *(.sframe.*)

.gcc_except_table
 *(.gcc_except_table .gcc_except_table.*)

.gnu_extab
 *(.gnu_extab*)

.exception_ranges
 *(.exception_ranges*)
                0x00000000004052ec                . = DATA_SEGMENT_ALIGN (CONSTANT (MAXPAGESIZE), CONSTANT (COMMONPAGESIZE))

.eh_frame
 *(.eh_frame)
 *(.eh_frame.*)

.sframe
 *(.sframe)
 *(.sframe.*)

.gnu_extab
 *(.gnu_extab)

.gcc_except_table
 *(.gcc_except_table .gcc_except_table.*)

.exception_ranges
 *(.exception_ranges*)

.tdata          0x00000000004052ec        0x0
                [!provide]                        PROVIDE (__tdata_start = .)
 *(.tdata .tdata.* .gnu.linkonce.td.*)

.tbss
 *(.tbss .tbss.* .gnu.linkonce.tb.*)
 *(.tcommon)

.preinit_array  0x00000000004052ec        0x0
                0x00000000004052ec                PROVIDE (__preinit_array_start = .)
 *(.preinit_array)
                0x00000000004052ec                PROVIDE (__preinit_array_end = .)

.init_array     0x00000000004052ec        0x0
                0x00000000004052ec                PROVIDE (__init_array_start = .)
 *(SORT_BY_INIT_PRIORITY(.init_array.*) SORT_BY_INIT_PRIORITY(.ctors.*))
 *(.init_array EXCLUDE_FILE(*crtend?.o *crtend.o *crtbegin?.o *crtbegin.o) .ctors)
                0x00000000004052ec                PROVIDE (__init_array_end = .)

.fini_array     0x00000000004052ec        0x0
                0x00000000004052ec                PROVIDE (__fini_array_start = .)
 *(SORT_BY_INIT_PRIORITY(.fini_array.*) SORT_BY_INIT_PRIORITY(.dtors.*))
 *(.fini_array EXCLUDE_FILE(*crtend?.o *crtend.o *crtbegin?.o *crtbegin.o) .dtors)
                0x00000000004052ec                PROVIDE (__fini_array_end = .)

.ctors
 *crtbegin.o(.ctors)
 *crtbegin?.o(.ctors)
 *(EXCLUDE_FILE(*crtend?.o *crtend.o) .ctors)
 *(SORT_BY_NAME(.ctors.*))
 *(.ctors)

.dtors
 *crtbegin.o(.dtors)
 *crtbegin?.o(.dtors)
 *(EXCLUDE_FILE(*crtend?.o *crtend.o) .dtors)
 *(SORT_BY_NAME(.dtors.*))
 *(.dtors)

.jcr
 *(.jcr)

.data.rel.ro    0x00000000004052ec        0x0
 *(.data.rel.ro.local* .gnu.linkonce.d.rel.ro.local.*)
 *(.data.rel.ro .data.rel.ro.* .gnu.linkonce.d.rel.ro.*)
 .data.rel.ro   0x00000000004052ec        0x0 uspace/app_top.p/app_top_top.c.o

.dynamic        0x00000000004052f0      0x150
 *(.dynamic)
 .dynamic       0x00000000004052f0      0x150 uspace/app_top.p/app_top_top.c.o
                0x00000000004052f0                _DYNAMIC

.got            0x0000000000405440        0x0
 *(.got)
 .got           0x0000000000405440        0x0 uspace/app_top.p/app_top_top.c.o
 *(.igot)
                0x0000000000405440                . = DATA_SEGMENT_RELRO_END (., (SIZEOF (.got.plt) >= 0x18)?0x18:0x0)

.got.plt        0x0000000000405440      0x128
 *(.got.plt)
 .got.plt       0x0000000000405440      0x128 uspace/app_top.p/app_top_top.c.o
                0x0000000000405440                _GLOBAL_OFFSET_TABLE_
 *(.igot.plt)
 .igot.plt      0x0000000000405568        0x0 uspace/app_top.p/app_top_top.c.o

.data           0x0000000000405568       0x10
 *(.data .data.* .gnu.linkonce.d.*)
 .data.sort_reverse
                0x0000000000405568        0x4 uspace/app_top.p/app_top_top.c.o
 *fill*         0x000000000040556c        0x4 
 .data.sort_column
                0x0000000000405570        0x8 uspace/app_top.p/app_top_top.c.o

.data1
 *(.data1)
                0x0000000000405578                _edata = .
                [!provide]                        PROVIDE (edata = .)
                0x0000000000405578                . = .
                0x0000000000405578                __bss_start = .

.bss            0x0000000000405580       0xc8
 *(.dynbss)
 *fill*         0x0000000000405580        0x0 
 .dynbss        0x0000000000405580       0x88 uspace/app_top.p/app_top_top.c.o
                0x0000000000405580                stdout
                0x0000000000405590                stdin
                0x00000000004055a0                __progsymbols
                0x0000000000405600                stderr
 *(.bss .bss.* .gnu.linkonce.b.*)
 .bss.excs_all  0x0000000000405608        0x1 uspace/app_top.p/app_top_top.c.o
 *fill*         0x0000000000405609        0x3 
 .bss.op_mode   0x000000000040560c        0x4 uspace/app_top.p/app_top_top.c.o
 .bss.screen_mode
                0x0000000000405610        0x4 uspace/app_top.p/app_top_top.c.o
                0x0000000000405610                screen_mode
 *fill*         0x0000000000405614        0x4 
 .bss.warning_text
                0x0000000000405618        0x8 uspace/app_top.p/app_top_screen.c.o
 .bss.warning_timeleft
                0x0000000000405620        0x8 uspace/app_top.p/app_top_screen.c.o
 .bss.warning_row
                0x0000000000405628        0x8 uspace/app_top.p/app_top_screen.c.o
 .bss.warning_col
                0x0000000000405630        0x8 uspace/app_top.p/app_top_screen.c.o
 .bss.console   0x0000000000405638        0x8 uspace/app_top.p/app_top_screen.c.o
                0x0000000000405638                console
 .bss.timeleft  0x0000000000405640        0x8 uspace/app_top.p/app_top_screen.c.o
 *(COMMON)
                0x0000000000405648                . = ALIGN ((. != 0x0)?0x8:0x1)

.lbss
 *(.dynlbss)
 *(.lbss .lbss.* .gnu.linkonce.lb.*)
 *(LARGE_COMMON)
                0x0000000000405648                . = ALIGN (0x8)
                0x0000000000405648                . = SEGMENT_START ("ldata-segment", .)

.lrodata
 *(.lrodata .lrodata.* .gnu.linkonce.lr.*)

.ldata          0x0000000000407648        0x0
 *(.ldata .ldata.* .gnu.linkonce.l.*)
                0x0000000000407648                . = ALIGN ((. != 0x0)?0x8:0x1)
                0x0000000000407648                . = ALIGN (0x8)
                0x0000000000405648                _end = .
                [!provide]                        PROVIDE (end = .)
                0x0000000000407648                . = DATA_SEGMENT_END (.)

.stab
 *(.stab)

.stabstr
 *(.stabstr)

.stab.excl
 *(.stab.excl)

.stab.exclstr
 *(.stab.exclstr)

.stab.index
 *(.stab.index)

.stab.indexstr
 *(.stab.indexstr)

.comment        0x0000000000000000       0x12
 *(.comment)
 .comment       0x0000000000000000       0x12 uspace/app_top.p/app_top_top.c.o
                                         0x13 (size before relaxing)
 .comment       0x0000000000000012       0x13 uspace/app_top.p/app_top_screen.c.o
 .comment       0x0000000000000012       0x13 uspace/lib/c/libstartfiles.a.p/generic_crt_crt1.c.o
 .comment       0x0000000000000012       0x13 uspace/lib/libconsole.a.p/console_src_console.c.o

.gnu.build.attributes
 *(.gnu.build.attributes .gnu.build.attributes.*)

.debug
 *(.debug)

.line
 *(.line)

.debug_srcinfo
 *(.debug_srcinfo)

.debug_sfnames
 *(.debug_sfnames)

.debug_aranges
 *(.debug_aranges)

.debug_pubnames
 *(.debug_pubnames)

.debug_info
 *(.debug_info .gnu.linkonce.wi.*)

.debug_abbrev
 *(.debug_abbrev)

.debug_line
 *(.debug_line .debug_line.* .debug_line_end)

.debug_frame
 *(.debug_frame)

.debug_str
 *(.debug_str)

.debug_loc
 *(.debug_loc)

.debug_macinfo
 *(.debug_macinfo)

.debug_weaknames
 *(.debug_weaknames)

.debug_funcnames
 *(.debug_funcnames)

.debug_typenames
 *(.debug_typenames)

.debug_varnames
 *(.debug_varnames)

.debug_pubtypes
 *(.debug_pubtypes)

.debug_ranges
 *(.debug_ranges)

.debug_addr
 *(.debug_addr)

.debug_line_str
 *(.debug_line_str)

.debug_loclists
 *(.debug_loclists)

.debug_macro
 *(.debug_macro)

.debug_names
 *(.debug_names)

.debug_rnglists
 *(.debug_rnglists)

.debug_str_offsets
 *(.debug_str_offsets)

.debug_sup
 *(.debug_sup)

.gnu.attributes
 *(.gnu.attributes)

/DISCARD/
 *(.note.GNU-stack)
 *(.gnu_debuglink)
 *(.gnu.lto_*)
OUTPUT(uspace/app_top elf64-x86-64)
