Archive member included to satisfy reference by file (symbol)

uspace/lib/c/libstartfiles.a.p/arch_amd64_src_crt0.S.o
                              (--whole-archive)
uspace/lib/c/libstartfiles.a.p/generic_crt_crt1.c.o
                              (--whole-archive)

As-needed library included to satisfy reference by file (symbol)

libc.so.0                     uspace/app_df.p/app_df_df.c.o (putchar)

Discarded input sections

 .text          0x0000000000000000        0x0 uspace/app_df.p/app_df_df.c.o
 .data          0x0000000000000000        0x0 uspace/app_df.p/app_df_df.c.o
 .bss           0x0000000000000000        0x0 uspace/app_df.p/app_df_df.c.o
 .data          0x0000000000000000        0x0 uspace/lib/c/libstartfiles.a.p/arch_amd64_src_crt0.S.o
 .bss           0x0000000000000000        0x0 uspace/lib/c/libstartfiles.a.p/arch_amd64_src_crt0.S.o
 .text          0x0000000000000000        0x0 uspace/lib/c/libstartfiles.a.p/generic_crt_crt1.c.o
 .data          0x0000000000000000        0x0 uspace/lib/c/libstartfiles.a.p/generic_crt_crt1.c.o
 .bss           0x0000000000000000        0x0 uspace/lib/c/libstartfiles.a.p/generic_crt_crt1.c.o

Memory Configuration

Name             Origin             Length             Attributes
*default*        0x0000000000000000 0xffffffffffffffff

Linker script and memory map

LOAD uspace/app_df.p/app_df_df.c.o
START GROUP
LOAD uspace/lib/c/libstartfiles.a
LOAD uspace/lib/libc.so.0.0
LOAD /home/zyc/.local/share/HelenOS/cross/lib/gcc/amd64-helenos/13.2.0/libgcc.a
END GROUP
                0x0000000000400000                PROVIDE (__executable_start = SEGMENT_START ("text-segment", 0x400000))
                0x0000000000400120                . = (SEGMENT_START ("text-segment", 0x400000) + SIZEOF_HEADERS)

.interp
 *(.interp)

.note.gnu.build-id
 *(.note.gnu.build-id)

.hash           0x0000000000400120       0x9c
 *(.hash)
 .hash          0x0000000000400120       0x9c uspace/app_df.p/app_df_df.c.o

.gnu.hash
 *(.gnu.hash)

.dynsym         0x00000000004001c0      0x1e0
 *(.dynsym)
 .dynsym        0x00000000004001c0      0x1e0 uspace/app_df.p/app_df_df.c.o

.dynstr         0x00000000004003a0       0xcd
 *(.dynstr)
 .dynstr        0x00000000004003a0       0xcd uspace/app_df.p/app_df_df.c.o

.gnu.version    0x000000000040046e        0x0
 *(.gnu.version)
 .gnu.version   0x000000000040046e        0x0 uspace/app_df.p/app_df_df.c.o

.gnu.version_d  0x0000000000400470        0x0
 *(.gnu.version_d)
 .gnu.version_d
                0x0000000000400470        0x0 uspace/app_df.p/app_df_df.c.o

.gnu.version_r  0x0000000000400470        0x0
 *(.gnu.version_r)
 .gnu.version_r
                0x0000000000400470        0x0 uspace/app_df.p/app_df_df.c.o

.rela.dyn       0x0000000000400470       0x60
 *(.rela.init)
 *(.rela.text .rela.text.* .rela.gnu.linkonce.t.*)
 .rela.text.startup.main
                0x0000000000400470        0x0 uspace/app_df.p/app_df_df.c.o
 .rela.text.__c_start
                0x0000000000400470        0x0 uspace/app_df.p/app_df_df.c.o
 *(.rela.fini)
 *(.rela.rodata .rela.rodata.* .rela.gnu.linkonce.r.*)
 .rela.rodata.cst8
                0x0000000000400470        0x0 uspace/app_df.p/app_df_df.c.o
 *(.rela.data .rela.data.* .rela.gnu.linkonce.d.*)
 .rela.data.rel.ro
                0x0000000000400470        0x0 uspace/app_df.p/app_df_df.c.o
 *(.rela.tdata .rela.tdata.* .rela.gnu.linkonce.td.*)
 *(.rela.tbss .rela.tbss.* .rela.gnu.linkonce.tb.*)
 *(.rela.ctors)
 *(.rela.dtors)
 *(.rela.got)
 .rela.got      0x0000000000400470        0x0 uspace/app_df.p/app_df_df.c.o
 *(.rela.bss .rela.bss.* .rela.gnu.linkonce.b.*)
 .rela.bss      0x0000000000400470       0x60 uspace/app_df.p/app_df_df.c.o
 *(.rela.ldata .rela.ldata.* .rela.gnu.linkonce.l.*)
 *(.rela.lbss .rela.lbss.* .rela.gnu.linkonce.lb.*)
 *(.rela.lrodata .rela.lrodata.* .rela.gnu.linkonce.lr.*)
 *(.rela.ifunc)

.rela.plt       0x00000000004004d0      0x168
 *(.rela.plt)
 .rela.plt      0x00000000004004d0      0x168 uspace/app_df.p/app_df_df.c.o
                [!provide]                        PROVIDE (__rela_iplt_start = .)
 *(.rela.iplt)
 .rela.iplt     0x0000000000400638        0x0 uspace/app_df.p/app_df_df.c.o
                [!provide]                        PROVIDE (__rela_iplt_end = .)

.relr.dyn
 *(.relr.dyn)

.init
 *(SORT_NONE(.init))

.plt            0x0000000000400640      0x100
 *(.plt)
 .plt           0x0000000000400640      0x100 uspace/app_df.p/app_df_df.c.o
                0x0000000000400650                putchar
                0x0000000000400660                vfs_statfs_path
                0x0000000000400670                printf
                0x0000000000400680                __errno
                0x0000000000400690                puts
                0x00000000004006a0                capa_from_blocks
                0x00000000004006b0                vfs_get_mtab_list
                0x00000000004006c0                fprintf
                0x00000000004006d0                capa_simplify
                0x00000000004006e0                getopt
                0x00000000004006f0                capa_format
                0x0000000000400700                str_error
                0x0000000000400710                fwrite
                0x0000000000400720                __libc_main
                0x0000000000400730                free
 *(.iplt)
 .iplt          0x0000000000400740        0x0 uspace/app_df.p/app_df_df.c.o

.plt.got        0x0000000000400740        0x0
 *(.plt.got)
 .plt.got       0x0000000000400740        0x0 uspace/app_df.p/app_df_df.c.o

.plt.sec
 *(.plt.sec)

.text           0x0000000000400740      0x3fc
 *(.text.unlikely .text.*_unlikely .text.unlikely.*)
 *(.text.exit .text.exit.*)
 *(.text.startup .text.startup.*)
 .text.startup.main
                0x0000000000400740      0x32b uspace/app_df.p/app_df_df.c.o
                0x0000000000400740                main
 *(.text.hot .text.hot.*)
 *(SORT_BY_NAME(.text.sorted.*))
 *(.text .stub .text.* .gnu.linkonce.t.*)
 *fill*         0x0000000000400a6b        0x5 
 .text.print_usage
                0x0000000000400a70       0x34 uspace/app_df.p/app_df_df.c.o
 .text          0x0000000000400aa4        0xc uspace/lib/c/libstartfiles.a.p/arch_amd64_src_crt0.S.o
                0x0000000000400aa4                _start
 .text.__c_start
                0x0000000000400ab0       0x8c uspace/lib/c/libstartfiles.a.p/generic_crt_crt1.c.o
                0x0000000000400ab0                __c_start
 *(.gnu.warning)

.fini
 *(SORT_NONE(.fini))
                [!provide]                        PROVIDE (__etext = .)
                [!provide]                        PROVIDE (_etext = .)
                [!provide]                        PROVIDE (etext = .)

.rodata         0x0000000000400b40      0x200
 *(.rodata .rodata.* .gnu.linkonce.r.*)
 .rodata.print_usage.str1.1
                0x0000000000400b40       0x9c uspace/app_df.p/app_df_df.c.o
                                         0x35 (size before relaxing)
 *fill*         0x0000000000400bdc        0x4 
 .rodata.print_usage.str1.8
                0x0000000000400be0      0x157 uspace/app_df.p/app_df_df.c.o
                                         0x29 (size before relaxing)
 .rodata.main.str1.1
                0x0000000000400d37       0x67 uspace/app_df.p/app_df_df.c.o
 .rodata.main.str1.8
                0x0000000000400d37      0x127 uspace/app_df.p/app_df_df.c.o
 *fill*         0x0000000000400d37        0x1 
 .rodata.cst8   0x0000000000400d38        0x8 uspace/lib/c/libstartfiles.a.p/generic_crt_crt1.c.o

.rodata1
 *(.rodata1)

.eh_frame_hdr   0x0000000000400d40       0x2c
 *(.eh_frame_hdr)
 .eh_frame_hdr  0x0000000000400d40       0x2c uspace/app_df.p/app_df_df.c.o
                0x0000000000400d40                __GNU_EH_FRAME_HDR
 *(.eh_frame_entry .eh_frame_entry.*)

.eh_frame       0x0000000000400d70       0xac
 *(.eh_frame)
 .eh_frame      0x0000000000400d70       0x68 uspace/app_df.p/app_df_df.c.o
 .eh_frame      0x0000000000400dd8       0x28 uspace/app_df.p/app_df_df.c.o
                                         0x40 (size before relaxing)
 .eh_frame      0x0000000000400e00        0x0 uspace/app_df.p/app_df_df.c.o
 .eh_frame      0x0000000000400e00       0x1c uspace/lib/c/libstartfiles.a.p/generic_crt_crt1.c.o
                                         0x38 (size before relaxing)
 *(.eh_frame.*)

.sframe         0x0000000000400e1c        0x0
 *(.sframe)
 .sframe        0x0000000000400e1c        0x0 uspace/app_df.p/app_df_df.c.o
 *(.sframe.*)

.gcc_except_table
 *(.gcc_except_table .gcc_except_table.*)

.gnu_extab
 *(.gnu_extab*)

.exception_ranges
 *(.exception_ranges*)
                0x0000000000401000                . = DATA_SEGMENT_ALIGN (CONSTANT (MAXPAGESIZE), CONSTANT (COMMONPAGESIZE))

.eh_frame
 *(.eh_frame)
 *(.eh_frame.*)

.sframe
 *(.sframe)
 *(.sframe.*)

.gnu_extab
 *(.gnu_extab)

.gcc_except_table
 *(.gcc_except_table .gcc_except_table.*)

.exception_ranges
 *(.exception_ranges*)

.tdata          0x0000000000401000        0x0
                [!provide]                        PROVIDE (__tdata_start = .)
 *(.tdata .tdata.* .gnu.linkonce.td.*)

.tbss
 *(.tbss .tbss.* .gnu.linkonce.tb.*)
 *(.tcommon)

.preinit_array  0x0000000000401000        0x0
                0x0000000000401000                PROVIDE (__preinit_array_start = .)
 *(.preinit_array)
                0x0000000000401000                PROVIDE (__preinit_array_end = .)

.init_array     0x0000000000401000        0x0
                0x0000000000401000                PROVIDE (__init_array_start = .)
 *(SORT_BY_INIT_PRIORITY(.init_array.*) SORT_BY_INIT_PRIORITY(.ctors.*))
 *(.init_array EXCLUDE_FILE(*crtend?.o *crtend.o *crtbegin?.o *crtbegin.o) .ctors)
                0x0000000000401000                PROVIDE (__init_array_end = .)

.fini_array     0x0000000000401000        0x0
                0x0000000000401000                PROVIDE (__fini_array_start = .)
 *(SORT_BY_INIT_PRIORITY(.fini_array.*) SORT_BY_INIT_PRIORITY(.dtors.*))
 *(.fini_array EXCLUDE_FILE(*crtend?.o *crtend.o *crtbegin?.o *crtbegin.o) .dtors)
                0x0000000000401000                PROVIDE (__fini_array_end = .)

.ctors
 *crtbegin.o(.ctors)
 *crtbegin?.o(.ctors)
 *(EXCLUDE_FILE(*crtend?.o *crtend.o) .ctors)
 *(SORT_BY_NAME(.ctors.*))
 *(.ctors)

.dtors
 *crtbegin.o(.dtors)
 *crtbegin?.o(.dtors)
 *(EXCLUDE_FILE(*crtend?.o *crtend.o) .dtors)
 *(SORT_BY_NAME(.dtors.*))
 *(.dtors)

.jcr
 *(.jcr)

.data.rel.ro    0x0000000000401000        0x0
 *(.data.rel.ro.local* .gnu.linkonce.d.rel.ro.local.*)
 *(.data.rel.ro .data.rel.ro.* .gnu.linkonce.d.rel.ro.*)
 .data.rel.ro   0x0000000000401000        0x0 uspace/app_df.p/app_df_df.c.o

.dynamic        0x0000000000401000      0x150
 *(.dynamic)
 .dynamic       0x0000000000401000      0x150 uspace/app_df.p/app_df_df.c.o
                0x0000000000401000                _DYNAMIC

.got            0x0000000000401150        0x0
 *(.got)
 .got           0x0000000000401150        0x0 uspace/app_df.p/app_df_df.c.o
 *(.igot)
                0x0000000000401150                . = DATA_SEGMENT_RELRO_END (., (SIZEOF (.got.plt) >= 0x18)?0x18:0x0)

.got.plt        0x0000000000401150       0x90
 *(.got.plt)
 .got.plt       0x0000000000401150       0x90 uspace/app_df.p/app_df_df.c.o
                0x0000000000401150                _GLOBAL_OFFSET_TABLE_
 *(.igot.plt)
 .igot.plt      0x00000000004011e0        0x0 uspace/app_df.p/app_df_df.c.o

.data
 *(.data .data.* .gnu.linkonce.d.*)

.data1
 *(.data1)
                0x00000000004011e0                _edata = .
                [!provide]                        PROVIDE (edata = .)
                0x00000000004011e0                . = .
                0x00000000004011e0                __bss_start = .

.bss            0x00000000004011e0       0x90
 *(.dynbss)
 *fill*         0x00000000004011e0        0x0 
 .dynbss        0x00000000004011e0       0x8c uspace/app_df.p/app_df_df.c.o
                0x00000000004011e0                optind
                0x0000000000401200                __progsymbols
                0x0000000000401260                stderr
                0x0000000000401268                optopt
 *(.bss .bss.* .gnu.linkonce.b.*)
 .bss.display_blocks
                0x000000000040126c        0x1 uspace/app_df.p/app_df_df.c.o
 *(COMMON)
                0x0000000000401270                . = ALIGN ((. != 0x0)?0x8:0x1)
 *fill*         0x000000000040126d        0x3 

.lbss
 *(.dynlbss)
 *(.lbss .lbss.* .gnu.linkonce.lb.*)
 *(LARGE_COMMON)
                0x0000000000401270                . = ALIGN (0x8)
                0x0000000000401270                . = SEGMENT_START ("ldata-segment", .)

.lrodata
 *(.lrodata .lrodata.* .gnu.linkonce.lr.*)

.ldata          0x0000000000403270        0x0
 *(.ldata .ldata.* .gnu.linkonce.l.*)
                0x0000000000403270                . = ALIGN ((. != 0x0)?0x8:0x1)
                0x0000000000403270                . = ALIGN (0x8)
                0x0000000000401270                _end = .
                [!provide]                        PROVIDE (end = .)
                0x0000000000403270                . = DATA_SEGMENT_END (.)

.stab
 *(.stab)

.stabstr
 *(.stabstr)

.stab.excl
 *(.stab.excl)

.stab.exclstr
 *(.stab.exclstr)

.stab.index
 *(.stab.index)

.stab.indexstr
 *(.stab.indexstr)

.comment        0x0000000000000000       0x12
 *(.comment)
 .comment       0x0000000000000000       0x12 uspace/app_df.p/app_df_df.c.o
                                         0x13 (size before relaxing)
 .comment       0x0000000000000012       0x13 uspace/lib/c/libstartfiles.a.p/generic_crt_crt1.c.o

.gnu.build.attributes
 *(.gnu.build.attributes .gnu.build.attributes.*)

.debug
 *(.debug)

.line
 *(.line)

.debug_srcinfo
 *(.debug_srcinfo)

.debug_sfnames
 *(.debug_sfnames)

.debug_aranges
 *(.debug_aranges)

.debug_pubnames
 *(.debug_pubnames)

.debug_info
 *(.debug_info .gnu.linkonce.wi.*)

.debug_abbrev
 *(.debug_abbrev)

.debug_line
 *(.debug_line .debug_line.* .debug_line_end)

.debug_frame
 *(.debug_frame)

.debug_str
 *(.debug_str)

.debug_loc
 *(.debug_loc)

.debug_macinfo
 *(.debug_macinfo)

.debug_weaknames
 *(.debug_weaknames)

.debug_funcnames
 *(.debug_funcnames)

.debug_typenames
 *(.debug_typenames)

.debug_varnames
 *(.debug_varnames)

.debug_pubtypes
 *(.debug_pubtypes)

.debug_ranges
 *(.debug_ranges)

.debug_addr
 *(.debug_addr)

.debug_line_str
 *(.debug_line_str)

.debug_loclists
 *(.debug_loclists)

.debug_macro
 *(.debug_macro)

.debug_names
 *(.debug_names)

.debug_rnglists
 *(.debug_rnglists)

.debug_str_offsets
 *(.debug_str_offsets)

.debug_sup
 *(.debug_sup)

.gnu.attributes
 *(.gnu.attributes)

/DISCARD/
 *(.note.GNU-stack)
 *(.gnu_debuglink)
 *(.gnu.lto_*)
OUTPUT(uspace/app_df elf64-x86-64)
