Archive member included to satisfy reference by file (symbol)

uspace/lib/c/libstartfiles.a.p/arch_amd64_src_crt0.S.o
                              (--whole-archive)
uspace/lib/c/libstartfiles.a.p/generic_crt_crt1.c.o
                              (--whole-archive)
uspace/lib/libclui.a.p/clui_src_tinput.c.o
                              uspace/app_kio.p/app_kio_kio.c.o (tinput_new)
uspace/lib/libclipboard.a.p/clipboard_src_clipboard.c.o
                              uspace/lib/libclui.a.p/clui_src_tinput.c.o (clipboard_put_str)
uspace/lib/libconsole.a.p/console_src_console.c.o
                              uspace/lib/libclui.a.p/clui_src_tinput.c.o (console_init)

As-needed library included to satisfy reference by file (symbol)

libc.so.0                     uspace/lib/libclui.a.p/clui_src_tinput.c.o (putchar)

Discarded input sections

 .text          0x0000000000000000        0x0 uspace/app_kio.p/app_kio_kio.c.o
 .data          0x0000000000000000        0x0 uspace/app_kio.p/app_kio_kio.c.o
 .bss           0x0000000000000000        0x0 uspace/app_kio.p/app_kio_kio.c.o
 .data          0x0000000000000000        0x0 uspace/lib/c/libstartfiles.a.p/arch_amd64_src_crt0.S.o
 .bss           0x0000000000000000        0x0 uspace/lib/c/libstartfiles.a.p/arch_amd64_src_crt0.S.o
 .text          0x0000000000000000        0x0 uspace/lib/c/libstartfiles.a.p/generic_crt_crt1.c.o
 .data          0x0000000000000000        0x0 uspace/lib/c/libstartfiles.a.p/generic_crt_crt1.c.o
 .bss           0x0000000000000000        0x0 uspace/lib/c/libstartfiles.a.p/generic_crt_crt1.c.o
 .text          0x0000000000000000        0x0 uspace/lib/libclui.a.p/clui_src_tinput.c.o
 .data          0x0000000000000000        0x0 uspace/lib/libclui.a.p/clui_src_tinput.c.o
 .bss           0x0000000000000000        0x0 uspace/lib/libclui.a.p/clui_src_tinput.c.o
 .text.tinput_destroy
                0x0000000000000000       0x27 uspace/lib/libclui.a.p/clui_src_tinput.c.o
 .text.tinput_set_compl_ops
                0x0000000000000000        0xa uspace/lib/libclui.a.p/clui_src_tinput.c.o
 .text          0x0000000000000000        0x0 uspace/lib/libclipboard.a.p/clipboard_src_clipboard.c.o
 .data          0x0000000000000000        0x0 uspace/lib/libclipboard.a.p/clipboard_src_clipboard.c.o
 .bss           0x0000000000000000        0x0 uspace/lib/libclipboard.a.p/clipboard_src_clipboard.c.o
 .text          0x0000000000000000        0x0 uspace/lib/libconsole.a.p/console_src_console.c.o
 .data          0x0000000000000000        0x0 uspace/lib/libconsole.a.p/console_src_console.c.o
 .bss           0x0000000000000000        0x0 uspace/lib/libconsole.a.p/console_src_console.c.o
 .text.console_done
                0x0000000000000000        0xa uspace/lib/libconsole.a.p/console_src_console.c.o
 .text.console_kcon
                0x0000000000000000        0xa uspace/lib/libconsole.a.p/console_src_console.c.o
 .text.console_set_color
                0x0000000000000000       0x47 uspace/lib/libconsole.a.p/console_src_console.c.o
 .text.console_set_rgb_color
                0x0000000000000000       0x42 uspace/lib/libconsole.a.p/console_src_console.c.o
 .text.console_set_caption
                0x0000000000000000       0xa3 uspace/lib/libconsole.a.p/console_src_console.c.o
 .text.console_get_color_cap
                0x0000000000000000       0x39 uspace/lib/libconsole.a.p/console_src_console.c.o
 .text.console_get_event_timeout
                0x0000000000000000      0x16c uspace/lib/libconsole.a.p/console_src_console.c.o
 .text.console_map
                0x0000000000000000       0xea uspace/lib/libconsole.a.p/console_src_console.c.o
 .text.console_unmap
                0x0000000000000000       0x37 uspace/lib/libconsole.a.p/console_src_console.c.o
 .text.console_update
                0x0000000000000000       0x5f uspace/lib/libconsole.a.p/console_src_console.c.o

Memory Configuration

Name             Origin             Length             Attributes
*default*        0x0000000000000000 0xffffffffffffffff

Linker script and memory map

LOAD uspace/app_kio.p/app_kio_kio.c.o
START GROUP
LOAD uspace/lib/c/libstartfiles.a
LOAD uspace/lib/libclui.a
LOAD uspace/lib/libclipboard.a
LOAD uspace/lib/libc.so.0.0
LOAD uspace/lib/libconsole.a
LOAD uspace/lib/libinput.a
LOAD uspace/lib/liboutput.a
LOAD /home/zyc/.local/share/HelenOS/cross/lib/gcc/amd64-helenos/13.2.0/libgcc.a
END GROUP
                0x0000000000400000                PROVIDE (__executable_start = SEGMENT_START ("text-segment", 0x400000))
                0x0000000000400120                . = (SEGMENT_START ("text-segment", 0x400000) + SIZEOF_HEADERS)

.interp
 *(.interp)

.note.gnu.build-id
 *(.note.gnu.build-id)

.hash           0x0000000000400120      0x1a0
 *(.hash)
 .hash          0x0000000000400120      0x1a0 uspace/app_kio.p/app_kio_kio.c.o

.gnu.hash
 *(.gnu.hash)

.dynsym         0x00000000004002c0      0x618
 *(.dynsym)
 .dynsym        0x00000000004002c0      0x618 uspace/app_kio.p/app_kio_kio.c.o

.dynstr         0x00000000004008d8      0x310
 *(.dynstr)
 .dynstr        0x00000000004008d8      0x310 uspace/app_kio.p/app_kio_kio.c.o

.gnu.version    0x0000000000400be8        0x0
 *(.gnu.version)
 .gnu.version   0x0000000000400be8        0x0 uspace/app_kio.p/app_kio_kio.c.o

.gnu.version_d  0x0000000000400be8        0x0
 *(.gnu.version_d)
 .gnu.version_d
                0x0000000000400be8        0x0 uspace/app_kio.p/app_kio_kio.c.o

.gnu.version_r  0x0000000000400be8        0x0
 *(.gnu.version_r)
 .gnu.version_r
                0x0000000000400be8        0x0 uspace/app_kio.p/app_kio_kio.c.o

.rela.dyn       0x0000000000400be8       0x60
 *(.rela.init)
 *(.rela.text .rela.text.* .rela.gnu.linkonce.t.*)
 .rela.text.startup.main
                0x0000000000400be8        0x0 uspace/app_kio.p/app_kio_kio.c.o
 .rela.text.__c_start
                0x0000000000400be8        0x0 uspace/app_kio.p/app_kio_kio.c.o
 .rela.text.tinput_new
                0x0000000000400be8        0x0 uspace/app_kio.p/app_kio_kio.c.o
 .rela.text.tinput_read_i
                0x0000000000400be8        0x0 uspace/app_kio.p/app_kio_kio.c.o
 *(.rela.fini)
 *(.rela.rodata .rela.rodata.* .rela.gnu.linkonce.r.*)
 .rela.rodata.cst8
                0x0000000000400be8        0x0 uspace/app_kio.p/app_kio_kio.c.o
 *(.rela.data .rela.data.* .rela.gnu.linkonce.d.*)
 .rela.data.rel.ro
                0x0000000000400be8        0x0 uspace/app_kio.p/app_kio_kio.c.o
 *(.rela.tdata .rela.tdata.* .rela.gnu.linkonce.td.*)
 *(.rela.tbss .rela.tbss.* .rela.gnu.linkonce.tb.*)
 *(.rela.ctors)
 *(.rela.dtors)
 *(.rela.got)
 .rela.got      0x0000000000400be8        0x0 uspace/app_kio.p/app_kio_kio.c.o
 *(.rela.bss .rela.bss.* .rela.gnu.linkonce.b.*)
 .rela.bss      0x0000000000400be8       0x60 uspace/app_kio.p/app_kio_kio.c.o
 *(.rela.ldata .rela.ldata.* .rela.gnu.linkonce.l.*)
 *(.rela.lbss .rela.lbss.* .rela.gnu.linkonce.lb.*)
 *(.rela.lrodata .rela.lrodata.* .rela.gnu.linkonce.lr.*)
 *(.rela.ifunc)

.rela.plt       0x0000000000400c48      0x5a0
 *(.rela.plt)
 .rela.plt      0x0000000000400c48      0x5a0 uspace/app_kio.p/app_kio_kio.c.o
                [!provide]                        PROVIDE (__rela_iplt_start = .)
 *(.rela.iplt)
 .rela.iplt     0x00000000004011e8        0x0 uspace/app_kio.p/app_kio_kio.c.o
                [!provide]                        PROVIDE (__rela_iplt_end = .)

.relr.dyn
 *(.relr.dyn)

.init
 *(SORT_NONE(.init))

.plt            0x00000000004011f0      0x3d0
 *(.plt)
 .plt           0x00000000004011f0      0x3d0 uspace/app_kio.p/app_kio_kio.c.o
                0x0000000000401200                putchar
                0x0000000000401210                vfs_fsession
                0x0000000000401220                sysinfo_get_value
                0x0000000000401230                async_event_unmask
                0x0000000000401240                wstr_length
                0x0000000000401250                loc_service_connect
                0x0000000000401260                physmem_map
                0x0000000000401270                printf
                0x0000000000401280                async_req_0_2
                0x0000000000401290                async_wait_for
                0x00000000004012a0                memmove
                0x00000000004012b0                async_data_write_start
                0x00000000004012c0                __errno
                0x00000000004012d0                str_width
                0x00000000004012e0                str_decode
                0x00000000004012f0                putuchar
                0x0000000000401300                vfs_sync
                0x0000000000401310                str_ndup
                0x0000000000401320                qsort
                0x0000000000401330                async_send_1
                0x0000000000401340                memcpy
                0x0000000000401350                puts
                0x0000000000401360                malloc
                0x0000000000401370                async_req_1_0
                0x0000000000401380                loc_service_get_id
                0x0000000000401390                kio_update
                0x00000000004013a0                fflush
                0x00000000004013b0                fputuc
                0x00000000004013c0                async_exchange_end
                0x00000000004013d0                calloc
                0x00000000004013e0                fprintf
                0x00000000004013f0                fibril_mutex_unlock
                0x0000000000401400                str_dup
                0x0000000000401410                fibril_create
                0x0000000000401420                prodcons_initialize
                0x0000000000401430                realloc
                0x0000000000401440                str_cmp
                0x0000000000401450                prodcons_consume
                0x0000000000401460                fopen
                0x0000000000401470                __helenos_assert_abort
                0x0000000000401480                async_data_read_start
                0x0000000000401490                wstr_to_astr
                0x00000000004014a0                str_size
                0x00000000004014b0                str_length
                0x00000000004014c0                async_exchange_begin
                0x00000000004014d0                async_send_0
                0x00000000004014e0                str_error
                0x00000000004014f0                fwrite
                0x0000000000401500                kio_command
                0x0000000000401510                str_to_wstr
                0x0000000000401520                __libc_main
                0x0000000000401530                prodcons_produce
                0x0000000000401540                async_req_0_0
                0x0000000000401550                fibril_add_ready
                0x0000000000401560                fileno
                0x0000000000401570                async_req_2_0
                0x0000000000401580                str_lsize
                0x0000000000401590                async_event_subscribe
                0x00000000004015a0                free
                0x00000000004015b0                fibril_mutex_lock
 *(.iplt)
 .iplt          0x00000000004015c0        0x0 uspace/app_kio.p/app_kio_kio.c.o

.plt.got        0x00000000004015c0        0x0
 *(.plt.got)
 .plt.got       0x00000000004015c0        0x0 uspace/app_kio.p/app_kio_kio.c.o

.plt.sec
 *(.plt.sec)

.text           0x00000000004015c0     0x3b5d
 *(.text.unlikely .text.*_unlikely .text.unlikely.*)
 *(.text.exit .text.exit.*)
 *(.text.startup .text.startup.*)
 .text.startup.main
                0x00000000004015c0      0x1d0 uspace/app_kio.p/app_kio_kio.c.o
                0x00000000004015c0                main
 *(.text.hot .text.hot.*)
 *(SORT_BY_NAME(.text.sorted.*))
 *(.text .stub .text.* .gnu.linkonce.t.*)
 .text.consumer
                0x0000000000401790      0x101 uspace/app_kio.p/app_kio_kio.c.o
 *fill*         0x0000000000401891        0xf 
 .text.kio_notification_handler
                0x00000000004018a0      0x1a1 uspace/app_kio.p/app_kio_kio.c.o
 .text          0x0000000000401a41        0xc uspace/lib/c/libstartfiles.a.p/arch_amd64_src_crt0.S.o
                0x0000000000401a41                _start
 *fill*         0x0000000000401a4d        0x3 
 .text.__c_start
                0x0000000000401a50       0x8c uspace/lib/c/libstartfiles.a.p/generic_crt_crt1.c.o
                0x0000000000401a50                __c_start
 *fill*         0x0000000000401adc        0x4 
 .text.compl_cmp
                0x0000000000401ae0       0x10 uspace/lib/libclui.a.p/clui_src_tinput.c.o
 .text.tinput_console_set_lpos.part.0
                0x0000000000401af0       0x18 uspace/lib/libclui.a.p/clui_src_tinput.c.o
 *fill*         0x0000000000401b08        0x8 
 .text.tinput_display_tail
                0x0000000000401b10      0x190 uspace/lib/libclui.a.p/clui_src_tinput.c.o
 .text.tinput_post_seek
                0x0000000000401ca0       0xaa uspace/lib/libclui.a.p/clui_src_tinput.c.o
 *fill*         0x0000000000401d4a        0x6 
 .text.tinput_history_seek.part.0
                0x0000000000401d50      0x177 uspace/lib/libclui.a.p/clui_src_tinput.c.o
 *fill*         0x0000000000401ec7        0x9 
 .text.tinput_sel_delete
                0x0000000000401ed0      0x117 uspace/lib/libclui.a.p/clui_src_tinput.c.o
 *fill*         0x0000000000401fe7        0x9 
 .text.tinput_display
                0x0000000000401ff0      0x1f1 uspace/lib/libclui.a.p/clui_src_tinput.c.o
 *fill*         0x00000000004021e1        0xf 
 .text.tinput_pre_seek
                0x00000000004021f0       0xbf uspace/lib/libclui.a.p/clui_src_tinput.c.o
 *fill*         0x00000000004022af        0x1 
 .text.tinput_insert_string
                0x00000000004022b0      0x26b uspace/lib/libclui.a.p/clui_src_tinput.c.o
 *fill*         0x000000000040251b        0x5 
 .text.tinput_seek_vertical
                0x0000000000402520      0x271 uspace/lib/libclui.a.p/clui_src_tinput.c.o
 *fill*         0x0000000000402791        0xf 
 .text.tinput_seek_word
                0x00000000004027a0      0x236 uspace/lib/libclui.a.p/clui_src_tinput.c.o
 *fill*         0x00000000004029d6        0xa 
 .text.tinput_backspace
                0x00000000004029e0      0x1f3 uspace/lib/libclui.a.p/clui_src_tinput.c.o
 *fill*         0x0000000000402bd3        0xd 
 .text.tinput_new
                0x0000000000402be0       0x55 uspace/lib/libclui.a.p/clui_src_tinput.c.o
                0x0000000000402be0                tinput_new
 *fill*         0x0000000000402c35        0xb 
 .text.tinput_set_prompt
                0x0000000000402c40       0x37 uspace/lib/libclui.a.p/clui_src_tinput.c.o
                0x0000000000402c40                tinput_set_prompt
 *fill*         0x0000000000402c77        0x9 
 .text.tinput_read_i
                0x0000000000402c80     0x1cb4 uspace/lib/libclui.a.p/clui_src_tinput.c.o
                0x0000000000402c80                tinput_read_i
 *fill*         0x0000000000404934        0xc 
 .text.tinput_read
                0x0000000000404940       0x12 uspace/lib/libclui.a.p/clui_src_tinput.c.o
                0x0000000000404940                tinput_read
 *fill*         0x0000000000404952        0xe 
 .text.clipboard_put_str
                0x0000000000404960      0x1b7 uspace/lib/libclipboard.a.p/clipboard_src_clipboard.c.o
                0x0000000000404960                clipboard_put_str
 *fill*         0x0000000000404b17        0x9 
 .text.clipboard_get_str
                0x0000000000404b20      0x25a uspace/lib/libclipboard.a.p/clipboard_src_clipboard.c.o
                0x0000000000404b20                clipboard_get_str
 *fill*         0x0000000000404d7a        0x6 
 .text.console_init
                0x0000000000404d80       0x7c uspace/lib/libconsole.a.p/console_src_console.c.o
                0x0000000000404d80                console_init
 *fill*         0x0000000000404dfc        0x4 
 .text.console_flush
                0x0000000000404e00        0xe uspace/lib/libconsole.a.p/console_src_console.c.o
                0x0000000000404e00                console_flush
 *fill*         0x0000000000404e0e        0x2 
 .text.console_clear
                0x0000000000404e10       0x2f uspace/lib/libconsole.a.p/console_src_console.c.o
                0x0000000000404e10                console_clear
 *fill*         0x0000000000404e3f        0x1 
 .text.console_get_size
                0x0000000000404e40       0x4b uspace/lib/libconsole.a.p/console_src_console.c.o
                0x0000000000404e40                console_get_size
 *fill*         0x0000000000404e8b        0x5 
 .text.console_set_style
                0x0000000000404e90       0x31 uspace/lib/libconsole.a.p/console_src_console.c.o
                0x0000000000404e90                console_set_style
 *fill*         0x0000000000404ec1        0xf 
 .text.console_cursor_visibility
                0x0000000000404ed0       0x31 uspace/lib/libconsole.a.p/console_src_console.c.o
                0x0000000000404ed0                console_cursor_visibility
 *fill*         0x0000000000404f01        0xf 
 .text.console_get_pos
                0x0000000000404f10       0x4b uspace/lib/libconsole.a.p/console_src_console.c.o
                0x0000000000404f10                console_get_pos
 *fill*         0x0000000000404f5b        0x5 
 .text.console_set_pos
                0x0000000000404f60       0x44 uspace/lib/libconsole.a.p/console_src_console.c.o
                0x0000000000404f60                console_set_pos
 *fill*         0x0000000000404fa4        0xc 
 .text.console_get_event
                0x0000000000404fb0      0x16d uspace/lib/libconsole.a.p/console_src_console.c.o
                0x0000000000404fb0                console_get_event
 *(.gnu.warning)

.fini
 *(SORT_NONE(.fini))
                [!provide]                        PROVIDE (__etext = .)
                [!provide]                        PROVIDE (_etext = .)
                [!provide]                        PROVIDE (etext = .)

.rodata         0x0000000000405120      0x768
 *(.rodata .rodata.* .gnu.linkonce.r.*)
 .rodata.consumer.str1.1
                0x0000000000405120       0x92 uspace/app_kio.p/app_kio_kio.c.o
                                          0xf (size before relaxing)
 *fill*         0x00000000004051b2        0x6 
 .rodata.consumer.str1.8
                0x00000000004051b8      0x1be uspace/app_kio.p/app_kio_kio.c.o
                                         0x27 (size before relaxing)
 .rodata.main.str1.1
                0x0000000000405376       0x4e uspace/app_kio.p/app_kio_kio.c.o
 .rodata.main.str1.8
                0x0000000000405376       0xa6 uspace/app_kio.p/app_kio_kio.c.o
 *fill*         0x0000000000405376        0x2 
 .rodata.cst8   0x0000000000405378        0x8 uspace/lib/c/libstartfiles.a.p/generic_crt_crt1.c.o
 .rodata.tinput_console_set_lpos.part.0.str1.8
                0x0000000000405380       0x2b uspace/lib/libclui.a.p/clui_src_tinput.c.o
 .rodata.tinput_console_set_lpos.part.0.str1.1
                0x0000000000405380       0x13 uspace/lib/libclui.a.p/clui_src_tinput.c.o
 .rodata.tinput_display_tail.str1.1
                0x0000000000405380        0x4 uspace/lib/libclui.a.p/clui_src_tinput.c.o
 .rodata.tinput_display.str1.1
                0x0000000000405380        0x3 uspace/lib/libclui.a.p/clui_src_tinput.c.o
 .rodata.tinput_read_i.str1.1
                0x0000000000405380       0x17 uspace/lib/libclui.a.p/clui_src_tinput.c.o
 .rodata.tinput_read_i.str1.8
                0x0000000000405380       0xb6 uspace/lib/libclui.a.p/clui_src_tinput.c.o
 .rodata.tinput_read_i
                0x0000000000405380      0x508 uspace/lib/libclui.a.p/clui_src_tinput.c.o
 .rodata.clipboard_put_str.str1.1
                0x0000000000405888        0xa uspace/lib/libclipboard.a.p/clipboard_src_clipboard.c.o

.rodata1
 *(.rodata1)

.eh_frame_hdr   0x0000000000405888      0x10c
 *(.eh_frame_hdr)
 .eh_frame_hdr  0x0000000000405888      0x10c uspace/app_kio.p/app_kio_kio.c.o
                0x0000000000405888                __GNU_EH_FRAME_HDR
 *(.eh_frame_entry .eh_frame_entry.*)

.eh_frame       0x0000000000405998      0x550
 *(.eh_frame)
 .eh_frame      0x0000000000405998       0x98 uspace/app_kio.p/app_kio_kio.c.o
 .eh_frame      0x0000000000405a30       0x28 uspace/app_kio.p/app_kio_kio.c.o
                                         0x40 (size before relaxing)
 .eh_frame      0x0000000000405a58        0x0 uspace/app_kio.p/app_kio_kio.c.o
 .eh_frame      0x0000000000405a58       0x20 uspace/lib/c/libstartfiles.a.p/generic_crt_crt1.c.o
                                         0x38 (size before relaxing)
 .eh_frame      0x0000000000405a78      0x2a0 uspace/lib/libclui.a.p/clui_src_tinput.c.o
                                        0x2f8 (size before relaxing)
 .eh_frame      0x0000000000405d18       0x70 uspace/lib/libclipboard.a.p/clipboard_src_clipboard.c.o
                                         0x88 (size before relaxing)
 .eh_frame      0x0000000000405d88      0x160 uspace/lib/libconsole.a.p/console_src_console.c.o
                                        0x318 (size before relaxing)
 *(.eh_frame.*)

.sframe         0x0000000000405ee8        0x0
 *(.sframe)
 .sframe        0x0000000000405ee8        0x0 uspace/app_kio.p/app_kio_kio.c.o
 *(.sframe.*)

.gcc_except_table
 *(.gcc_except_table .gcc_except_table.*)

.gnu_extab
 *(.gnu_extab*)

.exception_ranges
 *(.exception_ranges*)
                0x0000000000406000                . = DATA_SEGMENT_ALIGN (CONSTANT (MAXPAGESIZE), CONSTANT (COMMONPAGESIZE))

.eh_frame
 *(.eh_frame)
 *(.eh_frame.*)

.sframe
 *(.sframe)
 *(.sframe.*)

.gnu_extab
 *(.gnu_extab)

.gcc_except_table
 *(.gcc_except_table .gcc_except_table.*)

.exception_ranges
 *(.exception_ranges*)

.tdata          0x0000000000406000        0x0
                [!provide]                        PROVIDE (__tdata_start = .)
 *(.tdata .tdata.* .gnu.linkonce.td.*)

.tbss
 *(.tbss .tbss.* .gnu.linkonce.tb.*)
 *(.tcommon)

.preinit_array  0x0000000000406000        0x0
                0x0000000000406000                PROVIDE (__preinit_array_start = .)
 *(.preinit_array)
                0x0000000000406000                PROVIDE (__preinit_array_end = .)

.init_array     0x0000000000406000        0x0
                0x0000000000406000                PROVIDE (__init_array_start = .)
 *(SORT_BY_INIT_PRIORITY(.init_array.*) SORT_BY_INIT_PRIORITY(.ctors.*))
 *(.init_array EXCLUDE_FILE(*crtend?.o *crtend.o *crtbegin?.o *crtbegin.o) .ctors)
                0x0000000000406000                PROVIDE (__init_array_end = .)

.fini_array     0x0000000000406000        0x0
                0x0000000000406000                PROVIDE (__fini_array_start = .)
 *(SORT_BY_INIT_PRIORITY(.fini_array.*) SORT_BY_INIT_PRIORITY(.dtors.*))
 *(.fini_array EXCLUDE_FILE(*crtend?.o *crtend.o *crtbegin?.o *crtbegin.o) .dtors)
                0x0000000000406000                PROVIDE (__fini_array_end = .)

.ctors
 *crtbegin.o(.ctors)
 *crtbegin?.o(.ctors)
 *(EXCLUDE_FILE(*crtend?.o *crtend.o) .ctors)
 *(SORT_BY_NAME(.ctors.*))
 *(.ctors)

.dtors
 *crtbegin.o(.dtors)
 *crtbegin?.o(.dtors)
 *(EXCLUDE_FILE(*crtend?.o *crtend.o) .dtors)
 *(SORT_BY_NAME(.dtors.*))
 *(.dtors)

.jcr
 *(.jcr)

.data.rel.ro    0x0000000000406000        0x0
 *(.data.rel.ro.local* .gnu.linkonce.d.rel.ro.local.*)
 *(.data.rel.ro .data.rel.ro.* .gnu.linkonce.d.rel.ro.*)
 .data.rel.ro   0x0000000000406000        0x0 uspace/app_kio.p/app_kio_kio.c.o

.dynamic        0x0000000000406000      0x150
 *(.dynamic)
 .dynamic       0x0000000000406000      0x150 uspace/app_kio.p/app_kio_kio.c.o
                0x0000000000406000                _DYNAMIC

.got            0x0000000000406150        0x0
 *(.got)
 .got           0x0000000000406150        0x0 uspace/app_kio.p/app_kio_kio.c.o
 *(.igot)
                0x0000000000406150                . = DATA_SEGMENT_RELRO_END (., (SIZEOF (.got.plt) >= 0x18)?0x18:0x0)

.got.plt        0x0000000000406150      0x1f8
 *(.got.plt)
 .got.plt       0x0000000000406150      0x1f8 uspace/app_kio.p/app_kio_kio.c.o
                0x0000000000406150                _GLOBAL_OFFSET_TABLE_
 *(.igot.plt)
 .igot.plt      0x0000000000406348        0x0 uspace/app_kio.p/app_kio_kio.c.o

.data           0x0000000000406360       0x60
 *(.data .data.* .gnu.linkonce.d.*)
 .data.mtx      0x0000000000406360       0x20 uspace/app_kio.p/app_kio_kio.c.o
 .data.kio      0x0000000000406380        0x8 uspace/app_kio.p/app_kio_kio.c.o
 *fill*         0x0000000000406388       0x18 
 .data.clip_mutex
                0x00000000004063a0       0x20 uspace/lib/libclipboard.a.p/clipboard_src_clipboard.c.o

.data1
 *(.data1)
                0x00000000004063c0                _edata = .
                [!provide]                        PROVIDE (edata = .)
                0x00000000004063c0                . = .
                0x00000000004063c0                __bss_start = .

.bss            0x00000000004063c0       0xe8
 *(.dynbss)
 .dynbss        0x00000000004063c0       0x88 uspace/app_kio.p/app_kio_kio.c.o
                0x00000000004063c0                stdout
                0x00000000004063d0                stdin
                0x00000000004063e0                __progsymbols
                0x0000000000406440                stderr
 *(.bss .bss.* .gnu.linkonce.b.*)
 .bss.kio_length
                0x0000000000406448        0x8 uspace/app_kio.p/app_kio_kio.c.o
 *fill*         0x0000000000406450       0x10 
 .bss.pc        0x0000000000406460       0x40 uspace/app_kio.p/app_kio_kio.c.o
 .bss.clip_sess
                0x00000000004064a0        0x8 uspace/lib/libclipboard.a.p/clipboard_src_clipboard.c.o
 *(COMMON)
                0x00000000004064a8                . = ALIGN ((. != 0x0)?0x8:0x1)

.lbss
 *(.dynlbss)
 *(.lbss .lbss.* .gnu.linkonce.lb.*)
 *(LARGE_COMMON)
                0x00000000004064a8                . = ALIGN (0x8)
                0x00000000004064a8                . = SEGMENT_START ("ldata-segment", .)

.lrodata
 *(.lrodata .lrodata.* .gnu.linkonce.lr.*)

.ldata          0x00000000004084a8        0x0
 *(.ldata .ldata.* .gnu.linkonce.l.*)
                0x00000000004084a8                . = ALIGN ((. != 0x0)?0x8:0x1)
                0x00000000004084a8                . = ALIGN (0x8)
                0x00000000004064a8                _end = .
                [!provide]                        PROVIDE (end = .)
                0x00000000004084a8                . = DATA_SEGMENT_END (.)

.stab
 *(.stab)

.stabstr
 *(.stabstr)

.stab.excl
 *(.stab.excl)

.stab.exclstr
 *(.stab.exclstr)

.stab.index
 *(.stab.index)

.stab.indexstr
 *(.stab.indexstr)

.comment        0x0000000000000000       0x12
 *(.comment)
 .comment       0x0000000000000000       0x12 uspace/app_kio.p/app_kio_kio.c.o
                                         0x13 (size before relaxing)
 .comment       0x0000000000000012       0x13 uspace/lib/c/libstartfiles.a.p/generic_crt_crt1.c.o
 .comment       0x0000000000000012       0x13 uspace/lib/libclui.a.p/clui_src_tinput.c.o
 .comment       0x0000000000000012       0x13 uspace/lib/libclipboard.a.p/clipboard_src_clipboard.c.o
 .comment       0x0000000000000012       0x13 uspace/lib/libconsole.a.p/console_src_console.c.o

.gnu.build.attributes
 *(.gnu.build.attributes .gnu.build.attributes.*)

.debug
 *(.debug)

.line
 *(.line)

.debug_srcinfo
 *(.debug_srcinfo)

.debug_sfnames
 *(.debug_sfnames)

.debug_aranges
 *(.debug_aranges)

.debug_pubnames
 *(.debug_pubnames)

.debug_info
 *(.debug_info .gnu.linkonce.wi.*)

.debug_abbrev
 *(.debug_abbrev)

.debug_line
 *(.debug_line .debug_line.* .debug_line_end)

.debug_frame
 *(.debug_frame)

.debug_str
 *(.debug_str)

.debug_loc
 *(.debug_loc)

.debug_macinfo
 *(.debug_macinfo)

.debug_weaknames
 *(.debug_weaknames)

.debug_funcnames
 *(.debug_funcnames)

.debug_typenames
 *(.debug_typenames)

.debug_varnames
 *(.debug_varnames)

.debug_pubtypes
 *(.debug_pubtypes)

.debug_ranges
 *(.debug_ranges)

.debug_addr
 *(.debug_addr)

.debug_line_str
 *(.debug_line_str)

.debug_loclists
 *(.debug_loclists)

.debug_macro
 *(.debug_macro)

.debug_names
 *(.debug_names)

.debug_rnglists
 *(.debug_rnglists)

.debug_str_offsets
 *(.debug_str_offsets)

.debug_sup
 *(.debug_sup)

.gnu.attributes
 *(.gnu.attributes)

/DISCARD/
 *(.note.GNU-stack)
 *(.gnu_debuglink)
 *(.gnu.lto_*)
OUTPUT(uspace/app_kio elf64-x86-64)
