Archive member included to satisfy reference by file (symbol)

uspace/lib/c/libstartfiles.a.p/arch_amd64_src_crt0.S.o
                              (--whole-archive)
uspace/lib/c/libstartfiles.a.p/generic_crt_crt1.c.o
                              (--whole-archive)

As-needed library included to satisfy reference by file (symbol)

libdltest.so.0                uspace/app_dltest.p/app_dltest_dltest.c.o (dl_get_private_var)
libc.so.0                     uspace/app_dltest.p/app_dltest_dltest.c.o (printf)

Discarded input sections

 .text          0x0000000000000000        0x0 uspace/app_dltest.p/app_dltest_dltest.c.o
 .data          0x0000000000000000        0x0 uspace/app_dltest.p/app_dltest_dltest.c.o
 .bss           0x0000000000000000        0x0 uspace/app_dltest.p/app_dltest_dltest.c.o
 .data          0x0000000000000000        0x0 uspace/lib/c/libstartfiles.a.p/arch_amd64_src_crt0.S.o
 .bss           0x0000000000000000        0x0 uspace/lib/c/libstartfiles.a.p/arch_amd64_src_crt0.S.o
 .text          0x0000000000000000        0x0 uspace/lib/c/libstartfiles.a.p/generic_crt_crt1.c.o
 .data          0x0000000000000000        0x0 uspace/lib/c/libstartfiles.a.p/generic_crt_crt1.c.o
 .bss           0x0000000000000000        0x0 uspace/lib/c/libstartfiles.a.p/generic_crt_crt1.c.o

Memory Configuration

Name             Origin             Length             Attributes
*default*        0x0000000000000000 0xffffffffffffffff

Linker script and memory map

LOAD uspace/app_dltest.p/app_dltest_dltest.c.o
START GROUP
LOAD uspace/lib/c/libstartfiles.a
LOAD uspace/lib/libdltest.so.0.0
LOAD uspace/lib/libc.so.0.0
LOAD /home/zyc/.local/share/HelenOS/cross/lib/gcc/amd64-helenos/13.2.0/libgcc.a
END GROUP
                0x0000000000400000                PROVIDE (__executable_start = SEGMENT_START ("text-segment", 0x400000))
                0x0000000000400120                . = (SEGMENT_START ("text-segment", 0x400000) + SIZEOF_HEADERS)

.interp
 *(.interp)

.note.gnu.build-id
 *(.note.gnu.build-id)

.hash           0x0000000000400120       0xcc
 *(.hash)
 .hash          0x0000000000400120       0xcc uspace/app_dltest.p/app_dltest_dltest.c.o

.gnu.hash
 *(.gnu.hash)

.dynsym         0x00000000004001f0      0x300
 *(.dynsym)
 .dynsym        0x00000000004001f0      0x300 uspace/app_dltest.p/app_dltest_dltest.c.o

.dynstr         0x00000000004004f0      0x247
 *(.dynstr)
 .dynstr        0x00000000004004f0      0x247 uspace/app_dltest.p/app_dltest_dltest.c.o

.gnu.version    0x0000000000400738        0x0
 *(.gnu.version)
 .gnu.version   0x0000000000400738        0x0 uspace/app_dltest.p/app_dltest_dltest.c.o

.gnu.version_d  0x0000000000400738        0x0
 *(.gnu.version_d)
 .gnu.version_d
                0x0000000000400738        0x0 uspace/app_dltest.p/app_dltest_dltest.c.o

.gnu.version_r  0x0000000000400738        0x0
 *(.gnu.version_r)
 .gnu.version_r
                0x0000000000400738        0x0 uspace/app_dltest.p/app_dltest_dltest.c.o

.rela.dyn       0x0000000000400738       0xa8
 *(.rela.init)
 *(.rela.text .rela.text.* .rela.gnu.linkonce.t.*)
 .rela.text.print_syntax
                0x0000000000400738        0x0 uspace/app_dltest.p/app_dltest_dltest.c.o
 .rela.text.startup.main
                0x0000000000400738        0x0 uspace/app_dltest.p/app_dltest_dltest.c.o
 .rela.text.__c_start
                0x0000000000400738        0x0 uspace/app_dltest.p/app_dltest_dltest.c.o
 *(.rela.fini)
 *(.rela.rodata .rela.rodata.* .rela.gnu.linkonce.r.*)
 .rela.rodata.cst8
                0x0000000000400738        0x0 uspace/app_dltest.p/app_dltest_dltest.c.o
 *(.rela.data .rela.data.* .rela.gnu.linkonce.d.*)
 .rela.data.rel.ro
                0x0000000000400738        0x0 uspace/app_dltest.p/app_dltest_dltest.c.o
 *(.rela.tdata .rela.tdata.* .rela.gnu.linkonce.td.*)
 *(.rela.tbss .rela.tbss.* .rela.gnu.linkonce.tb.*)
 *(.rela.ctors)
 *(.rela.dtors)
 *(.rela.got)
 .rela.got      0x0000000000400738       0x30 uspace/app_dltest.p/app_dltest_dltest.c.o
 *(.rela.bss .rela.bss.* .rela.gnu.linkonce.b.*)
 .rela.bss      0x0000000000400768       0x78 uspace/app_dltest.p/app_dltest_dltest.c.o
 *(.rela.ldata .rela.ldata.* .rela.gnu.linkonce.l.*)
 *(.rela.lbss .rela.lbss.* .rela.gnu.linkonce.lb.*)
 *(.rela.lrodata .rela.lrodata.* .rela.gnu.linkonce.lr.*)
 *(.rela.ifunc)

.rela.plt       0x00000000004007e0      0x240
 *(.rela.plt)
 .rela.plt      0x00000000004007e0      0x240 uspace/app_dltest.p/app_dltest_dltest.c.o
                [!provide]                        PROVIDE (__rela_iplt_start = .)
 *(.rela.iplt)
 .rela.iplt     0x0000000000400a20        0x0 uspace/app_dltest.p/app_dltest_dltest.c.o
                [!provide]                        PROVIDE (__rela_iplt_end = .)

.relr.dyn
 *(.relr.dyn)

.init
 *(SORT_NONE(.init))

.plt            0x0000000000400a20      0x190
 *(.plt)
 .plt           0x0000000000400a20      0x190 uspace/app_dltest.p/app_dltest_dltest.c.o
                0x0000000000400a30                dl_get_private_var
                0x0000000000400a40                printf
                0x0000000000400a50                dl_get_private_var_addr
                0x0000000000400a60                dl_get_private_fib_uvar
                0x0000000000400a70                puts
                0x0000000000400a80                dl_get_public_var_addr
                0x0000000000400a90                dl_get_public_var
                0x0000000000400aa0                dl_get_private_uvar
                0x0000000000400ab0                dl_get_constant
                0x0000000000400ac0                dl_get_public_fib_var_addr
                0x0000000000400ad0                dl_get_public_fib_uvar_addr
                0x0000000000400ae0                dlopen
                0x0000000000400af0                dl_get_public_uvar_addr
                0x0000000000400b00                str_cmp
                0x0000000000400b10                dlsym
                0x0000000000400b20                dl_get_public_fib_uvar
                0x0000000000400b30                dl_get_private_fib_var
                0x0000000000400b40                dl_get_private_uvar_addr
                0x0000000000400b50                dl_get_private_fib_var_addr
                0x0000000000400b60                fwrite
                0x0000000000400b70                __libc_main
                0x0000000000400b80                dl_get_public_uvar
                0x0000000000400b90                dl_get_constant_via_call
                0x0000000000400ba0                dl_get_public_fib_var
 *(.iplt)
 .iplt          0x0000000000400bb0        0x0 uspace/app_dltest.p/app_dltest_dltest.c.o

.plt.got        0x0000000000400bb0        0x0
 *(.plt.got)
 .plt.got       0x0000000000400bb0        0x0 uspace/app_dltest.p/app_dltest_dltest.c.o

.plt.sec
 *(.plt.sec)

.text           0x0000000000400bb0      0xcdc
 *(.text.unlikely .text.*_unlikely .text.unlikely.*)
 *(.text.exit .text.exit.*)
 *(.text.startup .text.startup.*)
 .text.startup.main
                0x0000000000400bb0      0xbf2 uspace/app_dltest.p/app_dltest_dltest.c.o
                0x0000000000400bb0                main
 *(.text.hot .text.hot.*)
 *(SORT_BY_NAME(.text.sorted.*))
 *(.text .stub .text.* .gnu.linkonce.t.*)
 *fill*         0x00000000004017a2        0xe 
 .text.print_syntax
                0x00000000004017b0       0x3b uspace/app_dltest.p/app_dltest_dltest.c.o
 .text          0x00000000004017eb        0xc uspace/lib/c/libstartfiles.a.p/arch_amd64_src_crt0.S.o
                0x00000000004017eb                _start
 *fill*         0x00000000004017f7        0x9 
 .text.__c_start
                0x0000000000401800       0x8c uspace/lib/c/libstartfiles.a.p/generic_crt_crt1.c.o
                0x0000000000401800                __c_start
 *(.gnu.warning)

.fini
 *(SORT_NONE(.fini))
                [!provide]                        PROVIDE (__etext = .)
                [!provide]                        PROVIDE (_etext = .)
                [!provide]                        PROVIDE (etext = .)

.rodata         0x0000000000401890      0x8e0
 *(.rodata .rodata.* .gnu.linkonce.r.*)
 .rodata.print_syntax.str1.1
                0x0000000000401890      0x336 uspace/app_dltest.p/app_dltest_dltest.c.o
                                         0x31 (size before relaxing)
 .rodata.main.str1.1
                0x0000000000401bc6      0x305 uspace/app_dltest.p/app_dltest_dltest.c.o
 *fill*         0x0000000000401bc6        0x2 
 .rodata.main.str1.8
                0x0000000000401bc8      0x59a uspace/app_dltest.p/app_dltest_dltest.c.o
                                        0x592 (size before relaxing)
 *fill*         0x0000000000402162        0x6 
 .rodata.cst8   0x0000000000402168        0x8 uspace/lib/c/libstartfiles.a.p/generic_crt_crt1.c.o

.rodata1
 *(.rodata1)

.eh_frame_hdr   0x0000000000402170       0x2c
 *(.eh_frame_hdr)
 .eh_frame_hdr  0x0000000000402170       0x2c uspace/app_dltest.p/app_dltest_dltest.c.o
                0x0000000000402170                __GNU_EH_FRAME_HDR
 *(.eh_frame_entry .eh_frame_entry.*)

.eh_frame       0x00000000004021a0       0xac
 *(.eh_frame)
 .eh_frame      0x00000000004021a0       0x68 uspace/app_dltest.p/app_dltest_dltest.c.o
 .eh_frame      0x0000000000402208       0x28 uspace/app_dltest.p/app_dltest_dltest.c.o
                                         0x40 (size before relaxing)
 .eh_frame      0x0000000000402230        0x0 uspace/app_dltest.p/app_dltest_dltest.c.o
 .eh_frame      0x0000000000402230       0x1c uspace/lib/c/libstartfiles.a.p/generic_crt_crt1.c.o
                                         0x38 (size before relaxing)
 *(.eh_frame.*)

.sframe         0x000000000040224c        0x0
 *(.sframe)
 .sframe        0x000000000040224c        0x0 uspace/app_dltest.p/app_dltest_dltest.c.o
 *(.sframe.*)

.gcc_except_table
 *(.gcc_except_table .gcc_except_table.*)

.gnu_extab
 *(.gnu_extab*)

.exception_ranges
 *(.exception_ranges*)
                0x000000000040324c                . = DATA_SEGMENT_ALIGN (CONSTANT (MAXPAGESIZE), CONSTANT (COMMONPAGESIZE))

.eh_frame
 *(.eh_frame)
 *(.eh_frame.*)

.sframe
 *(.sframe)
 *(.sframe.*)

.gnu_extab
 *(.gnu_extab)

.gcc_except_table
 *(.gcc_except_table .gcc_except_table.*)

.exception_ranges
 *(.exception_ranges*)

.tdata          0x000000000040324c        0x0
                [!provide]                        PROVIDE (__tdata_start = .)
 *(.tdata .tdata.* .gnu.linkonce.td.*)

.tbss
 *(.tbss .tbss.* .gnu.linkonce.tb.*)
 *(.tcommon)

.preinit_array  0x000000000040324c        0x0
                0x000000000040324c                PROVIDE (__preinit_array_start = .)
 *(.preinit_array)
                0x000000000040324c                PROVIDE (__preinit_array_end = .)

.init_array     0x000000000040324c        0x0
                0x000000000040324c                PROVIDE (__init_array_start = .)
 *(SORT_BY_INIT_PRIORITY(.init_array.*) SORT_BY_INIT_PRIORITY(.ctors.*))
 *(.init_array EXCLUDE_FILE(*crtend?.o *crtend.o *crtbegin?.o *crtbegin.o) .ctors)
                0x000000000040324c                PROVIDE (__init_array_end = .)

.fini_array     0x000000000040324c        0x0
                0x000000000040324c                PROVIDE (__fini_array_start = .)
 *(SORT_BY_INIT_PRIORITY(.fini_array.*) SORT_BY_INIT_PRIORITY(.dtors.*))
 *(.fini_array EXCLUDE_FILE(*crtend?.o *crtend.o *crtbegin?.o *crtbegin.o) .dtors)
                0x000000000040324c                PROVIDE (__fini_array_end = .)

.ctors
 *crtbegin.o(.ctors)
 *crtbegin?.o(.ctors)
 *(EXCLUDE_FILE(*crtend?.o *crtend.o) .ctors)
 *(SORT_BY_NAME(.ctors.*))
 *(.ctors)

.dtors
 *crtbegin.o(.dtors)
 *crtbegin?.o(.dtors)
 *(EXCLUDE_FILE(*crtend?.o *crtend.o) .dtors)
 *(SORT_BY_NAME(.dtors.*))
 *(.dtors)

.jcr
 *(.jcr)

.data.rel.ro    0x000000000040324c        0x0
 *(.data.rel.ro.local* .gnu.linkonce.d.rel.ro.local.*)
 *(.data.rel.ro .data.rel.ro.* .gnu.linkonce.d.rel.ro.*)
 .data.rel.ro   0x000000000040324c        0x0 uspace/app_dltest.p/app_dltest_dltest.c.o

.dynamic        0x0000000000403250      0x160
 *(.dynamic)
 .dynamic       0x0000000000403250      0x160 uspace/app_dltest.p/app_dltest_dltest.c.o
                0x0000000000403250                _DYNAMIC

.got            0x00000000004033b0       0x10
 *(.got)
 .got           0x00000000004033b0       0x10 uspace/app_dltest.p/app_dltest_dltest.c.o
 *(.igot)
                0x00000000004033c0                . = DATA_SEGMENT_RELRO_END (., (SIZEOF (.got.plt) >= 0x18)?0x18:0x0)

.got.plt        0x00000000004033c0       0xd8
 *(.got.plt)
 .got.plt       0x00000000004033c0       0xd8 uspace/app_dltest.p/app_dltest_dltest.c.o
                0x00000000004033c0                _GLOBAL_OFFSET_TABLE_
 *(.igot.plt)
 .igot.plt      0x0000000000403498        0x0 uspace/app_dltest.p/app_dltest_dltest.c.o

.data
 *(.data .data.* .gnu.linkonce.d.*)

.data1
 *(.data1)
                0x0000000000403498                _edata = .
                [!provide]                        PROVIDE (edata = .)
                0x0000000000403498                . = .
                0x0000000000403498                __bss_start = .

.bss            0x00000000004034a0       0xa0
 *(.dynbss)
 *fill*         0x00000000004034a0        0x0 
 .dynbss        0x00000000004034a0       0x90 uspace/app_dltest.p/app_dltest_dltest.c.o
                0x00000000004034a0                dl_public_uvar
                0x00000000004034a8                dl_public_var
                0x00000000004034c0                __progsymbols
                0x0000000000403520                stderr
                0x0000000000403528                dl_public_ptr_var
 *(.bss .bss.* .gnu.linkonce.b.*)
 .bss.no_dlfcn  0x0000000000403530        0x1 uspace/app_dltest.p/app_dltest_dltest.c.o
 *fill*         0x0000000000403531        0x7 
 .bss.handle    0x0000000000403538        0x8 uspace/app_dltest.p/app_dltest_dltest.c.o
 *(COMMON)
                0x0000000000403540                . = ALIGN ((. != 0x0)?0x8:0x1)

.lbss
 *(.dynlbss)
 *(.lbss .lbss.* .gnu.linkonce.lb.*)
 *(LARGE_COMMON)
                0x0000000000403540                . = ALIGN (0x8)
                0x0000000000403540                . = SEGMENT_START ("ldata-segment", .)

.lrodata
 *(.lrodata .lrodata.* .gnu.linkonce.lr.*)

.ldata          0x0000000000405540        0x0
 *(.ldata .ldata.* .gnu.linkonce.l.*)
                0x0000000000405540                . = ALIGN ((. != 0x0)?0x8:0x1)
                0x0000000000405540                . = ALIGN (0x8)
                0x0000000000403540                _end = .
                [!provide]                        PROVIDE (end = .)
                0x0000000000405540                . = DATA_SEGMENT_END (.)

.stab
 *(.stab)

.stabstr
 *(.stabstr)

.stab.excl
 *(.stab.excl)

.stab.exclstr
 *(.stab.exclstr)

.stab.index
 *(.stab.index)

.stab.indexstr
 *(.stab.indexstr)

.comment        0x0000000000000000       0x12
 *(.comment)
 .comment       0x0000000000000000       0x12 uspace/app_dltest.p/app_dltest_dltest.c.o
                                         0x13 (size before relaxing)
 .comment       0x0000000000000012       0x13 uspace/lib/c/libstartfiles.a.p/generic_crt_crt1.c.o

.gnu.build.attributes
 *(.gnu.build.attributes .gnu.build.attributes.*)

.debug
 *(.debug)

.line
 *(.line)

.debug_srcinfo
 *(.debug_srcinfo)

.debug_sfnames
 *(.debug_sfnames)

.debug_aranges
 *(.debug_aranges)

.debug_pubnames
 *(.debug_pubnames)

.debug_info
 *(.debug_info .gnu.linkonce.wi.*)

.debug_abbrev
 *(.debug_abbrev)

.debug_line
 *(.debug_line .debug_line.* .debug_line_end)

.debug_frame
 *(.debug_frame)

.debug_str
 *(.debug_str)

.debug_loc
 *(.debug_loc)

.debug_macinfo
 *(.debug_macinfo)

.debug_weaknames
 *(.debug_weaknames)

.debug_funcnames
 *(.debug_funcnames)

.debug_typenames
 *(.debug_typenames)

.debug_varnames
 *(.debug_varnames)

.debug_pubtypes
 *(.debug_pubtypes)

.debug_ranges
 *(.debug_ranges)

.debug_addr
 *(.debug_addr)

.debug_line_str
 *(.debug_line_str)

.debug_loclists
 *(.debug_loclists)

.debug_macro
 *(.debug_macro)

.debug_names
 *(.debug_names)

.debug_rnglists
 *(.debug_rnglists)

.debug_str_offsets
 *(.debug_str_offsets)

.debug_sup
 *(.debug_sup)

.gnu.attributes
 *(.gnu.attributes)

/DISCARD/
 *(.note.GNU-stack)
 *(.gnu_debuglink)
 *(.gnu.lto_*)
OUTPUT(uspace/app_dltest elf64-x86-64)
