Archive member included to satisfy reference by file (symbol)

uspace/lib/c/libstartfiles.a.p/arch_amd64_src_crt0.S.o
                              (--whole-archive)
uspace/lib/c/libstartfiles.a.p/generic_crt_crt1.c.o
                              (--whole-archive)

As-needed library included to satisfy reference by file (symbol)

libc.so.0                     uspace/app_stats.p/app_stats_stats.c.o (putchar)

Discarded input sections

 .text          0x0000000000000000        0x0 uspace/app_stats.p/app_stats_stats.c.o
 .data          0x0000000000000000        0x0 uspace/app_stats.p/app_stats_stats.c.o
 .bss           0x0000000000000000        0x0 uspace/app_stats.p/app_stats_stats.c.o
 .data          0x0000000000000000        0x0 uspace/lib/c/libstartfiles.a.p/arch_amd64_src_crt0.S.o
 .bss           0x0000000000000000        0x0 uspace/lib/c/libstartfiles.a.p/arch_amd64_src_crt0.S.o
 .text          0x0000000000000000        0x0 uspace/lib/c/libstartfiles.a.p/generic_crt_crt1.c.o
 .data          0x0000000000000000        0x0 uspace/lib/c/libstartfiles.a.p/generic_crt_crt1.c.o
 .bss           0x0000000000000000        0x0 uspace/lib/c/libstartfiles.a.p/generic_crt_crt1.c.o

Memory Configuration

Name             Origin             Length             Attributes
*default*        0x0000000000000000 0xffffffffffffffff

Linker script and memory map

LOAD uspace/app_stats.p/app_stats_stats.c.o
START GROUP
LOAD uspace/lib/c/libstartfiles.a
LOAD uspace/lib/libc.so.0.0
LOAD /home/zyc/.local/share/HelenOS/cross/lib/gcc/amd64-helenos/13.2.0/libgcc.a
END GROUP
                0x0000000000400000                PROVIDE (__executable_start = SEGMENT_START ("text-segment", 0x400000))
                0x0000000000400120                . = (SEGMENT_START ("text-segment", 0x400000) + SIZEOF_HEADERS)

.interp
 *(.interp)

.note.gnu.build-id
 *(.note.gnu.build-id)

.hash           0x0000000000400120       0xb4
 *(.hash)
 .hash          0x0000000000400120       0xb4 uspace/app_stats.p/app_stats_stats.c.o

.gnu.hash
 *(.gnu.hash)

.dynsym         0x00000000004001d8      0x270
 *(.dynsym)
 .dynsym        0x00000000004001d8      0x270 uspace/app_stats.p/app_stats_stats.c.o

.dynstr         0x0000000000400448      0x140
 *(.dynstr)
 .dynstr        0x0000000000400448      0x140 uspace/app_stats.p/app_stats_stats.c.o

.gnu.version    0x0000000000400588        0x0
 *(.gnu.version)
 .gnu.version   0x0000000000400588        0x0 uspace/app_stats.p/app_stats_stats.c.o

.gnu.version_d  0x0000000000400588        0x0
 *(.gnu.version_d)
 .gnu.version_d
                0x0000000000400588        0x0 uspace/app_stats.p/app_stats_stats.c.o

.gnu.version_r  0x0000000000400588        0x0
 *(.gnu.version_r)
 .gnu.version_r
                0x0000000000400588        0x0 uspace/app_stats.p/app_stats_stats.c.o

.rela.dyn       0x0000000000400588       0x30
 *(.rela.init)
 *(.rela.text .rela.text.* .rela.gnu.linkonce.t.*)
 .rela.text.startup.main
                0x0000000000400588        0x0 uspace/app_stats.p/app_stats_stats.c.o
 .rela.text.__c_start
                0x0000000000400588        0x0 uspace/app_stats.p/app_stats_stats.c.o
 *(.rela.fini)
 *(.rela.rodata .rela.rodata.* .rela.gnu.linkonce.r.*)
 .rela.rodata.cst8
                0x0000000000400588        0x0 uspace/app_stats.p/app_stats_stats.c.o
 *(.rela.data .rela.data.* .rela.gnu.linkonce.d.*)
 .rela.data.rel.ro
                0x0000000000400588        0x0 uspace/app_stats.p/app_stats_stats.c.o
 *(.rela.tdata .rela.tdata.* .rela.gnu.linkonce.td.*)
 *(.rela.tbss .rela.tbss.* .rela.gnu.linkonce.tb.*)
 *(.rela.ctors)
 *(.rela.dtors)
 *(.rela.got)
 .rela.got      0x0000000000400588        0x0 uspace/app_stats.p/app_stats_stats.c.o
 *(.rela.bss .rela.bss.* .rela.gnu.linkonce.b.*)
 .rela.bss      0x0000000000400588       0x30 uspace/app_stats.p/app_stats_stats.c.o
 *(.rela.ldata .rela.ldata.* .rela.gnu.linkonce.l.*)
 *(.rela.lbss .rela.lbss.* .rela.gnu.linkonce.lb.*)
 *(.rela.lrodata .rela.lrodata.* .rela.gnu.linkonce.lr.*)
 *(.rela.ifunc)

.rela.plt       0x00000000004005b8      0x228
 *(.rela.plt)
 .rela.plt      0x00000000004005b8      0x228 uspace/app_stats.p/app_stats_stats.c.o
                [!provide]                        PROVIDE (__rela_iplt_start = .)
 *(.rela.iplt)
 .rela.iplt     0x00000000004007e0        0x0 uspace/app_stats.p/app_stats_stats.c.o
                [!provide]                        PROVIDE (__rela_iplt_end = .)

.relr.dyn
 *(.relr.dyn)

.init
 *(SORT_NONE(.init))

.plt            0x00000000004007e0      0x180
 *(.plt)
 .plt           0x00000000004007e0      0x180 uspace/app_stats.p/app_stats_stats.c.o
                0x00000000004007f0                putchar
                0x0000000000400800                printf
                0x0000000000400810                stats_get_ipccs
                0x0000000000400820                puts
                0x0000000000400830                arg_parse_short_long
                0x0000000000400840                bin_order_suffix
                0x0000000000400850                calloc
                0x0000000000400860                fprintf
                0x0000000000400870                stats_get_cpus
                0x0000000000400880                str_test_prefix
                0x0000000000400890                thread_get_state
                0x00000000004008a0                order_suffix
                0x00000000004008b0                str_cmp
                0x00000000004008c0                arg_parse_int
                0x00000000004008d0                getuptime
                0x00000000004008e0                stats_get_tasks
                0x00000000004008f0                str_length
                0x0000000000400900                __libc_main
                0x0000000000400910                str_suffix
                0x0000000000400920                stats_get_load
                0x0000000000400930                stats_get_threads
                0x0000000000400940                free
                0x0000000000400950                stats_print_load_fragment
 *(.iplt)
 .iplt          0x0000000000400960        0x0 uspace/app_stats.p/app_stats_stats.c.o

.plt.got        0x0000000000400960        0x0
 *(.plt.got)
 .plt.got       0x0000000000400960        0x0 uspace/app_stats.p/app_stats_stats.c.o

.plt.sec
 *(.plt.sec)

.text           0x0000000000400960      0xa7c
 *(.text.unlikely .text.*_unlikely .text.unlikely.*)
 *(.text.exit .text.exit.*)
 *(.text.startup .text.startup.*)
 .text.startup.main
                0x0000000000400960      0x919 uspace/app_stats.p/app_stats_stats.c.o
                0x0000000000400960                main
 *(.text.hot .text.hot.*)
 *(SORT_BY_NAME(.text.sorted.*))
 *(.text .stub .text.* .gnu.linkonce.t.*)
 *fill*         0x0000000000401279        0x7 
 .text.escape_dot
                0x0000000000401280       0xb5 uspace/app_stats.p/app_stats_stats.c.o
 .text          0x0000000000401335        0xc uspace/lib/c/libstartfiles.a.p/arch_amd64_src_crt0.S.o
                0x0000000000401335                _start
 *fill*         0x0000000000401341        0xf 
 .text.__c_start
                0x0000000000401350       0x8c uspace/lib/c/libstartfiles.a.p/generic_crt_crt1.c.o
                0x0000000000401350                __c_start
 *(.gnu.warning)

.fini
 *(SORT_NONE(.fini))
                [!provide]                        PROVIDE (__etext = .)
                [!provide]                        PROVIDE (_etext = .)
                [!provide]                        PROVIDE (etext = .)

.rodata         0x00000000004013e0      0x718
 *(.rodata .rodata.* .gnu.linkonce.r.*)
 .rodata.main.str1.1
                0x00000000004013e0      0x263 uspace/app_stats.p/app_stats_stats.c.o
 *fill*         0x0000000000401643        0x5 
 .rodata.main.str1.8
                0x0000000000401648      0x46d uspace/app_stats.p/app_stats_stats.c.o
 *fill*         0x0000000000401ab5        0x3 
 .rodata.main   0x0000000000401ab8       0x38 uspace/app_stats.p/app_stats_stats.c.o
 .rodata.cst8   0x0000000000401af0        0x8 uspace/lib/c/libstartfiles.a.p/generic_crt_crt1.c.o

.rodata1
 *(.rodata1)

.eh_frame_hdr   0x0000000000401af8       0x2c
 *(.eh_frame_hdr)
 .eh_frame_hdr  0x0000000000401af8       0x2c uspace/app_stats.p/app_stats_stats.c.o
                0x0000000000401af8                __GNU_EH_FRAME_HDR
 *(.eh_frame_entry .eh_frame_entry.*)

.eh_frame       0x0000000000401b28       0xb4
 *(.eh_frame)
 .eh_frame      0x0000000000401b28       0x70 uspace/app_stats.p/app_stats_stats.c.o
 .eh_frame      0x0000000000401b98       0x28 uspace/app_stats.p/app_stats_stats.c.o
                                         0x40 (size before relaxing)
 .eh_frame      0x0000000000401bc0        0x0 uspace/app_stats.p/app_stats_stats.c.o
 .eh_frame      0x0000000000401bc0       0x1c uspace/lib/c/libstartfiles.a.p/generic_crt_crt1.c.o
                                         0x38 (size before relaxing)
 *(.eh_frame.*)

.sframe         0x0000000000401bdc        0x0
 *(.sframe)
 .sframe        0x0000000000401bdc        0x0 uspace/app_stats.p/app_stats_stats.c.o
 *(.sframe.*)

.gcc_except_table
 *(.gcc_except_table .gcc_except_table.*)

.gnu_extab
 *(.gnu_extab*)

.exception_ranges
 *(.exception_ranges*)
                0x0000000000402bdc                . = DATA_SEGMENT_ALIGN (CONSTANT (MAXPAGESIZE), CONSTANT (COMMONPAGESIZE))

.eh_frame
 *(.eh_frame)
 *(.eh_frame.*)

.sframe
 *(.sframe)
 *(.sframe.*)

.gnu_extab
 *(.gnu_extab)

.gcc_except_table
 *(.gcc_except_table .gcc_except_table.*)

.exception_ranges
 *(.exception_ranges*)

.tdata          0x0000000000402bdc        0x0
                [!provide]                        PROVIDE (__tdata_start = .)
 *(.tdata .tdata.* .gnu.linkonce.td.*)

.tbss
 *(.tbss .tbss.* .gnu.linkonce.tb.*)
 *(.tcommon)

.preinit_array  0x0000000000402bdc        0x0
                0x0000000000402bdc                PROVIDE (__preinit_array_start = .)
 *(.preinit_array)
                0x0000000000402bdc                PROVIDE (__preinit_array_end = .)

.init_array     0x0000000000402bdc        0x0
                0x0000000000402bdc                PROVIDE (__init_array_start = .)
 *(SORT_BY_INIT_PRIORITY(.init_array.*) SORT_BY_INIT_PRIORITY(.ctors.*))
 *(.init_array EXCLUDE_FILE(*crtend?.o *crtend.o *crtbegin?.o *crtbegin.o) .ctors)
                0x0000000000402bdc                PROVIDE (__init_array_end = .)

.fini_array     0x0000000000402bdc        0x0
                0x0000000000402bdc                PROVIDE (__fini_array_start = .)
 *(SORT_BY_INIT_PRIORITY(.fini_array.*) SORT_BY_INIT_PRIORITY(.dtors.*))
 *(.fini_array EXCLUDE_FILE(*crtend?.o *crtend.o *crtbegin?.o *crtbegin.o) .dtors)
                0x0000000000402bdc                PROVIDE (__fini_array_end = .)

.ctors
 *crtbegin.o(.ctors)
 *crtbegin?.o(.ctors)
 *(EXCLUDE_FILE(*crtend?.o *crtend.o) .ctors)
 *(SORT_BY_NAME(.ctors.*))
 *(.ctors)

.dtors
 *crtbegin.o(.dtors)
 *crtbegin?.o(.dtors)
 *(EXCLUDE_FILE(*crtend?.o *crtend.o) .dtors)
 *(SORT_BY_NAME(.dtors.*))
 *(.dtors)

.jcr
 *(.jcr)

.data.rel.ro    0x0000000000402bdc        0x0
 *(.data.rel.ro.local* .gnu.linkonce.d.rel.ro.local.*)
 *(.data.rel.ro .data.rel.ro.* .gnu.linkonce.d.rel.ro.*)
 .data.rel.ro   0x0000000000402bdc        0x0 uspace/app_stats.p/app_stats_stats.c.o

.dynamic        0x0000000000402be0      0x150
 *(.dynamic)
 .dynamic       0x0000000000402be0      0x150 uspace/app_stats.p/app_stats_stats.c.o
                0x0000000000402be0                _DYNAMIC

.got            0x0000000000402d30        0x0
 *(.got)
 .got           0x0000000000402d30        0x0 uspace/app_stats.p/app_stats_stats.c.o
 *(.igot)
                0x0000000000402d30                . = DATA_SEGMENT_RELRO_END (., (SIZEOF (.got.plt) >= 0x18)?0x18:0x0)

.got.plt        0x0000000000402d30       0xd0
 *(.got.plt)
 .got.plt       0x0000000000402d30       0xd0 uspace/app_stats.p/app_stats_stats.c.o
                0x0000000000402d30                _GLOBAL_OFFSET_TABLE_
 *(.igot.plt)
 .igot.plt      0x0000000000402e00        0x0 uspace/app_stats.p/app_stats_stats.c.o

.data
 *(.data .data.* .gnu.linkonce.d.*)

.data1
 *(.data1)
                0x0000000000402e00                _edata = .
                [!provide]                        PROVIDE (edata = .)
                0x0000000000402e00                . = .
                0x0000000000402e00                __bss_start = .

.bss            0x0000000000402e00       0x68
 *(.dynbss)
 .dynbss        0x0000000000402e00       0x68 uspace/app_stats.p/app_stats_stats.c.o
                0x0000000000402e00                __progsymbols
                0x0000000000402e60                stderr
 *(.bss .bss.* .gnu.linkonce.b.*)
 *(COMMON)
                0x0000000000402e68                . = ALIGN ((. != 0x0)?0x8:0x1)

.lbss
 *(.dynlbss)
 *(.lbss .lbss.* .gnu.linkonce.lb.*)
 *(LARGE_COMMON)
                0x0000000000402e68                . = ALIGN (0x8)
                0x0000000000402e68                . = SEGMENT_START ("ldata-segment", .)

.lrodata
 *(.lrodata .lrodata.* .gnu.linkonce.lr.*)

.ldata          0x0000000000404e68        0x0
 *(.ldata .ldata.* .gnu.linkonce.l.*)
                0x0000000000404e68                . = ALIGN ((. != 0x0)?0x8:0x1)
                0x0000000000404e68                . = ALIGN (0x8)
                0x0000000000402e68                _end = .
                [!provide]                        PROVIDE (end = .)
                0x0000000000404e68                . = DATA_SEGMENT_END (.)

.stab
 *(.stab)

.stabstr
 *(.stabstr)

.stab.excl
 *(.stab.excl)

.stab.exclstr
 *(.stab.exclstr)

.stab.index
 *(.stab.index)

.stab.indexstr
 *(.stab.indexstr)

.comment        0x0000000000000000       0x12
 *(.comment)
 .comment       0x0000000000000000       0x12 uspace/app_stats.p/app_stats_stats.c.o
                                         0x13 (size before relaxing)
 .comment       0x0000000000000012       0x13 uspace/lib/c/libstartfiles.a.p/generic_crt_crt1.c.o

.gnu.build.attributes
 *(.gnu.build.attributes .gnu.build.attributes.*)

.debug
 *(.debug)

.line
 *(.line)

.debug_srcinfo
 *(.debug_srcinfo)

.debug_sfnames
 *(.debug_sfnames)

.debug_aranges
 *(.debug_aranges)

.debug_pubnames
 *(.debug_pubnames)

.debug_info
 *(.debug_info .gnu.linkonce.wi.*)

.debug_abbrev
 *(.debug_abbrev)

.debug_line
 *(.debug_line .debug_line.* .debug_line_end)

.debug_frame
 *(.debug_frame)

.debug_str
 *(.debug_str)

.debug_loc
 *(.debug_loc)

.debug_macinfo
 *(.debug_macinfo)

.debug_weaknames
 *(.debug_weaknames)

.debug_funcnames
 *(.debug_funcnames)

.debug_typenames
 *(.debug_typenames)

.debug_varnames
 *(.debug_varnames)

.debug_pubtypes
 *(.debug_pubtypes)

.debug_ranges
 *(.debug_ranges)

.debug_addr
 *(.debug_addr)

.debug_line_str
 *(.debug_line_str)

.debug_loclists
 *(.debug_loclists)

.debug_macro
 *(.debug_macro)

.debug_names
 *(.debug_names)

.debug_rnglists
 *(.debug_rnglists)

.debug_str_offsets
 *(.debug_str_offsets)

.debug_sup
 *(.debug_sup)

.gnu.attributes
 *(.gnu.attributes)

/DISCARD/
 *(.note.GNU-stack)
 *(.gnu_debuglink)
 *(.gnu.lto_*)
OUTPUT(uspace/app_stats elf64-x86-64)
