Archive member included to satisfy reference by file (symbol)

uspace/lib/c/libstartfiles.a.p/arch_amd64_src_crt0.S.o
                              (--whole-archive)
uspace/lib/c/libstartfiles.a.p/generic_crt_crt1.c.o
                              (--whole-archive)
uspace/lib/libcompress.a.p/compress_gzip.c.o
                              uspace/app_gunzip.p/app_gunzip_gunzip.c.o (gzip_expand)
uspace/lib/libcompress.a.p/compress_inflate.c.o
                              uspace/lib/libcompress.a.p/compress_gzip.c.o (inflate)

As-needed library included to satisfy reference by file (symbol)

libc.so.0                     uspace/app_gunzip.p/app_gunzip_gunzip.c.o (printf)

Discarded input sections

 .text          0x0000000000000000        0x0 uspace/app_gunzip.p/app_gunzip_gunzip.c.o
 .data          0x0000000000000000        0x0 uspace/app_gunzip.p/app_gunzip_gunzip.c.o
 .bss           0x0000000000000000        0x0 uspace/app_gunzip.p/app_gunzip_gunzip.c.o
 .data          0x0000000000000000        0x0 uspace/lib/c/libstartfiles.a.p/arch_amd64_src_crt0.S.o
 .bss           0x0000000000000000        0x0 uspace/lib/c/libstartfiles.a.p/arch_amd64_src_crt0.S.o
 .text          0x0000000000000000        0x0 uspace/lib/c/libstartfiles.a.p/generic_crt_crt1.c.o
 .data          0x0000000000000000        0x0 uspace/lib/c/libstartfiles.a.p/generic_crt_crt1.c.o
 .bss           0x0000000000000000        0x0 uspace/lib/c/libstartfiles.a.p/generic_crt_crt1.c.o
 .text          0x0000000000000000        0x0 uspace/lib/libcompress.a.p/compress_gzip.c.o
 .data          0x0000000000000000        0x0 uspace/lib/libcompress.a.p/compress_gzip.c.o
 .bss           0x0000000000000000        0x0 uspace/lib/libcompress.a.p/compress_gzip.c.o
 .text          0x0000000000000000        0x0 uspace/lib/libcompress.a.p/compress_inflate.c.o
 .data          0x0000000000000000        0x0 uspace/lib/libcompress.a.p/compress_inflate.c.o
 .bss           0x0000000000000000        0x0 uspace/lib/libcompress.a.p/compress_inflate.c.o

Memory Configuration

Name             Origin             Length             Attributes
*default*        0x0000000000000000 0xffffffffffffffff

Linker script and memory map

LOAD uspace/app_gunzip.p/app_gunzip_gunzip.c.o
START GROUP
LOAD uspace/lib/c/libstartfiles.a
LOAD uspace/lib/libcompress.a
LOAD uspace/lib/libc.so.0.0
LOAD /home/zyc/.local/share/HelenOS/cross/lib/gcc/amd64-helenos/13.2.0/libgcc.a
END GROUP
                0x0000000000400000                PROVIDE (__executable_start = SEGMENT_START ("text-segment", 0x400000))
                0x0000000000400120                . = (SEGMENT_START ("text-segment", 0x400000) + SIZEOF_HEADERS)

.interp
 *(.interp)

.note.gnu.build-id
 *(.note.gnu.build-id)

.hash           0x0000000000400120       0x4c
 *(.hash)
 .hash          0x0000000000400120       0x4c uspace/app_gunzip.p/app_gunzip_gunzip.c.o

.gnu.hash
 *(.gnu.hash)

.dynsym         0x0000000000400170      0x150
 *(.dynsym)
 .dynsym        0x0000000000400170      0x150 uspace/app_gunzip.p/app_gunzip_gunzip.c.o

.dynstr         0x00000000004002c0       0x76
 *(.dynstr)
 .dynstr        0x00000000004002c0       0x76 uspace/app_gunzip.p/app_gunzip_gunzip.c.o

.gnu.version    0x0000000000400336        0x0
 *(.gnu.version)
 .gnu.version   0x0000000000400336        0x0 uspace/app_gunzip.p/app_gunzip_gunzip.c.o

.gnu.version_d  0x0000000000400338        0x0
 *(.gnu.version_d)
 .gnu.version_d
                0x0000000000400338        0x0 uspace/app_gunzip.p/app_gunzip_gunzip.c.o

.gnu.version_r  0x0000000000400338        0x0
 *(.gnu.version_r)
 .gnu.version_r
                0x0000000000400338        0x0 uspace/app_gunzip.p/app_gunzip_gunzip.c.o

.rela.dyn       0x0000000000400338       0x18
 *(.rela.init)
 *(.rela.text .rela.text.* .rela.gnu.linkonce.t.*)
 .rela.text.__c_start
                0x0000000000400338        0x0 uspace/app_gunzip.p/app_gunzip_gunzip.c.o
 *(.rela.fini)
 *(.rela.rodata .rela.rodata.* .rela.gnu.linkonce.r.*)
 .rela.rodata.cst8
                0x0000000000400338        0x0 uspace/app_gunzip.p/app_gunzip_gunzip.c.o
 *(.rela.data .rela.data.* .rela.gnu.linkonce.d.*)
 .rela.data.rel.ro
                0x0000000000400338        0x0 uspace/app_gunzip.p/app_gunzip_gunzip.c.o
 *(.rela.tdata .rela.tdata.* .rela.gnu.linkonce.td.*)
 *(.rela.tbss .rela.tbss.* .rela.gnu.linkonce.tb.*)
 *(.rela.ctors)
 *(.rela.dtors)
 *(.rela.got)
 .rela.got      0x0000000000400338        0x0 uspace/app_gunzip.p/app_gunzip_gunzip.c.o
 *(.rela.bss .rela.bss.* .rela.gnu.linkonce.b.*)
 .rela.bss      0x0000000000400338       0x18 uspace/app_gunzip.p/app_gunzip_gunzip.c.o
 *(.rela.ldata .rela.ldata.* .rela.gnu.linkonce.l.*)
 *(.rela.lbss .rela.lbss.* .rela.gnu.linkonce.lb.*)
 *(.rela.lrodata .rela.lrodata.* .rela.gnu.linkonce.lr.*)
 *(.rela.ifunc)

.rela.plt       0x0000000000400350      0x120
 *(.rela.plt)
 .rela.plt      0x0000000000400350      0x120 uspace/app_gunzip.p/app_gunzip_gunzip.c.o
                [!provide]                        PROVIDE (__rela_iplt_start = .)
 *(.rela.iplt)
 .rela.iplt     0x0000000000400470        0x0 uspace/app_gunzip.p/app_gunzip_gunzip.c.o
                [!provide]                        PROVIDE (__rela_iplt_end = .)

.relr.dyn
 *(.relr.dyn)

.init
 *(SORT_NONE(.init))

.plt            0x0000000000400470       0xd0
 *(.plt)
 .plt           0x0000000000400470       0xd0 uspace/app_gunzip.p/app_gunzip_gunzip.c.o
                0x0000000000400480                printf
                0x0000000000400490                memcpy
                0x00000000004004a0                puts
                0x00000000004004b0                malloc
                0x00000000004004c0                fseek
                0x00000000004004d0                fread
                0x00000000004004e0                fopen
                0x00000000004004f0                ftell
                0x0000000000400500                fclose
                0x0000000000400510                fwrite
                0x0000000000400520                __libc_main
                0x0000000000400530                free
 *(.iplt)
 .iplt          0x0000000000400540        0x0 uspace/app_gunzip.p/app_gunzip_gunzip.c.o

.plt.got        0x0000000000400540        0x0
 *(.plt.got)
 .plt.got       0x0000000000400540        0x0 uspace/app_gunzip.p/app_gunzip_gunzip.c.o

.plt.sec
 *(.plt.sec)

.text           0x0000000000400540     0x158f
 *(.text.unlikely .text.*_unlikely .text.unlikely.*)
 *(.text.exit .text.exit.*)
 *(.text.startup .text.startup.*)
 .text.startup.main
                0x0000000000400540      0x1f2 uspace/app_gunzip.p/app_gunzip_gunzip.c.o
                0x0000000000400540                main
 *(.text.hot .text.hot.*)
 *(SORT_BY_NAME(.text.sorted.*))
 *(.text .stub .text.* .gnu.linkonce.t.*)
 .text          0x0000000000400732        0xc uspace/lib/c/libstartfiles.a.p/arch_amd64_src_crt0.S.o
                0x0000000000400732                _start
 *fill*         0x000000000040073e        0x2 
 .text.__c_start
                0x0000000000400740       0x8c uspace/lib/c/libstartfiles.a.p/generic_crt_crt1.c.o
                0x0000000000400740                __c_start
 *fill*         0x00000000004007cc        0x4 
 .text.gzip_expand
                0x00000000004007d0      0x176 uspace/lib/libcompress.a.p/compress_gzip.c.o
                0x00000000004007d0                gzip_expand
 *fill*         0x0000000000400946        0xa 
 .text.huffman_decode
                0x0000000000400950       0xe1 uspace/lib/libcompress.a.p/compress_inflate.c.o
 *fill*         0x0000000000400a31        0xf 
 .text.huffman_construct.isra.0
                0x0000000000400a40      0x211 uspace/lib/libcompress.a.p/compress_inflate.c.o
 *fill*         0x0000000000400c51        0xf 
 .text.inflate_codes
                0x0000000000400c60      0x2e5 uspace/lib/libcompress.a.p/compress_inflate.c.o
 *fill*         0x0000000000400f45        0xb 
 .text.inflate_dynamic
                0x0000000000400f50      0x953 uspace/lib/libcompress.a.p/compress_inflate.c.o
 *fill*         0x00000000004018a3        0xd 
 .text.inflate  0x00000000004018b0      0x21f uspace/lib/libcompress.a.p/compress_inflate.c.o
                0x00000000004018b0                inflate
 *(.gnu.warning)

.fini
 *(SORT_NONE(.fini))
                [!provide]                        PROVIDE (__etext = .)
                [!provide]                        PROVIDE (_etext = .)
                [!provide]                        PROVIDE (etext = .)

.rodata         0x0000000000401ae0      0x23a
 *(.rodata .rodata.* .gnu.linkonce.r.*)
 .rodata.main.str1.8
                0x0000000000401ae0       0x40 uspace/app_gunzip.p/app_gunzip_gunzip.c.o
 .rodata.main.str1.1
                0x0000000000401b20       0xa9 uspace/app_gunzip.p/app_gunzip_gunzip.c.o
 *fill*         0x0000000000401bc9        0x7 
 .rodata.cst8   0x0000000000401bd0        0x8 uspace/lib/c/libstartfiles.a.p/generic_crt_crt1.c.o
 *fill*         0x0000000000401bd8        0x8 
 .rodata.order  0x0000000000401be0       0x26 uspace/lib/libcompress.a.p/compress_inflate.c.o
 *fill*         0x0000000000401c06       0x1a 
 .rodata.dists_ext
                0x0000000000401c20       0x3c uspace/lib/libcompress.a.p/compress_inflate.c.o
 *fill*         0x0000000000401c5c        0x4 
 .rodata.dists  0x0000000000401c60       0x3c uspace/lib/libcompress.a.p/compress_inflate.c.o
 *fill*         0x0000000000401c9c        0x4 
 .rodata.lens_ext
                0x0000000000401ca0       0x3a uspace/lib/libcompress.a.p/compress_inflate.c.o
 *fill*         0x0000000000401cda        0x6 
 .rodata.lens   0x0000000000401ce0       0x3a uspace/lib/libcompress.a.p/compress_inflate.c.o

.rodata1
 *(.rodata1)

.eh_frame_hdr   0x0000000000401d1c       0x54
 *(.eh_frame_hdr)
 .eh_frame_hdr  0x0000000000401d1c       0x54 uspace/app_gunzip.p/app_gunzip_gunzip.c.o
                0x0000000000401d1c                __GNU_EH_FRAME_HDR
 *(.eh_frame_entry .eh_frame_entry.*)

.eh_frame       0x0000000000401d70      0x1d0
 *(.eh_frame)
 .eh_frame      0x0000000000401d70       0x48 uspace/app_gunzip.p/app_gunzip_gunzip.c.o
 .eh_frame      0x0000000000401db8       0x28 uspace/app_gunzip.p/app_gunzip_gunzip.c.o
                                         0x40 (size before relaxing)
 .eh_frame      0x0000000000401de0        0x0 uspace/app_gunzip.p/app_gunzip_gunzip.c.o
 .eh_frame      0x0000000000401de0       0x20 uspace/lib/c/libstartfiles.a.p/generic_crt_crt1.c.o
                                         0x38 (size before relaxing)
 .eh_frame      0x0000000000401e00       0x40 uspace/lib/libcompress.a.p/compress_gzip.c.o
                                         0x58 (size before relaxing)
 .eh_frame      0x0000000000401e40      0x100 uspace/lib/libcompress.a.p/compress_inflate.c.o
                                        0x118 (size before relaxing)
 *(.eh_frame.*)

.sframe         0x0000000000401f40        0x0
 *(.sframe)
 .sframe        0x0000000000401f40        0x0 uspace/app_gunzip.p/app_gunzip_gunzip.c.o
 *(.sframe.*)

.gcc_except_table
 *(.gcc_except_table .gcc_except_table.*)

.gnu_extab
 *(.gnu_extab*)

.exception_ranges
 *(.exception_ranges*)
                0x0000000000402000                . = DATA_SEGMENT_ALIGN (CONSTANT (MAXPAGESIZE), CONSTANT (COMMONPAGESIZE))

.eh_frame
 *(.eh_frame)
 *(.eh_frame.*)

.sframe
 *(.sframe)
 *(.sframe.*)

.gnu_extab
 *(.gnu_extab)

.gcc_except_table
 *(.gcc_except_table .gcc_except_table.*)

.exception_ranges
 *(.exception_ranges*)

.tdata          0x0000000000402000        0x0
                [!provide]                        PROVIDE (__tdata_start = .)
 *(.tdata .tdata.* .gnu.linkonce.td.*)

.tbss
 *(.tbss .tbss.* .gnu.linkonce.tb.*)
 *(.tcommon)

.preinit_array  0x0000000000402000        0x0
                0x0000000000402000                PROVIDE (__preinit_array_start = .)
 *(.preinit_array)
                0x0000000000402000                PROVIDE (__preinit_array_end = .)

.init_array     0x0000000000402000        0x0
                0x0000000000402000                PROVIDE (__init_array_start = .)
 *(SORT_BY_INIT_PRIORITY(.init_array.*) SORT_BY_INIT_PRIORITY(.ctors.*))
 *(.init_array EXCLUDE_FILE(*crtend?.o *crtend.o *crtbegin?.o *crtbegin.o) .ctors)
                0x0000000000402000                PROVIDE (__init_array_end = .)

.fini_array     0x0000000000402000        0x0
                0x0000000000402000                PROVIDE (__fini_array_start = .)
 *(SORT_BY_INIT_PRIORITY(.fini_array.*) SORT_BY_INIT_PRIORITY(.dtors.*))
 *(.fini_array EXCLUDE_FILE(*crtend?.o *crtend.o *crtbegin?.o *crtbegin.o) .dtors)
                0x0000000000402000                PROVIDE (__fini_array_end = .)

.ctors
 *crtbegin.o(.ctors)
 *crtbegin?.o(.ctors)
 *(EXCLUDE_FILE(*crtend?.o *crtend.o) .ctors)
 *(SORT_BY_NAME(.ctors.*))
 *(.ctors)

.dtors
 *crtbegin.o(.dtors)
 *crtbegin?.o(.dtors)
 *(EXCLUDE_FILE(*crtend?.o *crtend.o) .dtors)
 *(SORT_BY_NAME(.dtors.*))
 *(.dtors)

.jcr
 *(.jcr)

.data.rel.ro    0x0000000000402000        0x0
 *(.data.rel.ro.local* .gnu.linkonce.d.rel.ro.local.*)
 *(.data.rel.ro .data.rel.ro.* .gnu.linkonce.d.rel.ro.*)
 .data.rel.ro   0x0000000000402000        0x0 uspace/app_gunzip.p/app_gunzip_gunzip.c.o

.dynamic        0x0000000000402000      0x150
 *(.dynamic)
 .dynamic       0x0000000000402000      0x150 uspace/app_gunzip.p/app_gunzip_gunzip.c.o
                0x0000000000402000                _DYNAMIC

.got            0x0000000000402150        0x0
 *(.got)
 .got           0x0000000000402150        0x0 uspace/app_gunzip.p/app_gunzip_gunzip.c.o
 *(.igot)
                0x0000000000402150                . = DATA_SEGMENT_RELRO_END (., (SIZEOF (.got.plt) >= 0x18)?0x18:0x0)

.got.plt        0x0000000000402150       0x78
 *(.got.plt)
 .got.plt       0x0000000000402150       0x78 uspace/app_gunzip.p/app_gunzip_gunzip.c.o
                0x0000000000402150                _GLOBAL_OFFSET_TABLE_
 *(.igot.plt)
 .igot.plt      0x00000000004021c8        0x0 uspace/app_gunzip.p/app_gunzip_gunzip.c.o

.data           0x00000000004021e0      0x2e0
 *(.data .data.* .gnu.linkonce.d.*)
 .data.dist_code
                0x00000000004021e0       0x10 uspace/lib/libcompress.a.p/compress_inflate.c.o
 .data.len_code
                0x00000000004021f0       0x10 uspace/lib/libcompress.a.p/compress_inflate.c.o
 .data.dist_symbol
                0x0000000000402200       0x3c uspace/lib/libcompress.a.p/compress_inflate.c.o
 *fill*         0x000000000040223c        0x4 
 .data.dist_count
                0x0000000000402240       0x20 uspace/lib/libcompress.a.p/compress_inflate.c.o
 .data.len_symbol
                0x0000000000402260      0x240 uspace/lib/libcompress.a.p/compress_inflate.c.o
 .data.len_count
                0x00000000004024a0       0x20 uspace/lib/libcompress.a.p/compress_inflate.c.o

.data1
 *(.data1)
                0x00000000004024c0                _edata = .
                [!provide]                        PROVIDE (edata = .)
                0x00000000004024c0                . = .
                0x00000000004024c0                __bss_start = .

.bss            0x00000000004024c0       0x48
 *(.dynbss)
 .dynbss        0x00000000004024c0       0x48 uspace/app_gunzip.p/app_gunzip_gunzip.c.o
                0x00000000004024c0                __progsymbols
 *(.bss .bss.* .gnu.linkonce.b.*)
 *(COMMON)
                0x0000000000402508                . = ALIGN ((. != 0x0)?0x8:0x1)

.lbss
 *(.dynlbss)
 *(.lbss .lbss.* .gnu.linkonce.lb.*)
 *(LARGE_COMMON)
                0x0000000000402508                . = ALIGN (0x8)
                0x0000000000402508                . = SEGMENT_START ("ldata-segment", .)

.lrodata
 *(.lrodata .lrodata.* .gnu.linkonce.lr.*)

.ldata          0x0000000000404508        0x0
 *(.ldata .ldata.* .gnu.linkonce.l.*)
                0x0000000000404508                . = ALIGN ((. != 0x0)?0x8:0x1)
                0x0000000000404508                . = ALIGN (0x8)
                0x0000000000402508                _end = .
                [!provide]                        PROVIDE (end = .)
                0x0000000000404508                . = DATA_SEGMENT_END (.)

.stab
 *(.stab)

.stabstr
 *(.stabstr)

.stab.excl
 *(.stab.excl)

.stab.exclstr
 *(.stab.exclstr)

.stab.index
 *(.stab.index)

.stab.indexstr
 *(.stab.indexstr)

.comment        0x0000000000000000       0x12
 *(.comment)
 .comment       0x0000000000000000       0x12 uspace/app_gunzip.p/app_gunzip_gunzip.c.o
                                         0x13 (size before relaxing)
 .comment       0x0000000000000012       0x13 uspace/lib/c/libstartfiles.a.p/generic_crt_crt1.c.o
 .comment       0x0000000000000012       0x13 uspace/lib/libcompress.a.p/compress_gzip.c.o
 .comment       0x0000000000000012       0x13 uspace/lib/libcompress.a.p/compress_inflate.c.o

.gnu.build.attributes
 *(.gnu.build.attributes .gnu.build.attributes.*)

.debug
 *(.debug)

.line
 *(.line)

.debug_srcinfo
 *(.debug_srcinfo)

.debug_sfnames
 *(.debug_sfnames)

.debug_aranges
 *(.debug_aranges)

.debug_pubnames
 *(.debug_pubnames)

.debug_info
 *(.debug_info .gnu.linkonce.wi.*)

.debug_abbrev
 *(.debug_abbrev)

.debug_line
 *(.debug_line .debug_line.* .debug_line_end)

.debug_frame
 *(.debug_frame)

.debug_str
 *(.debug_str)

.debug_loc
 *(.debug_loc)

.debug_macinfo
 *(.debug_macinfo)

.debug_weaknames
 *(.debug_weaknames)

.debug_funcnames
 *(.debug_funcnames)

.debug_typenames
 *(.debug_typenames)

.debug_varnames
 *(.debug_varnames)

.debug_pubtypes
 *(.debug_pubtypes)

.debug_ranges
 *(.debug_ranges)

.debug_addr
 *(.debug_addr)

.debug_line_str
 *(.debug_line_str)

.debug_loclists
 *(.debug_loclists)

.debug_macro
 *(.debug_macro)

.debug_names
 *(.debug_names)

.debug_rnglists
 *(.debug_rnglists)

.debug_str_offsets
 *(.debug_str_offsets)

.debug_sup
 *(.debug_sup)

.gnu.attributes
 *(.gnu.attributes)

/DISCARD/
 *(.note.GNU-stack)
 *(.gnu_debuglink)
 *(.gnu.lto_*)
OUTPUT(uspace/app_gunzip elf64-x86-64)
