Archive member included to satisfy reference by file (symbol)

uspace/lib/c/libstartfiles.a.p/arch_amd64_src_crt0.S.o
                              (--whole-archive)
uspace/lib/c/libstartfiles.a.p/generic_crt_crt1.c.o
                              (--whole-archive)
uspace/lib/libconsole.a.p/console_src_console.c.o
                              uspace/app_tetris.p/app_tetris_tetris.c.o (console_init)

As-needed library included to satisfy reference by file (symbol)

libc.so.0                     uspace/app_tetris.p/app_tetris_screen.c.o (putchar)

Discarded input sections

 .text          0x0000000000000000        0x0 uspace/app_tetris.p/app_tetris_shapes.c.o
 .data          0x0000000000000000        0x0 uspace/app_tetris.p/app_tetris_shapes.c.o
 .bss           0x0000000000000000        0x0 uspace/app_tetris.p/app_tetris_shapes.c.o
 .text          0x0000000000000000        0x0 uspace/app_tetris.p/app_tetris_scores.c.o
 .data          0x0000000000000000        0x0 uspace/app_tetris.p/app_tetris_scores.c.o
 .bss           0x0000000000000000        0x0 uspace/app_tetris.p/app_tetris_scores.c.o
 .text          0x0000000000000000        0x0 uspace/app_tetris.p/app_tetris_tetris.c.o
 .data          0x0000000000000000        0x0 uspace/app_tetris.p/app_tetris_tetris.c.o
 .bss           0x0000000000000000        0x0 uspace/app_tetris.p/app_tetris_tetris.c.o
 .text          0x0000000000000000        0x0 uspace/app_tetris.p/app_tetris_screen.c.o
 .data          0x0000000000000000        0x0 uspace/app_tetris.p/app_tetris_screen.c.o
 .bss           0x0000000000000000        0x0 uspace/app_tetris.p/app_tetris_screen.c.o
 .bss.winsize   0x0000000000000000       0x10 uspace/app_tetris.p/app_tetris_screen.c.o
 .data          0x0000000000000000        0x0 uspace/lib/c/libstartfiles.a.p/arch_amd64_src_crt0.S.o
 .bss           0x0000000000000000        0x0 uspace/lib/c/libstartfiles.a.p/arch_amd64_src_crt0.S.o
 .text          0x0000000000000000        0x0 uspace/lib/c/libstartfiles.a.p/generic_crt_crt1.c.o
 .data          0x0000000000000000        0x0 uspace/lib/c/libstartfiles.a.p/generic_crt_crt1.c.o
 .bss           0x0000000000000000        0x0 uspace/lib/c/libstartfiles.a.p/generic_crt_crt1.c.o
 .text          0x0000000000000000        0x0 uspace/lib/libconsole.a.p/console_src_console.c.o
 .data          0x0000000000000000        0x0 uspace/lib/libconsole.a.p/console_src_console.c.o
 .bss           0x0000000000000000        0x0 uspace/lib/libconsole.a.p/console_src_console.c.o
 .text.console_done
                0x0000000000000000        0xa uspace/lib/libconsole.a.p/console_src_console.c.o
 .text.console_kcon
                0x0000000000000000        0xa uspace/lib/libconsole.a.p/console_src_console.c.o
 .text.console_set_caption
                0x0000000000000000       0xa3 uspace/lib/libconsole.a.p/console_src_console.c.o
 .text.console_get_pos
                0x0000000000000000       0x4b uspace/lib/libconsole.a.p/console_src_console.c.o
 .text.console_map
                0x0000000000000000       0xea uspace/lib/libconsole.a.p/console_src_console.c.o
 .text.console_unmap
                0x0000000000000000       0x37 uspace/lib/libconsole.a.p/console_src_console.c.o
 .text.console_update
                0x0000000000000000       0x5f uspace/lib/libconsole.a.p/console_src_console.c.o

Memory Configuration

Name             Origin             Length             Attributes
*default*        0x0000000000000000 0xffffffffffffffff

Linker script and memory map

LOAD uspace/app_tetris.p/app_tetris_shapes.c.o
LOAD uspace/app_tetris.p/app_tetris_scores.c.o
LOAD uspace/app_tetris.p/app_tetris_tetris.c.o
LOAD uspace/app_tetris.p/app_tetris_screen.c.o
START GROUP
LOAD uspace/lib/c/libstartfiles.a
LOAD uspace/lib/libconsole.a
LOAD uspace/lib/libinput.a
LOAD uspace/lib/libc.so.0.0
LOAD uspace/lib/liboutput.a
LOAD /home/zyc/.local/share/HelenOS/cross/lib/gcc/amd64-helenos/13.2.0/libgcc.a
END GROUP
                0x0000000000400000                PROVIDE (__executable_start = SEGMENT_START ("text-segment", 0x400000))
                0x0000000000400120                . = (SEGMENT_START ("text-segment", 0x400000) + SIZEOF_HEADERS)

.interp
 *(.interp)

.note.gnu.build-id
 *(.note.gnu.build-id)

.hash           0x0000000000400120      0x154
 *(.hash)
 .hash          0x0000000000400120      0x154 uspace/app_tetris.p/app_tetris_shapes.c.o

.gnu.hash
 *(.gnu.hash)

.dynsym         0x0000000000400278      0x450
 *(.dynsym)
 .dynsym        0x0000000000400278      0x450 uspace/app_tetris.p/app_tetris_shapes.c.o

.dynstr         0x00000000004006c8      0x1c0
 *(.dynstr)
 .dynstr        0x00000000004006c8      0x1c0 uspace/app_tetris.p/app_tetris_shapes.c.o

.gnu.version    0x0000000000400888        0x0
 *(.gnu.version)
 .gnu.version   0x0000000000400888        0x0 uspace/app_tetris.p/app_tetris_shapes.c.o

.gnu.version_d  0x0000000000400888        0x0
 *(.gnu.version_d)
 .gnu.version_d
                0x0000000000400888        0x0 uspace/app_tetris.p/app_tetris_shapes.c.o

.gnu.version_r  0x0000000000400888        0x0
 *(.gnu.version_r)
 .gnu.version_r
                0x0000000000400888        0x0 uspace/app_tetris.p/app_tetris_shapes.c.o

.rela.dyn       0x0000000000400888       0x90
 *(.rela.init)
 *(.rela.text .rela.text.* .rela.gnu.linkonce.t.*)
 .rela.text.insertscore
                0x0000000000400888        0x0 uspace/app_tetris.p/app_tetris_shapes.c.o
 .rela.text.usage
                0x0000000000400888        0x0 uspace/app_tetris.p/app_tetris_shapes.c.o
 .rela.text.startup.main
                0x0000000000400888        0x0 uspace/app_tetris.p/app_tetris_shapes.c.o
 .rela.text.stop
                0x0000000000400888        0x0 uspace/app_tetris.p/app_tetris_shapes.c.o
 .rela.text.__c_start
                0x0000000000400888        0x0 uspace/app_tetris.p/app_tetris_shapes.c.o
 *(.rela.fini)
 *(.rela.rodata .rela.rodata.* .rela.gnu.linkonce.r.*)
 .rela.rodata.cst8
                0x0000000000400888        0x0 uspace/app_tetris.p/app_tetris_shapes.c.o
 *(.rela.data .rela.data.* .rela.gnu.linkonce.d.*)
 .rela.data.rel.ro
                0x0000000000400888        0x0 uspace/app_tetris.p/app_tetris_shapes.c.o
 *(.rela.tdata .rela.tdata.* .rela.gnu.linkonce.td.*)
 *(.rela.tbss .rela.tbss.* .rela.gnu.linkonce.tb.*)
 *(.rela.ctors)
 *(.rela.dtors)
 *(.rela.got)
 .rela.got      0x0000000000400888        0x0 uspace/app_tetris.p/app_tetris_shapes.c.o
 *(.rela.bss .rela.bss.* .rela.gnu.linkonce.b.*)
 .rela.bss      0x0000000000400888       0x90 uspace/app_tetris.p/app_tetris_shapes.c.o
 *(.rela.ldata .rela.ldata.* .rela.gnu.linkonce.l.*)
 *(.rela.lbss .rela.lbss.* .rela.gnu.linkonce.lb.*)
 *(.rela.lrodata .rela.lrodata.* .rela.gnu.linkonce.lr.*)
 *(.rela.ifunc)

.rela.plt       0x0000000000400918      0x3a8
 *(.rela.plt)
 .rela.plt      0x0000000000400918      0x3a8 uspace/app_tetris.p/app_tetris_shapes.c.o
                [!provide]                        PROVIDE (__rela_iplt_start = .)
 *(.rela.iplt)
 .rela.iplt     0x0000000000400cc0        0x0 uspace/app_tetris.p/app_tetris_shapes.c.o
                [!provide]                        PROVIDE (__rela_iplt_end = .)

.relr.dyn
 *(.relr.dyn)

.init
 *(SORT_NONE(.init))

.plt            0x0000000000400cc0      0x280
 *(.plt)
 .plt           0x0000000000400cc0      0x280 uspace/app_tetris.p/app_tetris_shapes.c.o
                0x0000000000400cd0                putchar
                0x0000000000400ce0                vfs_fsession
                0x0000000000400cf0                printf
                0x0000000000400d00                async_req_0_2
                0x0000000000400d10                async_wait_for
                0x0000000000400d20                snprintf
                0x0000000000400d30                str_decode
                0x0000000000400d40                puts
                0x0000000000400d50                malloc
                0x0000000000400d60                async_req_1_0
                0x0000000000400d70                fflush
                0x0000000000400d80                abort
                0x0000000000400d90                async_exchange_end
                0x0000000000400da0                fprintf
                0x0000000000400db0                rand
                0x0000000000400dc0                async_wait_timeout
                0x0000000000400dd0                async_req_0_1
                0x0000000000400de0                fread
                0x0000000000400df0                ts_sub_diff
                0x0000000000400e00                fopen
                0x0000000000400e10                getopt
                0x0000000000400e20                srand
                0x0000000000400e30                fclose
                0x0000000000400e40                getchar
                0x0000000000400e50                str_cpy
                0x0000000000400e60                getuptime
                0x0000000000400e70                getrealtime
                0x0000000000400e80                str_size
                0x0000000000400e90                async_exchange_begin
                0x0000000000400ea0                async_send_0
                0x0000000000400eb0                fwrite
                0x0000000000400ec0                __libc_main
                0x0000000000400ed0                exit
                0x0000000000400ee0                async_req_0_0
                0x0000000000400ef0                chr_encode
                0x0000000000400f00                async_req_2_0
                0x0000000000400f10                async_req_3_0
                0x0000000000400f20                fputs
                0x0000000000400f30                free
 *(.iplt)
 .iplt          0x0000000000400f40        0x0 uspace/app_tetris.p/app_tetris_shapes.c.o

.plt.got        0x0000000000400f40        0x0
 *(.plt.got)
 .plt.got       0x0000000000400f40        0x0 uspace/app_tetris.p/app_tetris_shapes.c.o

.plt.sec
 *(.plt.sec)

.text           0x0000000000400f40     0x21bc
 *(.text.unlikely .text.*_unlikely .text.unlikely.*)
 *(.text.exit .text.exit.*)
 *(.text.startup .text.startup.*)
 .text.startup.main
                0x0000000000400f40      0x827 uspace/app_tetris.p/app_tetris_tetris.c.o
                0x0000000000400f40                main
 *(.text.hot .text.hot.*)
 *(SORT_BY_NAME(.text.sorted.*))
 *(.text .stub .text.* .gnu.linkonce.t.*)
 *fill*         0x0000000000401767        0x9 
 .text.fits_in  0x0000000000401770       0x54 uspace/app_tetris.p/app_tetris_shapes.c.o
                0x0000000000401770                fits_in
 *fill*         0x00000000004017c4        0xc 
 .text.place    0x00000000004017d0       0x94 uspace/app_tetris.p/app_tetris_shapes.c.o
                0x00000000004017d0                place
 *fill*         0x0000000000401864        0xc 
 .text.showscores
                0x0000000000401870       0xb9 uspace/app_tetris.p/app_tetris_scores.c.o
                0x0000000000401870                showscores
 *fill*         0x0000000000401929        0x7 
 .text.insertscore
                0x0000000000401930      0x38a uspace/app_tetris.p/app_tetris_scores.c.o
                0x0000000000401930                insertscore
 *fill*         0x0000000000401cba        0x6 
 .text.initscores
                0x0000000000401cc0       0x55 uspace/app_tetris.p/app_tetris_scores.c.o
                0x0000000000401cc0                initscores
 *fill*         0x0000000000401d15        0xb 
 .text.loadscores
                0x0000000000401d20       0x62 uspace/app_tetris.p/app_tetris_scores.c.o
                0x0000000000401d20                loadscores
 *fill*         0x0000000000401d82        0xe 
 .text.savescores
                0x0000000000401d90       0x6e uspace/app_tetris.p/app_tetris_scores.c.o
                0x0000000000401d90                savescores
 *fill*         0x0000000000401dfe        0x2 
 .text.usage    0x0000000000401e00       0x3a uspace/app_tetris.p/app_tetris_tetris.c.o
 *fill*         0x0000000000401e3a        0x6 
 .text.randshape
                0x0000000000401e40       0xfa uspace/app_tetris.p/app_tetris_tetris.c.o
 *fill*         0x0000000000401f3a        0x6 
 .text.tetris_menu_draw
                0x0000000000401f40      0x105 uspace/app_tetris.p/app_tetris_tetris.c.o
 *fill*         0x0000000000402045        0xb 
 .text.clear_screen
                0x0000000000402050       0x2d uspace/app_tetris.p/app_tetris_screen.c.o
                0x0000000000402050                clear_screen
 *fill*         0x000000000040207d        0x3 
 .text.scr_clear
                0x0000000000402080       0x48 uspace/app_tetris.p/app_tetris_screen.c.o
                0x0000000000402080                scr_clear
 *fill*         0x00000000004020c8        0x8 
 .text.moveto   0x00000000004020d0       0x2f uspace/app_tetris.p/app_tetris_screen.c.o
                0x00000000004020d0                moveto
 *fill*         0x00000000004020ff        0x1 
 .text.scr_end  0x0000000000402100       0x16 uspace/app_tetris.p/app_tetris_screen.c.o
                0x0000000000402100                scr_end
 *fill*         0x0000000000402116        0xa 
 .text.stop     0x0000000000402120       0x49 uspace/app_tetris.p/app_tetris_screen.c.o
                0x0000000000402120                stop
 *fill*         0x0000000000402169        0x7 
 .text.scr_set  0x0000000000402170      0x129 uspace/app_tetris.p/app_tetris_screen.c.o
                0x0000000000402170                scr_set
 *fill*         0x0000000000402299        0x7 
 .text.scr_init
                0x00000000004022a0       0x32 uspace/app_tetris.p/app_tetris_screen.c.o
                0x00000000004022a0                scr_init
 *fill*         0x00000000004022d2        0xe 
 .text.scr_update
                0x00000000004022e0      0x5b2 uspace/app_tetris.p/app_tetris_screen.c.o
                0x00000000004022e0                scr_update
 *fill*         0x0000000000402892        0xe 
 .text.scr_msg  0x00000000004028a0       0xb6 uspace/app_tetris.p/app_tetris_screen.c.o
                0x00000000004028a0                scr_msg
 *fill*         0x0000000000402956        0xa 
 .text.tsleep   0x0000000000402960       0x50 uspace/app_tetris.p/app_tetris_screen.c.o
                0x0000000000402960                tsleep
 .text.tgetchar
                0x00000000004029b0       0xb4 uspace/app_tetris.p/app_tetris_screen.c.o
                0x00000000004029b0                tgetchar
 *fill*         0x0000000000402a64        0xc 
 .text.twait    0x0000000000402a70       0x51 uspace/app_tetris.p/app_tetris_screen.c.o
                0x0000000000402a70                twait
 .text          0x0000000000402ac1        0xc uspace/lib/c/libstartfiles.a.p/arch_amd64_src_crt0.S.o
                0x0000000000402ac1                _start
 *fill*         0x0000000000402acd        0x3 
 .text.__c_start
                0x0000000000402ad0       0x8c uspace/lib/c/libstartfiles.a.p/generic_crt_crt1.c.o
                0x0000000000402ad0                __c_start
 *fill*         0x0000000000402b5c        0x4 
 .text.console_init
                0x0000000000402b60       0x7c uspace/lib/libconsole.a.p/console_src_console.c.o
                0x0000000000402b60                console_init
 *fill*         0x0000000000402bdc        0x4 
 .text.console_flush
                0x0000000000402be0        0xe uspace/lib/libconsole.a.p/console_src_console.c.o
                0x0000000000402be0                console_flush
 *fill*         0x0000000000402bee        0x2 
 .text.console_clear
                0x0000000000402bf0       0x2f uspace/lib/libconsole.a.p/console_src_console.c.o
                0x0000000000402bf0                console_clear
 *fill*         0x0000000000402c1f        0x1 
 .text.console_get_size
                0x0000000000402c20       0x4b uspace/lib/libconsole.a.p/console_src_console.c.o
                0x0000000000402c20                console_get_size
 *fill*         0x0000000000402c6b        0x5 
 .text.console_set_style
                0x0000000000402c70       0x31 uspace/lib/libconsole.a.p/console_src_console.c.o
                0x0000000000402c70                console_set_style
 *fill*         0x0000000000402ca1        0xf 
 .text.console_set_color
                0x0000000000402cb0       0x47 uspace/lib/libconsole.a.p/console_src_console.c.o
                0x0000000000402cb0                console_set_color
 *fill*         0x0000000000402cf7        0x9 
 .text.console_set_rgb_color
                0x0000000000402d00       0x42 uspace/lib/libconsole.a.p/console_src_console.c.o
                0x0000000000402d00                console_set_rgb_color
 *fill*         0x0000000000402d42        0xe 
 .text.console_cursor_visibility
                0x0000000000402d50       0x31 uspace/lib/libconsole.a.p/console_src_console.c.o
                0x0000000000402d50                console_cursor_visibility
 *fill*         0x0000000000402d81        0xf 
 .text.console_get_color_cap
                0x0000000000402d90       0x39 uspace/lib/libconsole.a.p/console_src_console.c.o
                0x0000000000402d90                console_get_color_cap
 *fill*         0x0000000000402dc9        0x7 
 .text.console_set_pos
                0x0000000000402dd0       0x44 uspace/lib/libconsole.a.p/console_src_console.c.o
                0x0000000000402dd0                console_set_pos
 *fill*         0x0000000000402e14        0xc 
 .text.console_get_event
                0x0000000000402e20      0x16d uspace/lib/libconsole.a.p/console_src_console.c.o
                0x0000000000402e20                console_get_event
 *fill*         0x0000000000402f8d        0x3 
 .text.console_get_event_timeout
                0x0000000000402f90      0x16c uspace/lib/libconsole.a.p/console_src_console.c.o
                0x0000000000402f90                console_get_event_timeout
 *(.gnu.warning)

.fini
 *(SORT_NONE(.fini))
                [!provide]                        PROVIDE (__etext = .)
                [!provide]                        PROVIDE (_etext = .)
                [!provide]                        PROVIDE (etext = .)

.rodata         0x0000000000403100      0x640
 *(.rodata .rodata.* .gnu.linkonce.r.*)
 .rodata.shapes
                0x0000000000403100      0x1c8 uspace/app_tetris.p/app_tetris_shapes.c.o
                0x0000000000403100                shapes
 .rodata.showscores.str1.8
                0x00000000004032c8      0x24a uspace/app_tetris.p/app_tetris_scores.c.o
                                         0x9b (size before relaxing)
 .rodata.showscores.str1.1
                0x0000000000403512      0x144 uspace/app_tetris.p/app_tetris_scores.c.o
                                         0x2d (size before relaxing)
 .rodata.insertscore.str1.1
                0x0000000000403656       0x21 uspace/app_tetris.p/app_tetris_scores.c.o
 .rodata.insertscore.str1.8
                0x0000000000403656       0x29 uspace/app_tetris.p/app_tetris_scores.c.o
 .rodata.initscores.str1.1
                0x0000000000403656        0xd uspace/app_tetris.p/app_tetris_scores.c.o
 .rodata.loadscores.str1.1
                0x0000000000403656       0x16 uspace/app_tetris.p/app_tetris_scores.c.o
 .rodata.savescores.str1.1
                0x0000000000403656       0x31 uspace/app_tetris.p/app_tetris_scores.c.o
 .rodata.usage.str1.8
                0x0000000000403656       0x1f uspace/app_tetris.p/app_tetris_tetris.c.o
 .rodata.tetris_menu_draw.str1.1
                0x0000000000403656       0x56 uspace/app_tetris.p/app_tetris_tetris.c.o
 .rodata.tetris_menu_draw.str1.8
                0x0000000000403656       0x71 uspace/app_tetris.p/app_tetris_tetris.c.o
 .rodata.main.str1.1
                0x0000000000403656       0x24 uspace/app_tetris.p/app_tetris_tetris.c.o
 .rodata.main.str1.8
                0x0000000000403656       0x72 uspace/app_tetris.p/app_tetris_tetris.c.o
 *fill*         0x0000000000403656        0xa 
 .rodata.copyright
                0x0000000000403660       0x63 uspace/app_tetris.p/app_tetris_tetris.c.o
 *fill*         0x00000000004036c3        0xd 
 .rodata.cst16  0x00000000004036d0       0x60 uspace/app_tetris.p/app_tetris_tetris.c.o
 .rodata.stop.str1.1
                0x0000000000403730        0xd uspace/app_tetris.p/app_tetris_screen.c.o
 .rodata.scr_set.str1.8
                0x0000000000403730       0x62 uspace/app_tetris.p/app_tetris_screen.c.o
 .rodata.scr_update.str1.1
                0x0000000000403730       0x24 uspace/app_tetris.p/app_tetris_screen.c.o
 .rodata.cst8   0x0000000000403730        0x8 uspace/app_tetris.p/app_tetris_screen.c.o
 .rodata.cst8   0x0000000000403738        0x8 uspace/lib/c/libstartfiles.a.p/generic_crt_crt1.c.o

.rodata1
 *(.rodata1)

.eh_frame_hdr   0x0000000000403740      0x134
 *(.eh_frame_hdr)
 .eh_frame_hdr  0x0000000000403740      0x134 uspace/app_tetris.p/app_tetris_shapes.c.o
                0x0000000000403740                __GNU_EH_FRAME_HDR
 *(.eh_frame_entry .eh_frame_entry.*)

.eh_frame       0x0000000000403878      0x5c4
 *(.eh_frame)
 .eh_frame      0x0000000000403878       0x60 uspace/app_tetris.p/app_tetris_shapes.c.o
 .eh_frame      0x00000000004038d8       0x28 uspace/app_tetris.p/app_tetris_shapes.c.o
                                         0x40 (size before relaxing)
 .eh_frame      0x0000000000403900        0x0 uspace/app_tetris.p/app_tetris_shapes.c.o
 .eh_frame      0x0000000000403900       0xe0 uspace/app_tetris.p/app_tetris_scores.c.o
                                         0xf8 (size before relaxing)
 .eh_frame      0x00000000004039e0       0xa0 uspace/app_tetris.p/app_tetris_tetris.c.o
                                         0xb8 (size before relaxing)
 .eh_frame      0x0000000000403a80      0x1b8 uspace/app_tetris.p/app_tetris_screen.c.o
                                        0x1d0 (size before relaxing)
 .eh_frame      0x0000000000403c38       0x20 uspace/lib/c/libstartfiles.a.p/generic_crt_crt1.c.o
                                         0x38 (size before relaxing)
 .eh_frame      0x0000000000403c58      0x1e4 uspace/lib/libconsole.a.p/console_src_console.c.o
                                        0x318 (size before relaxing)
 *(.eh_frame.*)

.sframe         0x0000000000403e3c        0x0
 *(.sframe)
 .sframe        0x0000000000403e3c        0x0 uspace/app_tetris.p/app_tetris_shapes.c.o
 *(.sframe.*)

.gcc_except_table
 *(.gcc_except_table .gcc_except_table.*)

.gnu_extab
 *(.gnu_extab*)

.exception_ranges
 *(.exception_ranges*)
                0x0000000000404e3c                . = DATA_SEGMENT_ALIGN (CONSTANT (MAXPAGESIZE), CONSTANT (COMMONPAGESIZE))

.eh_frame
 *(.eh_frame)
 *(.eh_frame.*)

.sframe
 *(.sframe)
 *(.sframe.*)

.gnu_extab
 *(.gnu_extab)

.gcc_except_table
 *(.gcc_except_table .gcc_except_table.*)

.exception_ranges
 *(.exception_ranges*)

.tdata          0x0000000000404e3c        0x0
                [!provide]                        PROVIDE (__tdata_start = .)
 *(.tdata .tdata.* .gnu.linkonce.td.*)

.tbss
 *(.tbss .tbss.* .gnu.linkonce.tb.*)
 *(.tcommon)

.preinit_array  0x0000000000404e3c        0x0
                0x0000000000404e3c                PROVIDE (__preinit_array_start = .)
 *(.preinit_array)
                0x0000000000404e3c                PROVIDE (__preinit_array_end = .)

.init_array     0x0000000000404e3c        0x0
                0x0000000000404e3c                PROVIDE (__init_array_start = .)
 *(SORT_BY_INIT_PRIORITY(.init_array.*) SORT_BY_INIT_PRIORITY(.ctors.*))
 *(.init_array EXCLUDE_FILE(*crtend?.o *crtend.o *crtbegin?.o *crtbegin.o) .ctors)
                0x0000000000404e3c                PROVIDE (__init_array_end = .)

.fini_array     0x0000000000404e3c        0x0
                0x0000000000404e3c                PROVIDE (__fini_array_start = .)
 *(SORT_BY_INIT_PRIORITY(.fini_array.*) SORT_BY_INIT_PRIORITY(.dtors.*))
 *(.fini_array EXCLUDE_FILE(*crtend?.o *crtend.o *crtbegin?.o *crtbegin.o) .dtors)
                0x0000000000404e3c                PROVIDE (__fini_array_end = .)

.ctors
 *crtbegin.o(.ctors)
 *crtbegin?.o(.ctors)
 *(EXCLUDE_FILE(*crtend?.o *crtend.o) .ctors)
 *(SORT_BY_NAME(.ctors.*))
 *(.ctors)

.dtors
 *crtbegin.o(.dtors)
 *crtbegin?.o(.dtors)
 *(EXCLUDE_FILE(*crtend?.o *crtend.o) .dtors)
 *(SORT_BY_NAME(.dtors.*))
 *(.dtors)

.jcr
 *(.jcr)

.data.rel.ro    0x0000000000404e3c        0x0
 *(.data.rel.ro.local* .gnu.linkonce.d.rel.ro.local.*)
 *(.data.rel.ro .data.rel.ro.* .gnu.linkonce.d.rel.ro.*)
 .data.rel.ro   0x0000000000404e3c        0x0 uspace/app_tetris.p/app_tetris_shapes.c.o

.dynamic        0x0000000000404e40      0x150
 *(.dynamic)
 .dynamic       0x0000000000404e40      0x150 uspace/app_tetris.p/app_tetris_shapes.c.o
                0x0000000000404e40                _DYNAMIC

.got            0x0000000000404f90        0x0
 *(.got)
 .got           0x0000000000404f90        0x0 uspace/app_tetris.p/app_tetris_shapes.c.o
 *(.igot)
                0x0000000000404f90                . = DATA_SEGMENT_RELRO_END (., (SIZEOF (.got.plt) >= 0x18)?0x18:0x0)

.got.plt        0x0000000000404f90      0x150
 *(.got.plt)
 .got.plt       0x0000000000404f90      0x150 uspace/app_tetris.p/app_tetris_shapes.c.o
                0x0000000000404f90                _GLOBAL_OFFSET_TABLE_
 *(.igot.plt)
 .igot.plt      0x00000000004050e0        0x0 uspace/app_tetris.p/app_tetris_shapes.c.o

.data           0x00000000004050e0       0x28
 *(.data .data.* .gnu.linkonce.d.*)
 .data.msg.0    0x00000000004050e0       0x22 uspace/app_tetris.p/app_tetris_tetris.c.o
 *fill*         0x0000000000405102        0x2 
 .data.firstgame
                0x0000000000405104        0x4 uspace/app_tetris.p/app_tetris_tetris.c.o

.data1
 *(.data1)
                0x0000000000405108                _edata = .
                [!provide]                        PROVIDE (edata = .)
                0x0000000000405108                . = .
                0x0000000000405108                __bss_start = .

.bss            0x0000000000405120      0xe10
 *(.dynbss)
 .dynbss        0x0000000000405120       0xa8 uspace/app_tetris.p/app_tetris_shapes.c.o
                0x0000000000405120                stdout
                0x0000000000405128                optarg
                0x0000000000405130                optind
                0x0000000000405140                stdin
                0x0000000000405160                __progsymbols
                0x00000000004051c0                stderr
 *(.bss .bss.* .gnu.linkonce.b.*)
 *fill*         0x00000000004051c8       0x18 
 .bss.scores    0x00000000004051e0      0x3c8 uspace/app_tetris.p/app_tetris_scores.c.o
 .bss.classic   0x00000000004055a8        0x4 uspace/app_tetris.p/app_tetris_tetris.c.o
                0x00000000004055a8                classic
 .bss.showpreview
                0x00000000004055ac        0x4 uspace/app_tetris.p/app_tetris_tetris.c.o
                0x00000000004055ac                showpreview
 *fill*         0x00000000004055b0       0x10 
 .bss.key_msg   0x00000000004055c0       0x74 uspace/app_tetris.p/app_tetris_tetris.c.o
                0x00000000004055c0                key_msg
 .bss.score     0x0000000000405634        0x4 uspace/app_tetris.p/app_tetris_tetris.c.o
                0x0000000000405634                score
 .bss.fallrate  0x0000000000405638        0x8 uspace/app_tetris.p/app_tetris_tetris.c.o
                0x0000000000405638                fallrate
 .bss.nextshape
                0x0000000000405640        0x8 uspace/app_tetris.p/app_tetris_tetris.c.o
                0x0000000000405640                nextshape
 .bss.curshape  0x0000000000405648        0x8 uspace/app_tetris.p/app_tetris_tetris.c.o
                0x0000000000405648                curshape
 .bss.Cols      0x0000000000405650        0x4 uspace/app_tetris.p/app_tetris_tetris.c.o
                0x0000000000405650                Cols
 .bss.Rows      0x0000000000405654        0x4 uspace/app_tetris.p/app_tetris_tetris.c.o
                0x0000000000405654                Rows
 *fill*         0x0000000000405658        0x8 
 .bss.board     0x0000000000405660      0x450 uspace/app_tetris.p/app_tetris_tetris.c.o
                0x0000000000405660                board
 .bss.console   0x0000000000405ab0        0x8 uspace/app_tetris.p/app_tetris_screen.c.o
                0x0000000000405ab0                console
 .bss.size_changed
                0x0000000000405ab8        0x1 uspace/app_tetris.p/app_tetris_screen.c.o
                0x0000000000405ab8                size_changed
 *fill*         0x0000000000405ab9        0x7 
 .bss.timeleft  0x0000000000405ac0        0x8 uspace/app_tetris.p/app_tetris_screen.c.o
 .bss.lastshape
                0x0000000000405ac8        0x8 uspace/app_tetris.p/app_tetris_screen.c.o
 .bss.use_color
                0x0000000000405ad0        0x1 uspace/app_tetris.p/app_tetris_screen.c.o
 .bss.use_rgb   0x0000000000405ad1        0x1 uspace/app_tetris.p/app_tetris_screen.c.o
 *fill*         0x0000000000405ad2        0x2 
 .bss.isset     0x0000000000405ad4        0x4 uspace/app_tetris.p/app_tetris_screen.c.o
 .bss.curscore  0x0000000000405ad8        0x4 uspace/app_tetris.p/app_tetris_screen.c.o
 *fill*         0x0000000000405adc        0x4 
 .bss.curscreen
                0x0000000000405ae0      0x450 uspace/app_tetris.p/app_tetris_screen.c.o
 *(COMMON)
                0x0000000000405f30                . = ALIGN ((. != 0x0)?0x8:0x1)

.lbss
 *(.dynlbss)
 *(.lbss .lbss.* .gnu.linkonce.lb.*)
 *(LARGE_COMMON)
                0x0000000000405f30                . = ALIGN (0x8)
                0x0000000000405f30                . = SEGMENT_START ("ldata-segment", .)

.lrodata
 *(.lrodata .lrodata.* .gnu.linkonce.lr.*)

.ldata          0x0000000000407f30        0x0
 *(.ldata .ldata.* .gnu.linkonce.l.*)
                0x0000000000407f30                . = ALIGN ((. != 0x0)?0x8:0x1)
                0x0000000000407f30                . = ALIGN (0x8)
                0x0000000000405f30                _end = .
                [!provide]                        PROVIDE (end = .)
                0x0000000000407f30                . = DATA_SEGMENT_END (.)

.stab
 *(.stab)

.stabstr
 *(.stabstr)

.stab.excl
 *(.stab.excl)

.stab.exclstr
 *(.stab.exclstr)

.stab.index
 *(.stab.index)

.stab.indexstr
 *(.stab.indexstr)

.comment        0x0000000000000000       0x12
 *(.comment)
 .comment       0x0000000000000000       0x12 uspace/app_tetris.p/app_tetris_shapes.c.o
                                         0x13 (size before relaxing)
 .comment       0x0000000000000012       0x13 uspace/app_tetris.p/app_tetris_scores.c.o
 .comment       0x0000000000000012       0x13 uspace/app_tetris.p/app_tetris_tetris.c.o
 .comment       0x0000000000000012       0x13 uspace/app_tetris.p/app_tetris_screen.c.o
 .comment       0x0000000000000012       0x13 uspace/lib/c/libstartfiles.a.p/generic_crt_crt1.c.o
 .comment       0x0000000000000012       0x13 uspace/lib/libconsole.a.p/console_src_console.c.o

.gnu.build.attributes
 *(.gnu.build.attributes .gnu.build.attributes.*)

.debug
 *(.debug)

.line
 *(.line)

.debug_srcinfo
 *(.debug_srcinfo)

.debug_sfnames
 *(.debug_sfnames)

.debug_aranges
 *(.debug_aranges)

.debug_pubnames
 *(.debug_pubnames)

.debug_info
 *(.debug_info .gnu.linkonce.wi.*)

.debug_abbrev
 *(.debug_abbrev)

.debug_line
 *(.debug_line .debug_line.* .debug_line_end)

.debug_frame
 *(.debug_frame)

.debug_str
 *(.debug_str)

.debug_loc
 *(.debug_loc)

.debug_macinfo
 *(.debug_macinfo)

.debug_weaknames
 *(.debug_weaknames)

.debug_funcnames
 *(.debug_funcnames)

.debug_typenames
 *(.debug_typenames)

.debug_varnames
 *(.debug_varnames)

.debug_pubtypes
 *(.debug_pubtypes)

.debug_ranges
 *(.debug_ranges)

.debug_addr
 *(.debug_addr)

.debug_line_str
 *(.debug_line_str)

.debug_loclists
 *(.debug_loclists)

.debug_macro
 *(.debug_macro)

.debug_names
 *(.debug_names)

.debug_rnglists
 *(.debug_rnglists)

.debug_str_offsets
 *(.debug_str_offsets)

.debug_sup
 *(.debug_sup)

.gnu.attributes
 *(.gnu.attributes)

/DISCARD/
 *(.note.GNU-stack)
 *(.gnu_debuglink)
 *(.gnu.lto_*)
OUTPUT(uspace/app_tetris elf64-x86-64)
