Archive member included to satisfy reference by file (symbol)

uspace/lib/c/libstartfiles.a.p/arch_amd64_src_crt0.S.o
                              (--whole-archive)
uspace/lib/c/libstartfiles.a.p/generic_crt_crt1.c.o
                              (--whole-archive)
uspace/lib/libui.a.p/ui_src_fixed.c.o
                              uspace/app_hello.p/app_hello_hello.c.o (ui_fixed_create)
uspace/lib/libui.a.p/ui_src_label.c.o
                              uspace/app_hello.p/app_hello_hello.c.o (ui_label_create)
uspace/lib/libui.a.p/ui_src_ui.c.o
                              uspace/app_hello.p/app_hello_hello.c.o (ui_destroy)
uspace/lib/libui.a.p/ui_src_wdecor.c.o
                              uspace/lib/libui.a.p/ui_src_ui.c.o (ui_wdecor_paint)
uspace/lib/libui.a.p/ui_src_window.c.o
                              uspace/app_hello.p/app_hello_hello.c.o (ui_wnd_params_init)
uspace/lib/libui.a.p/ui_src_clickmatic.c.o
                              uspace/lib/libui.a.p/ui_src_ui.c.o (ui_clickmatic_create)
uspace/lib/libui.a.p/ui_src_control.c.o
                              uspace/lib/libui.a.p/ui_src_fixed.c.o (ui_control_new)
uspace/lib/libui.a.p/ui_src_dummygc.c.o
                              uspace/lib/libui.a.p/ui_src_window.c.o (dummygc_create)
uspace/lib/libui.a.p/ui_src_menu.c.o
                              uspace/lib/libui.a.p/ui_src_window.c.o (ui_menu_create)
uspace/lib/libui.a.p/ui_src_menubar.c.o
                              uspace/lib/libui.a.p/ui_src_window.c.o (ui_menu_bar_press_accel)
uspace/lib/libui.a.p/ui_src_menudd.c.o
                              uspace/lib/libui.a.p/ui_src_menubar.c.o (ui_menu_dd_destroy)
uspace/lib/libui.a.p/ui_src_menuentry.c.o
                              uspace/lib/libui.a.p/ui_src_window.c.o (ui_menu_entry_create)
uspace/lib/libui.a.p/ui_src_paint.c.o
                              uspace/lib/libui.a.p/ui_src_wdecor.c.o (ui_paint_bevel)
uspace/lib/libui.a.p/ui_src_pbutton.c.o
                              uspace/lib/libui.a.p/ui_src_wdecor.c.o (ui_pbutton_create)
uspace/lib/libui.a.p/ui_src_popup.c.o
                              uspace/lib/libui.a.p/ui_src_menu.c.o (ui_popup_params_init)
uspace/lib/libui.a.p/ui_src_resource.c.o
                              uspace/lib/libui.a.p/ui_src_window.c.o (ui_resource_create)
uspace/lib/libui.a.p/ui_src_accel.c.o
                              uspace/lib/libui.a.p/ui_src_paint.c.o (ui_accel_process)
uspace/lib/libgfx.a.p/gfx_src_bitmap.c.o
                              uspace/lib/libui.a.p/ui_src_window.c.o (gfx_bitmap_params_init)
uspace/lib/libgfx.a.p/gfx_src_color.c.o
                              uspace/lib/libui.a.p/ui_src_resource.c.o (gfx_color_new_rgb_i16)
uspace/lib/libgfx.a.p/gfx_src_coord.c.o
                              uspace/lib/libui.a.p/ui_src_window.c.o (gfx_coord2_add)
uspace/lib/libgfx.a.p/gfx_src_context.c.o
                              uspace/lib/libui.a.p/ui_src_dummygc.c.o (gfx_context_new)
uspace/lib/libgfx.a.p/gfx_src_cursor.c.o
                              uspace/lib/libui.a.p/ui_src_window.c.o (gfx_cursor_get_pos)
uspace/lib/libgfx.a.p/gfx_src_render.c.o
                              uspace/lib/libui.a.p/ui_src_label.c.o (gfx_set_color)
uspace/lib/libgfxfont.a.p/gfxfont_src_font.c.o
                              uspace/lib/libui.a.p/ui_src_resource.c.o (gfx_font_create_textmode)
uspace/lib/libgfxfont.a.p/gfxfont_src_glyph.c.o
                              uspace/lib/libgfxfont.a.p/gfxfont_src_font.c.o (gfx_glyph_destroy)
uspace/lib/libgfxfont.a.p/gfxfont_src_text.c.o
                              uspace/lib/libui.a.p/ui_src_label.c.o (gfx_text_fmt_init)
uspace/lib/libgfxfont.a.p/gfxfont_src_typeface.c.o
                              uspace/lib/libui.a.p/ui_src_resource.c.o (gfx_typeface_create)
uspace/lib/libriff.a.p/riff_src_chunk.c.o
                              uspace/lib/libgfxfont.a.p/gfxfont_src_typeface.c.o (riff_wopen)
uspace/lib/libmemgfx.a.p/memgfx_src_memgc.c.o
                              uspace/lib/libui.a.p/ui_src_window.c.o (mem_gc_create)
uspace/lib/libmemgfx.a.p/memgfx_src_xlategc.c.o
                              uspace/lib/libui.a.p/ui_src_window.c.o (xlate_gc_set_off)
uspace/lib/libdisplay.a.p/display_src_display.c.o
                              uspace/lib/libui.a.p/ui_src_ui.c.o (display_open)
uspace/lib/libipcgfx.a.p/ipcgfx_src_client.c.o
                              uspace/lib/libdisplay.a.p/display_src_display.c.o (ipc_gc_create)
uspace/lib/libcongfx.a.p/congfx_src_console.c.o
                              uspace/lib/libui.a.p/ui_src_ui.c.o (console_gc_create)
uspace/lib/libconsole.a.p/console_src_console.c.o
                              uspace/lib/libui.a.p/ui_src_ui.c.o (console_init)

As-needed library included to satisfy reference by file (symbol)

libc.so.0                     uspace/lib/libui.a.p/ui_src_ui.c.o (task_retval)

Discarded input sections

 .text          0x0000000000000000        0x0 uspace/app_hello.p/app_hello_hello.c.o
[...]
Memory Configuration

Name             Origin             Length             Attributes
*default*        0x0000000000000000 0xffffffffffffffff

Linker script and memory map

LOAD uspace/app_hello.p/app_hello_hello.c.o
START GROUP
LOAD uspace/lib/c/libstartfiles.a
LOAD uspace/lib/libui.a
LOAD uspace/lib/libgfx.a
LOAD uspace/lib/libc.so.0.0
LOAD uspace/lib/libgfxfont.a
LOAD uspace/lib/libriff.a
LOAD uspace/lib/libmemgfx.a
LOAD uspace/lib/libdisplay.a
LOAD uspace/lib/libipcgfx.a
LOAD uspace/lib/libinput.a
LOAD uspace/lib/libcongfx.a
LOAD uspace/lib/libconsole.a
LOAD uspace/lib/liboutput.a
LOAD uspace/lib/libclipboard.a
LOAD /home/zyc/.local/share/HelenOS/cross/lib/gcc/amd64-helenos/13.2.0/libgcc.a
END GROUP
                0x0000000000400000                PROVIDE (__executable_start = SEGMENT_START ("text-segment", 0x400000))
                0x0000000000400120                . = (SEGMENT_START ("text-segment", 0x400000) + SIZEOF_HEADERS)

.interp
 *(.interp)

.note.gnu.build-id
 *(.note.gnu.build-id)

.hash           0x0000000000400120      0x22c
 *(.hash)
 .hash          0x0000000000400120      0x22c uspace/app_hello.p/app_hello_hello.c.o

.gnu.hash
 *(.gnu.hash)

.dynsym         0x0000000000400350      0x690
 *(.dynsym)
 .dynsym        0x0000000000400350      0x690 uspace/app_hello.p/app_hello_hello.c.o

.dynstr         0x00000000004009e0      0x3c5
 *(.dynstr)
 .dynstr        0x00000000004009e0      0x3c5 uspace/app_hello.p/app_hello_hello.c.o

.gnu.version    0x0000000000400da6        0x0
 *(.gnu.version)
 .gnu.version   0x0000000000400da6        0x0 uspace/app_hello.p/app_hello_hello.c.o

.gnu.version_d  0x0000000000400da8        0x0
 *(.gnu.version_d)
 .gnu.version_d
                0x0000000000400da8        0x0 uspace/app_hello.p/app_hello_hello.c.o

.gnu.version_r  0x0000000000400da8        0x0
 *(.gnu.version_r)
 .gnu.version_r
                0x0000000000400da8        0x0 uspace/app_hello.p/app_hello_hello.c.o

.rela.dyn       0x0000000000400da8       0x48
 *(.rela.init)
 *(.rela.text .rela.text.* .rela.gnu.linkonce.t.*)
 .rela.text.__c_start
                0x0000000000400da8        0x0 uspace/app_hello.p/app_hello_hello.c.o
 .rela.text.ui_create
                0x0000000000400da8        0x0 uspace/app_hello.p/app_hello_hello.c.o
 *(.rela.fini)
 *(.rela.rodata .rela.rodata.* .rela.gnu.linkonce.r.*)
 .rela.rodata.cst8
                0x0000000000400da8        0x0 uspace/app_hello.p/app_hello_hello.c.o
 *(.rela.data .rela.data.* .rela.gnu.linkonce.d.*)
 .rela.data.rel.ro
                0x0000000000400da8        0x0 uspace/app_hello.p/app_hello_hello.c.o
 *(.rela.tdata .rela.tdata.* .rela.gnu.linkonce.td.*)
 *(.rela.tbss .rela.tbss.* .rela.gnu.linkonce.tb.*)
 *(.rela.ctors)
 *(.rela.dtors)
 *(.rela.got)
 .rela.got      0x0000000000400da8        0x0 uspace/app_hello.p/app_hello_hello.c.o
 *(.rela.bss .rela.bss.* .rela.gnu.linkonce.b.*)
 .rela.bss      0x0000000000400da8       0x48 uspace/app_hello.p/app_hello_hello.c.o
 *(.rela.ldata .rela.ldata.* .rela.gnu.linkonce.l.*)
 *(.rela.lbss .rela.lbss.* .rela.gnu.linkonce.lb.*)
 *(.rela.lrodata .rela.lrodata.* .rela.gnu.linkonce.lr.*)
 *(.rela.ifunc)

.rela.plt       0x0000000000400df0      0x630
 *(.rela.plt)
 .rela.plt      0x0000000000400df0      0x630 uspace/app_hello.p/app_hello_hello.c.o
                [!provide]                        PROVIDE (__rela_iplt_start = .)
 *(.rela.iplt)
 .rela.iplt     0x0000000000401420        0x0 uspace/app_hello.p/app_hello_hello.c.o
                [!provide]                        PROVIDE (__rela_iplt_end = .)

.relr.dyn
 *(.relr.dyn)

.init
 *(SORT_NONE(.init))

.plt            0x0000000000401420      0x430
 *(.plt)
 .plt           0x0000000000401420      0x430 uspace/app_hello.p/app_hello_hello.c.o
                0x0000000000401430                vfs_fsession
                0x0000000000401440                async_connect_me_to
                0x0000000000401450                task_retval
                0x0000000000401460                loc_service_connect
                0x0000000000401470                printf
                0x0000000000401480                async_hangup
                0x0000000000401490                async_send_2
                0x00000000004014a0                async_req_0_2
                0x00000000004014b0                async_wait_for
                0x00000000004014c0                async_data_write_start
                0x00000000004014d0                str_width
                0x00000000004014e0                async_get_call
                0x00000000004014f0                str_decode
                0x0000000000401500                str_ndup
                0x0000000000401510                async_send_1
                0x0000000000401520                puts
                0x0000000000401530                tolower
                0x0000000000401540                malloc
                0x0000000000401550                async_req_1_0
                0x0000000000401560                loc_service_get_id
                0x0000000000401570                as_area_destroy
                0x0000000000401580                async_answer_0
                0x0000000000401590                async_share_in_start_0_0
                0x00000000004015a0                fibril_condvar_wait
                0x00000000004015b0                async_exchange_end
                0x00000000004015c0                str_chr
                0x00000000004015d0                calloc
                0x00000000004015e0                fibril_condvar_initialize
                0x00000000004015f0                str_test_prefix
                0x0000000000401600                fibril_condvar_broadcast
                0x0000000000401610                async_send_3
                0x0000000000401620                fseek
                0x0000000000401630                fibril_mutex_unlock
                0x0000000000401640                str_dup
                0x0000000000401650                async_wait_timeout
                0x0000000000401660                isalpha
                0x0000000000401670                async_create_callback_port
                0x0000000000401680                str_cmp
                0x0000000000401690                fread
                0x00000000004016a0                ts_sub_diff
                0x00000000004016b0                fopen
                0x00000000004016c0                __helenos_assert_abort
                0x00000000004016d0                ftell
                0x00000000004016e0                async_data_read_start
                0x00000000004016f0                fclose
                0x0000000000401700                str_cpy
                0x0000000000401710                getuptime
                0x0000000000401720                fibril_usleep
                0x0000000000401730                str_size
                0x0000000000401740                str_uint64_t
                0x0000000000401750                str_length
                0x0000000000401760                str_lcmp
                0x0000000000401770                async_exchange_begin
                0x0000000000401780                async_send_0
                0x0000000000401790                async_share_out_start
                0x00000000004017a0                as_area_get_info
                0x00000000004017b0                __libc_main
                0x00000000004017c0                async_forget
                0x00000000004017d0                async_req_0_0
                0x00000000004017e0                async_req_2_0
                0x00000000004017f0                as_area_create
                0x0000000000401800                async_req_3_0
                0x0000000000401810                fibril_timer_create
                0x0000000000401820                async_req_4_0
                0x0000000000401830                free
                0x0000000000401840                fibril_mutex_lock
 *(.iplt)
 .iplt          0x0000000000401850        0x0 uspace/app_hello.p/app_hello_hello.c.o

.plt.got        0x0000000000401850        0x0
 *(.plt.got)
 .plt.got       0x0000000000401850        0x0 uspace/app_hello.p/app_hello_hello.c.o

.plt.sec
 *(.plt.sec)

.text           0x0000000000401850     0xf88f
 *(.text.unlikely .text.*_unlikely .text.unlikely.*)
 *(.text.exit .text.exit.*)
 *(.text.startup .text.startup.*)
 .text.startup.main
                0x0000000000401850      0x2fa uspace/app_hello.p/app_hello_hello.c.o
                0x0000000000401850                main
 *(.text.hot .text.hot.*)
 *(SORT_BY_NAME(.text.sorted.*))
 *(.text .stub .text.* .gnu.linkonce.t.*)
 *fill*         0x0000000000401b4a        0x6 
 .text.wnd_close
                0x0000000000401b50        0xd uspace/app_hello.p/app_hello_hello.c.o
 .text          0x0000000000401b5d        0xc uspace/lib/c/libstartfiles.a.p/arch_amd64_src_crt0.S.o
                0x0000000000401b5d                _start
 *fill*         0x0000000000401b69        0x7 
 .text.__c_start
                0x0000000000401b70       0x8c uspace/lib/c/libstartfiles.a.p/generic_crt_crt1.c.o
                0x0000000000401b70                __c_start
 *fill*         0x0000000000401bfc        0x4 
 .text.ui_fixed_ctl_unfocus
                0x0000000000401c00       0x51 uspace/lib/libui.a.p/ui_src_fixed.c.o
 *fill*         0x0000000000401c51        0xf 
 .text.ui_fixed_ctl_pos_event
                0x0000000000401c60       0x66 uspace/lib/libui.a.p/ui_src_fixed.c.o
 *fill*         0x0000000000401cc6        0xa 
 .text.ui_fixed_ctl_kbd_event
                0x0000000000401cd0       0x66 uspace/lib/libui.a.p/ui_src_fixed.c.o
 *fill*         0x0000000000401d36        0xa 
 .text.ui_fixed_ctl_paint
                0x0000000000401d40       0x5b uspace/lib/libui.a.p/ui_src_fixed.c.o
 *fill*         0x0000000000401d9b        0x5 
 .text.ui_fixed_create
                0x0000000000401da0       0x7e uspace/lib/libui.a.p/ui_src_fixed.c.o
                0x0000000000401da0                ui_fixed_create
 *fill*         0x0000000000401e1e        0x2 
 .text.ui_fixed_destroy
                0x0000000000401e20       0xb2 uspace/lib/libui.a.p/ui_src_fixed.c.o
                0x0000000000401e20                ui_fixed_destroy
 *fill*         0x0000000000401ed2        0xe 
 .text.ui_fixed_ctl_destroy
                0x0000000000401ee0        0xa uspace/lib/libui.a.p/ui_src_fixed.c.o
 *fill*         0x0000000000401eea        0x6 
 .text.ui_fixed_ctl
                0x0000000000401ef0        0x9 uspace/lib/libui.a.p/ui_src_fixed.c.o
                0x0000000000401ef0                ui_fixed_ctl
 *fill*         0x0000000000401ef9        0x7 
 .text.ui_fixed_add
                0x0000000000401f00       0x56 uspace/lib/libui.a.p/ui_src_fixed.c.o
                0x0000000000401f00                ui_fixed_add
 *fill*         0x0000000000401f56        0xa 
 .text.ui_label_ctl_pos_event
                0x0000000000401f60        0xb uspace/lib/libui.a.p/ui_src_label.c.o
 *fill*         0x0000000000401f6b        0x5 
 .text.ui_label_ctl_destroy
                0x0000000000401f70       0x31 uspace/lib/libui.a.p/ui_src_label.c.o
 *fill*         0x0000000000401fa1        0xf 
 .text.ui_label_ctl_paint
                0x0000000000401fb0      0x14b uspace/lib/libui.a.p/ui_src_label.c.o
 *fill*         0x00000000004020fb        0x5 
 .text.ui_label_create
                0x0000000000402100       0xa8 uspace/lib/libui.a.p/ui_src_label.c.o
                0x0000000000402100                ui_label_create
 *fill*         0x00000000004021a8        0x8 
 .text.ui_label_ctl
                0x00000000004021b0        0x9 uspace/lib/libui.a.p/ui_src_label.c.o
                0x00000000004021b0                ui_label_ctl
 *fill*         0x00000000004021b9        0x7 
 .text.ui_label_set_rect
                0x00000000004021c0        0xe uspace/lib/libui.a.p/ui_src_label.c.o
                0x00000000004021c0                ui_label_set_rect
 *fill*         0x00000000004021ce        0x2 
 .text.ui_label_set_halign
                0x00000000004021d0        0x9 uspace/lib/libui.a.p/ui_src_label.c.o
                0x00000000004021d0                ui_label_set_halign
 *fill*         0x00000000004021d9        0x7 
 .text.ui_label_set_valign
                0x00000000004021e0        0x9 uspace/lib/libui.a.p/ui_src_label.c.o
                0x00000000004021e0                ui_label_set_valign
 *fill*         0x00000000004021e9        0x7 
 .text.ui_destroy
                0x00000000004021f0       0x61 uspace/lib/libui.a.p/ui_src_ui.c.o
                0x00000000004021f0                ui_destroy
 *fill*         0x0000000000402251        0xf 
 .text.ui_run   0x0000000000402260      0x161 uspace/lib/libui.a.p/ui_src_ui.c.o
                0x0000000000402260                ui_run
 *fill*         0x00000000004023c1        0xf 
 .text.ui_paint
                0x00000000004023d0       0xd0 uspace/lib/libui.a.p/ui_src_ui.c.o
                0x00000000004023d0                ui_paint
 .text.ui_create
                0x00000000004024a0      0x4df uspace/lib/libui.a.p/ui_src_ui.c.o
                0x00000000004024a0                ui_create
 *fill*         0x000000000040297f        0x1 
 .text.ui_lock  0x0000000000402980        0xe uspace/lib/libui.a.p/ui_src_ui.c.o
                0x0000000000402980                ui_lock
 *fill*         0x000000000040298e        0x2 
 .text.ui_unlock
                0x0000000000402990        0xe uspace/lib/libui.a.p/ui_src_ui.c.o
                0x0000000000402990                ui_unlock
 *fill*         0x000000000040299e        0x2 
 .text.ui_quit  0x00000000004029a0        0xa uspace/lib/libui.a.p/ui_src_ui.c.o
                0x00000000004029a0                ui_quit
 *fill*         0x00000000004029aa        0x6 
 .text.ui_is_textmode
                0x00000000004029b0        0xd uspace/lib/libui.a.p/ui_src_ui.c.o
                0x00000000004029b0                ui_is_textmode
 *fill*         0x00000000004029bd        0x3 
 .text.ui_is_fullscreen
                0x00000000004029c0        0xe uspace/lib/libui.a.p/ui_src_ui.c.o
                0x00000000004029c0                ui_is_fullscreen
 *fill*         0x00000000004029ce        0x2 
 .text.ui_wdecor_btn_min_clicked
                0x00000000004029d0       0x22 uspace/lib/libui.a.p/ui_src_wdecor.c.o
 *fill*         0x00000000004029f2        0xe 
 .text.ui_wdecor_btn_close_clicked
                0x0000000000402a00       0x22 uspace/lib/libui.a.p/ui_src_wdecor.c.o
 *fill*         0x0000000000402a22        0xe 
 .text.ui_wdecor_btn_min_paint
                0x0000000000402a30       0x1d uspace/lib/libui.a.p/ui_src_wdecor.c.o
 *fill*         0x0000000000402a4d        0x3 
 .text.ui_wdecor_btn_max_paint
                0x0000000000402a50       0x40 uspace/lib/libui.a.p/ui_src_wdecor.c.o
 .text.ui_wdecor_btn_max_clicked
                0x0000000000402a90       0x3d uspace/lib/libui.a.p/ui_src_wdecor.c.o
 *fill*         0x0000000000402acd        0x3 
 .text.ui_wdecor_btn_close_paint
                0x0000000000402ad0       0x63 uspace/lib/libui.a.p/ui_src_wdecor.c.o
 *fill*         0x0000000000402b33        0xd 
 .text.ui_wdecor_create
                0x0000000000402b40      0x1a2 uspace/lib/libui.a.p/ui_src_wdecor.c.o
                0x0000000000402b40                ui_wdecor_create
 *fill*         0x0000000000402ce2        0xe 
 .text.ui_wdecor_destroy
                0x0000000000402cf0       0x49 uspace/lib/libui.a.p/ui_src_wdecor.c.o
                0x0000000000402cf0                ui_wdecor_destroy
 *fill*         0x0000000000402d39        0x7 
 .text.ui_wdecor_set_cb
                0x0000000000402d40        0xe uspace/lib/libui.a.p/ui_src_wdecor.c.o
                0x0000000000402d40                ui_wdecor_set_cb
 *fill*         0x0000000000402d4e        0x2 
 .text.ui_wdecor_set_rect
                0x0000000000402d50      0x3f2 uspace/lib/libui.a.p/ui_src_wdecor.c.o
                0x0000000000402d50                ui_wdecor_set_rect
 *fill*         0x0000000000403142        0xe 
 .text.ui_wdecor_set_active
                0x0000000000403150        0xa uspace/lib/libui.a.p/ui_src_wdecor.c.o
                0x0000000000403150                ui_wdecor_set_active
 *fill*         0x000000000040315a        0x6 
 .text.ui_wdecor_set_maximized
                0x0000000000403160        0xa uspace/lib/libui.a.p/ui_src_wdecor.c.o
                0x0000000000403160                ui_wdecor_set_maximized
 *fill*         0x000000000040316a        0x6 
 .text.ui_wdecor_sysmenu_hdl_paint_gfx
                0x0000000000403170       0xde uspace/lib/libui.a.p/ui_src_wdecor.c.o
                0x0000000000403170                ui_wdecor_sysmenu_hdl_paint_gfx
 *fill*         0x000000000040324e        0x2 
 .text.ui_wdecor_sysmenu_hdl_paint
                0x0000000000403250       0xa9 uspace/lib/libui.a.p/ui_src_wdecor.c.o
                0x0000000000403250                ui_wdecor_sysmenu_hdl_paint
 *fill*         0x00000000004032f9        0x7 
 .text.ui_wdecor_sysmenu_hdl_set_active
                0x0000000000403300      0x4dc uspace/lib/libui.a.p/ui_src_wdecor.c.o
                0x0000000000403300                ui_wdecor_sysmenu_hdl_set_active
 *fill*         0x00000000004037dc        0x4 
 .text.ui_wdecor_paint
                0x00000000004037e0      0x789 uspace/lib/libui.a.p/ui_src_wdecor.c.o
                0x00000000004037e0                ui_wdecor_paint
 *fill*         0x0000000000403f69        0x7 
 .text.ui_wdecor_get_geom
                0x0000000000403f70      0x399 uspace/lib/libui.a.p/ui_src_wdecor.c.o
                0x0000000000403f70                ui_wdecor_get_geom
 *fill*         0x0000000000404309        0x7 
 .text.ui_wdecor_app_from_rect
                0x0000000000404310       0x2b uspace/lib/libui.a.p/ui_src_wdecor.c.o
                0x0000000000404310                ui_wdecor_app_from_rect
 *fill*         0x000000000040433b        0x5 
 .text.ui_wdecor_kbd_event
                0x0000000000404340      0x132 uspace/lib/libui.a.p/ui_src_wdecor.c.o
                0x0000000000404340                ui_wdecor_kbd_event
 *fill*         0x0000000000404472        0xe 
 .text.ui_wdecor_frame_pos_event
                0x0000000000404480      0x28b uspace/lib/libui.a.p/ui_src_wdecor.c.o
                0x0000000000404480                ui_wdecor_frame_pos_event
 *fill*         0x000000000040470b        0x5 
 .text.ui_wdecor_pos_event
                0x0000000000404710      0x566 uspace/lib/libui.a.p/ui_src_wdecor.c.o
                0x0000000000404710                ui_wdecor_pos_event
 *fill*         0x0000000000404c76        0xa 
 .text.wd_close
                0x0000000000404c80       0x22 uspace/lib/libui.a.p/ui_src_window.c.o
 *fill*         0x0000000000404ca2        0xe 
 .text.wnd_sysmenu_press_accel
                0x0000000000404cb0        0x6 uspace/lib/libui.a.p/ui_src_window.c.o
 *fill*         0x0000000000404cb6        0xa 
 .text.wd_set_cursor
                0x0000000000404cc0       0x41 uspace/lib/libui.a.p/ui_src_window.c.o
 *fill*         0x0000000000404d01        0xf 
 .text.wd_resize
                0x0000000000404d10       0x22 uspace/lib/libui.a.p/ui_src_window.c.o
 *fill*         0x0000000000404d32        0xe 
 .text.wd_move  0x0000000000404d40       0x22 uspace/lib/libui.a.p/ui_src_window.c.o
 *fill*         0x0000000000404d62        0xe 
 .text.wnd_sysmenu_close_req
                0x0000000000404d70       0x27 uspace/lib/libui.a.p/ui_src_window.c.o
 *fill*         0x0000000000404d97        0x9 
 .text.ui_window_cursor_set_visible
                0x0000000000404da0       0x12 uspace/lib/libui.a.p/ui_src_window.c.o
 *fill*         0x0000000000404db2        0xe 
 .text.ui_window_cursor_set_pos
                0x0000000000404dc0       0x29 uspace/lib/libui.a.p/ui_src_window.c.o
 *fill*         0x0000000000404de9        0x7 
 .text.ui_window_cursor_get_pos
                0x0000000000404df0       0x3f uspace/lib/libui.a.p/ui_src_window.c.o
 *fill*         0x0000000000404e2f        0x1 
 .text.ui_window_update
                0x0000000000404e30       0x50 uspace/lib/libui.a.p/ui_src_window.c.o
 .text.ui_window_invalidate
                0x0000000000404e80       0x2e uspace/lib/libui.a.p/ui_src_window.c.o
 *fill*         0x0000000000404eae        0x2 
 .text.dwnd_close_event
                0x0000000000404eb0       0x3c uspace/lib/libui.a.p/ui_src_window.c.o
 *fill*         0x0000000000404eec        0x4 
 .text.dwnd_focus_event
                0x0000000000404ef0       0x70 uspace/lib/libui.a.p/ui_src_window.c.o
 .text.ui_window_place
                0x0000000000404f60      0x233 uspace/lib/libui.a.p/ui_src_window.c.o
 *fill*         0x0000000000405193        0xd 
 .text.wd_sysmenu_accel
                0x00000000004051a0       0x61 uspace/lib/libui.a.p/ui_src_window.c.o
 *fill*         0x0000000000405201        0xf 
 .text.wd_sysmenu_right
                0x0000000000405210       0x51 uspace/lib/libui.a.p/ui_src_window.c.o
 *fill*         0x0000000000405261        0xf 
 .text.wnd_sysmenu_right
                0x0000000000405270       0x59 uspace/lib/libui.a.p/ui_src_window.c.o
 *fill*         0x00000000004052c9        0x7 
 .text.wd_sysmenu_left
                0x00000000004052d0       0x51 uspace/lib/libui.a.p/ui_src_window.c.o
 *fill*         0x0000000000405321        0xf 
 .text.wnd_sysmenu_left
                0x0000000000405330       0x59 uspace/lib/libui.a.p/ui_src_window.c.o
 *fill*         0x0000000000405389        0x7 
 .text.wnd_sysmenu_eclose
                0x0000000000405390       0x22 uspace/lib/libui.a.p/ui_src_window.c.o
 *fill*         0x00000000004053b2        0xe 
 .text.wnd_sysmenu_eminimize
                0x00000000004053c0       0x32 uspace/lib/libui.a.p/ui_src_window.c.o
 *fill*         0x00000000004053f2        0xe 
 .text.wd_minimize
                0x0000000000405400       0x32 uspace/lib/libui.a.p/ui_src_window.c.o
 *fill*         0x0000000000405432        0xe 
 .text.dwnd_kbd_event
                0x0000000000405440       0x7a uspace/lib/libui.a.p/ui_src_window.c.o
 *fill*         0x00000000004054ba        0x6 
 .text.dwnd_pos_event
                0x00000000004054c0       0x8e uspace/lib/libui.a.p/ui_src_window.c.o
 *fill*         0x000000000040554e        0x2 
 .text.dwnd_unfocus_event
                0x0000000000405550       0x96 uspace/lib/libui.a.p/ui_src_window.c.o
 *fill*         0x00000000004055e6        0xa 
 .text.wd_sysmenu_open
                0x00000000004055f0       0x8f uspace/lib/libui.a.p/ui_src_window.c.o
 *fill*         0x000000000040567f        0x1 
 .text.ui_wnd_params_init
                0x0000000000405680       0x28 uspace/lib/libui.a.p/ui_src_window.c.o
                0x0000000000405680                ui_wnd_params_init
 *fill*         0x00000000004056a8        0x8 
 .text.ui_window_create
                0x00000000004056b0      0x79a uspace/lib/libui.a.p/ui_src_window.c.o
                0x00000000004056b0                ui_window_create
 *fill*         0x0000000000405e4a        0x6 
 .text.ui_window_destroy
                0x0000000000405e50      0x151 uspace/lib/libui.a.p/ui_src_window.c.o
                0x0000000000405e50                ui_window_destroy
 *fill*         0x0000000000405fa1        0xf 
 .text.ui_window_add
                0x0000000000405fb0       0x2d uspace/lib/libui.a.p/ui_src_window.c.o
                0x0000000000405fb0                ui_window_add
 *fill*         0x0000000000405fdd        0x3 
 .text.ui_window_get_active
                0x0000000000405fe0       0x24 uspace/lib/libui.a.p/ui_src_window.c.o
                0x0000000000405fe0                ui_window_get_active
 *fill*         0x0000000000406004        0xc 
 .text.ui_window_size_change
                0x0000000000406010      0x2a1 uspace/lib/libui.a.p/ui_src_window.c.o
                0x0000000000406010                ui_window_size_change
 *fill*         0x00000000004062b1        0xf 
 .text.ui_window_set_cb
                0x00000000004062c0        0xe uspace/lib/libui.a.p/ui_src_window.c.o
                0x00000000004062c0                ui_window_set_cb
 *fill*         0x00000000004062ce        0x2 
 .text.ui_window_get_ui
                0x00000000004062d0        0x9 uspace/lib/libui.a.p/ui_src_window.c.o
                0x00000000004062d0                ui_window_get_ui
 *fill*         0x00000000004062d9        0x7 
 .text.ui_window_get_res
                0x00000000004062e0        0xd uspace/lib/libui.a.p/ui_src_window.c.o
                0x00000000004062e0                ui_window_get_res
 *fill*         0x00000000004062ed        0x3 
 .text.ui_window_get_pos
                0x00000000004062f0       0x2b uspace/lib/libui.a.p/ui_src_window.c.o
                0x00000000004062f0                ui_window_get_pos
 *fill*         0x000000000040631b        0x5 
 .text.ui_window_get_app_rect
                0x0000000000406320       0x30 uspace/lib/libui.a.p/ui_src_window.c.o
                0x0000000000406320                ui_window_get_app_rect
 .text.ui_window_send_kbd
                0x0000000000406350       0x63 uspace/lib/libui.a.p/ui_src_window.c.o
                0x0000000000406350                ui_window_send_kbd
 *fill*         0x00000000004063b3        0xd 
 .text.ui_window_send_pos
                0x00000000004063c0       0x3a uspace/lib/libui.a.p/ui_src_window.c.o
                0x00000000004063c0                ui_window_send_pos
 *fill*         0x00000000004063fa        0x6 
 .text.ui_window_def_paint
                0x0000000000406400       0x95 uspace/lib/libui.a.p/ui_src_window.c.o
                0x0000000000406400                ui_window_def_paint
 *fill*         0x0000000000406495        0xb 
 .text.ui_window_paint
                0x00000000004064a0       0x26 uspace/lib/libui.a.p/ui_src_window.c.o
                0x00000000004064a0                ui_window_paint
 *fill*         0x00000000004064c6        0xa 
 .text.ui_window_expose_cb
                0x00000000004064d0       0x26 uspace/lib/libui.a.p/ui_src_window.c.o
 *fill*         0x00000000004064f6        0xa 
 .text.ui_window_def_maximize
                0x0000000000406500      0x106 uspace/lib/libui.a.p/ui_src_window.c.o
                0x0000000000406500                ui_window_def_maximize
 *fill*         0x0000000000406606        0xa 
 .text.wd_maximize
                0x0000000000406610       0x26 uspace/lib/libui.a.p/ui_src_window.c.o
 *fill*         0x0000000000406636        0xa 
 .text.wnd_sysmenu_emaximize
                0x0000000000406640       0x26 uspace/lib/libui.a.p/ui_src_window.c.o
 *fill*         0x0000000000406666        0xa 
 .text.ui_window_send_resize
                0x0000000000406670       0x36 uspace/lib/libui.a.p/ui_src_window.c.o
                0x0000000000406670                ui_window_send_resize
 *fill*         0x00000000004066a6        0xa 
 .text.wd_unmaximize
                0x00000000004066b0       0xc8 uspace/lib/libui.a.p/ui_src_window.c.o
 *fill*         0x0000000000406778        0x8 
 .text.wnd_sysmenu_erestore
                0x0000000000406780       0xc8 uspace/lib/libui.a.p/ui_src_window.c.o
 *fill*         0x0000000000406848        0x8 
 .text.dwnd_resize_event
                0x0000000000406850       0x92 uspace/lib/libui.a.p/ui_src_window.c.o
 *fill*         0x00000000004068e2        0xe 
 .text.ui_clickmatic_create
                0x00000000004068f0       0x5f uspace/lib/libui.a.p/ui_src_clickmatic.c.o
                0x00000000004068f0                ui_clickmatic_create
 *fill*         0x000000000040694f        0x1 
 .text.ui_control_new
                0x0000000000406950       0x4a uspace/lib/libui.a.p/ui_src_control.c.o
                0x0000000000406950                ui_control_new
 *fill*         0x000000000040699a        0x6 
 .text.ui_control_delete
                0x00000000004069a0       0x12 uspace/lib/libui.a.p/ui_src_control.c.o
                0x00000000004069a0                ui_control_delete
 *fill*         0x00000000004069b2        0xe 
 .text.ui_control_destroy
                0x00000000004069c0       0x22 uspace/lib/libui.a.p/ui_src_control.c.o
                0x00000000004069c0                ui_control_destroy
 *fill*         0x00000000004069e2        0xe 
 .text.ui_control_kbd_event
                0x00000000004069f0       0x27 uspace/lib/libui.a.p/ui_src_control.c.o
                0x00000000004069f0                ui_control_kbd_event
 *fill*         0x0000000000406a17        0x9 
 .text.ui_control_paint
                0x0000000000406a20       0x16 uspace/lib/libui.a.p/ui_src_control.c.o
                0x0000000000406a20                ui_control_paint
 *fill*         0x0000000000406a36        0xa 
 .text.ui_control_pos_event
                0x0000000000406a40       0x16 uspace/lib/libui.a.p/ui_src_control.c.o
                0x0000000000406a40                ui_control_pos_event
 *fill*         0x0000000000406a56        0xa 
 .text.ui_control_unfocus
                0x0000000000406a60       0x22 uspace/lib/libui.a.p/ui_src_control.c.o
                0x0000000000406a60                ui_control_unfocus
 *fill*         0x0000000000406a82        0xe 
 .text.dummygc_set_clip_rect
                0x0000000000406a90        0x8 uspace/lib/libui.a.p/ui_src_dummygc.c.o
 *fill*         0x0000000000406a98        0x8 
 .text.dummygc_update
                0x0000000000406aa0        0x8 uspace/lib/libui.a.p/ui_src_dummygc.c.o
 *fill*         0x0000000000406aa8        0x8 
 .text.dummygc_bitmap_render
                0x0000000000406ab0       0x38 uspace/lib/libui.a.p/ui_src_dummygc.c.o
 *fill*         0x0000000000406ae8        0x8 
 .text.dummygc_bitmap_get_alloc
                0x0000000000406af0       0x1f uspace/lib/libui.a.p/ui_src_dummygc.c.o
 *fill*         0x0000000000406b0f        0x1 
 .text.dummygc_bitmap_destroy
                0x0000000000406b10       0x3b uspace/lib/libui.a.p/ui_src_dummygc.c.o
 *fill*         0x0000000000406b4b        0x5 
 .text.dummygc_bitmap_create
                0x0000000000406b50       0xd6 uspace/lib/libui.a.p/ui_src_dummygc.c.o
 *fill*         0x0000000000406c26        0xa 
 .text.dummygc_set_color
                0x0000000000406c30        0x8 uspace/lib/libui.a.p/ui_src_dummygc.c.o
 *fill*         0x0000000000406c38        0x8 
 .text.dummygc_fill_rect
                0x0000000000406c40        0x8 uspace/lib/libui.a.p/ui_src_dummygc.c.o
 *fill*         0x0000000000406c48        0x8 
 .text.dummygc_create
                0x0000000000406c50       0x6e uspace/lib/libui.a.p/ui_src_dummygc.c.o
                0x0000000000406c50                dummygc_create
 *fill*         0x0000000000406cbe        0x2 
 .text.dummygc_destroy
                0x0000000000406cc0       0x21 uspace/lib/libui.a.p/ui_src_dummygc.c.o
                0x0000000000406cc0                dummygc_destroy
 *fill*         0x0000000000406ce1        0xf 
 .text.dummygc_get_ctx
                0x0000000000406cf0        0x9 uspace/lib/libui.a.p/ui_src_dummygc.c.o
                0x0000000000406cf0                dummygc_get_ctx
 *fill*         0x0000000000406cf9        0x7 
 .text.ui_menu_popup_close
                0x0000000000406d00       0x22 uspace/lib/libui.a.p/ui_src_menu.c.o
 *fill*         0x0000000000406d22        0xe 
 .text.ui_menu_create
                0x0000000000406d30       0x46 uspace/lib/libui.a.p/ui_src_menu.c.o
                0x0000000000406d30                ui_menu_create
 *fill*         0x0000000000406d76        0xa 
 .text.ui_menu_destroy
                0x0000000000406d80       0x49 uspace/lib/libui.a.p/ui_src_menu.c.o
                0x0000000000406d80                ui_menu_destroy
 *fill*         0x0000000000406dc9        0x7 
 .text.ui_menu_set_cb
                0x0000000000406dd0        0xe uspace/lib/libui.a.p/ui_src_menu.c.o
                0x0000000000406dd0                ui_menu_set_cb
 *fill*         0x0000000000406dde        0x2 
 .text.ui_menu_get_res
                0x0000000000406de0        0xe uspace/lib/libui.a.p/ui_src_menu.c.o
                0x0000000000406de0                ui_menu_get_res
 *fill*         0x0000000000406dee        0x2 
 .text.ui_menu_close
                0x0000000000406df0       0x23 uspace/lib/libui.a.p/ui_src_menu.c.o
                0x0000000000406df0                ui_menu_close
 *fill*         0x0000000000406e13        0xd 
 .text.ui_menu_is_open
                0x0000000000406e20        0xe uspace/lib/libui.a.p/ui_src_menu.c.o
                0x0000000000406e20                ui_menu_is_open
 *fill*         0x0000000000406e2e        0x2 
 .text.ui_menu_paint_bg_gfx
                0x0000000000406e30      0x149 uspace/lib/libui.a.p/ui_src_menu.c.o
                0x0000000000406e30                ui_menu_paint_bg_gfx
 *fill*         0x0000000000406f79        0x7 
 .text.ui_menu_paint_bg_text
                0x0000000000406f80      0x144 uspace/lib/libui.a.p/ui_src_menu.c.o
                0x0000000000406f80                ui_menu_paint_bg_text
 *fill*         0x00000000004070c4        0xc 
 .text.ui_menu_paint
                0x00000000004070d0       0xf3 uspace/lib/libui.a.p/ui_src_menu.c.o
                0x00000000004070d0                ui_menu_paint
 *fill*         0x00000000004071c3        0xd 
 .text.ui_menu_open
                0x00000000004071d0       0xe6 uspace/lib/libui.a.p/ui_src_menu.c.o
                0x00000000004071d0                ui_menu_open
 *fill*         0x00000000004072b6        0xa 
 .text.ui_menu_pos_event
                0x00000000004072c0      0x17d uspace/lib/libui.a.p/ui_src_menu.c.o
                0x00000000004072c0                ui_menu_pos_event
 *fill*         0x000000000040743d        0x3 
 .text.ui_menu_popup_pos
                0x0000000000407440       0x3e uspace/lib/libui.a.p/ui_src_menu.c.o
 *fill*         0x000000000040747e        0x2 
 .text.ui_menu_up
                0x0000000000407480       0xb0 uspace/lib/libui.a.p/ui_src_menu.c.o
                0x0000000000407480                ui_menu_up
 .text.ui_menu_down
                0x0000000000407530       0xb0 uspace/lib/libui.a.p/ui_src_menu.c.o
                0x0000000000407530                ui_menu_down
 .text.ui_menu_popup_kbd
                0x00000000004075e0      0x1b1 uspace/lib/libui.a.p/ui_src_menu.c.o
 *fill*         0x0000000000407791        0xf 
 .text.ui_menu_close_req
                0x00000000004077a0       0x22 uspace/lib/libui.a.p/ui_src_menu.c.o
                0x00000000004077a0                ui_menu_close_req
 *fill*         0x00000000004077c2        0xe 
 .text.ui_menu_bar_paint
                0x00000000004077d0      0x1df uspace/lib/libui.a.p/ui_src_menubar.c.o
                0x00000000004077d0                ui_menu_bar_paint
 *fill*         0x00000000004079af        0x1 
 .text.ui_menu_bar_entry_rect
                0x00000000004079b0       0xdd uspace/lib/libui.a.p/ui_src_menubar.c.o
                0x00000000004079b0                ui_menu_bar_entry_rect
 *fill*         0x0000000000407a8d        0x3 
 .text.ui_menu_bar_select
                0x0000000000407a90      0x10c uspace/lib/libui.a.p/ui_src_menubar.c.o
                0x0000000000407a90                ui_menu_bar_select
 *fill*         0x0000000000407b9c        0x4 
 .text.ui_menu_bar_press_accel
                0x0000000000407ba0       0x8f uspace/lib/libui.a.p/ui_src_menubar.c.o
                0x0000000000407ba0                ui_menu_bar_press_accel
 *fill*         0x0000000000407c2f        0x1 
 .text.ui_menu_bar_select_first
                0x0000000000407c30      0x114 uspace/lib/libui.a.p/ui_src_menubar.c.o
                0x0000000000407c30                ui_menu_bar_select_first
 *fill*         0x0000000000407d44        0xc 
 .text.ui_menu_bar_select_last
                0x0000000000407d50      0x114 uspace/lib/libui.a.p/ui_src_menubar.c.o
                0x0000000000407d50                ui_menu_bar_select_last
 *fill*         0x0000000000407e64        0xc 
 .text.ui_menu_dd_first
                0x0000000000407e70       0x24 uspace/lib/libui.a.p/ui_src_menudd.c.o
                0x0000000000407e70                ui_menu_dd_first
 *fill*         0x0000000000407e94        0xc 
 .text.ui_menu_dd_next
                0x0000000000407ea0       0x24 uspace/lib/libui.a.p/ui_src_menudd.c.o
                0x0000000000407ea0                ui_menu_dd_next
 *fill*         0x0000000000407ec4        0xc 
 .text.ui_menu_dd_last
                0x0000000000407ed0       0x24 uspace/lib/libui.a.p/ui_src_menudd.c.o
                0x0000000000407ed0                ui_menu_dd_last
 *fill*         0x0000000000407ef4        0xc 
 .text.ui_menu_dd_caption
                0x0000000000407f00        0xa uspace/lib/libui.a.p/ui_src_menudd.c.o
                0x0000000000407f00                ui_menu_dd_caption
 *fill*         0x0000000000407f0a        0x6 
 .text.ui_menu_dd_get_accel
                0x0000000000407f10        0xe uspace/lib/libui.a.p/ui_src_menudd.c.o
                0x0000000000407f10                ui_menu_dd_get_accel
 *fill*         0x0000000000407f1e        0x2 
 .text.ui_menu_dd_open
                0x0000000000407f20        0xe uspace/lib/libui.a.p/ui_src_menudd.c.o
                0x0000000000407f20                ui_menu_dd_open
 *fill*         0x0000000000407f2e        0x2 
 .text.ui_menu_dd_close
                0x0000000000407f30        0xe uspace/lib/libui.a.p/ui_src_menudd.c.o
                0x0000000000407f30                ui_menu_dd_close
 *fill*         0x0000000000407f3e        0x2 
 .text.ui_menu_dd_is_open
                0x0000000000407f40        0xe uspace/lib/libui.a.p/ui_src_menudd.c.o
                0x0000000000407f40                ui_menu_dd_is_open
 *fill*         0x0000000000407f4e        0x2 
 .text.ui_menu_entry_create
                0x0000000000407f50      0x158 uspace/lib/libui.a.p/ui_src_menuentry.c.o
                0x0000000000407f50                ui_menu_entry_create
 *fill*         0x00000000004080a8        0x8 
 .text.ui_menu_entry_sep_create
                0x00000000004080b0      0x107 uspace/lib/libui.a.p/ui_src_menuentry.c.o
                0x00000000004080b0                ui_menu_entry_sep_create
 *fill*         0x00000000004081b7        0x9 
 .text.ui_menu_entry_destroy
                0x00000000004081c0       0xd8 uspace/lib/libui.a.p/ui_src_menuentry.c.o
                0x00000000004081c0                ui_menu_entry_destroy
 *fill*         0x0000000000408298        0x8 
 .text.ui_menu_entry_set_cb
                0x00000000004082a0        0xe uspace/lib/libui.a.p/ui_src_menuentry.c.o
                0x00000000004082a0                ui_menu_entry_set_cb
 *fill*         0x00000000004082ae        0x2 
 .text.ui_menu_entry_set_disabled
                0x00000000004082b0        0xa uspace/lib/libui.a.p/ui_src_menuentry.c.o
                0x00000000004082b0                ui_menu_entry_set_disabled
 *fill*         0x00000000004082ba        0x6 
 .text.ui_menu_entry_is_disabled
                0x00000000004082c0        0xa uspace/lib/libui.a.p/ui_src_menuentry.c.o
                0x00000000004082c0                ui_menu_entry_is_disabled
 *fill*         0x00000000004082ca        0x6 
 .text.ui_menu_entry_first
                0x00000000004082d0       0x24 uspace/lib/libui.a.p/ui_src_menuentry.c.o
                0x00000000004082d0                ui_menu_entry_first
 *fill*         0x00000000004082f4        0xc 
 .text.ui_menu_entry_last
                0x0000000000408300       0x24 uspace/lib/libui.a.p/ui_src_menuentry.c.o
                0x0000000000408300                ui_menu_entry_last
 *fill*         0x0000000000408324        0xc 
 .text.ui_menu_entry_next
                0x0000000000408330       0x24 uspace/lib/libui.a.p/ui_src_menuentry.c.o
                0x0000000000408330                ui_menu_entry_next
 *fill*         0x0000000000408354        0xc 
 .text.ui_menu_entry_prev
                0x0000000000408360       0x24 uspace/lib/libui.a.p/ui_src_menuentry.c.o
                0x0000000000408360                ui_menu_entry_prev
 *fill*         0x0000000000408384        0xc 
 .text.ui_menu_entry_calc_width
                0x0000000000408390       0x4d uspace/lib/libui.a.p/ui_src_menuentry.c.o
                0x0000000000408390                ui_menu_entry_calc_width
 *fill*         0x00000000004083dd        0x3 
 .text.ui_menu_entry_height
                0x00000000004083e0       0x64 uspace/lib/libui.a.p/ui_src_menuentry.c.o
                0x00000000004083e0                ui_menu_entry_height
 *fill*         0x0000000000408444        0xc 
 .text.ui_menu_entry_get_accel
                0x0000000000408450        0xe uspace/lib/libui.a.p/ui_src_menuentry.c.o
                0x0000000000408450                ui_menu_entry_get_accel
 *fill*         0x000000000040845e        0x2 
 .text.ui_menu_entry_selectable
                0x0000000000408460        0xd uspace/lib/libui.a.p/ui_src_menuentry.c.o
                0x0000000000408460                ui_menu_entry_selectable
 *fill*         0x000000000040846d        0x3 
 .text.ui_menu_entry_activate
                0x0000000000408470       0x36 uspace/lib/libui.a.p/ui_src_menuentry.c.o
                0x0000000000408470                ui_menu_entry_activate
 *fill*         0x00000000004084a6        0xa 
 .text.ui_menu_entry_get_geom
                0x00000000004084b0      0x147 uspace/lib/libui.a.p/ui_src_menuentry.c.o
                0x00000000004084b0                ui_menu_entry_get_geom
 *fill*         0x00000000004085f7        0x9 
 .text.ui_menu_entry_paint
                0x0000000000408600      0x1ab uspace/lib/libui.a.p/ui_src_menuentry.c.o
                0x0000000000408600                ui_menu_entry_paint
 *fill*         0x00000000004087ab        0x5 
 .text.ui_menu_entry_pos_event
                0x00000000004087b0      0x29b uspace/lib/libui.a.p/ui_src_menuentry.c.o
                0x00000000004087b0                ui_menu_entry_pos_event
 *fill*         0x0000000000408a4b        0x5 
 .text.ui_paint_bevel.part.0.constprop.0
                0x0000000000408a50      0x152 uspace/lib/libui.a.p/ui_src_paint.c.o
 *fill*         0x0000000000408ba2        0xe 
 .text.ui_paint_maxicon.part.0.isra.0
                0x0000000000408bb0       0x9b uspace/lib/libui.a.p/ui_src_paint.c.o
 *fill*         0x0000000000408c4b        0x5 
 .text.ui_paint_bevel
                0x0000000000408c50      0x225 uspace/lib/libui.a.p/ui_src_paint.c.o
                0x0000000000408c50                ui_paint_bevel
 *fill*         0x0000000000408e75        0xb 
 .text.ui_paint_get_inset_frame_inside
                0x0000000000408e80       0x15 uspace/lib/libui.a.p/ui_src_paint.c.o
                0x0000000000408e80                ui_paint_get_inset_frame_inside
 *fill*         0x0000000000408e95        0xb 
 .text.ui_paint_outset_frame
                0x0000000000408ea0       0x8b uspace/lib/libui.a.p/ui_src_paint.c.o
                0x0000000000408ea0                ui_paint_outset_frame
 *fill*         0x0000000000408f2b        0x5 
 .text.ui_paint_cross
                0x0000000000408f30      0x1bf uspace/lib/libui.a.p/ui_src_paint.c.o
                0x0000000000408f30                ui_paint_cross
 *fill*         0x00000000004090ef        0x1 
 .text.ui_paint_minicon
                0x00000000004090f0       0x86 uspace/lib/libui.a.p/ui_src_paint.c.o
                0x00000000004090f0                ui_paint_minicon
 *fill*         0x0000000000409176        0xa 
 .text.ui_paint_maxicon
                0x0000000000409180       0xd2 uspace/lib/libui.a.p/ui_src_paint.c.o
                0x0000000000409180                ui_paint_maxicon
 *fill*         0x0000000000409252        0xe 
 .text.ui_paint_unmaxicon
                0x0000000000409260       0xcd uspace/lib/libui.a.p/ui_src_paint.c.o
                0x0000000000409260                ui_paint_unmaxicon
 *fill*         0x000000000040932d        0x3 
 .text.ui_paint_text_box_custom
                0x0000000000409330      0x2b9 uspace/lib/libui.a.p/ui_src_paint.c.o
                0x0000000000409330                ui_paint_text_box_custom
 *fill*         0x00000000004095e9        0x7 
 .text.ui_paint_text_box
                0x00000000004095f0       0x3b uspace/lib/libui.a.p/ui_src_paint.c.o
                0x00000000004095f0                ui_paint_text_box
 *fill*         0x000000000040962b        0x5 
 .text.ui_paint_text_hbrace
                0x0000000000409630      0x1b4 uspace/lib/libui.a.p/ui_src_paint.c.o
                0x0000000000409630                ui_paint_text_hbrace
 *fill*         0x00000000004097e4        0xc 
 .text.ui_text_fmt_init
                0x00000000004097f0       0x19 uspace/lib/libui.a.p/ui_src_paint.c.o
                0x00000000004097f0                ui_text_fmt_init
 *fill*         0x0000000000409809        0x7 
 .text.ui_text_width
                0x0000000000409810       0x80 uspace/lib/libui.a.p/ui_src_paint.c.o
                0x0000000000409810                ui_text_width
 .text.ui_paint_text
                0x0000000000409890      0x11b uspace/lib/libui.a.p/ui_src_paint.c.o
                0x0000000000409890                ui_paint_text
 *fill*         0x00000000004099ab        0x5 
 .text.ui_pbutton_ctl_destroy
                0x00000000004099b0       0x31 uspace/lib/libui.a.p/ui_src_pbutton.c.o
 *fill*         0x00000000004099e1        0xf 
 .text.ui_pbutton_create
                0x00000000004099f0       0xa0 uspace/lib/libui.a.p/ui_src_pbutton.c.o
                0x00000000004099f0                ui_pbutton_create
 .text.ui_pbutton_destroy
                0x0000000000409a90       0x31 uspace/lib/libui.a.p/ui_src_pbutton.c.o
                0x0000000000409a90                ui_pbutton_destroy
 *fill*         0x0000000000409ac1        0xf 
 .text.ui_pbutton_set_cb
                0x0000000000409ad0        0xe uspace/lib/libui.a.p/ui_src_pbutton.c.o
                0x0000000000409ad0                ui_pbutton_set_cb
 *fill*         0x0000000000409ade        0x2 
 .text.ui_pbutton_set_decor_ops
                0x0000000000409ae0        0xe uspace/lib/libui.a.p/ui_src_pbutton.c.o
                0x0000000000409ae0                ui_pbutton_set_decor_ops
 *fill*         0x0000000000409aee        0x2 
 .text.ui_pbutton_set_rect
                0x0000000000409af0        0xe uspace/lib/libui.a.p/ui_src_pbutton.c.o
                0x0000000000409af0                ui_pbutton_set_rect
 *fill*         0x0000000000409afe        0x2 
 .text.ui_pbutton_paint
                0x0000000000409b00      0x4c9 uspace/lib/libui.a.p/ui_src_pbutton.c.o
                0x0000000000409b00                ui_pbutton_paint
 *fill*         0x0000000000409fc9        0x7 
 .text.ui_pbutton_ctl_paint
                0x0000000000409fd0        0xa uspace/lib/libui.a.p/ui_src_pbutton.c.o
 *fill*         0x0000000000409fda        0x6 
 .text.ui_pbutton_ctl_pos_event
                0x0000000000409fe0      0x171 uspace/lib/libui.a.p/ui_src_pbutton.c.o
 *fill*         0x000000000040a151        0xf 
 .text.ui_pbutton_pos_event
                0x000000000040a160      0x169 uspace/lib/libui.a.p/ui_src_pbutton.c.o
                0x000000000040a160                ui_pbutton_pos_event
 *fill*         0x000000000040a2c9        0x7 
 .text.ui_popup_window_close
                0x000000000040a2d0       0x22 uspace/lib/libui.a.p/ui_src_popup.c.o
 *fill*         0x000000000040a2f2        0xe 
 .text.ui_popup_window_kbd
                0x000000000040a300       0x32 uspace/lib/libui.a.p/ui_src_popup.c.o
 *fill*         0x000000000040a332        0xe 
 .text.ui_popup_window_pos
                0x000000000040a340       0x32 uspace/lib/libui.a.p/ui_src_popup.c.o
 *fill*         0x000000000040a372        0xe 
 .text.ui_popup_params_init
                0x000000000040a380       0x19 uspace/lib/libui.a.p/ui_src_popup.c.o
                0x000000000040a380                ui_popup_params_init
 *fill*         0x000000000040a399        0x7 
 .text.ui_popup_create
                0x000000000040a3a0      0x132 uspace/lib/libui.a.p/ui_src_popup.c.o
                0x000000000040a3a0                ui_popup_create
 *fill*         0x000000000040a4d2        0xe 
 .text.ui_popup_destroy
                0x000000000040a4e0       0x31 uspace/lib/libui.a.p/ui_src_popup.c.o
                0x000000000040a4e0                ui_popup_destroy
 *fill*         0x000000000040a511        0xf 
 .text.ui_popup_set_cb
                0x000000000040a520        0xe uspace/lib/libui.a.p/ui_src_popup.c.o
                0x000000000040a520                ui_popup_set_cb
 *fill*         0x000000000040a52e        0x2 
 .text.ui_popup_get_res
                0x000000000040a530        0xe uspace/lib/libui.a.p/ui_src_popup.c.o
                0x000000000040a530                ui_popup_get_res
 *fill*         0x000000000040a53e        0x2 
 .text.ui_popup_get_idev_id
                0x000000000040a540        0xa uspace/lib/libui.a.p/ui_src_popup.c.o
                0x000000000040a540                ui_popup_get_idev_id
 *fill*         0x000000000040a54a        0x6 
 .text.ui_resource_create
                0x000000000040a550      0xe2c uspace/lib/libui.a.p/ui_src_resource.c.o
                0x000000000040a550                ui_resource_create
 *fill*         0x000000000040b37c        0x4 
 .text.ui_resource_destroy
                0x000000000040b380      0x151 uspace/lib/libui.a.p/ui_src_resource.c.o
                0x000000000040b380                ui_resource_destroy
 *fill*         0x000000000040b4d1        0xf 
 .text.ui_resource_set_expose_cb
                0x000000000040b4e0       0x14 uspace/lib/libui.a.p/ui_src_resource.c.o
                0x000000000040b4e0                ui_resource_set_expose_cb
 *fill*         0x000000000040b4f4        0xc 
 .text.ui_accel_process
                0x000000000040b500       0x9d uspace/lib/libui.a.p/ui_src_accel.c.o
                0x000000000040b500                ui_accel_process
 *fill*         0x000000000040b59d        0x3 
 .text.ui_accel_get
                0x000000000040b5a0       0x63 uspace/lib/libui.a.p/ui_src_accel.c.o
                0x000000000040b5a0                ui_accel_get
 *fill*         0x000000000040b603        0xd 
 .text.gfx_bitmap_params_init
                0x000000000040b610       0x15 uspace/lib/libgfx.a.p/gfx_src_bitmap.c.o
                0x000000000040b610                gfx_bitmap_params_init
 *fill*         0x000000000040b625        0xb 
 .text.gfx_bitmap_create
                0x000000000040b630       0x94 uspace/lib/libgfx.a.p/gfx_src_bitmap.c.o
                0x000000000040b630                gfx_bitmap_create
 *fill*         0x000000000040b6c4        0xc 
 .text.gfx_bitmap_destroy
                0x000000000040b6d0       0x2e uspace/lib/libgfx.a.p/gfx_src_bitmap.c.o
                0x000000000040b6d0                gfx_bitmap_destroy
 *fill*         0x000000000040b6fe        0x2 
 .text.gfx_bitmap_render
                0x000000000040b700       0x18 uspace/lib/libgfx.a.p/gfx_src_bitmap.c.o
                0x000000000040b700                gfx_bitmap_render
 *fill*         0x000000000040b718        0x8 
 .text.gfx_bitmap_get_alloc
                0x000000000040b720       0x18 uspace/lib/libgfx.a.p/gfx_src_bitmap.c.o
                0x000000000040b720                gfx_bitmap_get_alloc
 *fill*         0x000000000040b738        0x8 
 .text.gfx_color_new_rgb_i16
                0x000000000040b740       0x52 uspace/lib/libgfx.a.p/gfx_src_color.c.o
                0x000000000040b740                gfx_color_new_rgb_i16
 *fill*         0x000000000040b792        0xe 
 .text.gfx_color_new_ega
                0x000000000040b7a0       0x36 uspace/lib/libgfx.a.p/gfx_src_color.c.o
                0x000000000040b7a0                gfx_color_new_ega
 *fill*         0x000000000040b7d6        0xa 
 .text.gfx_color_delete
                0x000000000040b7e0        0xa uspace/lib/libgfx.a.p/gfx_src_color.c.o
                0x000000000040b7e0                gfx_color_delete
 *fill*         0x000000000040b7ea        0x6 
 .text.gfx_color_get_rgb_i16
                0x000000000040b7f0       0x1a uspace/lib/libgfx.a.p/gfx_src_color.c.o
                0x000000000040b7f0                gfx_color_get_rgb_i16
 *fill*         0x000000000040b80a        0x6 
 .text.gfx_color_get_ega
                0x000000000040b810        0xc uspace/lib/libgfx.a.p/gfx_src_color.c.o
                0x000000000040b810                gfx_color_get_ega
 *fill*         0x000000000040b81c        0x4 
 .text.gfx_coord2_add
                0x000000000040b820       0x16 uspace/lib/libgfx.a.p/gfx_src_coord.c.o
                0x000000000040b820                gfx_coord2_add
 *fill*         0x000000000040b836        0xa 
 .text.gfx_coord2_subtract
                0x000000000040b840       0x16 uspace/lib/libgfx.a.p/gfx_src_coord.c.o
                0x000000000040b840                gfx_coord2_subtract
 *fill*         0x000000000040b856        0xa 
 .text.gfx_rect_translate
                0x000000000040b860       0x28 uspace/lib/libgfx.a.p/gfx_src_coord.c.o
                0x000000000040b860                gfx_rect_translate
 *fill*         0x000000000040b888        0x8 
 .text.gfx_rect_rtranslate
                0x000000000040b890       0x28 uspace/lib/libgfx.a.p/gfx_src_coord.c.o
                0x000000000040b890                gfx_rect_rtranslate
 *fill*         0x000000000040b8b8        0x8 
 .text.gfx_rect_envelope
                0x000000000040b8c0       0xe9 uspace/lib/libgfx.a.p/gfx_src_coord.c.o
                0x000000000040b8c0                gfx_rect_envelope
 *fill*         0x000000000040b9a9        0x7 
 .text.gfx_rect_clip
                0x000000000040b9b0      0x118 uspace/lib/libgfx.a.p/gfx_src_coord.c.o
                0x000000000040b9b0                gfx_rect_clip
 *fill*         0x000000000040bac8        0x8 
 .text.gfx_rect_points_sort
                0x000000000040bad0       0x34 uspace/lib/libgfx.a.p/gfx_src_coord.c.o
                0x000000000040bad0                gfx_rect_points_sort
 *fill*         0x000000000040bb04        0xc 
 .text.gfx_rect_is_empty
                0x000000000040bb10       0x1b uspace/lib/libgfx.a.p/gfx_src_coord.c.o
                0x000000000040bb10                gfx_rect_is_empty
 *fill*         0x000000000040bb2b        0x5 
 .text.gfx_rect_is_inside
                0x000000000040bb30       0x7c uspace/lib/libgfx.a.p/gfx_src_coord.c.o
                0x000000000040bb30                gfx_rect_is_inside
 *fill*         0x000000000040bbac        0x4 
 .text.gfx_rect_dims
                0x000000000040bbb0       0x37 uspace/lib/libgfx.a.p/gfx_src_coord.c.o
                0x000000000040bbb0                gfx_rect_dims
 *fill*         0x000000000040bbe7        0x9 
 .text.gfx_pix_inside_rect
                0x000000000040bbf0       0x51 uspace/lib/libgfx.a.p/gfx_src_coord.c.o
                0x000000000040bbf0                gfx_pix_inside_rect
 *fill*         0x000000000040bc41        0xf 
 .text.gfx_context_new
                0x000000000040bc50       0x49 uspace/lib/libgfx.a.p/gfx_src_context.c.o
                0x000000000040bc50                gfx_context_new
 *fill*         0x000000000040bc99        0x7 
 .text.gfx_context_delete
                0x000000000040bca0       0x1b uspace/lib/libgfx.a.p/gfx_src_context.c.o
                0x000000000040bca0                gfx_context_delete
 *fill*         0x000000000040bcbb        0x5 
 .text.gfx_cursor_get_pos
                0x000000000040bcc0       0x27 uspace/lib/libgfx.a.p/gfx_src_cursor.c.o
                0x000000000040bcc0                gfx_cursor_get_pos
 *fill*         0x000000000040bce7        0x9 
 .text.gfx_cursor_set_pos
                0x000000000040bcf0       0x27 uspace/lib/libgfx.a.p/gfx_src_cursor.c.o
                0x000000000040bcf0                gfx_cursor_set_pos
 *fill*         0x000000000040bd17        0x9 
 .text.gfx_cursor_set_visible
                0x000000000040bd20       0x27 uspace/lib/libgfx.a.p/gfx_src_cursor.c.o
                0x000000000040bd20                gfx_cursor_set_visible
 *fill*         0x000000000040bd47        0x9 
 .text.gfx_set_color
                0x000000000040bd50       0x15 uspace/lib/libgfx.a.p/gfx_src_render.c.o
                0x000000000040bd50                gfx_set_color
 *fill*         0x000000000040bd65        0xb 
 .text.gfx_fill_rect
                0x000000000040bd70       0x15 uspace/lib/libgfx.a.p/gfx_src_render.c.o
                0x000000000040bd70                gfx_fill_rect
 *fill*         0x000000000040bd85        0xb 
 .text.gfx_update
                0x000000000040bd90       0x15 uspace/lib/libgfx.a.p/gfx_src_render.c.o
                0x000000000040bd90                gfx_update
 *fill*         0x000000000040bda5        0xb 
 .text.gfx_font_create_with_info.constprop.0
                0x000000000040bdb0       0xe4 uspace/lib/libgfxfont.a.p/gfxfont_src_font.c.o
 *fill*         0x000000000040be94        0xc 
 .text.gfx_font_create_textmode
                0x000000000040bea0       0xd8 uspace/lib/libgfxfont.a.p/gfxfont_src_font.c.o
                0x000000000040bea0                gfx_font_create_textmode
 *fill*         0x000000000040bf78        0x8 
 .text.gfx_font_close
                0x000000000040bf80       0x55 uspace/lib/libgfxfont.a.p/gfxfont_src_font.c.o
                0x000000000040bf80                gfx_font_close
 *fill*         0x000000000040bfd5        0xb 
 .text.gfx_font_get_metrics
                0x000000000040bfe0       0x14 uspace/lib/libgfxfont.a.p/gfxfont_src_font.c.o
                0x000000000040bfe0                gfx_font_get_metrics
 *fill*         0x000000000040bff4        0xc 
 .text.gfx_font_last_glyph
                0x000000000040c000       0x24 uspace/lib/libgfxfont.a.p/gfxfont_src_font.c.o
                0x000000000040c000                gfx_font_last_glyph
 *fill*         0x000000000040c024        0xc 
 .text.gfx_font_search_glyph
                0x000000000040c030       0xa6 uspace/lib/libgfxfont.a.p/gfxfont_src_font.c.o
                0x000000000040c030                gfx_font_search_glyph
 *fill*         0x000000000040c0d6        0xa 
 .text.gfx_font_info_load
                0x000000000040c0e0      0x132 uspace/lib/libgfxfont.a.p/gfxfont_src_font.c.o
                0x000000000040c0e0                gfx_font_info_load
 *fill*         0x000000000040c212        0xe 
 .text.gfx_font_load
                0x000000000040c220      0x500 uspace/lib/libgfxfont.a.p/gfxfont_src_font.c.o
                0x000000000040c220                gfx_font_load
 .text.gfx_font_open
                0x000000000040c720       0x4f uspace/lib/libgfxfont.a.p/gfxfont_src_font.c.o
                0x000000000040c720                gfx_font_open
 *fill*         0x000000000040c76f        0x1 
 .text.gfx_glyph_destroy
                0x000000000040c770       0x23 uspace/lib/libgfxfont.a.p/gfxfont_src_glyph.c.o
                0x000000000040c770                gfx_glyph_destroy
 *fill*         0x000000000040c793        0xd 
 .text.gfx_glyph_get_metrics
                0x000000000040c7a0        0xb uspace/lib/libgfxfont.a.p/gfxfont_src_glyph.c.o
                0x000000000040c7a0                gfx_glyph_get_metrics
 *fill*         0x000000000040c7ab        0x5 
 .text.gfx_glyph_set_pattern
                0x000000000040c7b0       0xc1 uspace/lib/libgfxfont.a.p/gfxfont_src_glyph.c.o
                0x000000000040c7b0                gfx_glyph_set_pattern
 *fill*         0x000000000040c871        0xf 
 .text.gfx_glyph_matches
                0x000000000040c880       0x88 uspace/lib/libgfxfont.a.p/gfxfont_src_glyph.c.o
                0x000000000040c880                gfx_glyph_matches
 *fill*         0x000000000040c908        0x8 
 .text.gfx_glyph_render
                0x000000000040c910       0x36 uspace/lib/libgfxfont.a.p/gfxfont_src_glyph.c.o
                0x000000000040c910                gfx_glyph_render
 *fill*         0x000000000040c946        0xa 
 .text.gfx_glyph_load
                0x000000000040c950      0x2f9 uspace/lib/libgfxfont.a.p/gfxfont_src_glyph.c.o
                0x000000000040c950                gfx_glyph_load
 *fill*         0x000000000040cc49        0x7 
 .text.gfx_text_fmt_init
                0x000000000040cc50       0x11 uspace/lib/libgfxfont.a.p/gfxfont_src_text.c.o
                0x000000000040cc50                gfx_text_fmt_init
 *fill*         0x000000000040cc61        0xf 
 .text.gfx_text_width
                0x000000000040cc70       0x99 uspace/lib/libgfxfont.a.p/gfxfont_src_text.c.o
                0x000000000040cc70                gfx_text_width
 *fill*         0x000000000040cd09        0x7 
 .text.gfx_text_start_pos
                0x000000000040cd10      0x1a9 uspace/lib/libgfxfont.a.p/gfxfont_src_text.c.o
                0x000000000040cd10                gfx_text_start_pos
 *fill*         0x000000000040ceb9        0x7 
 .text.gfx_puttext
                0x000000000040cec0      0x5d0 uspace/lib/libgfxfont.a.p/gfxfont_src_text.c.o
                0x000000000040cec0                gfx_puttext
 .text.gfx_text_cont
                0x000000000040d490      0x11c uspace/lib/libgfxfont.a.p/gfxfont_src_text.c.o
                0x000000000040d490                gfx_text_cont
 *fill*         0x000000000040d5ac        0x4 
 .text.gfx_text_rect
                0x000000000040d5b0      0x100 uspace/lib/libgfxfont.a.p/gfxfont_src_text.c.o
                0x000000000040d5b0                gfx_text_rect
 .text.gfx_typeface_create
                0x000000000040d6b0       0x41 uspace/lib/libgfxfont.a.p/gfxfont_src_typeface.c.o
                0x000000000040d6b0                gfx_typeface_create
 *fill*         0x000000000040d6f1        0xf 
 .text.gfx_typeface_destroy
                0x000000000040d700       0x8a uspace/lib/libgfxfont.a.p/gfxfont_src_typeface.c.o
                0x000000000040d700                gfx_typeface_destroy
 *fill*         0x000000000040d78a        0x6 
 .text.gfx_typeface_first_font
                0x000000000040d790       0x24 uspace/lib/libgfxfont.a.p/gfxfont_src_typeface.c.o
                0x000000000040d790                gfx_typeface_first_font
 *fill*         0x000000000040d7b4        0xc 
 .text.gfx_typeface_open
                0x000000000040d7c0      0x105 uspace/lib/libgfxfont.a.p/gfxfont_src_typeface.c.o
                0x000000000040d7c0                gfx_typeface_open
 *fill*         0x000000000040d8c5        0xb 
 .text.riff_rclose
                0x000000000040d8d0       0x2a uspace/lib/libriff.a.p/riff_src_chunk.c.o
                0x000000000040d8d0                riff_rclose
 *fill*         0x000000000040d8fa        0x6 
 .text.riff_read_uint32
                0x000000000040d900       0x8f uspace/lib/libriff.a.p/riff_src_chunk.c.o
                0x000000000040d900                riff_read_uint32
 *fill*         0x000000000040d98f        0x1 
 .text.riff_rchunk_start
                0x000000000040d990      0x10e uspace/lib/libriff.a.p/riff_src_chunk.c.o
                0x000000000040d990                riff_rchunk_start
 *fill*         0x000000000040da9e        0x2 
 .text.riff_ropen
                0x000000000040daa0       0xf0 uspace/lib/libriff.a.p/riff_src_chunk.c.o
                0x000000000040daa0                riff_ropen
 .text.riff_rchunk_match
                0x000000000040db90      0x1cf uspace/lib/libriff.a.p/riff_src_chunk.c.o
                0x000000000040db90                riff_rchunk_match
 *fill*         0x000000000040dd5f        0x1 
 .text.riff_rchunk_seek
                0x000000000040dd60       0x87 uspace/lib/libriff.a.p/riff_src_chunk.c.o
                0x000000000040dd60                riff_rchunk_seek
 *fill*         0x000000000040dde7        0x9 
 .text.riff_rchunk_size
                0x000000000040ddf0        0x9 uspace/lib/libriff.a.p/riff_src_chunk.c.o
                0x000000000040ddf0                riff_rchunk_size
 *fill*         0x000000000040ddf9        0x7 
 .text.riff_rchunk_end
                0x000000000040de00       0xa4 uspace/lib/libriff.a.p/riff_src_chunk.c.o
                0x000000000040de00                riff_rchunk_end
 *fill*         0x000000000040dea4        0xc 
 .text.riff_rchunk_list_match
                0x000000000040deb0      0x269 uspace/lib/libriff.a.p/riff_src_chunk.c.o
                0x000000000040deb0                riff_rchunk_list_match
 *fill*         0x000000000040e119        0x7 
 .text.riff_read
                0x000000000040e120       0x8a uspace/lib/libriff.a.p/riff_src_chunk.c.o
                0x000000000040e120                riff_read
 *fill*         0x000000000040e1aa        0x6 
 .text.mem_gc_update
                0x000000000040e1b0       0x16 uspace/lib/libmemgfx.a.p/memgfx_src_memgc.c.o
 *fill*         0x000000000040e1c6        0xa 
 .text.mem_gc_bitmap_get_alloc
                0x000000000040e1d0       0x18 uspace/lib/libmemgfx.a.p/memgfx_src_memgc.c.o
 *fill*         0x000000000040e1e8        0x8 
 .text.mem_gc_cursor_get_pos
                0x000000000040e1f0       0x27 uspace/lib/libmemgfx.a.p/memgfx_src_memgc.c.o
 *fill*         0x000000000040e217        0x9 
 .text.mem_gc_cursor_set_pos
                0x000000000040e220       0x27 uspace/lib/libmemgfx.a.p/memgfx_src_memgc.c.o
 *fill*         0x000000000040e247        0x9 
 .text.mem_gc_cursor_set_visible
                0x000000000040e250       0x27 uspace/lib/libmemgfx.a.p/memgfx_src_memgc.c.o
 *fill*         0x000000000040e277        0x9 
 .text.mem_gc_set_clip_rect
                0x000000000040e280       0x2c uspace/lib/libmemgfx.a.p/memgfx_src_memgc.c.o
 *fill*         0x000000000040e2ac        0x4 
 .text.mem_gc_bitmap_render
                0x000000000040e2b0      0x3e9 uspace/lib/libmemgfx.a.p/memgfx_src_memgc.c.o
 *fill*         0x000000000040e699        0x7 
 .text.mem_gc_fill_rect
                0x000000000040e6a0      0x10d uspace/lib/libmemgfx.a.p/memgfx_src_memgc.c.o
 *fill*         0x000000000040e7ad        0x3 
 .text.mem_gc_bitmap_destroy
                0x000000000040e7b0       0x41 uspace/lib/libmemgfx.a.p/memgfx_src_memgc.c.o
 *fill*         0x000000000040e7f1        0xf 
 .text.mem_gc_set_color
                0x000000000040e800       0x60 uspace/lib/libmemgfx.a.p/memgfx_src_memgc.c.o
 .text.mem_gc_bitmap_create
                0x000000000040e860      0x161 uspace/lib/libmemgfx.a.p/memgfx_src_memgc.c.o
 *fill*         0x000000000040e9c1        0xf 
 .text.mem_gc_create
                0x000000000040e9d0       0xce uspace/lib/libmemgfx.a.p/memgfx_src_memgc.c.o
                0x000000000040e9d0                mem_gc_create
 *fill*         0x000000000040ea9e        0x2 
 .text.mem_gc_delete
                0x000000000040eaa0       0x27 uspace/lib/libmemgfx.a.p/memgfx_src_memgc.c.o
                0x000000000040eaa0                mem_gc_delete
 *fill*         0x000000000040eac7        0x9 
 .text.mem_gc_retarget
                0x000000000040ead0       0x26 uspace/lib/libmemgfx.a.p/memgfx_src_memgc.c.o
                0x000000000040ead0                mem_gc_retarget
 *fill*         0x000000000040eaf6        0xa 
 .text.mem_gc_get_ctx
                0x000000000040eb00        0x9 uspace/lib/libmemgfx.a.p/memgfx_src_memgc.c.o
                0x000000000040eb00                mem_gc_get_ctx
 *fill*         0x000000000040eb09        0x7 
 .text.xlate_gc_set_off
                0x000000000040eb10        0xd uspace/lib/libmemgfx.a.p/memgfx_src_xlategc.c.o
                0x000000000040eb10                xlate_gc_set_off
 *fill*         0x000000000040eb1d        0x3 
 .text.display_cb_conn
                0x000000000040eb20      0x2b5 uspace/lib/libdisplay.a.p/display_src_display.c.o
 *fill*         0x000000000040edd5        0xb 
 .text.display_open
                0x000000000040ede0      0x163 uspace/lib/libdisplay.a.p/display_src_display.c.o
                0x000000000040ede0                display_open
 *fill*         0x000000000040ef43        0xd 
 .text.display_close
                0x000000000040ef50       0x63 uspace/lib/libdisplay.a.p/display_src_display.c.o
                0x000000000040ef50                display_close
 *fill*         0x000000000040efb3        0xd 
 .text.display_wnd_params_init
                0x000000000040efc0       0x25 uspace/lib/libdisplay.a.p/display_src_display.c.o
                0x000000000040efc0                display_wnd_params_init
 *fill*         0x000000000040efe5        0xb 
 .text.display_window_create
                0x000000000040eff0      0x1bd uspace/lib/libdisplay.a.p/display_src_display.c.o
                0x000000000040eff0                display_window_create
 *fill*         0x000000000040f1ad        0x3 
 .text.display_window_destroy
                0x000000000040f1b0       0x71 uspace/lib/libdisplay.a.p/display_src_display.c.o
                0x000000000040f1b0                display_window_destroy
 *fill*         0x000000000040f221        0xf 
 .text.display_window_get_gc
                0x000000000040f230       0xbc uspace/lib/libdisplay.a.p/display_src_display.c.o
                0x000000000040f230                display_window_get_gc
 *fill*         0x000000000040f2ec        0x4 
 .text.display_window_move_req
                0x000000000040f2f0       0xab uspace/lib/libdisplay.a.p/display_src_display.c.o
                0x000000000040f2f0                display_window_move_req
 *fill*         0x000000000040f39b        0x5 
 .text.display_window_get_pos
                0x000000000040f3a0       0xa1 uspace/lib/libdisplay.a.p/display_src_display.c.o
                0x000000000040f3a0                display_window_get_pos
 *fill*         0x000000000040f441        0xf 
 .text.display_window_get_max_rect
                0x000000000040f450       0xa1 uspace/lib/libdisplay.a.p/display_src_display.c.o
                0x000000000040f450                display_window_get_max_rect
 *fill*         0x000000000040f4f1        0xf 
 .text.display_window_resize_req
                0x000000000040f500       0xbd uspace/lib/libdisplay.a.p/display_src_display.c.o
                0x000000000040f500                display_window_resize_req
 *fill*         0x000000000040f5bd        0x3 
 .text.display_window_resize
                0x000000000040f5c0       0xba uspace/lib/libdisplay.a.p/display_src_display.c.o
                0x000000000040f5c0                display_window_resize
 *fill*         0x000000000040f67a        0x6 
 .text.display_window_minimize
                0x000000000040f680       0x3d uspace/lib/libdisplay.a.p/display_src_display.c.o
                0x000000000040f680                display_window_minimize
 *fill*         0x000000000040f6bd        0x3 
 .text.display_window_maximize
                0x000000000040f6c0       0x3d uspace/lib/libdisplay.a.p/display_src_display.c.o
                0x000000000040f6c0                display_window_maximize
 *fill*         0x000000000040f6fd        0x3 
 .text.display_window_unmaximize
                0x000000000040f700       0x3d uspace/lib/libdisplay.a.p/display_src_display.c.o
                0x000000000040f700                display_window_unmaximize
 *fill*         0x000000000040f73d        0x3 
 .text.display_window_set_cursor
                0x000000000040f740       0x4a uspace/lib/libdisplay.a.p/display_src_display.c.o
                0x000000000040f740                display_window_set_cursor
 *fill*         0x000000000040f78a        0x6 
 .text.display_get_info
                0x000000000040f790       0x99 uspace/lib/libdisplay.a.p/display_src_display.c.o
                0x000000000040f790                display_get_info
 *fill*         0x000000000040f829        0x7 
 .text.ipc_gc_bitmap_get_alloc
                0x000000000040f830       0x18 uspace/lib/libipcgfx.a.p/ipcgfx_src_client.c.o
 *fill*         0x000000000040f848        0x8 
 .text.ipc_gc_bitmap_render
                0x000000000040f850      0x121 uspace/lib/libipcgfx.a.p/ipcgfx_src_client.c.o
 *fill*         0x000000000040f971        0xf 
 .text.ipc_gc_bitmap_create
                0x000000000040f980      0x3a9 uspace/lib/libipcgfx.a.p/ipcgfx_src_client.c.o
 *fill*         0x000000000040fd29        0x7 
 .text.ipc_gc_update
                0x000000000040fd30       0x33 uspace/lib/libipcgfx.a.p/ipcgfx_src_client.c.o
 *fill*         0x000000000040fd63        0xd 
 .text.ipc_gc_fill_rect
                0x000000000040fd70       0x43 uspace/lib/libipcgfx.a.p/ipcgfx_src_client.c.o
 *fill*         0x000000000040fdb3        0xd 
 .text.ipc_gc_set_clip_rect
                0x000000000040fdc0       0x6e uspace/lib/libipcgfx.a.p/ipcgfx_src_client.c.o
 *fill*         0x000000000040fe2e        0x2 
 .text.ipc_gc_set_color
                0x000000000040fe30       0x5f uspace/lib/libipcgfx.a.p/ipcgfx_src_client.c.o
 *fill*         0x000000000040fe8f        0x1 
 .text.ipc_gc_bitmap_destroy
                0x000000000040fe90       0x6b uspace/lib/libipcgfx.a.p/ipcgfx_src_client.c.o
 *fill*         0x000000000040fefb        0x5 
 .text.ipc_gc_create
                0x000000000040ff00       0x97 uspace/lib/libipcgfx.a.p/ipcgfx_src_client.c.o
                0x000000000040ff00                ipc_gc_create
 *fill*         0x000000000040ff97        0x9 
 .text.ipc_gc_get_ctx
                0x000000000040ffa0        0x9 uspace/lib/libipcgfx.a.p/ipcgfx_src_client.c.o
                0x000000000040ffa0                ipc_gc_get_ctx
 *fill*         0x000000000040ffa9        0x7 
 .text.console_gc_set_color
                0x000000000040ffb0       0x2c uspace/lib/libcongfx.a.p/congfx_src_console.c.o
 *fill*         0x000000000040ffdc        0x4 
 .text.console_gc_update
                0x000000000040ffe0        0x8 uspace/lib/libcongfx.a.p/congfx_src_console.c.o
 *fill*         0x000000000040ffe8        0x8 
 .text.console_gc_bitmap_get_alloc
                0x000000000040fff0       0x18 uspace/lib/libcongfx.a.p/congfx_src_console.c.o
 *fill*         0x0000000000410008        0x8 
 .text.console_gc_cursor_set_visible
                0x0000000000410010       0x15 uspace/lib/libcongfx.a.p/congfx_src_console.c.o
 *fill*         0x0000000000410025        0xb 
 .text.console_gc_cursor_set_pos
                0x0000000000410030       0x18 uspace/lib/libcongfx.a.p/congfx_src_console.c.o
 *fill*         0x0000000000410048        0x8 
 .text.console_gc_cursor_get_pos
                0x0000000000410050       0x34 uspace/lib/libcongfx.a.p/congfx_src_console.c.o
 *fill*         0x0000000000410084        0xc 
 .text.console_gc_set_clip_rect
                0x0000000000410090       0x2c uspace/lib/libcongfx.a.p/congfx_src_console.c.o
 *fill*         0x00000000004100bc        0x4 
 .text.console_gc_bitmap_destroy
                0x00000000004100c0       0x41 uspace/lib/libcongfx.a.p/congfx_src_console.c.o
 *fill*         0x0000000000410101        0xf 
 .text.console_gc_bitmap_create
                0x0000000000410110       0xec uspace/lib/libcongfx.a.p/congfx_src_console.c.o
 *fill*         0x00000000004101fc        0x4 
 .text.console_gc_bitmap_render
                0x0000000000410200      0x66f uspace/lib/libcongfx.a.p/congfx_src_console.c.o
 *fill*         0x000000000041086f        0x1 
 .text.console_gc_fill_rect
                0x0000000000410870      0x149 uspace/lib/libcongfx.a.p/congfx_src_console.c.o
 *fill*         0x00000000004109b9        0x7 
 .text.console_gc_create
                0x00000000004109c0      0x124 uspace/lib/libcongfx.a.p/congfx_src_console.c.o
                0x00000000004109c0                console_gc_create
 *fill*         0x0000000000410ae4        0xc 
 .text.console_gc_delete
                0x0000000000410af0       0x3f uspace/lib/libcongfx.a.p/congfx_src_console.c.o
                0x0000000000410af0                console_gc_delete
 *fill*         0x0000000000410b2f        0x1 
 .text.console_gc_get_ctx
                0x0000000000410b30        0x9 uspace/lib/libcongfx.a.p/congfx_src_console.c.o
                0x0000000000410b30                console_gc_get_ctx
 *fill*         0x0000000000410b39        0x7 
 .text.console_init
                0x0000000000410b40       0x7c uspace/lib/libconsole.a.p/console_src_console.c.o
                0x0000000000410b40                console_init
 *fill*         0x0000000000410bbc        0x4 
 .text.console_done
                0x0000000000410bc0        0xa uspace/lib/libconsole.a.p/console_src_console.c.o
                0x0000000000410bc0                console_done
 *fill*         0x0000000000410bca        0x6 
 .text.console_clear
                0x0000000000410bd0       0x2f uspace/lib/libconsole.a.p/console_src_console.c.o
                0x0000000000410bd0                console_clear
 *fill*         0x0000000000410bff        0x1 
 .text.console_get_size
                0x0000000000410c00       0x4b uspace/lib/libconsole.a.p/console_src_console.c.o
                0x0000000000410c00                console_get_size
 *fill*         0x0000000000410c4b        0x5 
 .text.console_cursor_visibility
                0x0000000000410c50       0x31 uspace/lib/libconsole.a.p/console_src_console.c.o
                0x0000000000410c50                console_cursor_visibility
 *fill*         0x0000000000410c81        0xf 
 .text.console_set_caption
                0x0000000000410c90       0xa3 uspace/lib/libconsole.a.p/console_src_console.c.o
                0x0000000000410c90                console_set_caption
 *fill*         0x0000000000410d33        0xd 
 .text.console_get_pos
                0x0000000000410d40       0x4b uspace/lib/libconsole.a.p/console_src_console.c.o
                0x0000000000410d40                console_get_pos
 *fill*         0x0000000000410d8b        0x5 
 .text.console_set_pos
                0x0000000000410d90       0x44 uspace/lib/libconsole.a.p/console_src_console.c.o
                0x0000000000410d90                console_set_pos
 *fill*         0x0000000000410dd4        0xc 
 .text.console_get_event_timeout
                0x0000000000410de0      0x16c uspace/lib/libconsole.a.p/console_src_console.c.o
                0x0000000000410de0                console_get_event_timeout
 *fill*         0x0000000000410f4c        0x4 
 .text.console_map
                0x0000000000410f50       0xea uspace/lib/libconsole.a.p/console_src_console.c.o
                0x0000000000410f50                console_map
 *fill*         0x000000000041103a        0x6 
 .text.console_unmap
                0x0000000000411040       0x37 uspace/lib/libconsole.a.p/console_src_console.c.o
                0x0000000000411040                console_unmap
 *fill*         0x0000000000411077        0x9 
 .text.console_update
                0x0000000000411080       0x5f uspace/lib/libconsole.a.p/console_src_console.c.o
                0x0000000000411080                console_update
 *(.gnu.warning)

.fini
 *(SORT_NONE(.fini))
                [!provide]                        PROVIDE (__etext = .)
                [!provide]                        PROVIDE (_etext = .)
                [!provide]                        PROVIDE (etext = .)

.rodata         0x00000000004110e0      0x768
 *(.rodata .rodata.* .gnu.linkonce.r.*)
 .rodata.main.str1.1
                0x00000000004110e0      0x214 uspace/app_hello.p/app_hello_hello.c.o
                                         0xa8 (size before relaxing)
 *fill*         0x00000000004112f4        0x4 
 .rodata.main.str1.8
                0x00000000004112f8      0x27b uspace/app_hello.p/app_hello_hello.c.o
                                         0x70 (size before relaxing)
 *fill*         0x0000000000411573        0x5 
 .rodata.cst8   0x0000000000411578        0x8 uspace/lib/c/libstartfiles.a.p/generic_crt_crt1.c.o
 .rodata.ui_fixed_destroy.str1.8
                0x0000000000411580       0x28 uspace/lib/libui.a.p/ui_src_fixed.c.o
 .rodata.ui_fixed_destroy.str1.1
                0x0000000000411580       0x15 uspace/lib/libui.a.p/ui_src_fixed.c.o
 .rodata.ui_create.str1.1
                0x0000000000411580       0x1b uspace/lib/libui.a.p/ui_src_ui.c.o
 .rodata.ui_wdecor_create.str1.1
                0x0000000000411580        0x6 uspace/lib/libui.a.p/ui_src_wdecor.c.o
 .rodata.ui_wdecor_sysmenu_hdl_paint_text.str1.1
                0x0000000000411580        0x6 uspace/lib/libui.a.p/ui_src_wdecor.c.o
 .rodata.cst16  0x0000000000411580       0xa0 uspace/lib/libui.a.p/ui_src_wdecor.c.o
                                         0x40 (size before relaxing)
 .rodata.ui_window_place.str1.8
                0x0000000000411620       0x7a uspace/lib/libui.a.p/ui_src_window.c.o
 .rodata.ui_window_place
                0x0000000000411620       0x80 uspace/lib/libui.a.p/ui_src_window.c.o
 .rodata.ui_window_create.str1.1
                0x00000000004116a0       0x30 uspace/lib/libui.a.p/ui_src_window.c.o
 .rodata.ui_window_add.str1.1
                0x00000000004116a0       0x18 uspace/lib/libui.a.p/ui_src_window.c.o
 .rodata.ui_window_size_change.str1.1
                0x00000000004116a0       0x18 uspace/lib/libui.a.p/ui_src_window.c.o
 .rodata.ui_window_def_unmaximize.str1.1
                0x00000000004116a0       0x1d uspace/lib/libui.a.p/ui_src_window.c.o
 .rodata.ui_menu_popup_kbd
                0x00000000004116a0      0x170 uspace/lib/libui.a.p/ui_src_menu.c.o
 .rodata.cst16  0x0000000000411810       0x20 uspace/lib/libui.a.p/ui_src_menu.c.o
 .rodata.ui_menu_bar_entry_rect.str1.8
                0x0000000000411810       0x2a uspace/lib/libui.a.p/ui_src_menubar.c.o
 .rodata.ui_menu_bar_entry_rect.str1.1
                0x0000000000411810        0x6 uspace/lib/libui.a.p/ui_src_menubar.c.o
 .rodata.ui_menu_entry_sep_create.str1.1
                0x0000000000411810        0x1 uspace/lib/libui.a.p/ui_src_menuentry.c.o
 .rodata.ui_text_width.str1.1
                0x0000000000411810        0x2 uspace/lib/libui.a.p/ui_src_paint.c.o
 .rodata.str1.1
                0x0000000000411810       0x42 uspace/lib/libui.a.p/ui_src_paint.c.o
 .rodata.cst16  0x0000000000411810       0x30 uspace/lib/libui.a.p/ui_src_paint.c.o
 .rodata.cst8   0x0000000000411810        0x8 uspace/lib/libui.a.p/ui_src_pbutton.c.o
 .rodata.ui_popup_create.str1.1
                0x0000000000411818        0x1 uspace/lib/libui.a.p/ui_src_popup.c.o
 .rodata.ui_resource_create.str1.1
                0x0000000000411818       0x16 uspace/lib/libui.a.p/ui_src_resource.c.o
 .rodata.gfx_font_splice_at_glyph.str1.8
                0x0000000000411818       0x2c uspace/lib/libgfxfont.a.p/gfxfont_src_font.c.o
 .rodata.gfx_font_open.str1.1
                0x0000000000411818       0x14 uspace/lib/libgfxfont.a.p/gfxfont_src_font.c.o
 .rodata.cst16  0x0000000000411818       0x10 uspace/lib/libgfxfont.a.p/gfxfont_src_font.c.o
 .rodata.gfx_puttext.str1.1
                0x0000000000411818        0x6 uspace/lib/libgfxfont.a.p/gfxfont_src_text.c.o
 .rodata.riff_ropen.str1.1
                0x0000000000411818        0x3 uspace/lib/libriff.a.p/riff_src_chunk.c.o
 .rodata.mem_gc_bitmap_render.str1.8
                0x0000000000411818       0xc5 uspace/lib/libmemgfx.a.p/memgfx_src_memgc.c.o
 .rodata.mem_gc_bitmap_render.str1.1
                0x0000000000411818       0x32 uspace/lib/libmemgfx.a.p/memgfx_src_memgc.c.o
 .rodata.mem_gc_fill_rect.str1.1
                0x0000000000411818       0x28 uspace/lib/libmemgfx.a.p/memgfx_src_memgc.c.o
 .rodata.mem_gc_fill_rect.str1.8
                0x0000000000411818       0x3b uspace/lib/libmemgfx.a.p/memgfx_src_memgc.c.o
 .rodata.display_cb_conn
                0x0000000000411818       0x30 uspace/lib/libdisplay.a.p/display_src_display.c.o
 .rodata.display_open.str1.1
                0x0000000000411848        0xc uspace/lib/libdisplay.a.p/display_src_display.c.o
 .rodata.display_wnd_params_init.str1.1
                0x0000000000411848        0x1 uspace/lib/libdisplay.a.p/display_src_display.c.o

.rodata1
 *(.rodata1)

.eh_frame_hdr   0x0000000000411848      0xaac
 *(.eh_frame_hdr)
 .eh_frame_hdr  0x0000000000411848      0xaac uspace/app_hello.p/app_hello_hello.c.o
                0x0000000000411848                __GNU_EH_FRAME_HDR
 *(.eh_frame_entry .eh_frame_entry.*)

.eh_frame       0x00000000004122f8     0x35a4
 *(.eh_frame)
 .eh_frame      0x00000000004122f8       0x68 uspace/app_hello.p/app_hello_hello.c.o
 .eh_frame      0x0000000000412360       0x28 uspace/app_hello.p/app_hello_hello.c.o
                                         0x40 (size before relaxing)
 .eh_frame      0x0000000000412388        0x0 uspace/app_hello.p/app_hello_hello.c.o
 .eh_frame      0x0000000000412388       0x20 uspace/lib/c/libstartfiles.a.p/generic_crt_crt1.c.o
                                         0x38 (size before relaxing)
 .eh_frame      0x00000000004123a8      0x170 uspace/lib/libui.a.p/ui_src_fixed.c.o
                                        0x288 (size before relaxing)
 .eh_frame      0x0000000000412518      0x120 uspace/lib/libui.a.p/ui_src_label.c.o
                                        0x1b8 (size before relaxing)
 .eh_frame      0x0000000000412638      0x150 uspace/lib/libui.a.p/ui_src_ui.c.o
                                        0x2a8 (size before relaxing)
 .eh_frame      0x0000000000412788      0x340 uspace/lib/libui.a.p/ui_src_wdecor.c.o
                                        0x5c0 (size before relaxing)
 .eh_frame      0x0000000000412ac8      0x7f8 uspace/lib/libui.a.p/ui_src_window.c.o
                                        0xbc8 (size before relaxing)
 .eh_frame      0x00000000004132c0       0x30 uspace/lib/libui.a.p/ui_src_clickmatic.c.o
                                        0x110 (size before relaxing)
 .eh_frame      0x00000000004132f0      0x100 uspace/lib/libui.a.p/ui_src_control.c.o
                                        0x118 (size before relaxing)
 .eh_frame      0x00000000004133f0      0x188 uspace/lib/libui.a.p/ui_src_dummygc.c.o
                                        0x1a0 (size before relaxing)
 .eh_frame      0x0000000000413578      0x2c8 uspace/lib/libui.a.p/ui_src_menu.c.o
                                        0x3d0 (size before relaxing)
 .eh_frame      0x0000000000413840      0x130 uspace/lib/libui.a.p/ui_src_menubar.c.o
                                        0x460 (size before relaxing)
 .eh_frame      0x0000000000413970      0x110 uspace/lib/libui.a.p/ui_src_menudd.c.o
                                        0x220 (size before relaxing)
 .eh_frame      0x0000000000413a80      0x2e0 uspace/lib/libui.a.p/ui_src_menuentry.c.o
                                        0x3e0 (size before relaxing)
 .eh_frame      0x0000000000413d60      0x2a8 uspace/lib/libui.a.p/ui_src_paint.c.o
                                        0x468 (size before relaxing)
 .eh_frame      0x0000000000414008      0x170 uspace/lib/libui.a.p/ui_src_pbutton.c.o
                                        0x360 (size before relaxing)
 .eh_frame      0x0000000000414178      0x148 uspace/lib/libui.a.p/ui_src_popup.c.o
                                        0x1c0 (size before relaxing)
 .eh_frame      0x00000000004142c0       0x78 uspace/lib/libui.a.p/ui_src_resource.c.o
                                        0x130 (size before relaxing)
 .eh_frame      0x0000000000414338       0x50 uspace/lib/libui.a.p/ui_src_accel.c.o
                                         0x68 (size before relaxing)
 .eh_frame      0x0000000000414388       0xc0 uspace/lib/libgfx.a.p/gfx_src_bitmap.c.o
                                         0xd8 (size before relaxing)
 .eh_frame      0x0000000000414448       0xb8 uspace/lib/libgfx.a.p/gfx_src_color.c.o
                                         0xd0 (size before relaxing)
 .eh_frame      0x0000000000414500      0x188 uspace/lib/libgfx.a.p/gfx_src_coord.c.o
                                        0x270 (size before relaxing)
 .eh_frame      0x0000000000414688       0x50 uspace/lib/libgfx.a.p/gfx_src_context.c.o
                                         0x68 (size before relaxing)
 .eh_frame      0x00000000004146d8       0x70 uspace/lib/libgfx.a.p/gfx_src_cursor.c.o
                                         0x88 (size before relaxing)
 .eh_frame      0x0000000000414748       0x60 uspace/lib/libgfx.a.p/gfx_src_render.c.o
                                         0x98 (size before relaxing)
 .eh_frame      0x00000000004147a8      0x198 uspace/lib/libgfxfont.a.p/gfxfont_src_font.c.o
                                        0x390 (size before relaxing)
 .eh_frame      0x0000000000414940       0xe8 uspace/lib/libgfxfont.a.p/gfxfont_src_glyph.c.o
                                        0x268 (size before relaxing)
 .eh_frame      0x0000000000414a28      0x120 uspace/lib/libgfxfont.a.p/gfxfont_src_text.c.o
                                        0x170 (size before relaxing)
 .eh_frame      0x0000000000414b48       0xa0 uspace/lib/libgfxfont.a.p/gfxfont_src_typeface.c.o
                                        0x110 (size before relaxing)
 .eh_frame      0x0000000000414be8      0x1c8 uspace/lib/libriff.a.p/riff_src_chunk.c.o
                                        0x2d8 (size before relaxing)
 .eh_frame      0x0000000000414db0      0x230 uspace/lib/libmemgfx.a.p/memgfx_src_memgc.c.o
                                        0x248 (size before relaxing)
 .eh_frame      0x0000000000414fe0       0x20 uspace/lib/libmemgfx.a.p/memgfx_src_xlategc.c.o
                                        0x248 (size before relaxing)
 .eh_frame      0x0000000000415000      0x2f8 uspace/lib/libdisplay.a.p/display_src_display.c.o
                                        0x370 (size before relaxing)
 .eh_frame      0x00000000004152f8      0x190 uspace/lib/libipcgfx.a.p/ipcgfx_src_client.c.o
                                        0x1d0 (size before relaxing)
 .eh_frame      0x0000000000415488      0x220 uspace/lib/libcongfx.a.p/congfx_src_console.c.o
                                        0x278 (size before relaxing)
 .eh_frame      0x00000000004156a8      0x1f4 uspace/lib/libconsole.a.p/console_src_console.c.o
                                        0x318 (size before relaxing)
 *(.eh_frame.*)

.sframe         0x000000000041589c        0x0
 *(.sframe)
 .sframe        0x000000000041589c        0x0 uspace/app_hello.p/app_hello_hello.c.o
 *(.sframe.*)

.gcc_except_table
 *(.gcc_except_table .gcc_except_table.*)

.gnu_extab
 *(.gnu_extab*)

.exception_ranges
 *(.exception_ranges*)
                0x0000000000416000                . = DATA_SEGMENT_ALIGN (CONSTANT (MAXPAGESIZE), CONSTANT (COMMONPAGESIZE))

.eh_frame
 *(.eh_frame)
 *(.eh_frame.*)

.sframe
 *(.sframe)
 *(.sframe.*)

.gnu_extab
 *(.gnu_extab)

.gcc_except_table
 *(.gcc_except_table .gcc_except_table.*)

.exception_ranges
 *(.exception_ranges*)

.tdata          0x0000000000416000        0x0
                [!provide]                        PROVIDE (__tdata_start = .)
 *(.tdata .tdata.* .gnu.linkonce.td.*)

.tbss
 *(.tbss .tbss.* .gnu.linkonce.tb.*)
 *(.tcommon)

.preinit_array  0x0000000000416000        0x0
                0x0000000000416000                PROVIDE (__preinit_array_start = .)
 *(.preinit_array)
                0x0000000000416000                PROVIDE (__preinit_array_end = .)

.init_array     0x0000000000416000        0x0
                0x0000000000416000                PROVIDE (__init_array_start = .)
 *(SORT_BY_INIT_PRIORITY(.init_array.*) SORT_BY_INIT_PRIORITY(.ctors.*))
 *(.init_array EXCLUDE_FILE(*crtend?.o *crtend.o *crtbegin?.o *crtbegin.o) .ctors)
                0x0000000000416000                PROVIDE (__init_array_end = .)

.fini_array     0x0000000000416000        0x0
                0x0000000000416000                PROVIDE (__fini_array_start = .)
 *(SORT_BY_INIT_PRIORITY(.fini_array.*) SORT_BY_INIT_PRIORITY(.dtors.*))
 *(.fini_array EXCLUDE_FILE(*crtend?.o *crtend.o *crtbegin?.o *crtbegin.o) .dtors)
                0x0000000000416000                PROVIDE (__fini_array_end = .)

.ctors
 *crtbegin.o(.ctors)
 *crtbegin?.o(.ctors)
 *(EXCLUDE_FILE(*crtend?.o *crtend.o) .ctors)
 *(SORT_BY_NAME(.ctors.*))
 *(.ctors)

.dtors
 *crtbegin.o(.dtors)
 *crtbegin?.o(.dtors)
 *(EXCLUDE_FILE(*crtend?.o *crtend.o) .dtors)
 *(SORT_BY_NAME(.dtors.*))
 *(.dtors)

.jcr
 *(.jcr)

.data.rel.ro    0x0000000000416000        0x0
 *(.data.rel.ro.local* .gnu.linkonce.d.rel.ro.local.*)
 *(.data.rel.ro .data.rel.ro.* .gnu.linkonce.d.rel.ro.*)
 .data.rel.ro   0x0000000000416000        0x0 uspace/app_hello.p/app_hello_hello.c.o

.dynamic        0x0000000000416000      0x150
 *(.dynamic)
 .dynamic       0x0000000000416000      0x150 uspace/app_hello.p/app_hello_hello.c.o
                0x0000000000416000                _DYNAMIC

.got            0x0000000000416150        0x0
 *(.got)
 .got           0x0000000000416150        0x0 uspace/app_hello.p/app_hello_hello.c.o
 *(.igot)
                0x0000000000416150                . = DATA_SEGMENT_RELRO_END (., (SIZEOF (.got.plt) >= 0x18)?0x18:0x0)

.got.plt        0x0000000000416150      0x228
 *(.got.plt)
 .got.plt       0x0000000000416150      0x228 uspace/app_hello.p/app_hello_hello.c.o
                0x0000000000416150                _GLOBAL_OFFSET_TABLE_
 *(.igot.plt)
 .igot.plt      0x0000000000416378        0x0 uspace/app_hello.p/app_hello_hello.c.o

.data           0x0000000000416380      0x578
 *(.data .data.* .gnu.linkonce.d.*)
 .data.window_cb
                0x0000000000416380       0x58 uspace/app_hello.p/app_hello_hello.c.o
 *fill*         0x00000000004163d8        0x8 
 .data.ui_fixed_ops
                0x00000000004163e0       0x28 uspace/lib/libui.a.p/ui_src_fixed.c.o
                0x00000000004163e0                ui_fixed_ops
 *fill*         0x0000000000416408       0x18 
 .data.ui_label_ops
                0x0000000000416420       0x28 uspace/lib/libui.a.p/ui_src_label.c.o
                0x0000000000416420                ui_label_ops
 .data.ui_wdecor_btn_close_decor_ops
                0x0000000000416448        0x8 uspace/lib/libui.a.p/ui_src_wdecor.c.o
 .data.ui_wdecor_btn_close_cb
                0x0000000000416450       0x18 uspace/lib/libui.a.p/ui_src_wdecor.c.o
 .data.ui_wdecor_btn_max_decor_ops
                0x0000000000416468        0x8 uspace/lib/libui.a.p/ui_src_wdecor.c.o
 .data.ui_wdecor_btn_max_cb
                0x0000000000416470       0x18 uspace/lib/libui.a.p/ui_src_wdecor.c.o
 .data.ui_wdecor_btn_min_decor_ops
                0x0000000000416488        0x8 uspace/lib/libui.a.p/ui_src_wdecor.c.o
 .data.ui_wdecor_btn_min_cb
                0x0000000000416490       0x18 uspace/lib/libui.a.p/ui_src_wdecor.c.o
 *fill*         0x00000000004164a8       0x18 
 .data.ui_window_mem_gc_cb
                0x00000000004164c0       0x28 uspace/lib/libui.a.p/ui_src_window.c.o
 *fill*         0x00000000004164e8       0x18 
 .data.wnd_sysmenu_cb
                0x0000000000416500       0x20 uspace/lib/libui.a.p/ui_src_window.c.o
 .data.wdecor_cb
                0x0000000000416520       0x58 uspace/lib/libui.a.p/ui_src_window.c.o