Archive member included to satisfy reference by file (symbol)

uspace/lib/c/libstartfiles.a.p/arch_amd64_src_crt0.S.o
                              (--whole-archive)
uspace/lib/c/libstartfiles.a.p/generic_crt_crt1.c.o
                              (--whole-archive)
uspace/lib/libblock.a.p/block_block.c.o
                              uspace/app_blkdump.p/app_blkdump_blkdump.c.o (block_init)
uspace/lib/libdevice.a.p/device_src_bd.c.o
                              uspace/lib/libblock.a.p/block_block.c.o (bd_open)

As-needed library included to satisfy reference by file (symbol)

libc.so.0                     uspace/app_blkdump.p/app_blkdump_blkdump.c.o (putchar)

Discarded input sections

 .text          0x0000000000000000        0x0 uspace/app_blkdump.p/app_blkdump_blkdump.c.o
 .data          0x0000000000000000        0x0 uspace/app_blkdump.p/app_blkdump_blkdump.c.o
 .bss           0x0000000000000000        0x0 uspace/app_blkdump.p/app_blkdump_blkdump.c.o
 .data          0x0000000000000000        0x0 uspace/lib/c/libstartfiles.a.p/arch_amd64_src_crt0.S.o
 .bss           0x0000000000000000        0x0 uspace/lib/c/libstartfiles.a.p/arch_amd64_src_crt0.S.o
 .text          0x0000000000000000        0x0 uspace/lib/c/libstartfiles.a.p/generic_crt_crt1.c.o
 .data          0x0000000000000000        0x0 uspace/lib/c/libstartfiles.a.p/generic_crt_crt1.c.o
 .bss           0x0000000000000000        0x0 uspace/lib/c/libstartfiles.a.p/generic_crt_crt1.c.o
 .text          0x0000000000000000        0x0 uspace/lib/libblock.a.p/block_block.c.o
 .data          0x0000000000000000        0x0 uspace/lib/libblock.a.p/block_block.c.o
 .bss           0x0000000000000000        0x0 uspace/lib/libblock.a.p/block_block.c.o
 .text.cache_key_hash
                0x0000000000000000        0x9 uspace/lib/libblock.a.p/block_block.c.o
 .text.cache_hash
                0x0000000000000000        0xa uspace/lib/libblock.a.p/block_block.c.o
 .text.cache_key_equal
                0x0000000000000000       0x10 uspace/lib/libblock.a.p/block_block.c.o
 .text.read_blocks.part.0
                0x0000000000000000       0x18 uspace/lib/libblock.a.p/block_block.c.o
 .text.write_blocks.part.0
                0x0000000000000000       0x18 uspace/lib/libblock.a.p/block_block.c.o
 .text.block_bb_read
                0x0000000000000000      0x120 uspace/lib/libblock.a.p/block_block.c.o
 .text.block_bb_get
                0x0000000000000000       0x7e uspace/lib/libblock.a.p/block_block.c.o
 .text.block_cache_init
                0x0000000000000000      0x16c uspace/lib/libblock.a.p/block_block.c.o
 .rodata.block_put.str1.1
                0x0000000000000000       0x21 uspace/lib/libblock.a.p/block_block.c.o
 .rodata.block_put.str1.8
                0x0000000000000000       0x53 uspace/lib/libblock.a.p/block_block.c.o
 .text.block_put
                0x0000000000000000      0x2f0 uspace/lib/libblock.a.p/block_block.c.o
 .rodata.block_get.str1.1
                0x0000000000000000       0x1f uspace/lib/libblock.a.p/block_block.c.o
 .text.block_get
                0x0000000000000000      0x528 uspace/lib/libblock.a.p/block_block.c.o
 .text.block_seqread
                0x0000000000000000      0x1be uspace/lib/libblock.a.p/block_block.c.o
 .text.block_write_direct
                0x0000000000000000       0xda uspace/lib/libblock.a.p/block_block.c.o
 .text.block_sync_cache
                0x0000000000000000       0x86 uspace/lib/libblock.a.p/block_block.c.o
 .text.block_read_bytes_direct
                0x0000000000000000      0x1e8 uspace/lib/libblock.a.p/block_block.c.o
 .rodata.cache_ops
                0x0000000000000000       0x28 uspace/lib/libblock.a.p/block_block.c.o
 .text          0x0000000000000000        0x0 uspace/lib/libdevice.a.p/device_src_bd.c.o
 .data          0x0000000000000000        0x0 uspace/lib/libdevice.a.p/device_src_bd.c.o
 .bss           0x0000000000000000        0x0 uspace/lib/libdevice.a.p/device_src_bd.c.o

Memory Configuration

Name             Origin             Length             Attributes
*default*        0x0000000000000000 0xffffffffffffffff

Linker script and memory map

LOAD uspace/app_blkdump.p/app_blkdump_blkdump.c.o
START GROUP
LOAD uspace/lib/c/libstartfiles.a
LOAD uspace/lib/libblock.a
LOAD uspace/lib/libdevice.a
LOAD uspace/lib/libc.so.0.0
LOAD uspace/lib/libscsi.a
LOAD /home/zyc/.local/share/HelenOS/cross/lib/gcc/amd64-helenos/13.2.0/libgcc.a
END GROUP
                0x0000000000400000                PROVIDE (__executable_start = SEGMENT_START ("text-segment", 0x400000))
                0x0000000000400120                . = (SEGMENT_START ("text-segment", 0x400000) + SIZEOF_HEADERS)

.interp
 *(.interp)

.note.gnu.build-id
 *(.note.gnu.build-id)

.hash           0x0000000000400120       0xd8
 *(.hash)
 .hash          0x0000000000400120       0xd8 uspace/app_blkdump.p/app_blkdump_blkdump.c.o

.gnu.hash
 *(.gnu.hash)

.dynsym         0x00000000004001f8      0x348
 *(.dynsym)
 .dynsym        0x00000000004001f8      0x348 uspace/app_blkdump.p/app_blkdump_blkdump.c.o

.dynstr         0x0000000000400540      0x210
 *(.dynstr)
 .dynstr        0x0000000000400540      0x210 uspace/app_blkdump.p/app_blkdump_blkdump.c.o

.gnu.version    0x0000000000400750        0x0
 *(.gnu.version)
 .gnu.version   0x0000000000400750        0x0 uspace/app_blkdump.p/app_blkdump_blkdump.c.o

.gnu.version_d  0x0000000000400750        0x0
 *(.gnu.version_d)
 .gnu.version_d
                0x0000000000400750        0x0 uspace/app_blkdump.p/app_blkdump_blkdump.c.o

.gnu.version_r  0x0000000000400750        0x0
 *(.gnu.version_r)
 .gnu.version_r
                0x0000000000400750        0x0 uspace/app_blkdump.p/app_blkdump_blkdump.c.o

.rela.dyn       0x0000000000400750       0x18
 *(.rela.init)
 *(.rela.text .rela.text.* .rela.gnu.linkonce.t.*)
 .rela.text.__c_start
                0x0000000000400750        0x0 uspace/app_blkdump.p/app_blkdump_blkdump.c.o
 *(.rela.fini)
 *(.rela.rodata .rela.rodata.* .rela.gnu.linkonce.r.*)
 .rela.rodata.cst8
                0x0000000000400750        0x0 uspace/app_blkdump.p/app_blkdump_blkdump.c.o
 *(.rela.data .rela.data.* .rela.gnu.linkonce.d.*)
 .rela.data.rel.ro
                0x0000000000400750        0x0 uspace/app_blkdump.p/app_blkdump_blkdump.c.o
 *(.rela.tdata .rela.tdata.* .rela.gnu.linkonce.td.*)
 *(.rela.tbss .rela.tbss.* .rela.gnu.linkonce.tb.*)
 *(.rela.ctors)
 *(.rela.dtors)
 *(.rela.got)
 .rela.got      0x0000000000400750        0x0 uspace/app_blkdump.p/app_blkdump_blkdump.c.o
 *(.rela.bss .rela.bss.* .rela.gnu.linkonce.b.*)
 .rela.bss      0x0000000000400750       0x18 uspace/app_blkdump.p/app_blkdump_blkdump.c.o
 *(.rela.ldata .rela.ldata.* .rela.gnu.linkonce.l.*)
 *(.rela.lbss .rela.lbss.* .rela.gnu.linkonce.lb.*)
 *(.rela.lrodata .rela.lrodata.* .rela.gnu.linkonce.lr.*)
 *(.rela.ifunc)

.rela.plt       0x0000000000400768      0x318
 *(.rela.plt)
 .rela.plt      0x0000000000400768      0x318 uspace/app_blkdump.p/app_blkdump_blkdump.c.o
                [!provide]                        PROVIDE (__rela_iplt_start = .)
 *(.rela.iplt)
 .rela.iplt     0x0000000000400a80        0x0 uspace/app_blkdump.p/app_blkdump_blkdump.c.o
                [!provide]                        PROVIDE (__rela_iplt_end = .)

.relr.dyn
 *(.relr.dyn)

.init
 *(SORT_NONE(.init))

.plt            0x0000000000400a80      0x220
 *(.plt)
 .plt           0x0000000000400a80      0x220 uspace/app_blkdump.p/app_blkdump_blkdump.c.o
                0x0000000000400a90                putchar
                0x0000000000400aa0                loc_service_connect
                0x0000000000400ab0                printf
                0x0000000000400ac0                async_hangup
                0x0000000000400ad0                async_req_0_2
                0x0000000000400ae0                async_wait_for
                0x0000000000400af0                async_data_write_start
                0x0000000000400b00                async_get_call
                0x0000000000400b10                async_send_1
                0x0000000000400b20                puts
                0x0000000000400b30                malloc
                0x0000000000400b40                loc_service_get_id
                0x0000000000400b50                async_answer_0
                0x0000000000400b60                stacktrace_print
                0x0000000000400b70                strtol
                0x0000000000400b80                async_exchange_end
                0x0000000000400b90                calloc
                0x0000000000400ba0                async_send_3
                0x0000000000400bb0                fibril_mutex_unlock
                0x0000000000400bc0                async_req_0_1
                0x0000000000400bd0                async_create_callback_port
                0x0000000000400be0                str_cmp
                0x0000000000400bf0                hash_table_remove_item
                0x0000000000400c00                __helenos_assert_abort
                0x0000000000400c10                async_data_read_start
                0x0000000000400c20                str_error_name
                0x0000000000400c30                async_exchange_begin
                0x0000000000400c40                __libc_main
                0x0000000000400c50                async_forget
                0x0000000000400c60                async_req_3_0
                0x0000000000400c70                hash_table_destroy
                0x0000000000400c80                free
                0x0000000000400c90                fibril_mutex_lock
 *(.iplt)
 .iplt          0x0000000000400ca0        0x0 uspace/app_blkdump.p/app_blkdump_blkdump.c.o

.plt.got        0x0000000000400ca0        0x0
 *(.plt.got)
 .plt.got       0x0000000000400ca0        0x0 uspace/app_blkdump.p/app_blkdump_blkdump.c.o

.plt.sec
 *(.plt.sec)

.text           0x0000000000400ca0     0x113d
 *(.text.unlikely .text.*_unlikely .text.unlikely.*)
 *(.text.exit .text.exit.*)
 *(.text.startup .text.startup.*)
 .text.startup.main
                0x0000000000400ca0      0x616 uspace/app_blkdump.p/app_blkdump_blkdump.c.o
                0x0000000000400ca0                main
 *(.text.hot .text.hot.*)
 *(SORT_BY_NAME(.text.sorted.*))
 *(.text .stub .text.* .gnu.linkonce.t.*)
 .text          0x00000000004012b6        0xc uspace/lib/c/libstartfiles.a.p/arch_amd64_src_crt0.S.o
                0x00000000004012b6                _start
 *fill*         0x00000000004012c2        0xe 
 .text.__c_start
                0x00000000004012d0       0x8c uspace/lib/c/libstartfiles.a.p/generic_crt_crt1.c.o
                0x00000000004012d0                __c_start
 *fill*         0x000000000040135c        0x4 
 .text.block_init
                0x0000000000401360      0x180 uspace/lib/libblock.a.p/block_block.c.o
                0x0000000000401360                block_init
 .text.block_cache_fini
                0x00000000004014e0      0x18d uspace/lib/libblock.a.p/block_block.c.o
                0x00000000004014e0                block_cache_fini
 *fill*         0x000000000040166d        0x3 
 .text.block_fini
                0x0000000000401670       0xee uspace/lib/libblock.a.p/block_block.c.o
                0x0000000000401670                block_fini
 *fill*         0x000000000040175e        0x2 
 .text.block_read_direct
                0x0000000000401760       0xda uspace/lib/libblock.a.p/block_block.c.o
                0x0000000000401760                block_read_direct
 *fill*         0x000000000040183a        0x6 
 .text.block_get_bsize
                0x0000000000401840       0x86 uspace/lib/libblock.a.p/block_block.c.o
                0x0000000000401840                block_get_bsize
 *fill*         0x00000000004018c6        0xa 
 .text.block_get_nblocks
                0x00000000004018d0       0x86 uspace/lib/libblock.a.p/block_block.c.o
                0x00000000004018d0                block_get_nblocks
 *fill*         0x0000000000401956        0xa 
 .text.block_read_toc
                0x0000000000401960       0x9e uspace/lib/libblock.a.p/block_block.c.o
                0x0000000000401960                block_read_toc
 *fill*         0x00000000004019fe        0x2 
 .text.bd_cb_conn
                0x0000000000401a00       0x3b uspace/lib/libdevice.a.p/device_src_bd.c.o
 *fill*         0x0000000000401a3b        0x5 
 .text.bd_open  0x0000000000401a40       0xa8 uspace/lib/libdevice.a.p/device_src_bd.c.o
                0x0000000000401a40                bd_open
 *fill*         0x0000000000401ae8        0x8 
 .text.bd_close
                0x0000000000401af0        0xa uspace/lib/libdevice.a.p/device_src_bd.c.o
                0x0000000000401af0                bd_close
 *fill*         0x0000000000401afa        0x6 
 .text.bd_read_blocks
                0x0000000000401b00       0x9a uspace/lib/libdevice.a.p/device_src_bd.c.o
                0x0000000000401b00                bd_read_blocks
 *fill*         0x0000000000401b9a        0x6 
 .text.bd_read_toc
                0x0000000000401ba0       0x9a uspace/lib/libdevice.a.p/device_src_bd.c.o
                0x0000000000401ba0                bd_read_toc
 *fill*         0x0000000000401c3a        0x6 
 .text.bd_write_blocks
                0x0000000000401c40       0x9a uspace/lib/libdevice.a.p/device_src_bd.c.o
                0x0000000000401c40                bd_write_blocks
 *fill*         0x0000000000401cda        0x6 
 .text.bd_sync_cache
                0x0000000000401ce0       0x4e uspace/lib/libdevice.a.p/device_src_bd.c.o
                0x0000000000401ce0                bd_sync_cache
 *fill*         0x0000000000401d2e        0x2 
 .text.bd_get_block_size
                0x0000000000401d30       0x4f uspace/lib/libdevice.a.p/device_src_bd.c.o
                0x0000000000401d30                bd_get_block_size
 *fill*         0x0000000000401d7f        0x1 
 .text.bd_get_num_blocks
                0x0000000000401d80       0x5d uspace/lib/libdevice.a.p/device_src_bd.c.o
                0x0000000000401d80                bd_get_num_blocks
 *(.gnu.warning)

.fini
 *(SORT_NONE(.fini))
                [!provide]                        PROVIDE (__etext = .)
                [!provide]                        PROVIDE (_etext = .)
                [!provide]                        PROVIDE (etext = .)

.rodata         0x0000000000401de0      0x4b0
 *(.rodata .rodata.* .gnu.linkonce.r.*)
 .rodata.main.str1.8
                0x0000000000401de0      0x3c8 uspace/app_blkdump.p/app_blkdump_blkdump.c.o
                                        0x306 (size before relaxing)
 .rodata.main.str1.1
                0x00000000004021a8       0xdc uspace/app_blkdump.p/app_blkdump_blkdump.c.o
                                         0xd5 (size before relaxing)
 *fill*         0x0000000000402284        0x4 
 .rodata.cst8   0x0000000000402288        0x8 uspace/lib/c/libstartfiles.a.p/generic_crt_crt1.c.o
 .rodata.read_blocks.part.0.str1.8
                0x0000000000402290       0x27 uspace/lib/libblock.a.p/block_block.c.o
 .rodata.read_blocks.part.0.str1.1
                0x0000000000402290        0x7 uspace/lib/libblock.a.p/block_block.c.o
 .rodata.block_bb_read.str1.8
                0x0000000000402290       0x4a uspace/lib/libblock.a.p/block_block.c.o
 .rodata.block_cache_fini.str1.8
                0x0000000000402290       0x48 uspace/lib/libblock.a.p/block_block.c.o

.rodata1
 *(.rodata1)

.eh_frame_hdr   0x0000000000402290       0xa4
 *(.eh_frame_hdr)
 .eh_frame_hdr  0x0000000000402290       0xa4 uspace/app_blkdump.p/app_blkdump_blkdump.c.o
                0x0000000000402290                __GNU_EH_FRAME_HDR
 *(.eh_frame_entry .eh_frame_entry.*)

.eh_frame       0x0000000000402338      0x34c
 *(.eh_frame)
 .eh_frame      0x0000000000402338       0x48 uspace/app_blkdump.p/app_blkdump_blkdump.c.o
 .eh_frame      0x0000000000402380       0x28 uspace/app_blkdump.p/app_blkdump_blkdump.c.o
                                         0x40 (size before relaxing)
 .eh_frame      0x00000000004023a8        0x0 uspace/app_blkdump.p/app_blkdump_blkdump.c.o
 .eh_frame      0x00000000004023a8       0x20 uspace/lib/c/libstartfiles.a.p/generic_crt_crt1.c.o
                                         0x38 (size before relaxing)
 .eh_frame      0x00000000004023c8      0x140 uspace/lib/libblock.a.p/block_block.c.o
                                        0x3c0 (size before relaxing)
 .eh_frame      0x0000000000402508      0x17c uspace/lib/libdevice.a.p/device_src_bd.c.o
                                        0x198 (size before relaxing)
 *(.eh_frame.*)

.sframe         0x0000000000402684        0x0
 *(.sframe)
 .sframe        0x0000000000402684        0x0 uspace/app_blkdump.p/app_blkdump_blkdump.c.o
 *(.sframe.*)

.gcc_except_table
 *(.gcc_except_table .gcc_except_table.*)

.gnu_extab
 *(.gnu_extab*)

.exception_ranges
 *(.exception_ranges*)
                0x0000000000403684                . = DATA_SEGMENT_ALIGN (CONSTANT (MAXPAGESIZE), CONSTANT (COMMONPAGESIZE))

.eh_frame
 *(.eh_frame)
 *(.eh_frame.*)

.sframe
 *(.sframe)
 *(.sframe.*)

.gnu_extab
 *(.gnu_extab)

.gcc_except_table
 *(.gcc_except_table .gcc_except_table.*)

.exception_ranges
 *(.exception_ranges*)

.tdata          0x0000000000403684        0x0
                [!provide]                        PROVIDE (__tdata_start = .)
 *(.tdata .tdata.* .gnu.linkonce.td.*)

.tbss
 *(.tbss .tbss.* .gnu.linkonce.tb.*)
 *(.tcommon)

.preinit_array  0x0000000000403684        0x0
                0x0000000000403684                PROVIDE (__preinit_array_start = .)
 *(.preinit_array)
                0x0000000000403684                PROVIDE (__preinit_array_end = .)

.init_array     0x0000000000403684        0x0
                0x0000000000403684                PROVIDE (__init_array_start = .)
 *(SORT_BY_INIT_PRIORITY(.init_array.*) SORT_BY_INIT_PRIORITY(.ctors.*))
 *(.init_array EXCLUDE_FILE(*crtend?.o *crtend.o *crtbegin?.o *crtbegin.o) .ctors)
                0x0000000000403684                PROVIDE (__init_array_end = .)

.fini_array     0x0000000000403684        0x0
                0x0000000000403684                PROVIDE (__fini_array_start = .)
 *(SORT_BY_INIT_PRIORITY(.fini_array.*) SORT_BY_INIT_PRIORITY(.dtors.*))
 *(.fini_array EXCLUDE_FILE(*crtend?.o *crtend.o *crtbegin?.o *crtbegin.o) .dtors)
                0x0000000000403684                PROVIDE (__fini_array_end = .)

.ctors
 *crtbegin.o(.ctors)
 *crtbegin?.o(.ctors)
 *(EXCLUDE_FILE(*crtend?.o *crtend.o) .ctors)
 *(SORT_BY_NAME(.ctors.*))
 *(.ctors)

.dtors
 *crtbegin.o(.dtors)
 *crtbegin?.o(.dtors)
 *(EXCLUDE_FILE(*crtend?.o *crtend.o) .dtors)
 *(SORT_BY_NAME(.dtors.*))
 *(.dtors)

.jcr
 *(.jcr)

.data.rel.ro    0x0000000000403684        0x0
 *(.data.rel.ro.local* .gnu.linkonce.d.rel.ro.local.*)
 *(.data.rel.ro .data.rel.ro.* .gnu.linkonce.d.rel.ro.*)
 .data.rel.ro   0x0000000000403684        0x0 uspace/app_blkdump.p/app_blkdump_blkdump.c.o

.dynamic        0x0000000000403688      0x150
 *(.dynamic)
 .dynamic       0x0000000000403688      0x150 uspace/app_blkdump.p/app_blkdump_blkdump.c.o
                0x0000000000403688                _DYNAMIC

.got            0x00000000004037d8        0x0
 *(.got)
 .got           0x00000000004037d8        0x0 uspace/app_blkdump.p/app_blkdump_blkdump.c.o
 *(.igot)
                0x00000000004037d8                . = DATA_SEGMENT_RELRO_END (., (SIZEOF (.got.plt) >= 0x18)?0x18:0x0)

.got.plt        0x00000000004037d8      0x120
 *(.got.plt)
 .got.plt       0x00000000004037d8      0x120 uspace/app_blkdump.p/app_blkdump_blkdump.c.o
                0x00000000004037d8                _GLOBAL_OFFSET_TABLE_
 *(.igot.plt)
 .igot.plt      0x00000000004038f8        0x0 uspace/app_blkdump.p/app_blkdump_blkdump.c.o

.data           0x0000000000403900       0x40
 *(.data .data.* .gnu.linkonce.d.*)
 .data.dcl      0x0000000000403900       0x10 uspace/lib/libblock.a.p/block_block.c.o
 *fill*         0x0000000000403910       0x10 
 .data.dcl_lock
                0x0000000000403920       0x20 uspace/lib/libblock.a.p/block_block.c.o

.data1
 *(.data1)
                0x0000000000403940                _edata = .
                [!provide]                        PROVIDE (edata = .)
                0x0000000000403940                . = .
                0x0000000000403940                __bss_start = .

.bss            0x0000000000403940       0x58
 *(.dynbss)
 .dynbss        0x0000000000403940       0x48 uspace/app_blkdump.p/app_blkdump_blkdump.c.o
                0x0000000000403940                __progsymbols
 *(.bss .bss.* .gnu.linkonce.b.*)
 .bss.service_id
                0x0000000000403988        0x8 uspace/app_blkdump.p/app_blkdump_blkdump.c.o
 .bss.relative  0x0000000000403990        0x1 uspace/app_blkdump.p/app_blkdump_blkdump.c.o
 *(COMMON)
                0x0000000000403998                . = ALIGN ((. != 0x0)?0x8:0x1)
 *fill*         0x0000000000403991        0x7 

.lbss
 *(.dynlbss)
 *(.lbss .lbss.* .gnu.linkonce.lb.*)
 *(LARGE_COMMON)
                0x0000000000403998                . = ALIGN (0x8)
                0x0000000000403998                . = SEGMENT_START ("ldata-segment", .)

.lrodata
 *(.lrodata .lrodata.* .gnu.linkonce.lr.*)

.ldata          0x0000000000405998        0x0
 *(.ldata .ldata.* .gnu.linkonce.l.*)
                0x0000000000405998                . = ALIGN ((. != 0x0)?0x8:0x1)
                0x0000000000405998                . = ALIGN (0x8)
                0x0000000000403998                _end = .
                [!provide]                        PROVIDE (end = .)
                0x0000000000405998                . = DATA_SEGMENT_END (.)

.stab
 *(.stab)

.stabstr
 *(.stabstr)

.stab.excl
 *(.stab.excl)

.stab.exclstr
 *(.stab.exclstr)

.stab.index
 *(.stab.index)

.stab.indexstr
 *(.stab.indexstr)

.comment        0x0000000000000000       0x12
 *(.comment)
 .comment       0x0000000000000000       0x12 uspace/app_blkdump.p/app_blkdump_blkdump.c.o
                                         0x13 (size before relaxing)
 .comment       0x0000000000000012       0x13 uspace/lib/c/libstartfiles.a.p/generic_crt_crt1.c.o
 .comment       0x0000000000000012       0x13 uspace/lib/libblock.a.p/block_block.c.o
 .comment       0x0000000000000012       0x13 uspace/lib/libdevice.a.p/device_src_bd.c.o

.gnu.build.attributes
 *(.gnu.build.attributes .gnu.build.attributes.*)

.debug
 *(.debug)

.line
 *(.line)

.debug_srcinfo
 *(.debug_srcinfo)

.debug_sfnames
 *(.debug_sfnames)

.debug_aranges
 *(.debug_aranges)

.debug_pubnames
 *(.debug_pubnames)

.debug_info
 *(.debug_info .gnu.linkonce.wi.*)

.debug_abbrev
 *(.debug_abbrev)

.debug_line
 *(.debug_line .debug_line.* .debug_line_end)

.debug_frame
 *(.debug_frame)

.debug_str
 *(.debug_str)

.debug_loc
 *(.debug_loc)

.debug_macinfo
 *(.debug_macinfo)

.debug_weaknames
 *(.debug_weaknames)

.debug_funcnames
 *(.debug_funcnames)

.debug_typenames
 *(.debug_typenames)

.debug_varnames
 *(.debug_varnames)

.debug_pubtypes
 *(.debug_pubtypes)

.debug_ranges
 *(.debug_ranges)

.debug_addr
 *(.debug_addr)

.debug_line_str
 *(.debug_line_str)

.debug_loclists
 *(.debug_loclists)

.debug_macro
 *(.debug_macro)

.debug_names
 *(.debug_names)

.debug_rnglists
 *(.debug_rnglists)

.debug_str_offsets
 *(.debug_str_offsets)

.debug_sup
 *(.debug_sup)

.gnu.attributes
 *(.gnu.attributes)

/DISCARD/
 *(.note.GNU-stack)
 *(.gnu_debuglink)
 *(.gnu.lto_*)
OUTPUT(uspace/app_blkdump elf64-x86-64)
