Archive member included to satisfy reference by file (symbol)

uspace/lib/c/libstartfiles.a.p/arch_amd64_src_crt0.S.o
                              (--whole-archive)
uspace/lib/c/libstartfiles.a.p/generic_crt_crt1.c.o
                              (--whole-archive)
uspace/lib/libclui.a.p/clui_src_tinput.c.o
                              uspace/app_bdsh.p/app_bdsh_input.c.o (tinput_new)
uspace/lib/libclipboard.a.p/clipboard_src_clipboard.c.o
                              uspace/lib/libclui.a.p/clui_src_tinput.c.o (clipboard_put_str)
uspace/lib/libconsole.a.p/console_src_console.c.o
                              uspace/app_bdsh.p/app_bdsh_cmds_modules_cat_cat.c.o (console_init)
uspace/lib/libfmtutil.a.p/fmtutil_fmtutil.c.o
                              uspace/app_bdsh.p/app_bdsh_cmds_modules_help_help.c.o (print_wrapped_console)

As-needed library included to satisfy reference by file (symbol)

libc.so.0                     uspace/app_bdsh.p/app_bdsh_cmds_modules_echo_echo.c.o (putchar)

Discarded input sections

 .text          0x0000000000000000        0x0 uspace/app_bdsh.p/app_bdsh_cmds_builtin_cmds.c.o
 .data          0x0000000000000000        0x0 uspace/app_bdsh.p/app_bdsh_cmds_builtin_cmds.c.o
 .bss           0x0000000000000000        0x0 uspace/app_bdsh.p/app_bdsh_cmds_builtin_cmds.c.o
 .text          0x0000000000000000        0x0 uspace/app_bdsh.p/app_bdsh_cmds_builtins_batch_batch.c.o
 .data          0x0000000000000000        0x0 uspace/app_bdsh.p/app_bdsh_cmds_builtins_batch_batch.c.o
 .bss           0x0000000000000000        0x0 uspace/app_bdsh.p/app_bdsh_cmds_builtins_batch_batch.c.o
 .text          0x0000000000000000        0x0 uspace/app_bdsh.p/app_bdsh_cmds_builtins_builtin_aliases.c.o
 .data          0x0000000000000000        0x0 uspace/app_bdsh.p/app_bdsh_cmds_builtins_builtin_aliases.c.o
 .bss           0x0000000000000000        0x0 uspace/app_bdsh.p/app_bdsh_cmds_builtins_builtin_aliases.c.o
 .text          0x0000000000000000        0x0 uspace/app_bdsh.p/app_bdsh_cmds_builtins_builtins.c.o
 .data          0x0000000000000000        0x0 uspace/app_bdsh.p/app_bdsh_cmds_builtins_builtins.c.o
 .bss           0x0000000000000000        0x0 uspace/app_bdsh.p/app_bdsh_cmds_builtins_builtins.c.o
 .text          0x0000000000000000        0x0 uspace/app_bdsh.p/app_bdsh_cmds_builtins_cd_cd.c.o
 .data          0x0000000000000000        0x0 uspace/app_bdsh.p/app_bdsh_cmds_builtins_cd_cd.c.o
 .bss           0x0000000000000000        0x0 uspace/app_bdsh.p/app_bdsh_cmds_builtins_cd_cd.c.o
 .text          0x0000000000000000        0x0 uspace/app_bdsh.p/app_bdsh_cmds_builtins_exit_exit.c.o
 .data          0x0000000000000000        0x0 uspace/app_bdsh.p/app_bdsh_cmds_builtins_exit_exit.c.o
 .bss           0x0000000000000000        0x0 uspace/app_bdsh.p/app_bdsh_cmds_builtins_exit_exit.c.o
 .text          0x0000000000000000        0x0 uspace/app_bdsh.p/app_bdsh_cmds_mod_cmds.c.o
 .data          0x0000000000000000        0x0 uspace/app_bdsh.p/app_bdsh_cmds_mod_cmds.c.o
 .bss           0x0000000000000000        0x0 uspace/app_bdsh.p/app_bdsh_cmds_mod_cmds.c.o
 .text          0x0000000000000000        0x0 uspace/app_bdsh.p/app_bdsh_cmds_modules_alias_alias.c.o
 .data          0x0000000000000000        0x0 uspace/app_bdsh.p/app_bdsh_cmds_modules_alias_alias.c.o
 .bss           0x0000000000000000        0x0 uspace/app_bdsh.p/app_bdsh_cmds_modules_alias_alias.c.o
 .text          0x0000000000000000        0x0 uspace/app_bdsh.p/app_bdsh_cmds_modules_cat_cat.c.o
 .data          0x0000000000000000        0x0 uspace/app_bdsh.p/app_bdsh_cmds_modules_cat_cat.c.o
 .bss           0x0000000000000000        0x0 uspace/app_bdsh.p/app_bdsh_cmds_modules_cat_cat.c.o
 .text          0x0000000000000000        0x0 uspace/app_bdsh.p/app_bdsh_cmds_modules_cmp_cmp.c.o
 .data          0x0000000000000000        0x0 uspace/app_bdsh.p/app_bdsh_cmds_modules_cmp_cmp.c.o
 .bss           0x0000000000000000        0x0 uspace/app_bdsh.p/app_bdsh_cmds_modules_cmp_cmp.c.o
 .text          0x0000000000000000        0x0 uspace/app_bdsh.p/app_bdsh_cmds_modules_cp_cp.c.o
 .data          0x0000000000000000        0x0 uspace/app_bdsh.p/app_bdsh_cmds_modules_cp_cp.c.o
 .bss           0x0000000000000000        0x0 uspace/app_bdsh.p/app_bdsh_cmds_modules_cp_cp.c.o
 .text          0x0000000000000000        0x0 uspace/app_bdsh.p/app_bdsh_cmds_modules_echo_echo.c.o
 .data          0x0000000000000000        0x0 uspace/app_bdsh.p/app_bdsh_cmds_modules_echo_echo.c.o
 .bss           0x0000000000000000        0x0 uspace/app_bdsh.p/app_bdsh_cmds_modules_echo_echo.c.o
 .text          0x0000000000000000        0x0 uspace/app_bdsh.p/app_bdsh_cmds_modules_help_help.c.o
 .data          0x0000000000000000        0x0 uspace/app_bdsh.p/app_bdsh_cmds_modules_help_help.c.o
 .bss           0x0000000000000000        0x0 uspace/app_bdsh.p/app_bdsh_cmds_modules_help_help.c.o
 .text          0x0000000000000000        0x0 uspace/app_bdsh.p/app_bdsh_cmds_modules_kcon_kcon.c.o
 .data          0x0000000000000000        0x0 uspace/app_bdsh.p/app_bdsh_cmds_modules_kcon_kcon.c.o
 .bss           0x0000000000000000        0x0 uspace/app_bdsh.p/app_bdsh_cmds_modules_kcon_kcon.c.o
 .text          0x0000000000000000        0x0 uspace/app_bdsh.p/app_bdsh_cmds_modules_ls_ls.c.o
 .data          0x0000000000000000        0x0 uspace/app_bdsh.p/app_bdsh_cmds_modules_ls_ls.c.o
 .bss           0x0000000000000000        0x0 uspace/app_bdsh.p/app_bdsh_cmds_modules_ls_ls.c.o
 .text          0x0000000000000000        0x0 uspace/app_bdsh.p/app_bdsh_cmds_modules_mkdir_mkdir.c.o
 .data          0x0000000000000000        0x0 uspace/app_bdsh.p/app_bdsh_cmds_modules_mkdir_mkdir.c.o
 .bss           0x0000000000000000        0x0 uspace/app_bdsh.p/app_bdsh_cmds_modules_mkdir_mkdir.c.o
 .text          0x0000000000000000        0x0 uspace/app_bdsh.p/app_bdsh_cmds_modules_mkfile_mkfile.c.o
 .data          0x0000000000000000        0x0 uspace/app_bdsh.p/app_bdsh_cmds_modules_mkfile_mkfile.c.o
 .bss           0x0000000000000000        0x0 uspace/app_bdsh.p/app_bdsh_cmds_modules_mkfile_mkfile.c.o
 .text          0x0000000000000000        0x0 uspace/app_bdsh.p/app_bdsh_cmds_modules_module_aliases.c.o
 .data          0x0000000000000000        0x0 uspace/app_bdsh.p/app_bdsh_cmds_modules_module_aliases.c.o
 .bss           0x0000000000000000        0x0 uspace/app_bdsh.p/app_bdsh_cmds_modules_module_aliases.c.o
 .text          0x0000000000000000        0x0 uspace/app_bdsh.p/app_bdsh_cmds_modules_modules.c.o
 .data          0x0000000000000000        0x0 uspace/app_bdsh.p/app_bdsh_cmds_modules_modules.c.o
 .bss           0x0000000000000000        0x0 uspace/app_bdsh.p/app_bdsh_cmds_modules_modules.c.o
 .text          0x0000000000000000        0x0 uspace/app_bdsh.p/app_bdsh_cmds_modules_mount_mount.c.o
 .data          0x0000000000000000        0x0 uspace/app_bdsh.p/app_bdsh_cmds_modules_mount_mount.c.o
 .bss           0x0000000000000000        0x0 uspace/app_bdsh.p/app_bdsh_cmds_modules_mount_mount.c.o
 .text          0x0000000000000000        0x0 uspace/app_bdsh.p/app_bdsh_cmds_modules_mv_mv.c.o
 .data          0x0000000000000000        0x0 uspace/app_bdsh.p/app_bdsh_cmds_modules_mv_mv.c.o
 .bss           0x0000000000000000        0x0 uspace/app_bdsh.p/app_bdsh_cmds_modules_mv_mv.c.o
 .text          0x0000000000000000        0x0 uspace/app_bdsh.p/app_bdsh_cmds_modules_printf_printf.c.o
 .data          0x0000000000000000        0x0 uspace/app_bdsh.p/app_bdsh_cmds_modules_printf_printf.c.o
 .bss           0x0000000000000000        0x0 uspace/app_bdsh.p/app_bdsh_cmds_modules_printf_printf.c.o
 .text          0x0000000000000000        0x0 uspace/app_bdsh.p/app_bdsh_cmds_modules_pwd_pwd.c.o
 .data          0x0000000000000000        0x0 uspace/app_bdsh.p/app_bdsh_cmds_modules_pwd_pwd.c.o
 .bss           0x0000000000000000        0x0 uspace/app_bdsh.p/app_bdsh_cmds_modules_pwd_pwd.c.o
 .text          0x0000000000000000        0x0 uspace/app_bdsh.p/app_bdsh_cmds_modules_rm_rm.c.o
 .data          0x0000000000000000        0x0 uspace/app_bdsh.p/app_bdsh_cmds_modules_rm_rm.c.o
 .bss           0x0000000000000000        0x0 uspace/app_bdsh.p/app_bdsh_cmds_modules_rm_rm.c.o
 .text          0x0000000000000000        0x0 uspace/app_bdsh.p/app_bdsh_cmds_modules_sleep_sleep.c.o
 .data          0x0000000000000000        0x0 uspace/app_bdsh.p/app_bdsh_cmds_modules_sleep_sleep.c.o
 .bss           0x0000000000000000        0x0 uspace/app_bdsh.p/app_bdsh_cmds_modules_sleep_sleep.c.o
 .text          0x0000000000000000        0x0 uspace/app_bdsh.p/app_bdsh_cmds_modules_touch_touch.c.o
 .data          0x0000000000000000        0x0 uspace/app_bdsh.p/app_bdsh_cmds_modules_touch_touch.c.o
 .bss           0x0000000000000000        0x0 uspace/app_bdsh.p/app_bdsh_cmds_modules_touch_touch.c.o
 .text          0x0000000000000000        0x0 uspace/app_bdsh.p/app_bdsh_cmds_modules_unalias_unalias.c.o
 .data          0x0000000000000000        0x0 uspace/app_bdsh.p/app_bdsh_cmds_modules_unalias_unalias.c.o
 .bss           0x0000000000000000        0x0 uspace/app_bdsh.p/app_bdsh_cmds_modules_unalias_unalias.c.o
 .text          0x0000000000000000        0x0 uspace/app_bdsh.p/app_bdsh_cmds_modules_unmount_unmount.c.o
 .data          0x0000000000000000        0x0 uspace/app_bdsh.p/app_bdsh_cmds_modules_unmount_unmount.c.o
 .bss           0x0000000000000000        0x0 uspace/app_bdsh.p/app_bdsh_cmds_modules_unmount_unmount.c.o
 .text          0x0000000000000000        0x0 uspace/app_bdsh.p/app_bdsh_compl.c.o
 .data          0x0000000000000000        0x0 uspace/app_bdsh.p/app_bdsh_compl.c.o
 .bss           0x0000000000000000        0x0 uspace/app_bdsh.p/app_bdsh_compl.c.o
 .text          0x0000000000000000        0x0 uspace/app_bdsh.p/app_bdsh_errors.c.o
 .data          0x0000000000000000        0x0 uspace/app_bdsh.p/app_bdsh_errors.c.o
 .bss           0x0000000000000000        0x0 uspace/app_bdsh.p/app_bdsh_errors.c.o
 .text          0x0000000000000000        0x0 uspace/app_bdsh.p/app_bdsh_exec.c.o
 .data          0x0000000000000000        0x0 uspace/app_bdsh.p/app_bdsh_exec.c.o
 .bss           0x0000000000000000        0x0 uspace/app_bdsh.p/app_bdsh_exec.c.o
 .text          0x0000000000000000        0x0 uspace/app_bdsh.p/app_bdsh_input.c.o
 .data          0x0000000000000000        0x0 uspace/app_bdsh.p/app_bdsh_input.c.o
 .bss           0x0000000000000000        0x0 uspace/app_bdsh.p/app_bdsh_input.c.o
 .text          0x0000000000000000        0x0 uspace/app_bdsh.p/app_bdsh_scli.c.o
 .data          0x0000000000000000        0x0 uspace/app_bdsh.p/app_bdsh_scli.c.o
 .bss           0x0000000000000000        0x0 uspace/app_bdsh.p/app_bdsh_scli.c.o
 .data.cli_verbocity
                0x0000000000000000        0x4 uspace/app_bdsh.p/app_bdsh_scli.c.o
 .text          0x0000000000000000        0x0 uspace/app_bdsh.p/app_bdsh_tok.c.o
 .data          0x0000000000000000        0x0 uspace/app_bdsh.p/app_bdsh_tok.c.o
 .bss           0x0000000000000000        0x0 uspace/app_bdsh.p/app_bdsh_tok.c.o
 .text          0x0000000000000000        0x0 uspace/app_bdsh.p/app_bdsh_util.c.o
 .data          0x0000000000000000        0x0 uspace/app_bdsh.p/app_bdsh_util.c.o
 .bss           0x0000000000000000        0x0 uspace/app_bdsh.p/app_bdsh_util.c.o
 .data          0x0000000000000000        0x0 uspace/lib/c/libstartfiles.a.p/arch_amd64_src_crt0.S.o
 .bss           0x0000000000000000        0x0 uspace/lib/c/libstartfiles.a.p/arch_amd64_src_crt0.S.o
 .text          0x0000000000000000        0x0 uspace/lib/c/libstartfiles.a.p/generic_crt_crt1.c.o
 .data          0x0000000000000000        0x0 uspace/lib/c/libstartfiles.a.p/generic_crt_crt1.c.o
 .bss           0x0000000000000000        0x0 uspace/lib/c/libstartfiles.a.p/generic_crt_crt1.c.o
 .text          0x0000000000000000        0x0 uspace/lib/libclui.a.p/clui_src_tinput.c.o
 .data          0x0000000000000000        0x0 uspace/lib/libclui.a.p/clui_src_tinput.c.o
 .bss           0x0000000000000000        0x0 uspace/lib/libclui.a.p/clui_src_tinput.c.o
 .text.tinput_destroy
                0x0000000000000000       0x27 uspace/lib/libclui.a.p/clui_src_tinput.c.o
 .text          0x0000000000000000        0x0 uspace/lib/libclipboard.a.p/clipboard_src_clipboard.c.o
 .data          0x0000000000000000        0x0 uspace/lib/libclipboard.a.p/clipboard_src_clipboard.c.o
 .bss           0x0000000000000000        0x0 uspace/lib/libclipboard.a.p/clipboard_src_clipboard.c.o
 .text          0x0000000000000000        0x0 uspace/lib/libconsole.a.p/console_src_console.c.o
 .data          0x0000000000000000        0x0 uspace/lib/libconsole.a.p/console_src_console.c.o
 .bss           0x0000000000000000        0x0 uspace/lib/libconsole.a.p/console_src_console.c.o
 .text.console_set_rgb_color
                0x0000000000000000       0x42 uspace/lib/libconsole.a.p/console_src_console.c.o
 .text.console_set_caption
                0x0000000000000000       0xa3 uspace/lib/libconsole.a.p/console_src_console.c.o
 .text.console_get_color_cap
                0x0000000000000000       0x39 uspace/lib/libconsole.a.p/console_src_console.c.o
 .text.console_get_event_timeout
                0x0000000000000000      0x16c uspace/lib/libconsole.a.p/console_src_console.c.o
 .text.console_map
                0x0000000000000000       0xea uspace/lib/libconsole.a.p/console_src_console.c.o
 .text.console_unmap
                0x0000000000000000       0x37 uspace/lib/libconsole.a.p/console_src_console.c.o
 .text.console_update
                0x0000000000000000       0x5f uspace/lib/libconsole.a.p/console_src_console.c.o
 .text          0x0000000000000000        0x0 uspace/lib/libfmtutil.a.p/fmtutil_fmtutil.c.o
 .data          0x0000000000000000        0x0 uspace/lib/libfmtutil.a.p/fmtutil_fmtutil.c.o
 .bss           0x0000000000000000        0x0 uspace/lib/libfmtutil.a.p/fmtutil_fmtutil.c.o
 .text.print_wrapped
                0x0000000000000000      0x23f uspace/lib/libfmtutil.a.p/fmtutil_fmtutil.c.o
 .text.print_aligned
                0x0000000000000000       0x62 uspace/lib/libfmtutil.a.p/fmtutil_fmtutil.c.o
 .text.wrap     0x0000000000000000      0x18d uspace/lib/libfmtutil.a.p/fmtutil_fmtutil.c.o

Memory Configuration

Name             Origin             Length             Attributes
*default*        0x0000000000000000 0xffffffffffffffff

Linker script and memory map

LOAD uspace/app_bdsh.p/app_bdsh_cmds_builtin_cmds.c.o
LOAD uspace/app_bdsh.p/app_bdsh_cmds_builtins_batch_batch.c.o
LOAD uspace/app_bdsh.p/app_bdsh_cmds_builtins_builtin_aliases.c.o
LOAD uspace/app_bdsh.p/app_bdsh_cmds_builtins_builtins.c.o
LOAD uspace/app_bdsh.p/app_bdsh_cmds_builtins_cd_cd.c.o
LOAD uspace/app_bdsh.p/app_bdsh_cmds_builtins_exit_exit.c.o
LOAD uspace/app_bdsh.p/app_bdsh_cmds_mod_cmds.c.o
LOAD uspace/app_bdsh.p/app_bdsh_cmds_modules_alias_alias.c.o
LOAD uspace/app_bdsh.p/app_bdsh_cmds_modules_cat_cat.c.o
LOAD uspace/app_bdsh.p/app_bdsh_cmds_modules_cmp_cmp.c.o
LOAD uspace/app_bdsh.p/app_bdsh_cmds_modules_cp_cp.c.o
LOAD uspace/app_bdsh.p/app_bdsh_cmds_modules_echo_echo.c.o
LOAD uspace/app_bdsh.p/app_bdsh_cmds_modules_help_help.c.o
LOAD uspace/app_bdsh.p/app_bdsh_cmds_modules_kcon_kcon.c.o
LOAD uspace/app_bdsh.p/app_bdsh_cmds_modules_ls_ls.c.o
LOAD uspace/app_bdsh.p/app_bdsh_cmds_modules_mkdir_mkdir.c.o
LOAD uspace/app_bdsh.p/app_bdsh_cmds_modules_mkfile_mkfile.c.o
LOAD uspace/app_bdsh.p/app_bdsh_cmds_modules_module_aliases.c.o
LOAD uspace/app_bdsh.p/app_bdsh_cmds_modules_modules.c.o
LOAD uspace/app_bdsh.p/app_bdsh_cmds_modules_mount_mount.c.o
LOAD uspace/app_bdsh.p/app_bdsh_cmds_modules_mv_mv.c.o
LOAD uspace/app_bdsh.p/app_bdsh_cmds_modules_printf_printf.c.o
LOAD uspace/app_bdsh.p/app_bdsh_cmds_modules_pwd_pwd.c.o
LOAD uspace/app_bdsh.p/app_bdsh_cmds_modules_rm_rm.c.o
LOAD uspace/app_bdsh.p/app_bdsh_cmds_modules_sleep_sleep.c.o
LOAD uspace/app_bdsh.p/app_bdsh_cmds_modules_touch_touch.c.o
LOAD uspace/app_bdsh.p/app_bdsh_cmds_modules_unalias_unalias.c.o
LOAD uspace/app_bdsh.p/app_bdsh_cmds_modules_unmount_unmount.c.o
LOAD uspace/app_bdsh.p/app_bdsh_compl.c.o
LOAD uspace/app_bdsh.p/app_bdsh_errors.c.o
LOAD uspace/app_bdsh.p/app_bdsh_exec.c.o
LOAD uspace/app_bdsh.p/app_bdsh_input.c.o
LOAD uspace/app_bdsh.p/app_bdsh_scli.c.o
LOAD uspace/app_bdsh.p/app_bdsh_tok.c.o
LOAD uspace/app_bdsh.p/app_bdsh_util.c.o
START GROUP
LOAD uspace/lib/c/libstartfiles.a
LOAD uspace/lib/libclui.a
LOAD uspace/lib/libclipboard.a
LOAD uspace/lib/libc.so.0.0
LOAD uspace/lib/libconsole.a
LOAD uspace/lib/libinput.a
LOAD uspace/lib/liboutput.a
LOAD uspace/lib/libfmtutil.a
LOAD /home/zyc/.local/share/HelenOS/cross/lib/gcc/amd64-helenos/13.2.0/libgcc.a
END GROUP
                0x0000000000400000                PROVIDE (__executable_start = SEGMENT_START ("text-segment", 0x400000))
                0x0000000000400120                . = (SEGMENT_START ("text-segment", 0x400000) + SIZEOF_HEADERS)

.interp
 *(.interp)

.note.gnu.build-id
 *(.note.gnu.build-id)

.hash           0x0000000000400120      0x35c
 *(.hash)
 .hash          0x0000000000400120      0x35c uspace/app_bdsh.p/app_bdsh_cmds_builtin_cmds.c.o

.gnu.hash
 *(.gnu.hash)

.dynsym         0x0000000000400480      0xae0
 *(.dynsym)
 .dynsym        0x0000000000400480      0xae0 uspace/app_bdsh.p/app_bdsh_cmds_builtin_cmds.c.o

.dynstr         0x0000000000400f60      0x526
 *(.dynstr)
 .dynstr        0x0000000000400f60      0x526 uspace/app_bdsh.p/app_bdsh_cmds_builtin_cmds.c.o

.gnu.version    0x0000000000401486        0x0
 *(.gnu.version)
 .gnu.version   0x0000000000401486        0x0 uspace/app_bdsh.p/app_bdsh_cmds_builtin_cmds.c.o

.gnu.version_d  0x0000000000401488        0x0
 *(.gnu.version_d)
 .gnu.version_d
                0x0000000000401488        0x0 uspace/app_bdsh.p/app_bdsh_cmds_builtin_cmds.c.o

.gnu.version_r  0x0000000000401488        0x0
 *(.gnu.version_r)
 .gnu.version_r
                0x0000000000401488        0x0 uspace/app_bdsh.p/app_bdsh_cmds_builtin_cmds.c.o

.rela.dyn       0x0000000000401488       0xa8
 *(.rela.init)
 *(.rela.text .rela.text.* .rela.gnu.linkonce.t.*)
 .rela.text.paged_char
                0x0000000000401488        0x0 uspace/app_bdsh.p/app_bdsh_cmds_builtin_cmds.c.o
 .rela.text.cmd_cat
                0x0000000000401488        0x0 uspace/app_bdsh.p/app_bdsh_cmds_builtin_cmds.c.o
 .rela.text.cmd_cmp
                0x0000000000401488        0x0 uspace/app_bdsh.p/app_bdsh_cmds_builtin_cmds.c.o
 .rela.text.cmd_cp
                0x0000000000401488        0x0 uspace/app_bdsh.p/app_bdsh_cmds_builtin_cmds.c.o
 .rela.text.cmd_ls
                0x0000000000401488        0x0 uspace/app_bdsh.p/app_bdsh_cmds_builtin_cmds.c.o
 .rela.text.cmd_mkdir
                0x0000000000401488        0x0 uspace/app_bdsh.p/app_bdsh_cmds_builtin_cmds.c.o
 .rela.text.cmd_mkfile
                0x0000000000401488        0x0 uspace/app_bdsh.p/app_bdsh_cmds_builtin_cmds.c.o
 .rela.text.cmd_mount
                0x0000000000401488        0x0 uspace/app_bdsh.p/app_bdsh_cmds_builtin_cmds.c.o
 .rela.text.cmd_rm
                0x0000000000401488        0x0 uspace/app_bdsh.p/app_bdsh_cmds_builtin_cmds.c.o
 .rela.text.cmd_touch
                0x0000000000401488        0x0 uspace/app_bdsh.p/app_bdsh_cmds_builtin_cmds.c.o
 .rela.text.process_input_nohup
                0x0000000000401488        0x0 uspace/app_bdsh.p/app_bdsh_cmds_builtin_cmds.c.o
 .rela.text.set_iostate
                0x0000000000401488        0x0 uspace/app_bdsh.p/app_bdsh_cmds_builtin_cmds.c.o
 .rela.text.startup.main
                0x0000000000401488        0x0 uspace/app_bdsh.p/app_bdsh_cmds_builtin_cmds.c.o
 .rela.text.__c_start
                0x0000000000401488        0x0 uspace/app_bdsh.p/app_bdsh_cmds_builtin_cmds.c.o
 .rela.text.tinput_new
                0x0000000000401488        0x0 uspace/app_bdsh.p/app_bdsh_cmds_builtin_cmds.c.o
 .rela.text.tinput_read_i
                0x0000000000401488        0x0 uspace/app_bdsh.p/app_bdsh_cmds_builtin_cmds.c.o
 .rela.text.print_wrapped_console
                0x0000000000401488        0x0 uspace/app_bdsh.p/app_bdsh_cmds_builtin_cmds.c.o
 *(.rela.fini)
 *(.rela.rodata .rela.rodata.* .rela.gnu.linkonce.r.*)
 .rela.rodata.cst8
                0x0000000000401488        0x0 uspace/app_bdsh.p/app_bdsh_cmds_builtin_cmds.c.o
 *(.rela.data .rela.data.* .rela.gnu.linkonce.d.*)
 .rela.data.rel.ro
                0x0000000000401488        0x0 uspace/app_bdsh.p/app_bdsh_cmds_builtin_cmds.c.o
 *(.rela.tdata .rela.tdata.* .rela.gnu.linkonce.td.*)
 *(.rela.tbss .rela.tbss.* .rela.gnu.linkonce.tb.*)
 *(.rela.ctors)
 *(.rela.dtors)
 *(.rela.got)
 .rela.got      0x0000000000401488        0x0 uspace/app_bdsh.p/app_bdsh_cmds_builtin_cmds.c.o
 *(.rela.bss .rela.bss.* .rela.gnu.linkonce.b.*)
 .rela.bss      0x0000000000401488       0xa8 uspace/app_bdsh.p/app_bdsh_cmds_builtin_cmds.c.o
 *(.rela.ldata .rela.ldata.* .rela.gnu.linkonce.l.*)
 *(.rela.lbss .rela.lbss.* .rela.gnu.linkonce.lb.*)
 *(.rela.lrodata .rela.lrodata.* .rela.gnu.linkonce.lr.*)
 *(.rela.ifunc)

.rela.plt       0x0000000000401530      0xa20
 *(.rela.plt)
 .rela.plt      0x0000000000401530      0xa20 uspace/app_bdsh.p/app_bdsh_cmds_builtin_cmds.c.o
                [!provide]                        PROVIDE (__rela_iplt_start = .)
 *(.rela.iplt)
 .rela.iplt     0x0000000000401f50        0x0 uspace/app_bdsh.p/app_bdsh_cmds_builtin_cmds.c.o
                [!provide]                        PROVIDE (__rela_iplt_end = .)

.relr.dyn
 *(.relr.dyn)

.init
 *(SORT_NONE(.init))

.plt            0x0000000000401f50      0x6d0
 *(.plt)
 .plt           0x0000000000401f50      0x6d0 uspace/app_bdsh.p/app_bdsh_cmds_builtin_cmds.c.o
                0x0000000000401f60                putchar
                0x0000000000401f70                vfs_fsession
                0x0000000000401f80                vfs_write
                0x0000000000401f90                str_to_awstr
                0x0000000000401fa0                wstr_length
                0x0000000000401fb0                loc_service_connect
                0x0000000000401fc0                printf
                0x0000000000401fd0                odict_first
                0x0000000000401fe0                vfs_rename_path
                0x0000000000401ff0                vfs_fhandle
                0x0000000000402000                async_req_0_2
                0x0000000000402010                async_wait_for
                0x0000000000402020                memmove
                0x0000000000402030                getopt_long
                0x0000000000402040                snprintf
                0x0000000000402050                async_data_write_start
                0x0000000000402060                task_wait
                0x0000000000402070                __errno
                0x0000000000402080                str_width
                0x0000000000402090                str_decode
                0x00000000004020a0                vfs_unmount_path
                0x00000000004020b0                putuchar
                0x00000000004020c0                dbgcon_enable
                0x00000000004020d0                str_ndup
                0x00000000004020e0                qsort
                0x00000000004020f0                async_send_1
                0x0000000000402100                memcpy
                0x0000000000402110                str_int64_t
                0x0000000000402120                vfs_stat_path
                0x0000000000402130                puts
                0x0000000000402140                tolower
                0x0000000000402150                malloc
                0x0000000000402160                async_req_1_0
                0x0000000000402170                str_rchr
                0x0000000000402180                strtoul
                0x0000000000402190                vfs_put
                0x00000000004021a0                odict_insert
                0x00000000004021b0                loc_service_get_id
                0x00000000004021c0                readdir
                0x00000000004021d0                str_rtrim
                0x00000000004021e0                str_append
                0x00000000004021f0                fflush
                0x0000000000402200                vfs_unlink_path
                0x0000000000402210                odict_find_eq
                0x0000000000402220                vfs_cwd_get
                0x0000000000402230                task_spawnvf
                0x0000000000402240                odict_remove
                0x0000000000402250                vfs_fstypes_free
                0x0000000000402260                strtol
                0x0000000000402270                async_exchange_end
                0x0000000000402280                str_chr
                0x0000000000402290                loc_service_get_name
                0x00000000004022a0                calloc
                0x00000000004022b0                vfs_mount_path
                0x00000000004022c0                capa_from_blocks
                0x00000000004022d0                vfs_get_mtab_list
                0x00000000004022e0                odict_next
                0x00000000004022f0                vprintf
                0x0000000000402300                capa_simplify
                0x0000000000402310                fibril_mutex_unlock
                0x0000000000402320                str_dup
                0x0000000000402330                vfs_cwd_set
                0x0000000000402340                realloc
                0x0000000000402350                str_size_t
                0x0000000000402360                memcmp
                0x0000000000402370                vfs_link_path
                0x0000000000402380                str_cmp
                0x0000000000402390                fopen
                0x00000000004023a0                __helenos_assert_abort
                0x00000000004023b0                memset
                0x00000000004023c0                vfs_fstypes
                0x00000000004023d0                odict_initialize
                0x00000000004023e0                vfs_read
                0x00000000004023f0                async_data_read_start
                0x0000000000402400                wstr_to_astr
                0x0000000000402410                fclose
                0x0000000000402420                opendir
                0x0000000000402430                str_cpy
                0x0000000000402440                str_error_name
                0x0000000000402450                fgetc
                0x0000000000402460                asprintf
                0x0000000000402470                capa_format
                0x0000000000402480                fibril_usleep
                0x0000000000402490                str_size
                0x00000000004024a0                str_uint64_t
                0x00000000004024b0                str_length
                0x00000000004024c0                str_lcmp
                0x00000000004024d0                async_exchange_begin
                0x00000000004024e0                async_send_0
                0x00000000004024f0                str_error
                0x0000000000402500                fwrite
                0x0000000000402510                vfs_absolutize
                0x0000000000402520                str_to_wstr
                0x0000000000402530                __libc_main
                0x0000000000402540                exit
                0x0000000000402550                async_req_0_0
                0x0000000000402560                vfs_stat
                0x0000000000402570                fileno
                0x0000000000402580                chr_encode
                0x0000000000402590                async_req_2_0
                0x00000000004025a0                async_req_3_0
                0x00000000004025b0                vfs_lookup_open
                0x00000000004025c0                str_ncpy
                0x00000000004025d0                str_lsize
                0x00000000004025e0                closedir
                0x00000000004025f0                vfs_lookup
                0x0000000000402600                free
                0x0000000000402610                fibril_mutex_lock
 *(.iplt)
 .iplt          0x0000000000402620        0x0 uspace/app_bdsh.p/app_bdsh_cmds_builtin_cmds.c.o

.plt.got        0x0000000000402620        0x0
 *(.plt.got)
 .plt.got       0x0000000000402620        0x0 uspace/app_bdsh.p/app_bdsh_cmds_builtin_cmds.c.o

.plt.sec
 *(.plt.sec)

.text           0x0000000000402620     0xb0d0
 *(.text.unlikely .text.*_unlikely .text.unlikely.*)
 *(.text.exit .text.exit.*)
 *(.text.startup .text.startup.*)
 .text.startup.main
                0x0000000000402620      0x13e uspace/app_bdsh.p/app_bdsh_scli.c.o
                0x0000000000402620                main
 *(.text.hot .text.hot.*)
 *(SORT_BY_NAME(.text.sorted.*))
 *(.text .stub .text.* .gnu.linkonce.t.*)
 *fill*         0x000000000040275e        0x2 
 .text.is_builtin
                0x0000000000402760       0x76 uspace/app_bdsh.p/app_bdsh_cmds_builtin_cmds.c.o
                0x0000000000402760                is_builtin
 *fill*         0x00000000004027d6        0xa 
 .text.is_builtin_alias
                0x00000000004027e0       0x66 uspace/app_bdsh.p/app_bdsh_cmds_builtin_cmds.c.o
                0x00000000004027e0                is_builtin_alias
 *fill*         0x0000000000402846        0xa 
 .text.alias_for_builtin
                0x0000000000402850       0x5a uspace/app_bdsh.p/app_bdsh_cmds_builtin_cmds.c.o
                0x0000000000402850                alias_for_builtin
 *fill*         0x00000000004028aa        0x6 
 .text.help_builtin
                0x00000000004028b0       0x26 uspace/app_bdsh.p/app_bdsh_cmds_builtin_cmds.c.o
                0x00000000004028b0                help_builtin
 *fill*         0x00000000004028d6        0xa 
 .text.run_builtin
                0x00000000004028e0       0x6f uspace/app_bdsh.p/app_bdsh_cmds_builtin_cmds.c.o
                0x00000000004028e0                run_builtin
 *fill*         0x000000000040294f        0x1 
 .text.help_cmd_batch
                0x0000000000402950       0x23 uspace/app_bdsh.p/app_bdsh_cmds_builtins_batch_batch.c.o
                0x0000000000402950                help_cmd_batch
 *fill*         0x0000000000402973        0xd 
 .text.cmd_batch
                0x0000000000402980      0x1ab uspace/app_bdsh.p/app_bdsh_cmds_builtins_batch_batch.c.o
                0x0000000000402980                cmd_batch
 *fill*         0x0000000000402b2b        0x5 
 .text.help_cmd_cd
                0x0000000000402b30       0x35 uspace/app_bdsh.p/app_bdsh_cmds_builtins_cd_cd.c.o
                0x0000000000402b30                help_cmd_cd
 *fill*         0x0000000000402b65        0xb 
 .text.cmd_cd   0x0000000000402b70      0x26e uspace/app_bdsh.p/app_bdsh_cmds_builtins_cd_cd.c.o
                0x0000000000402b70                cmd_cd
 *fill*         0x0000000000402dde        0x2 
 .text.help_cmd_exit
                0x0000000000402de0       0x1d uspace/app_bdsh.p/app_bdsh_cmds_builtins_exit_exit.c.o
                0x0000000000402de0                help_cmd_exit
 *fill*         0x0000000000402dfd        0x3 
 .text.cmd_exit
                0x0000000000402e00       0x12 uspace/app_bdsh.p/app_bdsh_cmds_builtins_exit_exit.c.o
                0x0000000000402e00                cmd_exit
 *fill*         0x0000000000402e12        0xe 
 .text.is_module
                0x0000000000402e20       0x60 uspace/app_bdsh.p/app_bdsh_cmds_mod_cmds.c.o
                0x0000000000402e20                is_module
 .text.is_module_alias
                0x0000000000402e80       0x66 uspace/app_bdsh.p/app_bdsh_cmds_mod_cmds.c.o
                0x0000000000402e80                is_module_alias
 *fill*         0x0000000000402ee6        0xa 
 .text.alias_for_module
                0x0000000000402ef0       0x5a uspace/app_bdsh.p/app_bdsh_cmds_mod_cmds.c.o
                0x0000000000402ef0                alias_for_module
 *fill*         0x0000000000402f4a        0x6 
 .text.help_module
                0x0000000000402f50       0x26 uspace/app_bdsh.p/app_bdsh_cmds_mod_cmds.c.o
                0x0000000000402f50                help_module
 *fill*         0x0000000000402f76        0xa 
 .text.run_module
                0x0000000000402f80       0x57 uspace/app_bdsh.p/app_bdsh_cmds_mod_cmds.c.o
                0x0000000000402f80                run_module
 *fill*         0x0000000000402fd7        0x9 
 .text.help_cmd_alias
                0x0000000000402fe0       0x3f uspace/app_bdsh.p/app_bdsh_cmds_modules_alias_alias.c.o
                0x0000000000402fe0                help_cmd_alias
 *fill*         0x000000000040301f        0x1 
 .text.cmd_alias
                0x0000000000403020      0x28e uspace/app_bdsh.p/app_bdsh_cmds_modules_alias_alias.c.o
                0x0000000000403020                cmd_alias
 *fill*         0x00000000004032ae        0x2 
 .text.paged_char
                0x00000000004032b0      0x199 uspace/app_bdsh.p/app_bdsh_cmds_modules_cat_cat.c.o
 *fill*         0x0000000000403449        0x7 
 .text.help_cmd_cat
                0x0000000000403450       0x42 uspace/app_bdsh.p/app_bdsh_cmds_modules_cat_cat.c.o
                0x0000000000403450                help_cmd_cat
 *fill*         0x0000000000403492        0xe 
 .text.cmd_cat  0x00000000004034a0      0xbfa uspace/app_bdsh.p/app_bdsh_cmds_modules_cat_cat.c.o
                0x00000000004034a0                cmd_cat
 *fill*         0x000000000040409a        0x6 
 .text.cmp_files
                0x00000000004040a0      0x181 uspace/app_bdsh.p/app_bdsh_cmds_modules_cmp_cmp.c.o
 *fill*         0x0000000000404221        0xf 
 .text.help_cmd_cmp
                0x0000000000404230       0x3f uspace/app_bdsh.p/app_bdsh_cmds_modules_cmp_cmp.c.o
                0x0000000000404230                help_cmd_cmp
 *fill*         0x000000000040426f        0x1 
 .text.cmd_cmp  0x0000000000404270       0xe4 uspace/app_bdsh.p/app_bdsh_cmds_modules_cmp_cmp.c.o
                0x0000000000404270                cmd_cmp
 *fill*         0x0000000000404354        0xc 
 .text.get_user_decision.constprop.0
                0x0000000000404360      0x11f uspace/app_bdsh.p/app_bdsh_cmds_modules_cp_cp.c.o
 *fill*         0x000000000040447f        0x1 
 .text.do_copy  0x0000000000404480      0xa2b uspace/app_bdsh.p/app_bdsh_cmds_modules_cp_cp.c.o
 *fill*         0x0000000000404eab        0x5 
 .text.help_cmd_cp
                0x0000000000404eb0       0x3f uspace/app_bdsh.p/app_bdsh_cmds_modules_cp_cp.c.o
                0x0000000000404eb0                help_cmd_cp
 *fill*         0x0000000000404eef        0x1 
 .text.cmd_cp   0x0000000000404ef0      0x22d uspace/app_bdsh.p/app_bdsh_cmds_modules_cp_cp.c.o
                0x0000000000404ef0                cmd_cp
 *fill*         0x000000000040511d        0x3 
 .text.help_cmd_echo
                0x0000000000405120       0x3f uspace/app_bdsh.p/app_bdsh_cmds_modules_echo_echo.c.o
                0x0000000000405120                help_cmd_echo
 *fill*         0x000000000040515f        0x1 
 .text.cmd_echo
                0x0000000000405160       0x4c uspace/app_bdsh.p/app_bdsh_cmds_modules_echo_echo.c.o
                0x0000000000405160                cmd_echo
 *fill*         0x00000000004051ac        0x4 
 .text.help_cmd_help
                0x00000000004051b0       0x3c uspace/app_bdsh.p/app_bdsh_cmds_modules_help_help.c.o
                0x00000000004051b0                help_cmd_help
 *fill*         0x00000000004051ec        0x4 
 .text.cmd_help
                0x00000000004051f0      0x1fb uspace/app_bdsh.p/app_bdsh_cmds_modules_help_help.c.o
                0x00000000004051f0                cmd_help
 *fill*         0x00000000004053eb        0x5 
 .text.help_cmd_kcon
                0x00000000004053f0       0x36 uspace/app_bdsh.p/app_bdsh_cmds_modules_kcon_kcon.c.o
                0x00000000004053f0                help_cmd_kcon
 *fill*         0x0000000000405426        0xa 
 .text.cmd_kcon
                0x0000000000405430       0x3d uspace/app_bdsh.p/app_bdsh_cmds_modules_kcon_kcon.c.o
                0x0000000000405430                cmd_kcon
 *fill*         0x000000000040546d        0x3 
 .text.ls_print
                0x0000000000405470      0x103 uspace/app_bdsh.p/app_bdsh_cmds_modules_ls_ls.c.o
 *fill*         0x0000000000405573        0xd 
 .text.ls_scan_dir
                0x0000000000405580      0x361 uspace/app_bdsh.p/app_bdsh_cmds_modules_ls_ls.c.o
 *fill*         0x00000000004058e1        0xf 
 .text.ls_cmp_type_name
                0x00000000004058f0       0x57 uspace/app_bdsh.p/app_bdsh_cmds_modules_ls_ls.c.o
 *fill*         0x0000000000405947        0x9 
 .text.ls_cmp_name
                0x0000000000405950       0x10 uspace/app_bdsh.p/app_bdsh_cmds_modules_ls_ls.c.o
 .text.ls_print_single_column
                0x0000000000405960       0x33 uspace/app_bdsh.p/app_bdsh_cmds_modules_ls_ls.c.o
 *fill*         0x0000000000405993        0xd 
 .text.ls_recursive
                0x00000000004059a0      0x28f uspace/app_bdsh.p/app_bdsh_cmds_modules_ls_ls.c.o
 *fill*         0x0000000000405c2f        0x1 
 .text.help_cmd_ls
                0x0000000000405c30       0x3f uspace/app_bdsh.p/app_bdsh_cmds_modules_ls_ls.c.o
                0x0000000000405c30                help_cmd_ls
 *fill*         0x0000000000405c6f        0x1 
 .text.cmd_ls   0x0000000000405c70      0x293 uspace/app_bdsh.p/app_bdsh_cmds_modules_ls_ls.c.o
                0x0000000000405c70                cmd_ls
 *fill*         0x0000000000405f03        0xd 
 .text.help_cmd_mkdir
                0x0000000000405f10       0x42 uspace/app_bdsh.p/app_bdsh_cmds_modules_mkdir_mkdir.c.o
                0x0000000000405f10                help_cmd_mkdir
 *fill*         0x0000000000405f52        0xe 
 .text.cmd_mkdir
                0x0000000000405f60      0x304 uspace/app_bdsh.p/app_bdsh_cmds_modules_mkdir_mkdir.c.o
                0x0000000000405f60                cmd_mkdir
 *fill*         0x0000000000406264        0xc 
 .text.help_cmd_mkfile
                0x0000000000406270       0x3f uspace/app_bdsh.p/app_bdsh_cmds_modules_mkfile_mkfile.c.o
                0x0000000000406270                help_cmd_mkfile
 *fill*         0x00000000004062af        0x1 
 .text.cmd_mkfile
                0x00000000004062b0      0x2f0 uspace/app_bdsh.p/app_bdsh_cmds_modules_mkfile_mkfile.c.o
                0x00000000004062b0                cmd_mkfile
 .text.help_cmd_mount
                0x00000000004065a0       0x3f uspace/app_bdsh.p/app_bdsh_cmds_modules_mount_mount.c.o
                0x00000000004065a0                help_cmd_mount
 *fill*         0x00000000004065df        0x1 
 .text.cmd_mount
                0x00000000004065e0      0x304 uspace/app_bdsh.p/app_bdsh_cmds_modules_mount_mount.c.o
                0x00000000004065e0                cmd_mount
 *fill*         0x00000000004068e4        0xc 
 .text.help_cmd_mv
                0x00000000004068f0       0x16 uspace/app_bdsh.p/app_bdsh_cmds_modules_mv_mv.c.o
                0x00000000004068f0                help_cmd_mv
 *fill*         0x0000000000406906        0xa 
 .text.cmd_mv   0x0000000000406910       0x69 uspace/app_bdsh.p/app_bdsh_cmds_modules_mv_mv.c.o
                0x0000000000406910                cmd_mv
 *fill*         0x0000000000406979        0x7 
 .text.help_cmd_printf
                0x0000000000406980       0x3f uspace/app_bdsh.p/app_bdsh_cmds_modules_printf_printf.c.o
                0x0000000000406980                help_cmd_printf
 *fill*         0x00000000004069bf        0x1 
 .text.cmd_printf
                0x00000000004069c0      0x1bc uspace/app_bdsh.p/app_bdsh_cmds_modules_printf_printf.c.o
                0x00000000004069c0                cmd_printf
 *fill*         0x0000000000406b7c        0x4 
 .text.help_cmd_pwd
                0x0000000000406b80       0x16 uspace/app_bdsh.p/app_bdsh_cmds_modules_pwd_pwd.c.o
                0x0000000000406b80                help_cmd_pwd
 *fill*         0x0000000000406b96        0xa 
 .text.cmd_pwd  0x0000000000406ba0       0x90 uspace/app_bdsh.p/app_bdsh_cmds_modules_pwd_pwd.c.o
                0x0000000000406ba0                cmd_pwd
 .text.rm_recursive_not_empty_dirs
                0x0000000000406c30      0x1ac uspace/app_bdsh.p/app_bdsh_cmds_modules_rm_rm.c.o
 *fill*         0x0000000000406ddc        0x4 
 .text.help_cmd_rm
                0x0000000000406de0       0x42 uspace/app_bdsh.p/app_bdsh_cmds_modules_rm_rm.c.o
                0x0000000000406de0                help_cmd_rm
 *fill*         0x0000000000406e22        0xe 
 .text.cmd_rm   0x0000000000406e30      0x410 uspace/app_bdsh.p/app_bdsh_cmds_modules_rm_rm.c.o
                0x0000000000406e30                cmd_rm
 .text.help_cmd_sleep
                0x0000000000407240       0x3f uspace/app_bdsh.p/app_bdsh_cmds_modules_sleep_sleep.c.o
                0x0000000000407240                help_cmd_sleep
 *fill*         0x000000000040727f        0x1 
 .text.cmd_sleep
                0x0000000000407280      0x171 uspace/app_bdsh.p/app_bdsh_cmds_modules_sleep_sleep.c.o
                0x0000000000407280                cmd_sleep
 *fill*         0x00000000004073f1        0xf 
 .text.help_cmd_touch
                0x0000000000407400       0x3f uspace/app_bdsh.p/app_bdsh_cmds_modules_touch_touch.c.o
                0x0000000000407400                help_cmd_touch
 *fill*         0x000000000040743f        0x1 
 .text.cmd_touch
                0x0000000000407440      0x348 uspace/app_bdsh.p/app_bdsh_cmds_modules_touch_touch.c.o
                0x0000000000407440                cmd_touch
 *fill*         0x0000000000407788        0x8 
 .text.help_cmd_unalias
                0x0000000000407790       0x42 uspace/app_bdsh.p/app_bdsh_cmds_modules_unalias_unalias.c.o
                0x0000000000407790                help_cmd_unalias
 *fill*         0x00000000004077d2        0xe 
 .text.cmd_unalias
                0x00000000004077e0      0x18f uspace/app_bdsh.p/app_bdsh_cmds_modules_unalias_unalias.c.o
                0x00000000004077e0                cmd_unalias
 *fill*         0x000000000040796f        0x1 
 .text.help_cmd_unmount
                0x0000000000407970       0x3f uspace/app_bdsh.p/app_bdsh_cmds_modules_unmount_unmount.c.o
                0x0000000000407970                help_cmd_unmount
 *fill*         0x00000000004079af        0x1 
 .text.cmd_unmount
                0x00000000004079b0       0x61 uspace/app_bdsh.p/app_bdsh_cmds_modules_unmount_unmount.c.o
                0x00000000004079b0                cmd_unmount
 *fill*         0x0000000000407a11        0xf 
 .text.compl_fini
                0x0000000000407a20       0x72 uspace/app_bdsh.p/app_bdsh_compl.c.o
 *fill*         0x0000000000407a92        0xe 
 .text.compl_get_next
                0x0000000000407aa0      0x35b uspace/app_bdsh.p/app_bdsh_compl.c.o
 *fill*         0x0000000000407dfb        0x5 
 .text.compl_init
                0x0000000000407e00      0x521 uspace/app_bdsh.p/app_bdsh_compl.c.o
 *fill*         0x0000000000408321        0xf 
 .text.cli_error
                0x0000000000408330       0xd0 uspace/app_bdsh.p/app_bdsh_errors.c.o
                0x0000000000408330                cli_error
 .text.try_exec
                0x0000000000408400      0x328 uspace/app_bdsh.p/app_bdsh_exec.c.o
                0x0000000000408400                try_exec
 *fill*         0x0000000000408728        0x8 
 .text.process_input_nohup
                0x0000000000408730      0x92a uspace/app_bdsh.p/app_bdsh_input.c.o
 *fill*         0x000000000040905a        0x6 
 .text.process_input
                0x0000000000409060       0x5f uspace/app_bdsh.p/app_bdsh_input.c.o
                0x0000000000409060                process_input
 *fill*         0x00000000004090bf        0x1 
 .text.get_input
                0x00000000004090c0       0x9b uspace/app_bdsh.p/app_bdsh_input.c.o
                0x00000000004090c0                get_input
 *fill*         0x000000000040915b        0x5 
 .text.input_init
                0x0000000000409160       0x41 uspace/app_bdsh.p/app_bdsh_input.c.o
                0x0000000000409160                input_init
 *fill*         0x00000000004091a1        0xf 
 .text.alias_key
                0x00000000004091b0        0xa uspace/app_bdsh.p/app_bdsh_scli.c.o
 *fill*         0x00000000004091ba        0x6 
 .text.alias_cmp
                0x00000000004091c0        0xa uspace/app_bdsh.p/app_bdsh_scli.c.o
 *fill*         0x00000000004091ca        0x6 
 .text.get_iostate
                0x00000000004091d0        0xd uspace/app_bdsh.p/app_bdsh_scli.c.o
                0x00000000004091d0                get_iostate
 *fill*         0x00000000004091dd        0x3 
 .text.set_iostate
                0x00000000004091e0       0x2d uspace/app_bdsh.p/app_bdsh_scli.c.o
                0x00000000004091e0                set_iostate
 *fill*         0x000000000040920d        0x3 
 .text.tok_init
                0x0000000000409210       0x6c uspace/app_bdsh.p/app_bdsh_tok.c.o
                0x0000000000409210                tok_init
 *fill*         0x000000000040927c        0x4 
 .text.tok_fini
                0x0000000000409280       0x1a uspace/app_bdsh.p/app_bdsh_tok.c.o
                0x0000000000409280                tok_fini
 *fill*         0x000000000040929a        0x6 
 .text.tok_tokenize
                0x00000000004092a0      0x575 uspace/app_bdsh.p/app_bdsh_tok.c.o
                0x00000000004092a0                tok_tokenize
 *fill*         0x0000000000409815        0xb 
 .text.cli_count_args
                0x0000000000409820       0x1f uspace/app_bdsh.p/app_bdsh_util.c.o
                0x0000000000409820                cli_count_args
 *fill*         0x000000000040983f        0x1 
 .text.cli_set_prompt
                0x0000000000409840       0x9e uspace/app_bdsh.p/app_bdsh_util.c.o
                0x0000000000409840                cli_set_prompt
 *fill*         0x00000000004098de        0x2 
 .text.is_path  0x00000000004098e0       0x63 uspace/app_bdsh.p/app_bdsh_util.c.o
                0x00000000004098e0                is_path
 .text          0x0000000000409943        0xc uspace/lib/c/libstartfiles.a.p/arch_amd64_src_crt0.S.o
                0x0000000000409943                _start
 *fill*         0x000000000040994f        0x1 
 .text.__c_start
                0x0000000000409950       0x8c uspace/lib/c/libstartfiles.a.p/generic_crt_crt1.c.o
                0x0000000000409950                __c_start
 *fill*         0x00000000004099dc        0x4 
 .text.compl_cmp
                0x00000000004099e0       0x10 uspace/lib/libclui.a.p/clui_src_tinput.c.o
 .text.tinput_console_set_lpos.part.0
                0x00000000004099f0       0x18 uspace/lib/libclui.a.p/clui_src_tinput.c.o
 *fill*         0x0000000000409a08        0x8 
 .text.tinput_display_tail
                0x0000000000409a10      0x190 uspace/lib/libclui.a.p/clui_src_tinput.c.o
 .text.tinput_post_seek
                0x0000000000409ba0       0xaa uspace/lib/libclui.a.p/clui_src_tinput.c.o
 *fill*         0x0000000000409c4a        0x6 
 .text.tinput_history_seek.part.0
                0x0000000000409c50      0x177 uspace/lib/libclui.a.p/clui_src_tinput.c.o
 *fill*         0x0000000000409dc7        0x9 
 .text.tinput_sel_delete
                0x0000000000409dd0      0x117 uspace/lib/libclui.a.p/clui_src_tinput.c.o
 *fill*         0x0000000000409ee7        0x9 
 .text.tinput_display
                0x0000000000409ef0      0x1f1 uspace/lib/libclui.a.p/clui_src_tinput.c.o
 *fill*         0x000000000040a0e1        0xf 
 .text.tinput_pre_seek
                0x000000000040a0f0       0xbf uspace/lib/libclui.a.p/clui_src_tinput.c.o
 *fill*         0x000000000040a1af        0x1 
 .text.tinput_insert_string
                0x000000000040a1b0      0x26b uspace/lib/libclui.a.p/clui_src_tinput.c.o
 *fill*         0x000000000040a41b        0x5 
 .text.tinput_seek_vertical
                0x000000000040a420      0x271 uspace/lib/libclui.a.p/clui_src_tinput.c.o
 *fill*         0x000000000040a691        0xf 
 .text.tinput_seek_word
                0x000000000040a6a0      0x236 uspace/lib/libclui.a.p/clui_src_tinput.c.o
 *fill*         0x000000000040a8d6        0xa 
 .text.tinput_backspace
                0x000000000040a8e0      0x1f3 uspace/lib/libclui.a.p/clui_src_tinput.c.o
 *fill*         0x000000000040aad3        0xd 
 .text.tinput_new
                0x000000000040aae0       0x55 uspace/lib/libclui.a.p/clui_src_tinput.c.o
                0x000000000040aae0                tinput_new
 *fill*         0x000000000040ab35        0xb 
 .text.tinput_set_prompt
                0x000000000040ab40       0x37 uspace/lib/libclui.a.p/clui_src_tinput.c.o
                0x000000000040ab40                tinput_set_prompt
 *fill*         0x000000000040ab77        0x9 
 .text.tinput_set_compl_ops
                0x000000000040ab80        0xa uspace/lib/libclui.a.p/clui_src_tinput.c.o
                0x000000000040ab80                tinput_set_compl_ops
 *fill*         0x000000000040ab8a        0x6 
 .text.tinput_read_i
                0x000000000040ab90     0x1cb4 uspace/lib/libclui.a.p/clui_src_tinput.c.o
                0x000000000040ab90                tinput_read_i
 *fill*         0x000000000040c844        0xc 
 .text.tinput_read
                0x000000000040c850       0x12 uspace/lib/libclui.a.p/clui_src_tinput.c.o
                0x000000000040c850                tinput_read
 *fill*         0x000000000040c862        0xe 
 .text.clipboard_put_str
                0x000000000040c870      0x1b7 uspace/lib/libclipboard.a.p/clipboard_src_clipboard.c.o
                0x000000000040c870                clipboard_put_str
 *fill*         0x000000000040ca27        0x9 
 .text.clipboard_get_str
                0x000000000040ca30      0x25a uspace/lib/libclipboard.a.p/clipboard_src_clipboard.c.o
                0x000000000040ca30                clipboard_get_str
 *fill*         0x000000000040cc8a        0x6 
 .text.console_init
                0x000000000040cc90       0x7c uspace/lib/libconsole.a.p/console_src_console.c.o
                0x000000000040cc90                console_init
 *fill*         0x000000000040cd0c        0x4 
 .text.console_done
                0x000000000040cd10        0xa uspace/lib/libconsole.a.p/console_src_console.c.o
                0x000000000040cd10                console_done
 *fill*         0x000000000040cd1a        0x6 
 .text.console_kcon
                0x000000000040cd20        0xa uspace/lib/libconsole.a.p/console_src_console.c.o
                0x000000000040cd20                console_kcon
 *fill*         0x000000000040cd2a        0x6 
 .text.console_flush
                0x000000000040cd30        0xe uspace/lib/libconsole.a.p/console_src_console.c.o
                0x000000000040cd30                console_flush
 *fill*         0x000000000040cd3e        0x2 
 .text.console_clear
                0x000000000040cd40       0x2f uspace/lib/libconsole.a.p/console_src_console.c.o
                0x000000000040cd40                console_clear
 *fill*         0x000000000040cd6f        0x1 
 .text.console_get_size
                0x000000000040cd70       0x4b uspace/lib/libconsole.a.p/console_src_console.c.o
                0x000000000040cd70                console_get_size
 *fill*         0x000000000040cdbb        0x5 
 .text.console_set_style
                0x000000000040cdc0       0x31 uspace/lib/libconsole.a.p/console_src_console.c.o
                0x000000000040cdc0                console_set_style
 *fill*         0x000000000040cdf1        0xf 
 .text.console_set_color
                0x000000000040ce00       0x47 uspace/lib/libconsole.a.p/console_src_console.c.o
                0x000000000040ce00                console_set_color
 *fill*         0x000000000040ce47        0x9 
 .text.console_cursor_visibility
                0x000000000040ce50       0x31 uspace/lib/libconsole.a.p/console_src_console.c.o
                0x000000000040ce50                console_cursor_visibility
 *fill*         0x000000000040ce81        0xf 
 .text.console_get_pos
                0x000000000040ce90       0x4b uspace/lib/libconsole.a.p/console_src_console.c.o
                0x000000000040ce90                console_get_pos
 *fill*         0x000000000040cedb        0x5 
 .text.console_set_pos
                0x000000000040cee0       0x44 uspace/lib/libconsole.a.p/console_src_console.c.o
                0x000000000040cee0                console_set_pos
 *fill*         0x000000000040cf24        0xc 
 .text.console_get_event
                0x000000000040cf30      0x16d uspace/lib/libconsole.a.p/console_src_console.c.o
                0x000000000040cf30                console_get_event
 *fill*         0x000000000040d09d        0x3 
 .text.print_aligned_w
                0x000000000040d0a0      0x367 uspace/lib/libfmtutil.a.p/fmtutil_fmtutil.c.o
                0x000000000040d0a0                print_aligned_w
 *fill*         0x000000000040d407        0x9 
 .text.print_wrapped_console
                0x000000000040d410      0x2e0 uspace/lib/libfmtutil.a.p/fmtutil_fmtutil.c.o
                0x000000000040d410                print_wrapped_console
 *(.gnu.warning)

.fini
 *(SORT_NONE(.fini))
                [!provide]                        PROVIDE (__etext = .)
                [!provide]                        PROVIDE (_etext = .)
                [!provide]                        PROVIDE (etext = .)

.rodata         0x000000000040d700     0x3e08
 *(.rodata .rodata.* .gnu.linkonce.r.*)
 .rodata.help_cmd_batch.str1.8
                0x000000000040d700     0x234e uspace/app_bdsh.p/app_bdsh_cmds_builtins_batch_batch.c.o
                                        0x23a (size before relaxing)
 .rodata.cmd_batch.str1.1
                0x000000000040fa4e      0xa95 uspace/app_bdsh.p/app_bdsh_cmds_builtins_batch_batch.c.o
                                         0x48 (size before relaxing)
 .rodata.str1.1
                0x00000000004104e3       0x35 uspace/app_bdsh.p/app_bdsh_cmds_builtins_builtins.c.o
 .rodata.str1.8
                0x00000000004104e3       0x25 uspace/app_bdsh.p/app_bdsh_cmds_builtins_builtins.c.o
 .rodata.help_cmd_cd.str1.1
                0x00000000004104e3        0x3 uspace/app_bdsh.p/app_bdsh_cmds_builtins_cd_cd.c.o
 .rodata.help_cmd_cd.str1.8
                0x00000000004104e3       0x74 uspace/app_bdsh.p/app_bdsh_cmds_builtins_cd_cd.c.o
 .rodata.cmd_cd.str1.1
                0x00000000004104e3       0x6a uspace/app_bdsh.p/app_bdsh_cmds_builtins_cd_cd.c.o
 .rodata.cmd_cd.str1.8
                0x00000000004104e3       0x83 uspace/app_bdsh.p/app_bdsh_cmds_builtins_cd_cd.c.o
 .rodata.help_cmd_exit.str1.1
                0x00000000004104e3       0x1b uspace/app_bdsh.p/app_bdsh_cmds_builtins_exit_exit.c.o
 .rodata.help_cmd_alias.str1.1
                0x00000000004104e3        0x6 uspace/app_bdsh.p/app_bdsh_cmds_modules_alias_alias.c.o
 .rodata.help_cmd_alias.str1.8
                0x00000000004104e3      0x1e6 uspace/app_bdsh.p/app_bdsh_cmds_modules_alias_alias.c.o
 .rodata.cmd_alias.str1.1
                0x00000000004104e3       0x27 uspace/app_bdsh.p/app_bdsh_cmds_modules_alias_alias.c.o
 .rodata.cmd_alias.str1.8
                0x00000000004104e3       0xc0 uspace/app_bdsh.p/app_bdsh_cmds_modules_alias_alias.c.o
 .rodata.paged_char.str1.1
                0x00000000004104e3        0x6 uspace/app_bdsh.p/app_bdsh_cmds_modules_cat_cat.c.o
 .rodata.paged_char.str1.8
                0x00000000004104e3       0x46 uspace/app_bdsh.p/app_bdsh_cmds_modules_cat_cat.c.o
 .rodata.help_cmd_cat.str1.1
                0x00000000004104e3        0x4 uspace/app_bdsh.p/app_bdsh_cmds_modules_cat_cat.c.o
 .rodata.help_cmd_cat.str1.8
                0x00000000004104e3      0x251 uspace/app_bdsh.p/app_bdsh_cmds_modules_cat_cat.c.o
 .rodata.cmd_cat.str1.1
                0x00000000004104e3       0xb8 uspace/app_bdsh.p/app_bdsh_cmds_modules_cat_cat.c.o
 .rodata.cmd_cat.str1.8
                0x00000000004104e3       0x65 uspace/app_bdsh.p/app_bdsh_cmds_modules_cat_cat.c.o
 *fill*         0x00000000004104e3        0x5 
 .rodata.cmd_cat
                0x00000000004104e8      0x188 uspace/app_bdsh.p/app_bdsh_cmds_modules_cat_cat.c.o
 .rodata.str1.1
                0x0000000000410670       0x34 uspace/app_bdsh.p/app_bdsh_cmds_modules_cat_cat.c.o
 *fill*         0x0000000000410670       0x10 
 .rodata.long_options
                0x0000000000410680      0x140 uspace/app_bdsh.p/app_bdsh_cmds_modules_cat_cat.c.o
 .rodata.cmp_files.str1.1
                0x00000000004107c0       0x33 uspace/app_bdsh.p/app_bdsh_cmds_modules_cmp_cmp.c.o
 .rodata.help_cmd_cmp.str1.1
                0x00000000004107c0        0x4 uspace/app_bdsh.p/app_bdsh_cmds_modules_cmp_cmp.c.o
 .rodata.help_cmd_cmp.str1.8
                0x00000000004107c0       0xff uspace/app_bdsh.p/app_bdsh_cmds_modules_cmp_cmp.c.o
 .rodata.cmd_cmp.str1.1
                0x00000000004107c0        0x9 uspace/app_bdsh.p/app_bdsh_cmds_modules_cmp_cmp.c.o
 .rodata.cmd_cmp.str1.8
                0x00000000004107c0       0x35 uspace/app_bdsh.p/app_bdsh_cmds_modules_cmp_cmp.c.o
 .rodata.str1.1
                0x00000000004107c0        0xd uspace/app_bdsh.p/app_bdsh_cmds_modules_cmp_cmp.c.o
 .rodata.long_options
                0x00000000004107c0       0x60 uspace/app_bdsh.p/app_bdsh_cmds_modules_cmp_cmp.c.o
 .rodata.get_user_decision.constprop.0.str1.8
                0x0000000000410820       0x2c uspace/app_bdsh.p/app_bdsh_cmds_modules_cp_cp.c.o
 .rodata.get_user_decision.constprop.0.str1.1
                0x0000000000410820        0x8 uspace/app_bdsh.p/app_bdsh_cmds_modules_cp_cp.c.o
 .rodata.do_copy.str1.1
                0x0000000000410820       0xc1 uspace/app_bdsh.p/app_bdsh_cmds_modules_cp_cp.c.o
 .rodata.do_copy.str1.8
                0x0000000000410820      0x1a4 uspace/app_bdsh.p/app_bdsh_cmds_modules_cp_cp.c.o
 .rodata.help_cmd_cp.str1.1
                0x0000000000410820        0x3 uspace/app_bdsh.p/app_bdsh_cmds_modules_cp_cp.c.o
 .rodata.help_cmd_cp.str1.8
                0x0000000000410820       0x23 uspace/app_bdsh.p/app_bdsh_cmds_modules_cp_cp.c.o
 .rodata.cmd_cp.str1.1
                0x0000000000410820       0x1c uspace/app_bdsh.p/app_bdsh_cmds_modules_cp_cp.c.o
 .rodata.cmd_cp.str1.8
                0x0000000000410820       0x80 uspace/app_bdsh.p/app_bdsh_cmds_modules_cp_cp.c.o
 .rodata.cmd_cp
                0x0000000000410820      0x108 uspace/app_bdsh.p/app_bdsh_cmds_modules_cp_cp.c.o
 .rodata.str1.1
                0x0000000000410928       0x38 uspace/app_bdsh.p/app_bdsh_cmds_modules_cp_cp.c.o
 *fill*         0x0000000000410928       0x18 
 .rodata.long_options
                0x0000000000410940      0x100 uspace/app_bdsh.p/app_bdsh_cmds_modules_cp_cp.c.o
 .rodata.help_cmd_echo.str1.1
                0x0000000000410a40       0x1b uspace/app_bdsh.p/app_bdsh_cmds_modules_echo_echo.c.o
 .rodata.help_cmd_echo.str1.8
                0x0000000000410a40       0x3c uspace/app_bdsh.p/app_bdsh_cmds_modules_echo_echo.c.o
 .rodata.cmd_echo.str1.1
                0x0000000000410a40        0x4 uspace/app_bdsh.p/app_bdsh_cmds_modules_echo_echo.c.o
 .rodata.help_cmd_help.str1.1
                0x0000000000410a40        0x5 uspace/app_bdsh.p/app_bdsh_cmds_modules_help_help.c.o
 .rodata.help_cmd_help.str1.8
                0x0000000000410a40      0x144 uspace/app_bdsh.p/app_bdsh_cmds_modules_help_help.c.o
 .rodata.cmd_help.str1.8
                0x0000000000410a40      0x51e uspace/app_bdsh.p/app_bdsh_cmds_modules_help_help.c.o
 .rodata.cmd_help.str1.1
                0x0000000000410a40       0x65 uspace/app_bdsh.p/app_bdsh_cmds_modules_help_help.c.o
 .rodata.help_cmd_kcon.str1.8
                0x0000000000410a40       0x2d uspace/app_bdsh.p/app_bdsh_cmds_modules_kcon_kcon.c.o
 .rodata.help_cmd_kcon.str1.1
                0x0000000000410a40       0x10 uspace/app_bdsh.p/app_bdsh_cmds_modules_kcon_kcon.c.o
 .rodata.cmd_kcon.str1.8
                0x0000000000410a40       0x35 uspace/app_bdsh.p/app_bdsh_cmds_modules_kcon_kcon.c.o
 .rodata.ls_print.str1.1
                0x0000000000410a40       0x34 uspace/app_bdsh.p/app_bdsh_cmds_modules_ls_ls.c.o
 .rodata.ls_scan_dir.str1.1
                0x0000000000410a40       0x57 uspace/app_bdsh.p/app_bdsh_cmds_modules_ls_ls.c.o
 .rodata.ls_print_single_column.str1.1
                0x0000000000410a40        0x5 uspace/app_bdsh.p/app_bdsh_cmds_modules_ls_ls.c.o
 .rodata.ls_recursive.str1.1
                0x0000000000410a40       0x1d uspace/app_bdsh.p/app_bdsh_cmds_modules_ls_ls.c.o
 .rodata.help_cmd_ls.str1.8
                0x0000000000410a40      0x1a9 uspace/app_bdsh.p/app_bdsh_cmds_modules_ls_ls.c.o
 .rodata.cmd_ls.str1.1
                0x0000000000410a40        0x6 uspace/app_bdsh.p/app_bdsh_cmds_modules_ls_ls.c.o
 .rodata.cmd_ls.str1.8
                0x0000000000410a40       0x29 uspace/app_bdsh.p/app_bdsh_cmds_modules_ls_ls.c.o
 .rodata.str1.1
                0x0000000000410a40       0x2f uspace/app_bdsh.p/app_bdsh_cmds_modules_ls_ls.c.o
 .rodata.long_options
                0x0000000000410a40       0xc0 uspace/app_bdsh.p/app_bdsh_cmds_modules_ls_ls.c.o
 .rodata.cst8   0x0000000000410b00        0x8 uspace/app_bdsh.p/app_bdsh_cmds_modules_ls_ls.c.o
 .rodata.help_cmd_mkdir.str1.1
                0x0000000000410b08       0x24 uspace/app_bdsh.p/app_bdsh_cmds_modules_mkdir_mkdir.c.o
 .rodata.help_cmd_mkdir.str1.8
                0x0000000000410b08      0x1a3 uspace/app_bdsh.p/app_bdsh_cmds_modules_mkdir_mkdir.c.o
 .rodata.cmd_mkdir.str1.1
                0x0000000000410b08       0x7e uspace/app_bdsh.p/app_bdsh_cmds_modules_mkdir_mkdir.c.o
 .rodata.cmd_mkdir.str1.8
                0x0000000000410b08       0x5a uspace/app_bdsh.p/app_bdsh_cmds_modules_mkdir_mkdir.c.o
 .rodata.cmd_mkdir
                0x0000000000410b08      0x108 uspace/app_bdsh.p/app_bdsh_cmds_modules_mkdir_mkdir.c.o
 .rodata.str1.1
                0x0000000000410c10       0x29 uspace/app_bdsh.p/app_bdsh_cmds_modules_mkdir_mkdir.c.o
 *fill*         0x0000000000410c10       0x10 
 .rodata.long_options
                0x0000000000410c20       0xe0 uspace/app_bdsh.p/app_bdsh_cmds_modules_mkdir_mkdir.c.o
 .rodata.help_cmd_mkfile.str1.1
                0x0000000000410d00        0x7 uspace/app_bdsh.p/app_bdsh_cmds_modules_mkfile_mkfile.c.o
 .rodata.help_cmd_mkfile.str1.8
                0x0000000000410d00      0x115 uspace/app_bdsh.p/app_bdsh_cmds_modules_mkfile_mkfile.c.o
 .rodata.cmd_mkfile.str1.1
                0x0000000000410d00       0x3e uspace/app_bdsh.p/app_bdsh_cmds_modules_mkfile_mkfile.c.o
 .rodata.cmd_mkfile.str1.8
                0x0000000000410d00       0x7f uspace/app_bdsh.p/app_bdsh_cmds_modules_mkfile_mkfile.c.o
 .rodata.str1.1
                0x0000000000410d00       0x11 uspace/app_bdsh.p/app_bdsh_cmds_modules_mkfile_mkfile.c.o
 .rodata.long_options
                0x0000000000410d00       0x80 uspace/app_bdsh.p/app_bdsh_cmds_modules_mkfile_mkfile.c.o
 .rodata.str1.1
                0x0000000000410d80       0x16 uspace/app_bdsh.p/app_bdsh_cmds_modules_module_aliases.c.o
 .rodata.str1.1
                0x0000000000410d80      0x1cb uspace/app_bdsh.p/app_bdsh_cmds_modules_modules.c.o
 .rodata.str1.8
                0x0000000000410d80       0xa2 uspace/app_bdsh.p/app_bdsh_cmds_modules_modules.c.o
 .rodata.help_cmd_mount.str1.1
                0x0000000000410d80       0x22 uspace/app_bdsh.p/app_bdsh_cmds_modules_mount_mount.c.o
 .rodata.cmd_mount.str1.1
                0x0000000000410d80       0x36 uspace/app_bdsh.p/app_bdsh_cmds_modules_mount_mount.c.o
 .rodata.cmd_mount.str1.8
                0x0000000000410d80       0xa3 uspace/app_bdsh.p/app_bdsh_cmds_modules_mount_mount.c.o
 .rodata.str1.1
                0x0000000000410d80       0x14 uspace/app_bdsh.p/app_bdsh_cmds_modules_mount_mount.c.o
 .rodata.long_options
                0x0000000000410d80       0x80 uspace/app_bdsh.p/app_bdsh_cmds_modules_mount_mount.c.o
 .rodata.help_cmd_mv.str1.1
                0x0000000000410e00       0x17 uspace/app_bdsh.p/app_bdsh_cmds_modules_mv_mv.c.o
 .rodata.cmd_mv.str1.8
                0x0000000000410e00       0x48 uspace/app_bdsh.p/app_bdsh_cmds_modules_mv_mv.c.o
 .rodata.help_cmd_printf.str1.1
                0x0000000000410e00       0x24 uspace/app_bdsh.p/app_bdsh_cmds_modules_printf_printf.c.o
 .rodata.help_cmd_printf.str1.8
                0x0000000000410e00       0xb3 uspace/app_bdsh.p/app_bdsh_cmds_modules_printf_printf.c.o
 .rodata.cmd_printf.str1.8
                0x0000000000410e00       0x40 uspace/app_bdsh.p/app_bdsh_cmds_modules_printf_printf.c.o
 .rodata.cmd_printf.str1.1
                0x0000000000410e00        0x9 uspace/app_bdsh.p/app_bdsh_cmds_modules_printf_printf.c.o
 .rodata.help_cmd_pwd.str1.1
                0x0000000000410e00        0x4 uspace/app_bdsh.p/app_bdsh_cmds_modules_pwd_pwd.c.o
 .rodata.help_cmd_pwd.str1.8
                0x0000000000410e00       0x2d uspace/app_bdsh.p/app_bdsh_cmds_modules_pwd_pwd.c.o
 .rodata.cmd_pwd.str1.1
                0x0000000000410e00        0x4 uspace/app_bdsh.p/app_bdsh_cmds_modules_pwd_pwd.c.o
 .rodata.cmd_pwd.str1.8
                0x0000000000410e00       0x32 uspace/app_bdsh.p/app_bdsh_cmds_modules_pwd_pwd.c.o
 .rodata.rm_recursive_not_empty_dirs.str1.1
                0x0000000000410e00       0x5f uspace/app_bdsh.p/app_bdsh_cmds_modules_rm_rm.c.o
 .rodata.help_cmd_rm.str1.1
                0x0000000000410e00        0x3 uspace/app_bdsh.p/app_bdsh_cmds_modules_rm_rm.c.o
 .rodata.help_cmd_rm.str1.8
                0x0000000000410e00      0x198 uspace/app_bdsh.p/app_bdsh_cmds_modules_rm_rm.c.o
 .rodata.cmd_rm.str1.8
                0x0000000000410e00       0x59 uspace/app_bdsh.p/app_bdsh_cmds_modules_rm_rm.c.o
 .rodata.cmd_rm.str1.1
                0x0000000000410e00       0x3c uspace/app_bdsh.p/app_bdsh_cmds_modules_rm_rm.c.o
 .rodata.cmd_rm
                0x0000000000410e00       0x88 uspace/app_bdsh.p/app_bdsh_cmds_modules_rm_rm.c.o
 .rodata.str1.1
                0x0000000000410e88       0x22 uspace/app_bdsh.p/app_bdsh_cmds_modules_rm_rm.c.o
 *fill*         0x0000000000410e88       0x18 
 .rodata.long_options
                0x0000000000410ea0       0xc0 uspace/app_bdsh.p/app_bdsh_cmds_modules_rm_rm.c.o
 .rodata.help_cmd_sleep.str1.1
                0x0000000000410f60        0x6 uspace/app_bdsh.p/app_bdsh_cmds_modules_sleep_sleep.c.o
 .rodata.help_cmd_sleep.str1.8
                0x0000000000410f60       0x6c uspace/app_bdsh.p/app_bdsh_cmds_modules_sleep_sleep.c.o
 .rodata.cmd_sleep.str1.8
                0x0000000000410f60       0x33 uspace/app_bdsh.p/app_bdsh_cmds_modules_sleep_sleep.c.o
 .rodata.cmd_sleep.str1.1
                0x0000000000410f60       0x18 uspace/app_bdsh.p/app_bdsh_cmds_modules_sleep_sleep.c.o
 .rodata.help_cmd_touch.str1.1
                0x0000000000410f60        0x6 uspace/app_bdsh.p/app_bdsh_cmds_modules_touch_touch.c.o
 .rodata.help_cmd_touch.str1.8
                0x0000000000410f60       0xe1 uspace/app_bdsh.p/app_bdsh_cmds_modules_touch_touch.c.o
 .rodata.cmd_touch.str1.1
                0x0000000000410f60       0x24 uspace/app_bdsh.p/app_bdsh_cmds_modules_touch_touch.c.o
 .rodata.cmd_touch.str1.8
                0x0000000000410f60       0x60 uspace/app_bdsh.p/app_bdsh_cmds_modules_touch_touch.c.o
 .rodata.str1.1
                0x0000000000410f60        0xa uspace/app_bdsh.p/app_bdsh_cmds_modules_touch_touch.c.o
 .rodata.long_options
                0x0000000000410f60       0x40 uspace/app_bdsh.p/app_bdsh_cmds_modules_touch_touch.c.o
 .rodata.help_cmd_unalias.str1.1
                0x0000000000410fa0        0x8 uspace/app_bdsh.p/app_bdsh_cmds_modules_unalias_unalias.c.o
 .rodata.help_cmd_unalias.str1.8
                0x0000000000410fa0      0x122 uspace/app_bdsh.p/app_bdsh_cmds_modules_unalias_unalias.c.o
 .rodata.cmd_unalias.str1.1
                0x0000000000410fa0       0x1c uspace/app_bdsh.p/app_bdsh_cmds_modules_unalias_unalias.c.o
 .rodata.help_cmd_unmount.str1.1
                0x0000000000410fa0       0x35 uspace/app_bdsh.p/app_bdsh_cmds_modules_unmount_unmount.c.o
 .rodata.cmd_unmount.str1.8
                0x0000000000410fa0       0x22 uspace/app_bdsh.p/app_bdsh_cmds_modules_unmount_unmount.c.o
 .rodata.cmd_unmount.str1.1
                0x0000000000410fa0       0x1a uspace/app_bdsh.p/app_bdsh_cmds_modules_unmount_unmount.c.o
 .rodata.compl_get_next.str1.1
                0x0000000000410fa0        0xf uspace/app_bdsh.p/app_bdsh_compl.c.o
 .rodata.str1.1
                0x0000000000410fa0        0x2 uspace/app_bdsh.p/app_bdsh_compl.c.o
 .rodata.cli_error.str1.1
                0x0000000000410fa0       0x1c uspace/app_bdsh.p/app_bdsh_errors.c.o
 .rodata.str1.1
                0x0000000000410fa0       0x9b uspace/app_bdsh.p/app_bdsh_errors.c.o
 .rodata.cl_errors
                0x0000000000410fa0       0x58 uspace/app_bdsh.p/app_bdsh_errors.c.o
 .rodata.try_exec.str1.1
                0x0000000000410ff8       0x3c uspace/app_bdsh.p/app_bdsh_exec.c.o
 .rodata.try_exec.str1.8
                0x0000000000410ff8       0xa3 uspace/app_bdsh.p/app_bdsh_exec.c.o
 .rodata.str1.1
                0x0000000000410ff8        0x5 uspace/app_bdsh.p/app_bdsh_exec.c.o
 .rodata.process_input_nohup.str1.1
                0x0000000000410ff8       0x6c uspace/app_bdsh.p/app_bdsh_input.c.o
 .rodata.process_input_nohup.str1.8
                0x0000000000410ff8       0xcd uspace/app_bdsh.p/app_bdsh_input.c.o
 .rodata.get_input.str1.1
                0x0000000000410ff8        0x1 uspace/app_bdsh.p/app_bdsh_input.c.o
 .rodata.input_init.str1.1
                0x0000000000410ff8       0x1c uspace/app_bdsh.p/app_bdsh_input.c.o
 .rodata.main.str1.1
                0x0000000000410ff8       0x12 uspace/app_bdsh.p/app_bdsh_scli.c.o
 .rodata.str1.1
                0x0000000000410ff8        0x5 uspace/app_bdsh.p/app_bdsh_scli.c.o
 .rodata.tok_tokenize.str1.8
                0x0000000000410ff8       0x55 uspace/app_bdsh.p/app_bdsh_tok.c.o
 .rodata.cli_set_prompt.str1.1
                0x0000000000410ff8       0x1b uspace/app_bdsh.p/app_bdsh_util.c.o
 .rodata.is_path.str1.1
                0x0000000000410ff8        0x9 uspace/app_bdsh.p/app_bdsh_util.c.o
 .rodata.cst8   0x0000000000410ff8        0x8 uspace/lib/c/libstartfiles.a.p/generic_crt_crt1.c.o
 .rodata.tinput_console_set_lpos.part.0.str1.8
                0x0000000000411000       0x2b uspace/lib/libclui.a.p/clui_src_tinput.c.o
 .rodata.tinput_console_set_lpos.part.0.str1.1
                0x0000000000411000       0x13 uspace/lib/libclui.a.p/clui_src_tinput.c.o
 .rodata.tinput_display_tail.str1.1
                0x0000000000411000        0x4 uspace/lib/libclui.a.p/clui_src_tinput.c.o
 .rodata.tinput_display.str1.1
                0x0000000000411000        0x3 uspace/lib/libclui.a.p/clui_src_tinput.c.o
 .rodata.tinput_read_i.str1.1
                0x0000000000411000       0x17 uspace/lib/libclui.a.p/clui_src_tinput.c.o
 .rodata.tinput_read_i.str1.8
                0x0000000000411000       0xb6 uspace/lib/libclui.a.p/clui_src_tinput.c.o
 .rodata.tinput_read_i
                0x0000000000411000      0x508 uspace/lib/libclui.a.p/clui_src_tinput.c.o
 .rodata.clipboard_put_str.str1.1
                0x0000000000411508        0xa uspace/lib/libclipboard.a.p/clipboard_src_clipboard.c.o
 .rodata.print_wrapped_console.str1.1
                0x0000000000411508        0x3 uspace/lib/libfmtutil.a.p/fmtutil_fmtutil.c.o

.rodata1
 *(.rodata1)

.eh_frame_hdr   0x0000000000411508      0x3cc
 *(.eh_frame_hdr)
 .eh_frame_hdr  0x0000000000411508      0x3cc uspace/app_bdsh.p/app_bdsh_cmds_builtin_cmds.c.o
                0x0000000000411508                __GNU_EH_FRAME_HDR
 *(.eh_frame_entry .eh_frame_entry.*)

.eh_frame       0x00000000004118d8     0x1378
 *(.eh_frame)
 .eh_frame      0x00000000004118d8      0x100 uspace/app_bdsh.p/app_bdsh_cmds_builtin_cmds.c.o
 .eh_frame      0x00000000004119d8       0x28 uspace/app_bdsh.p/app_bdsh_cmds_builtin_cmds.c.o
                                         0x40 (size before relaxing)
 .eh_frame      0x0000000000411a00        0x0 uspace/app_bdsh.p/app_bdsh_cmds_builtin_cmds.c.o
 .eh_frame      0x0000000000411a00       0x60 uspace/app_bdsh.p/app_bdsh_cmds_builtins_batch_batch.c.o
                                         0x78 (size before relaxing)
 .eh_frame      0x0000000000411a60       0x50 uspace/app_bdsh.p/app_bdsh_cmds_builtins_cd_cd.c.o
                                         0x68 (size before relaxing)
 .eh_frame      0x0000000000411ab0       0x40 uspace/app_bdsh.p/app_bdsh_cmds_builtins_exit_exit.c.o
                                         0x58 (size before relaxing)
 .eh_frame      0x0000000000411af0       0xe0 uspace/app_bdsh.p/app_bdsh_cmds_mod_cmds.c.o
                                         0xf8 (size before relaxing)
 .eh_frame      0x0000000000411bd0       0x58 uspace/app_bdsh.p/app_bdsh_cmds_modules_alias_alias.c.o
                                         0x70 (size before relaxing)
 .eh_frame      0x0000000000411c28       0x80 uspace/app_bdsh.p/app_bdsh_cmds_modules_cat_cat.c.o
                                         0x98 (size before relaxing)
 .eh_frame      0x0000000000411ca8       0x78 uspace/app_bdsh.p/app_bdsh_cmds_modules_cmp_cmp.c.o
                                         0x90 (size before relaxing)
 .eh_frame      0x0000000000411d20       0xa8 uspace/app_bdsh.p/app_bdsh_cmds_modules_cp_cp.c.o
                                         0xc0 (size before relaxing)
 .eh_frame      0x0000000000411dc8       0x48 uspace/app_bdsh.p/app_bdsh_cmds_modules_echo_echo.c.o
                                         0x60 (size before relaxing)
 .eh_frame      0x0000000000411e10       0x50 uspace/app_bdsh.p/app_bdsh_cmds_modules_help_help.c.o
                                         0x68 (size before relaxing)
 .eh_frame      0x0000000000411e60       0x50 uspace/app_bdsh.p/app_bdsh_cmds_modules_kcon_kcon.c.o
                                         0x68 (size before relaxing)
 .eh_frame      0x0000000000411eb0      0x150 uspace/app_bdsh.p/app_bdsh_cmds_modules_ls_ls.c.o
                                        0x168 (size before relaxing)
 .eh_frame      0x0000000000412000       0x50 uspace/app_bdsh.p/app_bdsh_cmds_modules_mkdir_mkdir.c.o
                                         0x68 (size before relaxing)
 .eh_frame      0x0000000000412050       0x50 uspace/app_bdsh.p/app_bdsh_cmds_modules_mkfile_mkfile.c.o
                                         0x68 (size before relaxing)
 .eh_frame      0x00000000004120a0       0x50 uspace/app_bdsh.p/app_bdsh_cmds_modules_mount_mount.c.o
                                         0x68 (size before relaxing)
 .eh_frame      0x00000000004120f0       0x48 uspace/app_bdsh.p/app_bdsh_cmds_modules_mv_mv.c.o
                                         0x60 (size before relaxing)
 .eh_frame      0x0000000000412138       0x50 uspace/app_bdsh.p/app_bdsh_cmds_modules_printf_printf.c.o
                                         0x68 (size before relaxing)
 .eh_frame      0x0000000000412188       0x50 uspace/app_bdsh.p/app_bdsh_cmds_modules_pwd_pwd.c.o
                                         0x68 (size before relaxing)
 .eh_frame      0x00000000004121d8       0x80 uspace/app_bdsh.p/app_bdsh_cmds_modules_rm_rm.c.o
                                         0x98 (size before relaxing)
 .eh_frame      0x0000000000412258       0x50 uspace/app_bdsh.p/app_bdsh_cmds_modules_sleep_sleep.c.o
                                         0x68 (size before relaxing)
 .eh_frame      0x00000000004122a8       0x58 uspace/app_bdsh.p/app_bdsh_cmds_modules_touch_touch.c.o
                                         0x70 (size before relaxing)
 .eh_frame      0x0000000000412300       0x58 uspace/app_bdsh.p/app_bdsh_cmds_modules_unalias_unalias.c.o
                                         0x70 (size before relaxing)
 .eh_frame      0x0000000000412358       0x48 uspace/app_bdsh.p/app_bdsh_cmds_modules_unmount_unmount.c.o
                                         0x60 (size before relaxing)
 .eh_frame      0x00000000004123a0       0x80 uspace/app_bdsh.p/app_bdsh_compl.c.o
                                         0x98 (size before relaxing)
 .eh_frame      0x0000000000412420       0x28 uspace/app_bdsh.p/app_bdsh_errors.c.o
                                         0x40 (size before relaxing)
 .eh_frame      0x0000000000412448       0x30 uspace/app_bdsh.p/app_bdsh_exec.c.o
                                         0x48 (size before relaxing)
 .eh_frame      0x0000000000412478       0xb0 uspace/app_bdsh.p/app_bdsh_input.c.o
                                         0xc8 (size before relaxing)
 .eh_frame      0x0000000000412528       0xa8 uspace/app_bdsh.p/app_bdsh_scli.c.o
                                         0xc0 (size before relaxing)
 .eh_frame      0x00000000004125d0       0x90 uspace/app_bdsh.p/app_bdsh_tok.c.o
                                         0xa8 (size before relaxing)
 .eh_frame      0x0000000000412660       0x70 uspace/app_bdsh.p/app_bdsh_util.c.o
                                         0x88 (size before relaxing)
 .eh_frame      0x00000000004126d0       0x20 uspace/lib/c/libstartfiles.a.p/generic_crt_crt1.c.o
                                         0x38 (size before relaxing)
 .eh_frame      0x00000000004126f0      0x2c0 uspace/lib/libclui.a.p/clui_src_tinput.c.o
                                        0x2f8 (size before relaxing)
 .eh_frame      0x00000000004129b0       0x70 uspace/lib/libclipboard.a.p/clipboard_src_clipboard.c.o
                                         0x88 (size before relaxing)
 .eh_frame      0x0000000000412a20      0x1c8 uspace/lib/libconsole.a.p/console_src_console.c.o
                                        0x318 (size before relaxing)
 .eh_frame      0x0000000000412be8       0x68 uspace/lib/libfmtutil.a.p/fmtutil_fmtutil.c.o
                                        0x118 (size before relaxing)
 *(.eh_frame.*)

.sframe         0x0000000000412c50        0x0
 *(.sframe)
 .sframe        0x0000000000412c50        0x0 uspace/app_bdsh.p/app_bdsh_cmds_builtin_cmds.c.o
 *(.sframe.*)

.gcc_except_table
 *(.gcc_except_table .gcc_except_table.*)

.gnu_extab
 *(.gnu_extab*)

.exception_ranges
 *(.exception_ranges*)
                0x0000000000413000                . = DATA_SEGMENT_ALIGN (CONSTANT (MAXPAGESIZE), CONSTANT (COMMONPAGESIZE))

.eh_frame
 *(.eh_frame)
 *(.eh_frame.*)

.sframe
 *(.sframe)
 *(.sframe.*)

.gnu_extab
 *(.gnu_extab)

.gcc_except_table
 *(.gcc_except_table .gcc_except_table.*)

.exception_ranges
 *(.exception_ranges*)

.tdata          0x0000000000413000        0x0
                [!provide]                        PROVIDE (__tdata_start = .)
 *(.tdata .tdata.* .gnu.linkonce.td.*)

.tbss
 *(.tbss .tbss.* .gnu.linkonce.tb.*)
 *(.tcommon)

.preinit_array  0x0000000000413000        0x0
                0x0000000000413000                PROVIDE (__preinit_array_start = .)
 *(.preinit_array)
                0x0000000000413000                PROVIDE (__preinit_array_end = .)

.init_array     0x0000000000413000        0x0
                0x0000000000413000                PROVIDE (__init_array_start = .)
 *(SORT_BY_INIT_PRIORITY(.init_array.*) SORT_BY_INIT_PRIORITY(.ctors.*))
 *(.init_array EXCLUDE_FILE(*crtend?.o *crtend.o *crtbegin?.o *crtbegin.o) .ctors)
                0x0000000000413000                PROVIDE (__init_array_end = .)

.fini_array     0x0000000000413000        0x0
                0x0000000000413000                PROVIDE (__fini_array_start = .)
 *(SORT_BY_INIT_PRIORITY(.fini_array.*) SORT_BY_INIT_PRIORITY(.dtors.*))
 *(.fini_array EXCLUDE_FILE(*crtend?.o *crtend.o *crtbegin?.o *crtbegin.o) .dtors)
                0x0000000000413000                PROVIDE (__fini_array_end = .)

.ctors
 *crtbegin.o(.ctors)
 *crtbegin?.o(.ctors)
 *(EXCLUDE_FILE(*crtend?.o *crtend.o) .ctors)
 *(SORT_BY_NAME(.ctors.*))
 *(.ctors)

.dtors
 *crtbegin.o(.dtors)
 *crtbegin?.o(.dtors)
 *(EXCLUDE_FILE(*crtend?.o *crtend.o) .dtors)
 *(SORT_BY_NAME(.dtors.*))
 *(.dtors)

.jcr
 *(.jcr)

.data.rel.ro    0x0000000000413000        0x0
 *(.data.rel.ro.local* .gnu.linkonce.d.rel.ro.local.*)
 *(.data.rel.ro .data.rel.ro.* .gnu.linkonce.d.rel.ro.*)
 .data.rel.ro   0x0000000000413000        0x0 uspace/app_bdsh.p/app_bdsh_cmds_builtin_cmds.c.o

.dynamic        0x0000000000413000      0x150
 *(.dynamic)
 .dynamic       0x0000000000413000      0x150 uspace/app_bdsh.p/app_bdsh_cmds_builtin_cmds.c.o
                0x0000000000413000                _DYNAMIC

.got            0x0000000000413150        0x0
 *(.got)
 .got           0x0000000000413150        0x0 uspace/app_bdsh.p/app_bdsh_cmds_builtin_cmds.c.o
 *(.igot)
                0x0000000000413150                . = DATA_SEGMENT_RELRO_END (., (SIZEOF (.got.plt) >= 0x18)?0x18:0x0)

.got.plt        0x0000000000413150      0x378
 *(.got.plt)
 .got.plt       0x0000000000413150      0x378 uspace/app_bdsh.p/app_bdsh_cmds_builtin_cmds.c.o
                0x0000000000413150                _GLOBAL_OFFSET_TABLE_
 *(.igot.plt)
 .igot.plt      0x00000000004134c8        0x0 uspace/app_bdsh.p/app_bdsh_cmds_builtin_cmds.c.o

.data           0x00000000004134e0      0x6e0
 *(.data .data.* .gnu.linkonce.d.*)
 .data.builtins
                0x00000000004134e0       0xa0 uspace/app_bdsh.p/app_bdsh_cmds_builtins_builtins.c.o
                0x00000000004134e0                builtins
 .data.previous_directory_valid
                0x0000000000413580        0x1 uspace/app_bdsh.p/app_bdsh_cmds_builtins_cd_cd.c.o
 *fill*         0x0000000000413581       0x1f 
 .data.helpfmt.0
                0x00000000004135a0      0x1ca uspace/app_bdsh.p/app_bdsh_cmds_modules_cp_cp.c.o
 *fill*         0x000000000041376a        0x2 
 .data.mod_switch
                0x000000000041376c        0x4 uspace/app_bdsh.p/app_bdsh_cmds_modules_help_help.c.o
                0x000000000041376c                mod_switch
 *fill*         0x0000000000413770       0x10 
 .data.mod_aliases
                0x0000000000413780       0x30 uspace/app_bdsh.p/app_bdsh_cmds_modules_module_aliases.c.o
                0x0000000000413780                mod_aliases
 *fill*         0x00000000004137b0       0x10 
 .data.modules  0x00000000004137c0      0x2c0 uspace/app_bdsh.p/app_bdsh_cmds_modules_modules.c.o
                0x00000000004137c0                modules
 .data.helpfmt.0
                0x0000000000413a80       0xc2 uspace/app_bdsh.p/app_bdsh_cmds_modules_mount_mount.c.o
 *fill*         0x0000000000413b42        0xe 
 .data.dirlist_arg.0
                0x0000000000413b50       0x10 uspace/app_bdsh.p/app_bdsh_compl.c.o
 .data.compl_ops
                0x0000000000413b60       0x18 uspace/app_bdsh.p/app_bdsh_compl.c.o
                0x0000000000413b60                compl_ops
 *fill*         0x0000000000413b78        0x8 
 .data.search_dir
                0x0000000000413b80       0x10 uspace/app_bdsh.p/app_bdsh_exec.c.o
                0x0000000000413b80                search_dir
 .data.progname
                0x0000000000413b90        0x8 uspace/app_bdsh.p/app_bdsh_scli.c.o
                0x0000000000413b90                progname
 *fill*         0x0000000000413b98        0x8 
 .data.clip_mutex
                0x0000000000413ba0       0x20 uspace/lib/libclipboard.a.p/clipboard_src_clipboard.c.o

.data1
 *(.data1)
                0x0000000000413bc0                _edata = .
                [!provide]                        PROVIDE (edata = .)
                0x0000000000413bc0                . = .
                0x0000000000413bc0                __bss_start = .

.bss            0x0000000000413bc0      0x450
 *(.dynbss)
 .dynbss        0x0000000000413bc0       0xa8 uspace/app_bdsh.p/app_bdsh_cmds_builtin_cmds.c.o
                0x0000000000413bc0                stdout
                0x0000000000413bc8                optarg
                0x0000000000413bd0                optind
                0x0000000000413be0                stdin
                0x0000000000413c00                __progsymbols
                0x0000000000413c50                optreset
                0x0000000000413c60                stderr
 *(.bss .bss.* .gnu.linkonce.b.*)
 *fill*         0x0000000000413c68        0x8 
 .bss.builtin_aliases
                0x0000000000413c70       0x10 uspace/app_bdsh.p/app_bdsh_cmds_builtins_builtin_aliases.c.o
                0x0000000000413c70                builtin_aliases
 .bss.previous_directory_set
                0x0000000000413c80        0x1 uspace/app_bdsh.p/app_bdsh_cmds_builtins_cd_cd.c.o
 *fill*         0x0000000000413c81       0x1f 
 .bss.previous_directory_tmp
                0x0000000000413ca0       0xff uspace/app_bdsh.p/app_bdsh_cmds_builtins_cd_cd.c.o
 *fill*         0x0000000000413d9f        0x1 
 .bss.previous_directory
                0x0000000000413da0       0xff uspace/app_bdsh.p/app_bdsh_cmds_builtins_cd_cd.c.o
 *fill*         0x0000000000413e9f        0x1 
 .bss.console   0x0000000000413ea0        0x8 uspace/app_bdsh.p/app_bdsh_cmds_modules_cat_cat.c.o
 .bss.last_char_was_newline
                0x0000000000413ea8        0x1 uspace/app_bdsh.p/app_bdsh_cmds_modules_cat_cat.c.o
 .bss.number    0x0000000000413ea9        0x1 uspace/app_bdsh.p/app_bdsh_cmds_modules_cat_cat.c.o
 *fill*         0x0000000000413eaa        0x2 
 .bss.lineno    0x0000000000413eac        0x4 uspace/app_bdsh.p/app_bdsh_cmds_modules_cat_cat.c.o
 .bss.dash_represents_stdin
                0x0000000000413eb0        0x1 uspace/app_bdsh.p/app_bdsh_cmds_modules_cat_cat.c.o
 .bss.should_quit
                0x0000000000413eb1        0x1 uspace/app_bdsh.p/app_bdsh_cmds_modules_cat_cat.c.o
 *fill*         0x0000000000413eb2        0x6 
 .bss.console_rows
                0x0000000000413eb8        0x8 uspace/app_bdsh.p/app_bdsh_cmds_modules_cat_cat.c.o
 .bss.console_cols
                0x0000000000413ec0        0x8 uspace/app_bdsh.p/app_bdsh_cmds_modules_cat_cat.c.o
 .bss.lines_remaining
                0x0000000000413ec8        0x8 uspace/app_bdsh.p/app_bdsh_cmds_modules_cat_cat.c.o
 .bss.chars_remaining
                0x0000000000413ed0        0x8 uspace/app_bdsh.p/app_bdsh_cmds_modules_cat_cat.c.o
 .bss.paging_enabled
                0x0000000000413ed8        0x1 uspace/app_bdsh.p/app_bdsh_cmds_modules_cat_cat.c.o
 *fill*         0x0000000000413ed9        0x7 
 .bss.con       0x0000000000413ee0        0x8 uspace/app_bdsh.p/app_bdsh_cmds_modules_cp_cp.c.o
 *fill*         0x0000000000413ee8        0x8 
 .bss.ls        0x0000000000413ef0       0x18 uspace/app_bdsh.p/app_bdsh_cmds_modules_ls_ls.c.o
 *fill*         0x0000000000413f08       0x18 
 .bss.rm        0x0000000000413f20       0x38 uspace/app_bdsh.p/app_bdsh_cmds_modules_rm_rm.c.o
 .bss.cli_errno
                0x0000000000413f58        0x4 uspace/app_bdsh.p/app_bdsh_errors.c.o
                0x0000000000413f58                cli_errno
 *fill*         0x0000000000413f5c        0x4 
 .bss.tinput    0x0000000000413f60        0x8 uspace/app_bdsh.p/app_bdsh_input.c.o
 .bss.cli_quit  0x0000000000413f68        0x4 uspace/app_bdsh.p/app_bdsh_scli.c.o
                0x0000000000413f68                cli_quit
 *fill*         0x0000000000413f6c       0x14 
 .bss.alias_dict
                0x0000000000413f80       0x28 uspace/app_bdsh.p/app_bdsh_scli.c.o
                0x0000000000413f80                alias_dict
 *fill*         0x0000000000413fa8        0x8 
 .bss.stdiostate
                0x0000000000413fb0       0x18 uspace/app_bdsh.p/app_bdsh_scli.c.o
 .bss.iostate   0x0000000000413fc8        0x8 uspace/app_bdsh.p/app_bdsh_scli.c.o
 *fill*         0x0000000000413fd0       0x10 
 .bss.usr       0x0000000000413fe0       0x28 uspace/app_bdsh.p/app_bdsh_scli.c.o
 .bss.clip_sess
                0x0000000000414008        0x8 uspace/lib/libclipboard.a.p/clipboard_src_clipboard.c.o
 *(COMMON)
                0x0000000000414010                . = ALIGN ((. != 0x0)?0x8:0x1)

.lbss
 *(.dynlbss)
 *(.lbss .lbss.* .gnu.linkonce.lb.*)
 *(LARGE_COMMON)
                0x0000000000414010                . = ALIGN (0x8)
                0x0000000000414010                . = SEGMENT_START ("ldata-segment", .)

.lrodata
 *(.lrodata .lrodata.* .gnu.linkonce.lr.*)

.ldata          0x0000000000416010        0x0
 *(.ldata .ldata.* .gnu.linkonce.l.*)
                0x0000000000416010                . = ALIGN ((. != 0x0)?0x8:0x1)
                0x0000000000416010                . = ALIGN (0x8)
                0x0000000000414010                _end = .
                [!provide]                        PROVIDE (end = .)
                0x0000000000416010                . = DATA_SEGMENT_END (.)

.stab
 *(.stab)

.stabstr
 *(.stabstr)

.stab.excl
 *(.stab.excl)

.stab.exclstr
 *(.stab.exclstr)

.stab.index
 *(.stab.index)

.stab.indexstr
 *(.stab.indexstr)

.comment        0x0000000000000000       0x12
 *(.comment)
 .comment       0x0000000000000000       0x12 uspace/app_bdsh.p/app_bdsh_cmds_builtin_cmds.c.o
                                         0x13 (size before relaxing)
 .comment       0x0000000000000012       0x13 uspace/app_bdsh.p/app_bdsh_cmds_builtins_batch_batch.c.o
 .comment       0x0000000000000012       0x13 uspace/app_bdsh.p/app_bdsh_cmds_builtins_builtin_aliases.c.o
 .comment       0x0000000000000012       0x13 uspace/app_bdsh.p/app_bdsh_cmds_builtins_builtins.c.o
 .comment       0x0000000000000012       0x13 uspace/app_bdsh.p/app_bdsh_cmds_builtins_cd_cd.c.o
 .comment       0x0000000000000012       0x13 uspace/app_bdsh.p/app_bdsh_cmds_builtins_exit_exit.c.o
 .comment       0x0000000000000012       0x13 uspace/app_bdsh.p/app_bdsh_cmds_mod_cmds.c.o
 .comment       0x0000000000000012       0x13 uspace/app_bdsh.p/app_bdsh_cmds_modules_alias_alias.c.o
 .comment       0x0000000000000012       0x13 uspace/app_bdsh.p/app_bdsh_cmds_modules_cat_cat.c.o
 .comment       0x0000000000000012       0x13 uspace/app_bdsh.p/app_bdsh_cmds_modules_cmp_cmp.c.o
 .comment       0x0000000000000012       0x13 uspace/app_bdsh.p/app_bdsh_cmds_modules_cp_cp.c.o
 .comment       0x0000000000000012       0x13 uspace/app_bdsh.p/app_bdsh_cmds_modules_echo_echo.c.o
 .comment       0x0000000000000012       0x13 uspace/app_bdsh.p/app_bdsh_cmds_modules_help_help.c.o
 .comment       0x0000000000000012       0x13 uspace/app_bdsh.p/app_bdsh_cmds_modules_kcon_kcon.c.o
 .comment       0x0000000000000012       0x13 uspace/app_bdsh.p/app_bdsh_cmds_modules_ls_ls.c.o
 .comment       0x0000000000000012       0x13 uspace/app_bdsh.p/app_bdsh_cmds_modules_mkdir_mkdir.c.o
 .comment       0x0000000000000012       0x13 uspace/app_bdsh.p/app_bdsh_cmds_modules_mkfile_mkfile.c.o
 .comment       0x0000000000000012       0x13 uspace/app_bdsh.p/app_bdsh_cmds_modules_module_aliases.c.o
 .comment       0x0000000000000012       0x13 uspace/app_bdsh.p/app_bdsh_cmds_modules_modules.c.o
 .comment       0x0000000000000012       0x13 uspace/app_bdsh.p/app_bdsh_cmds_modules_mount_mount.c.o
 .comment       0x0000000000000012       0x13 uspace/app_bdsh.p/app_bdsh_cmds_modules_mv_mv.c.o
 .comment       0x0000000000000012       0x13 uspace/app_bdsh.p/app_bdsh_cmds_modules_printf_printf.c.o
 .comment       0x0000000000000012       0x13 uspace/app_bdsh.p/app_bdsh_cmds_modules_pwd_pwd.c.o
 .comment       0x0000000000000012       0x13 uspace/app_bdsh.p/app_bdsh_cmds_modules_rm_rm.c.o
 .comment       0x0000000000000012       0x13 uspace/app_bdsh.p/app_bdsh_cmds_modules_sleep_sleep.c.o
 .comment       0x0000000000000012       0x13 uspace/app_bdsh.p/app_bdsh_cmds_modules_touch_touch.c.o
 .comment       0x0000000000000012       0x13 uspace/app_bdsh.p/app_bdsh_cmds_modules_unalias_unalias.c.o
 .comment       0x0000000000000012       0x13 uspace/app_bdsh.p/app_bdsh_cmds_modules_unmount_unmount.c.o
 .comment       0x0000000000000012       0x13 uspace/app_bdsh.p/app_bdsh_compl.c.o
 .comment       0x0000000000000012       0x13 uspace/app_bdsh.p/app_bdsh_errors.c.o
 .comment       0x0000000000000012       0x13 uspace/app_bdsh.p/app_bdsh_exec.c.o
 .comment       0x0000000000000012       0x13 uspace/app_bdsh.p/app_bdsh_input.c.o
 .comment       0x0000000000000012       0x13 uspace/app_bdsh.p/app_bdsh_scli.c.o
 .comment       0x0000000000000012       0x13 uspace/app_bdsh.p/app_bdsh_tok.c.o
 .comment       0x0000000000000012       0x13 uspace/app_bdsh.p/app_bdsh_util.c.o
 .comment       0x0000000000000012       0x13 uspace/lib/c/libstartfiles.a.p/generic_crt_crt1.c.o
 .comment       0x0000000000000012       0x13 uspace/lib/libclui.a.p/clui_src_tinput.c.o
 .comment       0x0000000000000012       0x13 uspace/lib/libclipboard.a.p/clipboard_src_clipboard.c.o
 .comment       0x0000000000000012       0x13 uspace/lib/libconsole.a.p/console_src_console.c.o
 .comment       0x0000000000000012       0x13 uspace/lib/libfmtutil.a.p/fmtutil_fmtutil.c.o

.gnu.build.attributes
 *(.gnu.build.attributes .gnu.build.attributes.*)

.debug
 *(.debug)

.line
 *(.line)

.debug_srcinfo
 *(.debug_srcinfo)

.debug_sfnames
 *(.debug_sfnames)

.debug_aranges
 *(.debug_aranges)

.debug_pubnames
 *(.debug_pubnames)

.debug_info
 *(.debug_info .gnu.linkonce.wi.*)

.debug_abbrev
 *(.debug_abbrev)

.debug_line
 *(.debug_line .debug_line.* .debug_line_end)

.debug_frame
 *(.debug_frame)

.debug_str
 *(.debug_str)

.debug_loc
 *(.debug_loc)

.debug_macinfo
 *(.debug_macinfo)

.debug_weaknames
 *(.debug_weaknames)

.debug_funcnames
 *(.debug_funcnames)

.debug_typenames
 *(.debug_typenames)

.debug_varnames
 *(.debug_varnames)

.debug_pubtypes
 *(.debug_pubtypes)

.debug_ranges
 *(.debug_ranges)

.debug_addr
 *(.debug_addr)

.debug_line_str
 *(.debug_line_str)

.debug_loclists
 *(.debug_loclists)

.debug_macro
 *(.debug_macro)

.debug_names
 *(.debug_names)

.debug_rnglists
 *(.debug_rnglists)

.debug_str_offsets
 *(.debug_str_offsets)

.debug_sup
 *(.debug_sup)

.gnu.attributes
 *(.gnu.attributes)

/DISCARD/
 *(.note.GNU-stack)
 *(.gnu_debuglink)
 *(.gnu.lto_*)
OUTPUT(uspace/app_bdsh elf64-x86-64)
