Archive member included to satisfy reference by file (symbol)

uspace/lib/c/libstartfiles.a.p/arch_amd64_src_crt0.S.o
                              (--whole-archive)
uspace/lib/c/libstartfiles.a.p/generic_crt_crt1.c.o
                              (--whole-archive)
uspace/lib/libinet.a.p/inet_src_endpoint.c.o
                              uspace/app_websrv.p/app_websrv_websrv.c.o (inet_ep_init)
uspace/lib/libinet.a.p/inet_src_tcp.c.o
                              uspace/app_websrv.p/app_websrv_websrv.c.o (tcp_create)

As-needed library included to satisfy reference by file (symbol)

libc.so.0                     uspace/app_websrv.p/app_websrv_websrv.c.o (task_retval)

Discarded input sections

 .text          0x0000000000000000        0x0 uspace/app_websrv.p/app_websrv_websrv.c.o
 .data          0x0000000000000000        0x0 uspace/app_websrv.p/app_websrv_websrv.c.o
 .bss           0x0000000000000000        0x0 uspace/app_websrv.p/app_websrv_websrv.c.o
 .data          0x0000000000000000        0x0 uspace/lib/c/libstartfiles.a.p/arch_amd64_src_crt0.S.o
 .bss           0x0000000000000000        0x0 uspace/lib/c/libstartfiles.a.p/arch_amd64_src_crt0.S.o
 .text          0x0000000000000000        0x0 uspace/lib/c/libstartfiles.a.p/generic_crt_crt1.c.o
 .data          0x0000000000000000        0x0 uspace/lib/c/libstartfiles.a.p/generic_crt_crt1.c.o
 .bss           0x0000000000000000        0x0 uspace/lib/c/libstartfiles.a.p/generic_crt_crt1.c.o
 .text          0x0000000000000000        0x0 uspace/lib/libinet.a.p/inet_src_endpoint.c.o
 .data          0x0000000000000000        0x0 uspace/lib/libinet.a.p/inet_src_endpoint.c.o
 .bss           0x0000000000000000        0x0 uspace/lib/libinet.a.p/inet_src_endpoint.c.o
 .text.inet_ep2_init
                0x0000000000000000       0x1d uspace/lib/libinet.a.p/inet_src_endpoint.c.o
 .text          0x0000000000000000        0x0 uspace/lib/libinet.a.p/inet_src_tcp.c.o
 .data          0x0000000000000000        0x0 uspace/lib/libinet.a.p/inet_src_tcp.c.o
 .bss           0x0000000000000000        0x0 uspace/lib/libinet.a.p/inet_src_tcp.c.o
 .text.tcp_destroy
                0x0000000000000000       0x69 uspace/lib/libinet.a.p/inet_src_tcp.c.o
 .text.tcp_conn_create
                0x0000000000000000      0x17e uspace/lib/libinet.a.p/inet_src_tcp.c.o
 .text.tcp_conn_destroy
                0x0000000000000000       0x69 uspace/lib/libinet.a.p/inet_src_tcp.c.o
 .text.tcp_conn_userptr
                0x0000000000000000        0xa uspace/lib/libinet.a.p/inet_src_tcp.c.o
 .text.tcp_listener_destroy
                0x0000000000000000       0x69 uspace/lib/libinet.a.p/inet_src_tcp.c.o
 .text.tcp_listener_userptr
                0x0000000000000000        0xa uspace/lib/libinet.a.p/inet_src_tcp.c.o
 .rodata.tcp_conn_wait_connected.str1.8
                0x0000000000000000       0x4e uspace/lib/libinet.a.p/inet_src_tcp.c.o
 .text.tcp_conn_wait_connected
                0x0000000000000000       0x83 uspace/lib/libinet.a.p/inet_src_tcp.c.o
 .text.tcp_conn_push
                0x0000000000000000       0x3e uspace/lib/libinet.a.p/inet_src_tcp.c.o
 .text.tcp_conn_recv
                0x0000000000000000      0x101 uspace/lib/libinet.a.p/inet_src_tcp.c.o

Memory Configuration

Name             Origin             Length             Attributes
*default*        0x0000000000000000 0xffffffffffffffff

Linker script and memory map

LOAD uspace/app_websrv.p/app_websrv_websrv.c.o
START GROUP
LOAD uspace/lib/c/libstartfiles.a
LOAD uspace/lib/libinet.a
LOAD uspace/lib/libc.so.0.0
LOAD /home/zyc/.local/share/HelenOS/cross/lib/gcc/amd64-helenos/13.2.0/libgcc.a
END GROUP
                0x0000000000400000                PROVIDE (__executable_start = SEGMENT_START ("text-segment", 0x400000))
                0x0000000000400120                . = (SEGMENT_START ("text-segment", 0x400000) + SIZEOF_HEADERS)

.interp
 *(.interp)

.note.gnu.build-id
 *(.note.gnu.build-id)

.hash           0x0000000000400120      0x150
 *(.hash)
 .hash          0x0000000000400120      0x150 uspace/app_websrv.p/app_websrv_websrv.c.o

.gnu.hash
 *(.gnu.hash)

.dynsym         0x0000000000400270      0x438
 *(.dynsym)
 .dynsym        0x0000000000400270      0x438 uspace/app_websrv.p/app_websrv_websrv.c.o

.dynstr         0x00000000004006a8      0x277
 *(.dynstr)
 .dynstr        0x00000000004006a8      0x277 uspace/app_websrv.p/app_websrv_websrv.c.o

.gnu.version    0x0000000000400920        0x0
 *(.gnu.version)
 .gnu.version   0x0000000000400920        0x0 uspace/app_websrv.p/app_websrv_websrv.c.o

.gnu.version_d  0x0000000000400920        0x0
 *(.gnu.version_d)
 .gnu.version_d
                0x0000000000400920        0x0 uspace/app_websrv.p/app_websrv_websrv.c.o

.gnu.version_r  0x0000000000400920        0x0
 *(.gnu.version_r)
 .gnu.version_r
                0x0000000000400920        0x0 uspace/app_websrv.p/app_websrv_websrv.c.o

.rela.dyn       0x0000000000400920       0x30
 *(.rela.init)
 *(.rela.text .rela.text.* .rela.gnu.linkonce.t.*)
 .rela.text.websrv_new_conn
                0x0000000000400920        0x0 uspace/app_websrv.p/app_websrv_websrv.c.o
 .rela.text.startup.main
                0x0000000000400920        0x0 uspace/app_websrv.p/app_websrv_websrv.c.o
 .rela.text.__c_start
                0x0000000000400920        0x0 uspace/app_websrv.p/app_websrv_websrv.c.o
 *(.rela.fini)
 *(.rela.rodata .rela.rodata.* .rela.gnu.linkonce.r.*)
 .rela.rodata.cst8
                0x0000000000400920        0x0 uspace/app_websrv.p/app_websrv_websrv.c.o
 *(.rela.data .rela.data.* .rela.gnu.linkonce.d.*)
 .rela.data.rel.ro
                0x0000000000400920        0x0 uspace/app_websrv.p/app_websrv_websrv.c.o
 *(.rela.tdata .rela.tdata.* .rela.gnu.linkonce.td.*)
 *(.rela.tbss .rela.tbss.* .rela.gnu.linkonce.tb.*)
 *(.rela.ctors)
 *(.rela.dtors)
 *(.rela.got)
 .rela.got      0x0000000000400920        0x0 uspace/app_websrv.p/app_websrv_websrv.c.o
 *(.rela.bss .rela.bss.* .rela.gnu.linkonce.b.*)
 .rela.bss      0x0000000000400920       0x30 uspace/app_websrv.p/app_websrv_websrv.c.o
 *(.rela.ldata .rela.ldata.* .rela.gnu.linkonce.l.*)
 *(.rela.lbss .rela.lbss.* .rela.gnu.linkonce.lb.*)
 *(.rela.lrodata .rela.lrodata.* .rela.gnu.linkonce.lr.*)
 *(.rela.ifunc)

.rela.plt       0x0000000000400950      0x3f0
 *(.rela.plt)
 .rela.plt      0x0000000000400950      0x3f0 uspace/app_websrv.p/app_websrv_websrv.c.o
                [!provide]                        PROVIDE (__rela_iplt_start = .)
 *(.rela.iplt)
 .rela.iplt     0x0000000000400d40        0x0 uspace/app_websrv.p/app_websrv_websrv.c.o
                [!provide]                        PROVIDE (__rela_iplt_end = .)

.relr.dyn
 *(.relr.dyn)

.init
 *(SORT_NONE(.init))

.plt            0x0000000000400d40      0x2b0
 *(.plt)
 .plt           0x0000000000400d40      0x2b0 uspace/app_websrv.p/app_websrv_websrv.c.o
                0x0000000000400d50                task_retval
                0x0000000000400d60                loc_service_connect
                0x0000000000400d70                printf
                0x0000000000400d80                async_wait_for
                0x0000000000400d90                async_data_write_start
                0x0000000000400da0                async_get_call
                0x0000000000400db0                async_send_1
                0x0000000000400dc0                puts
                0x0000000000400dd0                async_req_1_0
                0x0000000000400de0                vfs_put
                0x0000000000400df0                loc_service_get_id
                0x0000000000400e00                async_answer_0
                0x0000000000400e10                fibril_condvar_wait
                0x0000000000400e20                async_exchange_end
                0x0000000000400e30                str_chr
                0x0000000000400e40                calloc
                0x0000000000400e50                fibril_condvar_initialize
                0x0000000000400e60                fprintf
                0x0000000000400e70                fibril_condvar_broadcast
                0x0000000000400e80                fibril_mutex_unlock
                0x0000000000400e90                fibril_create
                0x0000000000400ea0                async_create_callback_port
                0x0000000000400eb0                str_cmp
                0x0000000000400ec0                __helenos_assert_abort
                0x0000000000400ed0                vfs_read
                0x0000000000400ee0                async_data_read_start
                0x0000000000400ef0                arg_parse_int
                0x0000000000400f00                asprintf
                0x0000000000400f10                str_size
                0x0000000000400f20                str_lcmp
                0x0000000000400f30                async_exchange_begin
                0x0000000000400f40                async_send_0
                0x0000000000400f50                str_error
                0x0000000000400f60                fwrite
                0x0000000000400f70                __libc_main
                0x0000000000400f80                exit
                0x0000000000400f90                async_manager
                0x0000000000400fa0                async_forget
                0x0000000000400fb0                fibril_add_ready
                0x0000000000400fc0                vfs_lookup_open
                0x0000000000400fd0                free
                0x0000000000400fe0                fibril_mutex_lock
 *(.iplt)
 .iplt          0x0000000000400ff0        0x0 uspace/app_websrv.p/app_websrv_websrv.c.o

.plt.got        0x0000000000400ff0        0x0
 *(.plt.got)
 .plt.got       0x0000000000400ff0        0x0 uspace/app_websrv.p/app_websrv_websrv.c.o

.plt.sec
 *(.plt.sec)

.text           0x0000000000400ff0     0x129a
 *(.text.unlikely .text.*_unlikely .text.unlikely.*)
 *(.text.exit .text.exit.*)
 *(.text.startup .text.startup.*)
 .text.startup.main
                0x0000000000400ff0      0x223 uspace/app_websrv.p/app_websrv_websrv.c.o
                0x0000000000400ff0                main
 *(.text.hot .text.hot.*)
 *(SORT_BY_NAME(.text.sorted.*))
 *(.text .stub .text.* .gnu.linkonce.t.*)
 *fill*         0x0000000000401213        0xd 
 .text.websrv_new_conn
                0x0000000000401220      0x683 uspace/app_websrv.p/app_websrv_websrv.c.o
 .text          0x00000000004018a3        0xc uspace/lib/c/libstartfiles.a.p/arch_amd64_src_crt0.S.o
                0x00000000004018a3                _start
 *fill*         0x00000000004018af        0x1 
 .text.__c_start
                0x00000000004018b0       0x8c uspace/lib/c/libstartfiles.a.p/generic_crt_crt1.c.o
                0x00000000004018b0                __c_start
 *fill*         0x000000000040193c        0x4 
 .text.inet_ep_init
                0x0000000000401940       0x15 uspace/lib/libinet.a.p/inet_src_endpoint.c.o
                0x0000000000401940                inet_ep_init
 *fill*         0x0000000000401955        0xb 
 .text.tcp_cb_conn
                0x0000000000401960      0x389 uspace/lib/libinet.a.p/inet_src_tcp.c.o
 *fill*         0x0000000000401ce9        0x7 
 .text.tcp_conn_fibril
                0x0000000000401cf0       0x78 uspace/lib/libinet.a.p/inet_src_tcp.c.o
 *fill*         0x0000000000401d68        0x8 
 .text.tcp_create
                0x0000000000401d70      0x156 uspace/lib/libinet.a.p/inet_src_tcp.c.o
                0x0000000000401d70                tcp_create
 *fill*         0x0000000000401ec6        0xa 
 .text.tcp_listener_create
                0x0000000000401ed0      0x172 uspace/lib/libinet.a.p/inet_src_tcp.c.o
                0x0000000000401ed0                tcp_listener_create
 *fill*         0x0000000000402042        0xe 
 .text.tcp_conn_send
                0x0000000000402050       0x98 uspace/lib/libinet.a.p/inet_src_tcp.c.o
                0x0000000000402050                tcp_conn_send
 *fill*         0x00000000004020e8        0x8 
 .text.tcp_conn_send_fin
                0x00000000004020f0       0x3e uspace/lib/libinet.a.p/inet_src_tcp.c.o
                0x00000000004020f0                tcp_conn_send_fin
 *fill*         0x000000000040212e        0x2 
 .text.tcp_conn_reset
                0x0000000000402130       0x3e uspace/lib/libinet.a.p/inet_src_tcp.c.o
                0x0000000000402130                tcp_conn_reset
 *fill*         0x000000000040216e        0x2 
 .text.tcp_conn_recv_wait
                0x0000000000402170      0x11a uspace/lib/libinet.a.p/inet_src_tcp.c.o
                0x0000000000402170                tcp_conn_recv_wait
 *(.gnu.warning)

.fini
 *(SORT_NONE(.fini))
                [!provide]                        PROVIDE (__etext = .)
                [!provide]                        PROVIDE (_etext = .)
                [!provide]                        PROVIDE (etext = .)

.rodata         0x0000000000402290      0x620
 *(.rodata .rodata.* .gnu.linkonce.r.*)
 .rodata.websrv_new_conn.str1.1
                0x0000000000402290      0x181 uspace/app_websrv.p/app_websrv_websrv.c.o
                                        0x101 (size before relaxing)
 *fill*         0x0000000000402411        0x7 
 .rodata.websrv_new_conn.str1.8
                0x0000000000402418      0x45b uspace/app_websrv.p/app_websrv_websrv.c.o
                                        0x357 (size before relaxing)
 .rodata.main.str1.8
                0x0000000000402873       0xfb uspace/app_websrv.p/app_websrv_websrv.c.o
 .rodata.main.str1.1
                0x0000000000402873       0x78 uspace/app_websrv.p/app_websrv_websrv.c.o
 *fill*         0x0000000000402873        0x5 
 .rodata.cst8   0x0000000000402878        0x8 uspace/lib/c/libstartfiles.a.p/generic_crt_crt1.c.o
 .rodata.tcp_cb_conn
                0x0000000000402880       0x30 uspace/lib/libinet.a.p/inet_src_tcp.c.o
 .rodata.tcp_create.str1.1
                0x00000000004028b0        0x8 uspace/lib/libinet.a.p/inet_src_tcp.c.o

.rodata1
 *(.rodata1)

.eh_frame_hdr   0x00000000004028b0       0x74
 *(.eh_frame_hdr)
 .eh_frame_hdr  0x00000000004028b0       0x74 uspace/app_websrv.p/app_websrv_websrv.c.o
                0x00000000004028b0                __GNU_EH_FRAME_HDR
 *(.eh_frame_entry .eh_frame_entry.*)

.eh_frame       0x0000000000402928      0x238
 *(.eh_frame)
 .eh_frame      0x0000000000402928       0x70 uspace/app_websrv.p/app_websrv_websrv.c.o
 .eh_frame      0x0000000000402998       0x28 uspace/app_websrv.p/app_websrv_websrv.c.o
                                         0x40 (size before relaxing)
 .eh_frame      0x00000000004029c0        0x0 uspace/app_websrv.p/app_websrv_websrv.c.o
 .eh_frame      0x00000000004029c0       0x20 uspace/lib/c/libstartfiles.a.p/generic_crt_crt1.c.o
                                         0x38 (size before relaxing)
 .eh_frame      0x00000000004029e0       0x20 uspace/lib/libinet.a.p/inet_src_endpoint.c.o
                                         0x58 (size before relaxing)
 .eh_frame      0x0000000000402a00      0x160 uspace/lib/libinet.a.p/inet_src_tcp.c.o
                                        0x2e8 (size before relaxing)
 *(.eh_frame.*)

.sframe         0x0000000000402b60        0x0
 *(.sframe)
 .sframe        0x0000000000402b60        0x0 uspace/app_websrv.p/app_websrv_websrv.c.o
 *(.sframe.*)

.gcc_except_table
 *(.gcc_except_table .gcc_except_table.*)

.gnu_extab
 *(.gnu_extab*)

.exception_ranges
 *(.exception_ranges*)
                0x0000000000403b60                . = DATA_SEGMENT_ALIGN (CONSTANT (MAXPAGESIZE), CONSTANT (COMMONPAGESIZE))

.eh_frame
 *(.eh_frame)
 *(.eh_frame.*)

.sframe
 *(.sframe)
 *(.sframe.*)

.gnu_extab
 *(.gnu_extab)

.gcc_except_table
 *(.gcc_except_table .gcc_except_table.*)

.exception_ranges
 *(.exception_ranges*)

.tdata          0x0000000000403b60        0x0
                [!provide]                        PROVIDE (__tdata_start = .)
 *(.tdata .tdata.* .gnu.linkonce.td.*)

.tbss
 *(.tbss .tbss.* .gnu.linkonce.tb.*)
 *(.tcommon)

.preinit_array  0x0000000000403b60        0x0
                0x0000000000403b60                PROVIDE (__preinit_array_start = .)
 *(.preinit_array)
                0x0000000000403b60                PROVIDE (__preinit_array_end = .)

.init_array     0x0000000000403b60        0x0
                0x0000000000403b60                PROVIDE (__init_array_start = .)
 *(SORT_BY_INIT_PRIORITY(.init_array.*) SORT_BY_INIT_PRIORITY(.ctors.*))
 *(.init_array EXCLUDE_FILE(*crtend?.o *crtend.o *crtbegin?.o *crtbegin.o) .ctors)
                0x0000000000403b60                PROVIDE (__init_array_end = .)

.fini_array     0x0000000000403b60        0x0
                0x0000000000403b60                PROVIDE (__fini_array_start = .)
 *(SORT_BY_INIT_PRIORITY(.fini_array.*) SORT_BY_INIT_PRIORITY(.dtors.*))
 *(.fini_array EXCLUDE_FILE(*crtend?.o *crtend.o *crtbegin?.o *crtbegin.o) .dtors)
                0x0000000000403b60                PROVIDE (__fini_array_end = .)

.ctors
 *crtbegin.o(.ctors)
 *crtbegin?.o(.ctors)
 *(EXCLUDE_FILE(*crtend?.o *crtend.o) .ctors)
 *(SORT_BY_NAME(.ctors.*))
 *(.ctors)

.dtors
 *crtbegin.o(.dtors)
 *crtbegin?.o(.dtors)
 *(EXCLUDE_FILE(*crtend?.o *crtend.o) .dtors)
 *(SORT_BY_NAME(.dtors.*))
 *(.dtors)

.jcr
 *(.jcr)

.data.rel.ro    0x0000000000403b60        0x0
 *(.data.rel.ro.local* .gnu.linkonce.d.rel.ro.local.*)
 *(.data.rel.ro .data.rel.ro.* .gnu.linkonce.d.rel.ro.*)
 .data.rel.ro   0x0000000000403b60        0x0 uspace/app_websrv.p/app_websrv_websrv.c.o

.dynamic        0x0000000000403b60      0x150
 *(.dynamic)
 .dynamic       0x0000000000403b60      0x150 uspace/app_websrv.p/app_websrv_websrv.c.o
                0x0000000000403b60                _DYNAMIC

.got            0x0000000000403cb0        0x0
 *(.got)
 .got           0x0000000000403cb0        0x0 uspace/app_websrv.p/app_websrv_websrv.c.o
 *(.igot)
                0x0000000000403cb0                . = DATA_SEGMENT_RELRO_END (., (SIZEOF (.got.plt) >= 0x18)?0x18:0x0)

.got.plt        0x0000000000403cb0      0x168
 *(.got.plt)
 .got.plt       0x0000000000403cb0      0x168 uspace/app_websrv.p/app_websrv_websrv.c.o
                0x0000000000403cb0                _GLOBAL_OFFSET_TABLE_
 *(.igot.plt)
 .igot.plt      0x0000000000403e18        0x0 uspace/app_websrv.p/app_websrv_websrv.c.o

.data           0x0000000000403e18       0x10
 *(.data .data.* .gnu.linkonce.d.*)
 .data.port     0x0000000000403e18        0x2 uspace/app_websrv.p/app_websrv_websrv.c.o
 *fill*         0x0000000000403e1a        0x6 
 .data.listen_cb
                0x0000000000403e20        0x8 uspace/app_websrv.p/app_websrv_websrv.c.o

.data1
 *(.data1)
                0x0000000000403e28                _edata = .
                [!provide]                        PROVIDE (edata = .)
                0x0000000000403e28                . = .
                0x0000000000403e28                __bss_start = .

.bss            0x0000000000403e40       0xa8
 *(.dynbss)
 .dynbss        0x0000000000403e40       0x68 uspace/app_websrv.p/app_websrv_websrv.c.o
                0x0000000000403e40                __progsymbols
                0x0000000000403ea0                stderr
 *(.bss .bss.* .gnu.linkonce.b.*)
 .bss.verbose   0x0000000000403ea8        0x1 uspace/app_websrv.p/app_websrv_websrv.c.o
 *fill*         0x0000000000403ea9       0x17 
 .bss.conn_cb   0x0000000000403ec0       0x28 uspace/app_websrv.p/app_websrv_websrv.c.o
 *(COMMON)
                0x0000000000403ee8                . = ALIGN ((. != 0x0)?0x8:0x1)

.lbss
 *(.dynlbss)
 *(.lbss .lbss.* .gnu.linkonce.lb.*)
 *(LARGE_COMMON)
                0x0000000000403ee8                . = ALIGN (0x8)
                0x0000000000403ee8                . = SEGMENT_START ("ldata-segment", .)

.lrodata
 *(.lrodata .lrodata.* .gnu.linkonce.lr.*)

.ldata          0x0000000000405ee8        0x0
 *(.ldata .ldata.* .gnu.linkonce.l.*)
                0x0000000000405ee8                . = ALIGN ((. != 0x0)?0x8:0x1)
                0x0000000000405ee8                . = ALIGN (0x8)
                0x0000000000403ee8                _end = .
                [!provide]                        PROVIDE (end = .)
                0x0000000000405ee8                . = DATA_SEGMENT_END (.)

.stab
 *(.stab)

.stabstr
 *(.stabstr)

.stab.excl
 *(.stab.excl)

.stab.exclstr
 *(.stab.exclstr)

.stab.index
 *(.stab.index)

.stab.indexstr
 *(.stab.indexstr)

.comment        0x0000000000000000       0x12
 *(.comment)
 .comment       0x0000000000000000       0x12 uspace/app_websrv.p/app_websrv_websrv.c.o
                                         0x13 (size before relaxing)
 .comment       0x0000000000000012       0x13 uspace/lib/c/libstartfiles.a.p/generic_crt_crt1.c.o
 .comment       0x0000000000000012       0x13 uspace/lib/libinet.a.p/inet_src_endpoint.c.o
 .comment       0x0000000000000012       0x13 uspace/lib/libinet.a.p/inet_src_tcp.c.o

.gnu.build.attributes
 *(.gnu.build.attributes .gnu.build.attributes.*)

.debug
 *(.debug)

.line
 *(.line)

.debug_srcinfo
 *(.debug_srcinfo)

.debug_sfnames
 *(.debug_sfnames)

.debug_aranges
 *(.debug_aranges)

.debug_pubnames
 *(.debug_pubnames)

.debug_info
 *(.debug_info .gnu.linkonce.wi.*)

.debug_abbrev
 *(.debug_abbrev)

.debug_line
 *(.debug_line .debug_line.* .debug_line_end)

.debug_frame
 *(.debug_frame)

.debug_str
 *(.debug_str)

.debug_loc
 *(.debug_loc)

.debug_macinfo
 *(.debug_macinfo)

.debug_weaknames
 *(.debug_weaknames)

.debug_funcnames
 *(.debug_funcnames)

.debug_typenames
 *(.debug_typenames)

.debug_varnames
 *(.debug_varnames)

.debug_pubtypes
 *(.debug_pubtypes)

.debug_ranges
 *(.debug_ranges)

.debug_addr
 *(.debug_addr)

.debug_line_str
 *(.debug_line_str)

.debug_loclists
 *(.debug_loclists)

.debug_macro
 *(.debug_macro)

.debug_names
 *(.debug_names)

.debug_rnglists
 *(.debug_rnglists)

.debug_str_offsets
 *(.debug_str_offsets)

.debug_sup
 *(.debug_sup)

.gnu.attributes
 *(.gnu.attributes)

/DISCARD/
 *(.note.GNU-stack)
 *(.gnu_debuglink)
 *(.gnu.lto_*)
OUTPUT(uspace/app_websrv elf64-x86-64)
