Archive member included to satisfy reference by file (symbol)

uspace/lib/c/libstartfiles.a.p/arch_amd64_src_crt0.S.o
                              (--whole-archive)
uspace/lib/c/libstartfiles.a.p/generic_crt_crt1.c.o
                              (--whole-archive)
uspace/lib/libdevice.a.p/device_src_io_chardev.c.o
                              uspace/app_lprint.p/app_lprint_lprint.c.o (chardev_open)

As-needed library included to satisfy reference by file (symbol)

libc.so.0                     uspace/app_lprint.p/app_lprint_lprint.c.o (loc_category_get_id)

Discarded input sections

 .text          0x0000000000000000        0x0 uspace/app_lprint.p/app_lprint_lprint.c.o
 .data          0x0000000000000000        0x0 uspace/app_lprint.p/app_lprint_lprint.c.o
 .bss           0x0000000000000000        0x0 uspace/app_lprint.p/app_lprint_lprint.c.o
 .data          0x0000000000000000        0x0 uspace/lib/c/libstartfiles.a.p/arch_amd64_src_crt0.S.o
 .bss           0x0000000000000000        0x0 uspace/lib/c/libstartfiles.a.p/arch_amd64_src_crt0.S.o
 .text          0x0000000000000000        0x0 uspace/lib/c/libstartfiles.a.p/generic_crt_crt1.c.o
 .data          0x0000000000000000        0x0 uspace/lib/c/libstartfiles.a.p/generic_crt_crt1.c.o
 .bss           0x0000000000000000        0x0 uspace/lib/c/libstartfiles.a.p/generic_crt_crt1.c.o
 .text          0x0000000000000000        0x0 uspace/lib/libdevice.a.p/device_src_io_chardev.c.o
 .data          0x0000000000000000        0x0 uspace/lib/libdevice.a.p/device_src_io_chardev.c.o
 .bss           0x0000000000000000        0x0 uspace/lib/libdevice.a.p/device_src_io_chardev.c.o
 .text.chardev_read
                0x0000000000000000       0xc9 uspace/lib/libdevice.a.p/device_src_io_chardev.c.o

Memory Configuration

Name             Origin             Length             Attributes
*default*        0x0000000000000000 0xffffffffffffffff

Linker script and memory map

LOAD uspace/app_lprint.p/app_lprint_lprint.c.o
START GROUP
LOAD uspace/lib/c/libstartfiles.a
LOAD uspace/lib/libdevice.a
LOAD uspace/lib/libc.so.0.0
LOAD /home/zyc/.local/share/HelenOS/cross/lib/gcc/amd64-helenos/13.2.0/libgcc.a
END GROUP
                0x0000000000400000                PROVIDE (__executable_start = SEGMENT_START ("text-segment", 0x400000))
                0x0000000000400120                . = (SEGMENT_START ("text-segment", 0x400000) + SIZEOF_HEADERS)

.interp
 *(.interp)

.note.gnu.build-id
 *(.note.gnu.build-id)

.hash           0x0000000000400120       0xb0
 *(.hash)
 .hash          0x0000000000400120       0xb0 uspace/app_lprint.p/app_lprint_lprint.c.o

.gnu.hash
 *(.gnu.hash)

.dynsym         0x00000000004001d0      0x258
 *(.dynsym)
 .dynsym        0x00000000004001d0      0x258 uspace/app_lprint.p/app_lprint_lprint.c.o

.dynstr         0x0000000000400428      0x141
 *(.dynstr)
 .dynstr        0x0000000000400428      0x141 uspace/app_lprint.p/app_lprint_lprint.c.o

.gnu.version    0x000000000040056a        0x0
 *(.gnu.version)
 .gnu.version   0x000000000040056a        0x0 uspace/app_lprint.p/app_lprint_lprint.c.o

.gnu.version_d  0x0000000000400570        0x0
 *(.gnu.version_d)
 .gnu.version_d
                0x0000000000400570        0x0 uspace/app_lprint.p/app_lprint_lprint.c.o

.gnu.version_r  0x0000000000400570        0x0
 *(.gnu.version_r)
 .gnu.version_r
                0x0000000000400570        0x0 uspace/app_lprint.p/app_lprint_lprint.c.o

.rela.dyn       0x0000000000400570       0x18
 *(.rela.init)
 *(.rela.text .rela.text.* .rela.gnu.linkonce.t.*)
 .rela.text.__c_start
                0x0000000000400570        0x0 uspace/app_lprint.p/app_lprint_lprint.c.o
 *(.rela.fini)
 *(.rela.rodata .rela.rodata.* .rela.gnu.linkonce.r.*)
 .rela.rodata.cst8
                0x0000000000400570        0x0 uspace/app_lprint.p/app_lprint_lprint.c.o
 *(.rela.data .rela.data.* .rela.gnu.linkonce.d.*)
 .rela.data.rel.ro
                0x0000000000400570        0x0 uspace/app_lprint.p/app_lprint_lprint.c.o
 *(.rela.tdata .rela.tdata.* .rela.gnu.linkonce.td.*)
 *(.rela.tbss .rela.tbss.* .rela.gnu.linkonce.tb.*)
 *(.rela.ctors)
 *(.rela.dtors)
 *(.rela.got)
 .rela.got      0x0000000000400570        0x0 uspace/app_lprint.p/app_lprint_lprint.c.o
 *(.rela.bss .rela.bss.* .rela.gnu.linkonce.b.*)
 .rela.bss      0x0000000000400570       0x18 uspace/app_lprint.p/app_lprint_lprint.c.o
 *(.rela.ldata .rela.ldata.* .rela.gnu.linkonce.l.*)
 *(.rela.lbss .rela.lbss.* .rela.gnu.linkonce.lb.*)
 *(.rela.lrodata .rela.lrodata.* .rela.gnu.linkonce.lr.*)
 *(.rela.ifunc)

.rela.plt       0x0000000000400588      0x228
 *(.rela.plt)
 .rela.plt      0x0000000000400588      0x228 uspace/app_lprint.p/app_lprint_lprint.c.o
                [!provide]                        PROVIDE (__rela_iplt_start = .)
 *(.rela.iplt)
 .rela.iplt     0x00000000004007b0        0x0 uspace/app_lprint.p/app_lprint_lprint.c.o
                [!provide]                        PROVIDE (__rela_iplt_end = .)

.relr.dyn
 *(.relr.dyn)

.init
 *(SORT_NONE(.init))

.plt            0x00000000004007b0      0x180
 *(.plt)
 .plt           0x00000000004007b0      0x180 uspace/app_lprint.p/app_lprint_lprint.c.o
                0x00000000004007c0                loc_category_get_id
                0x00000000004007d0                loc_service_connect
                0x00000000004007e0                printf
                0x00000000004007f0                async_hangup
                0x0000000000400800                async_wait_for
                0x0000000000400810                async_data_write_start
                0x0000000000400820                puts
                0x0000000000400830                malloc
                0x0000000000400840                loc_service_get_id
                0x0000000000400850                async_exchange_end
                0x0000000000400860                calloc
                0x0000000000400870                ferror
                0x0000000000400880                str_cmp
                0x0000000000400890                fread
                0x00000000004008a0                fopen
                0x00000000004008b0                fclose
                0x00000000004008c0                loc_category_get_svcs
                0x00000000004008d0                str_size
                0x00000000004008e0                async_exchange_begin
                0x00000000004008f0                async_send_0
                0x0000000000400900                __libc_main
                0x0000000000400910                async_forget
                0x0000000000400920                free
 *(.iplt)
 .iplt          0x0000000000400930        0x0 uspace/app_lprint.p/app_lprint_lprint.c.o

.plt.got        0x0000000000400930        0x0
 *(.plt.got)
 .plt.got       0x0000000000400930        0x0 uspace/app_lprint.p/app_lprint_lprint.c.o

.plt.sec
 *(.plt.sec)

.text           0x0000000000400930      0x5c5
 *(.text.unlikely .text.*_unlikely .text.unlikely.*)
 *(.text.exit .text.exit.*)
 *(.text.startup .text.startup.*)
 .text.startup.main
                0x0000000000400930      0x3b6 uspace/app_lprint.p/app_lprint_lprint.c.o
                0x0000000000400930                main
 *(.text.hot .text.hot.*)
 *(SORT_BY_NAME(.text.sorted.*))
 *(.text .stub .text.* .gnu.linkonce.t.*)
 .text          0x0000000000400ce6        0xc uspace/lib/c/libstartfiles.a.p/arch_amd64_src_crt0.S.o
                0x0000000000400ce6                _start
 *fill*         0x0000000000400cf2        0xe 
 .text.__c_start
                0x0000000000400d00       0x8c uspace/lib/c/libstartfiles.a.p/generic_crt_crt1.c.o
                0x0000000000400d00                __c_start
 *fill*         0x0000000000400d8c        0x4 
 .text.chardev_open
                0x0000000000400d90       0x35 uspace/lib/libdevice.a.p/device_src_io_chardev.c.o
                0x0000000000400d90                chardev_open
 *fill*         0x0000000000400dc5        0xb 
 .text.chardev_close
                0x0000000000400dd0        0xa uspace/lib/libdevice.a.p/device_src_io_chardev.c.o
                0x0000000000400dd0                chardev_close
 *fill*         0x0000000000400dda        0x6 
 .text.chardev_write
                0x0000000000400de0      0x115 uspace/lib/libdevice.a.p/device_src_io_chardev.c.o
                0x0000000000400de0                chardev_write
 *(.gnu.warning)

.fini
 *(SORT_NONE(.fini))
                [!provide]                        PROVIDE (__etext = .)
                [!provide]                        PROVIDE (_etext = .)
                [!provide]                        PROVIDE (etext = .)

.rodata         0x0000000000400ef8      0x268
 *(.rodata .rodata.* .gnu.linkonce.r.*)
 .rodata.main.str1.1
                0x0000000000400ef8       0xa4 uspace/app_lprint.p/app_lprint_lprint.c.o
                                         0xa6 (size before relaxing)
 *fill*         0x0000000000400f9c        0x4 
 .rodata.main.str1.8
                0x0000000000400fa0      0x1b4 uspace/app_lprint.p/app_lprint_lprint.c.o
 *fill*         0x0000000000401154        0x4 
 .rodata.cst8   0x0000000000401158        0x8 uspace/lib/c/libstartfiles.a.p/generic_crt_crt1.c.o

.rodata1
 *(.rodata1)

.eh_frame_hdr   0x0000000000401160       0x3c
 *(.eh_frame_hdr)
 .eh_frame_hdr  0x0000000000401160       0x3c uspace/app_lprint.p/app_lprint_lprint.c.o
                0x0000000000401160                __GNU_EH_FRAME_HDR
 *(.eh_frame_entry .eh_frame_entry.*)

.eh_frame       0x00000000004011a0      0x108
 *(.eh_frame)
 .eh_frame      0x00000000004011a0       0x48 uspace/app_lprint.p/app_lprint_lprint.c.o
 .eh_frame      0x00000000004011e8       0x28 uspace/app_lprint.p/app_lprint_lprint.c.o
                                         0x40 (size before relaxing)
 .eh_frame      0x0000000000401210        0x0 uspace/app_lprint.p/app_lprint_lprint.c.o
 .eh_frame      0x0000000000401210       0x20 uspace/lib/c/libstartfiles.a.p/generic_crt_crt1.c.o
                                         0x38 (size before relaxing)
 .eh_frame      0x0000000000401230       0x78 uspace/lib/libdevice.a.p/device_src_io_chardev.c.o
                                         0xc0 (size before relaxing)
 *(.eh_frame.*)

.sframe         0x00000000004012a8        0x0
 *(.sframe)
 .sframe        0x00000000004012a8        0x0 uspace/app_lprint.p/app_lprint_lprint.c.o
 *(.sframe.*)

.gcc_except_table
 *(.gcc_except_table .gcc_except_table.*)

.gnu_extab
 *(.gnu_extab*)

.exception_ranges
 *(.exception_ranges*)
                0x00000000004022a8                . = DATA_SEGMENT_ALIGN (CONSTANT (MAXPAGESIZE), CONSTANT (COMMONPAGESIZE))

.eh_frame
 *(.eh_frame)
 *(.eh_frame.*)

.sframe
 *(.sframe)
 *(.sframe.*)

.gnu_extab
 *(.gnu_extab)

.gcc_except_table
 *(.gcc_except_table .gcc_except_table.*)

.exception_ranges
 *(.exception_ranges*)

.tdata          0x00000000004022a8        0x0
                [!provide]                        PROVIDE (__tdata_start = .)
 *(.tdata .tdata.* .gnu.linkonce.td.*)

.tbss
 *(.tbss .tbss.* .gnu.linkonce.tb.*)
 *(.tcommon)

.preinit_array  0x00000000004022a8        0x0
                0x00000000004022a8                PROVIDE (__preinit_array_start = .)
 *(.preinit_array)
                0x00000000004022a8                PROVIDE (__preinit_array_end = .)

.init_array     0x00000000004022a8        0x0
                0x00000000004022a8                PROVIDE (__init_array_start = .)
 *(SORT_BY_INIT_PRIORITY(.init_array.*) SORT_BY_INIT_PRIORITY(.ctors.*))
 *(.init_array EXCLUDE_FILE(*crtend?.o *crtend.o *crtbegin?.o *crtbegin.o) .ctors)
                0x00000000004022a8                PROVIDE (__init_array_end = .)

.fini_array     0x00000000004022a8        0x0
                0x00000000004022a8                PROVIDE (__fini_array_start = .)
 *(SORT_BY_INIT_PRIORITY(.fini_array.*) SORT_BY_INIT_PRIORITY(.dtors.*))
 *(.fini_array EXCLUDE_FILE(*crtend?.o *crtend.o *crtbegin?.o *crtbegin.o) .dtors)
                0x00000000004022a8                PROVIDE (__fini_array_end = .)

.ctors
 *crtbegin.o(.ctors)
 *crtbegin?.o(.ctors)
 *(EXCLUDE_FILE(*crtend?.o *crtend.o) .ctors)
 *(SORT_BY_NAME(.ctors.*))
 *(.ctors)

.dtors
 *crtbegin.o(.dtors)
 *crtbegin?.o(.dtors)
 *(EXCLUDE_FILE(*crtend?.o *crtend.o) .dtors)
 *(SORT_BY_NAME(.dtors.*))
 *(.dtors)

.jcr
 *(.jcr)

.data.rel.ro    0x00000000004022a8        0x0
 *(.data.rel.ro.local* .gnu.linkonce.d.rel.ro.local.*)
 *(.data.rel.ro .data.rel.ro.* .gnu.linkonce.d.rel.ro.*)
 .data.rel.ro   0x00000000004022a8        0x0 uspace/app_lprint.p/app_lprint_lprint.c.o

.dynamic        0x00000000004022a8      0x150
 *(.dynamic)
 .dynamic       0x00000000004022a8      0x150 uspace/app_lprint.p/app_lprint_lprint.c.o
                0x00000000004022a8                _DYNAMIC

.got            0x00000000004023f8        0x0
 *(.got)
 .got           0x00000000004023f8        0x0 uspace/app_lprint.p/app_lprint_lprint.c.o
 *(.igot)
                0x00000000004023f8                . = DATA_SEGMENT_RELRO_END (., (SIZEOF (.got.plt) >= 0x18)?0x18:0x0)

.got.plt        0x00000000004023f8       0xd0
 *(.got.plt)
 .got.plt       0x00000000004023f8       0xd0 uspace/app_lprint.p/app_lprint_lprint.c.o
                0x00000000004023f8                _GLOBAL_OFFSET_TABLE_
 *(.igot.plt)
 .igot.plt      0x00000000004024c8        0x0 uspace/app_lprint.p/app_lprint_lprint.c.o

.data
 *(.data .data.* .gnu.linkonce.d.*)

.data1
 *(.data1)
                0x00000000004024c8                _edata = .
                [!provide]                        PROVIDE (edata = .)
                0x00000000004024c8                . = .
                0x00000000004024c8                __bss_start = .

.bss            0x00000000004024e0       0x48
 *(.dynbss)
 *fill*         0x00000000004024e0        0x0 
 .dynbss        0x00000000004024e0       0x48 uspace/app_lprint.p/app_lprint_lprint.c.o
                0x00000000004024e0                __progsymbols
 *(.bss .bss.* .gnu.linkonce.b.*)
 *(COMMON)
                0x0000000000402528                . = ALIGN ((. != 0x0)?0x8:0x1)

.lbss
 *(.dynlbss)
 *(.lbss .lbss.* .gnu.linkonce.lb.*)
 *(LARGE_COMMON)
                0x0000000000402528                . = ALIGN (0x8)
                0x0000000000402528                . = SEGMENT_START ("ldata-segment", .)

.lrodata
 *(.lrodata .lrodata.* .gnu.linkonce.lr.*)

.ldata          0x0000000000404528        0x0
 *(.ldata .ldata.* .gnu.linkonce.l.*)
                0x0000000000404528                . = ALIGN ((. != 0x0)?0x8:0x1)
                0x0000000000404528                . = ALIGN (0x8)
                0x0000000000402528                _end = .
                [!provide]                        PROVIDE (end = .)
                0x0000000000404528                . = DATA_SEGMENT_END (.)

.stab
 *(.stab)

.stabstr
 *(.stabstr)

.stab.excl
 *(.stab.excl)

.stab.exclstr
 *(.stab.exclstr)

.stab.index
 *(.stab.index)

.stab.indexstr
 *(.stab.indexstr)

.comment        0x0000000000000000       0x12
 *(.comment)
 .comment       0x0000000000000000       0x12 uspace/app_lprint.p/app_lprint_lprint.c.o
                                         0x13 (size before relaxing)
 .comment       0x0000000000000012       0x13 uspace/lib/c/libstartfiles.a.p/generic_crt_crt1.c.o
 .comment       0x0000000000000012       0x13 uspace/lib/libdevice.a.p/device_src_io_chardev.c.o

.gnu.build.attributes
 *(.gnu.build.attributes .gnu.build.attributes.*)

.debug
 *(.debug)

.line
 *(.line)

.debug_srcinfo
 *(.debug_srcinfo)

.debug_sfnames
 *(.debug_sfnames)

.debug_aranges
 *(.debug_aranges)

.debug_pubnames
 *(.debug_pubnames)

.debug_info
 *(.debug_info .gnu.linkonce.wi.*)

.debug_abbrev
 *(.debug_abbrev)

.debug_line
 *(.debug_line .debug_line.* .debug_line_end)

.debug_frame
 *(.debug_frame)

.debug_str
 *(.debug_str)

.debug_loc
 *(.debug_loc)

.debug_macinfo
 *(.debug_macinfo)

.debug_weaknames
 *(.debug_weaknames)

.debug_funcnames
 *(.debug_funcnames)

.debug_typenames
 *(.debug_typenames)

.debug_varnames
 *(.debug_varnames)

.debug_pubtypes
 *(.debug_pubtypes)

.debug_ranges
 *(.debug_ranges)

.debug_addr
 *(.debug_addr)

.debug_line_str
 *(.debug_line_str)

.debug_loclists
 *(.debug_loclists)

.debug_macro
 *(.debug_macro)

.debug_names
 *(.debug_names)

.debug_rnglists
 *(.debug_rnglists)

.debug_str_offsets
 *(.debug_str_offsets)

.debug_sup
 *(.debug_sup)

.gnu.attributes
 *(.gnu.attributes)

/DISCARD/
 *(.note.GNU-stack)
 *(.gnu_debuglink)
 *(.gnu.lto_*)
OUTPUT(uspace/app_lprint elf64-x86-64)
