Archive member included to satisfy reference by file (symbol)

uspace/lib/c/libstartfiles.a.p/arch_amd64_src_crt0.S.o
                              (--whole-archive)
uspace/lib/c/libstartfiles.a.p/generic_crt_crt1.c.o
                              (--whole-archive)
uspace/lib/libdevice.a.p/device_src_vol.c.o
                              uspace/app_vol.p/app_vol_vol.c.o (vol_create)

As-needed library included to satisfy reference by file (symbol)

libc.so.0                     uspace/lib/libdevice.a.p/device_src_vol.c.o (loc_service_connect)

Discarded input sections

 .text          0x0000000000000000        0x0 uspace/app_vol.p/app_vol_vol.c.o
 .data          0x0000000000000000        0x0 uspace/app_vol.p/app_vol_vol.c.o
 .bss           0x0000000000000000        0x0 uspace/app_vol.p/app_vol_vol.c.o
 .data          0x0000000000000000        0x0 uspace/lib/c/libstartfiles.a.p/arch_amd64_src_crt0.S.o
 .bss           0x0000000000000000        0x0 uspace/lib/c/libstartfiles.a.p/arch_amd64_src_crt0.S.o
 .text          0x0000000000000000        0x0 uspace/lib/c/libstartfiles.a.p/generic_crt_crt1.c.o
 .data          0x0000000000000000        0x0 uspace/lib/c/libstartfiles.a.p/generic_crt_crt1.c.o
 .bss           0x0000000000000000        0x0 uspace/lib/c/libstartfiles.a.p/generic_crt_crt1.c.o
 .text          0x0000000000000000        0x0 uspace/lib/libdevice.a.p/device_src_vol.c.o
 .data          0x0000000000000000        0x0 uspace/lib/libdevice.a.p/device_src_vol.c.o
 .bss           0x0000000000000000        0x0 uspace/lib/libdevice.a.p/device_src_vol.c.o
 .text.vol_part_add
                0x0000000000000000       0x38 uspace/lib/libdevice.a.p/device_src_vol.c.o
 .text.vol_part_empty
                0x0000000000000000       0x38 uspace/lib/libdevice.a.p/device_src_vol.c.o
 .text.vol_part_get_lsupp
                0x0000000000000000       0x9a uspace/lib/libdevice.a.p/device_src_vol.c.o
 .text.vol_part_mkfs
                0x0000000000000000      0x105 uspace/lib/libdevice.a.p/device_src_vol.c.o
 .text.vol_part_set_mountp
                0x0000000000000000       0x9e uspace/lib/libdevice.a.p/device_src_vol.c.o
 .text.vol_fstype_format
                0x0000000000000000       0x43 uspace/lib/libdevice.a.p/device_src_vol.c.o
 .rodata.vol_mountp_validate.str1.1
                0x0000000000000000       0x14 uspace/lib/libdevice.a.p/device_src_vol.c.o
 .text.vol_mountp_validate
                0x0000000000000000       0x88 uspace/lib/libdevice.a.p/device_src_vol.c.o

Memory Configuration

Name             Origin             Length             Attributes
*default*        0x0000000000000000 0xffffffffffffffff

Linker script and memory map

LOAD uspace/app_vol.p/app_vol_vol.c.o
START GROUP
LOAD uspace/lib/c/libstartfiles.a
LOAD uspace/lib/libdevice.a
LOAD uspace/lib/libc.so.0.0
LOAD /home/zyc/.local/share/HelenOS/cross/lib/gcc/amd64-helenos/13.2.0/libgcc.a
END GROUP
                0x0000000000400000                PROVIDE (__executable_start = SEGMENT_START ("text-segment", 0x400000))
                0x0000000000400120                . = (SEGMENT_START ("text-segment", 0x400000) + SIZEOF_HEADERS)

.interp
 *(.interp)

.note.gnu.build-id
 *(.note.gnu.build-id)

.hash           0x0000000000400120       0xd0
 *(.hash)
 .hash          0x0000000000400120       0xd0 uspace/app_vol.p/app_vol_vol.c.o

.gnu.hash
 *(.gnu.hash)

.dynsym         0x00000000004001f0      0x318
 *(.dynsym)
 .dynsym        0x00000000004001f0      0x318 uspace/app_vol.p/app_vol_vol.c.o

.dynstr         0x0000000000400508      0x1c2
 *(.dynstr)
 .dynstr        0x0000000000400508      0x1c2 uspace/app_vol.p/app_vol_vol.c.o

.gnu.version    0x00000000004006ca        0x0
 *(.gnu.version)
 .gnu.version   0x00000000004006ca        0x0 uspace/app_vol.p/app_vol_vol.c.o

.gnu.version_d  0x00000000004006d0        0x0
 *(.gnu.version_d)
 .gnu.version_d
                0x00000000004006d0        0x0 uspace/app_vol.p/app_vol_vol.c.o

.gnu.version_r  0x00000000004006d0        0x0
 *(.gnu.version_r)
 .gnu.version_r
                0x00000000004006d0        0x0 uspace/app_vol.p/app_vol_vol.c.o

.rela.dyn       0x00000000004006d0       0x30
 *(.rela.init)
 *(.rela.text .rela.text.* .rela.gnu.linkonce.t.*)
 .rela.text.vol_cmd_list
                0x00000000004006d0        0x0 uspace/app_vol.p/app_vol_vol.c.o
 .rela.text.vol_cmd_cfglist
                0x00000000004006d0        0x0 uspace/app_vol.p/app_vol_vol.c.o
 .rela.text.__c_start
                0x00000000004006d0        0x0 uspace/app_vol.p/app_vol_vol.c.o
 *(.rela.fini)
 *(.rela.rodata .rela.rodata.* .rela.gnu.linkonce.r.*)
 .rela.rodata.cst8
                0x00000000004006d0        0x0 uspace/app_vol.p/app_vol_vol.c.o
 *(.rela.data .rela.data.* .rela.gnu.linkonce.d.*)
 .rela.data.rel.ro
                0x00000000004006d0        0x0 uspace/app_vol.p/app_vol_vol.c.o
 *(.rela.tdata .rela.tdata.* .rela.gnu.linkonce.td.*)
 *(.rela.tbss .rela.tbss.* .rela.gnu.linkonce.tb.*)
 *(.rela.ctors)
 *(.rela.dtors)
 *(.rela.got)
 .rela.got      0x00000000004006d0        0x0 uspace/app_vol.p/app_vol_vol.c.o
 *(.rela.bss .rela.bss.* .rela.gnu.linkonce.b.*)
 .rela.bss      0x00000000004006d0       0x30 uspace/app_vol.p/app_vol_vol.c.o
 *(.rela.ldata .rela.ldata.* .rela.gnu.linkonce.l.*)
 *(.rela.lbss .rela.lbss.* .rela.gnu.linkonce.lb.*)
 *(.rela.lrodata .rela.lrodata.* .rela.gnu.linkonce.lr.*)
 *(.rela.ifunc)

.rela.plt       0x0000000000400700      0x2d0
 *(.rela.plt)
 .rela.plt      0x0000000000400700      0x2d0 uspace/app_vol.p/app_vol_vol.c.o
                [!provide]                        PROVIDE (__rela_iplt_start = .)
 *(.rela.iplt)
 .rela.iplt     0x00000000004009d0        0x0 uspace/app_vol.p/app_vol_vol.c.o
                [!provide]                        PROVIDE (__rela_iplt_end = .)

.relr.dyn
 *(.relr.dyn)

.init
 *(SORT_NONE(.init))

.plt            0x00000000004009d0      0x1f0
 *(.plt)
 .plt           0x00000000004009d0      0x1f0 uspace/app_vol.p/app_vol_vol.c.o
                0x00000000004009e0                loc_service_connect
                0x00000000004009f0                printf
                0x0000000000400a00                async_hangup
                0x0000000000400a10                async_wait_for
                0x0000000000400a20                async_data_write_start
                0x0000000000400a30                table_destroy
                0x0000000000400a40                table_header_row
                0x0000000000400a50                table_create
                0x0000000000400a60                async_send_1
                0x0000000000400a70                puts
                0x0000000000400a80                malloc
                0x0000000000400a90                async_req_1_0
                0x0000000000400aa0                loc_service_get_id
                0x0000000000400ab0                async_exchange_end
                0x0000000000400ac0                loc_service_get_name
                0x0000000000400ad0                calloc
                0x0000000000400ae0                str_dup
                0x0000000000400af0                realloc
                0x0000000000400b00                str_cmp
                0x0000000000400b10                __helenos_assert_abort
                0x0000000000400b20                async_data_read_start
                0x0000000000400b30                table_print_out
                0x0000000000400b40                str_size
                0x0000000000400b50                async_exchange_begin
                0x0000000000400b60                async_send_0
                0x0000000000400b70                vfs_absolutize
                0x0000000000400b80                __libc_main
                0x0000000000400b90                async_forget
                0x0000000000400ba0                table_printf
                0x0000000000400bb0                free
 *(.iplt)
 .iplt          0x0000000000400bc0        0x0 uspace/app_vol.p/app_vol_vol.c.o

.plt.got        0x0000000000400bc0        0x0
 *(.plt.got)
 .plt.got       0x0000000000400bc0        0x0 uspace/app_vol.p/app_vol_vol.c.o

.plt.sec
 *(.plt.sec)

.text           0x0000000000400bc0      0xed8
 *(.text.unlikely .text.*_unlikely .text.unlikely.*)
 *(.text.exit .text.exit.*)
 *(.text.startup .text.startup.*)
 .text.startup.main
                0x0000000000400bc0      0x2fc uspace/app_vol.p/app_vol_vol.c.o
                0x0000000000400bc0                main
 *(.text.hot .text.hot.*)
 *(SORT_BY_NAME(.text.sorted.*))
 *(.text .stub .text.* .gnu.linkonce.t.*)
 *fill*         0x0000000000400ebc        0x4 
 .text.vol_cmd_part_by_mp
                0x0000000000400ec0      0x189 uspace/app_vol.p/app_vol_vol.c.o
 *fill*         0x0000000000401049        0x7 
 .text.vol_cmd_list
                0x0000000000401050      0x25d uspace/app_vol.p/app_vol_vol.c.o
 *fill*         0x00000000004012ad        0x3 
 .text.vol_cmd_cfglist
                0x00000000004012b0      0x18e uspace/app_vol.p/app_vol_vol.c.o
 .text          0x000000000040143e        0xc uspace/lib/c/libstartfiles.a.p/arch_amd64_src_crt0.S.o
                0x000000000040143e                _start
 *fill*         0x000000000040144a        0x6 
 .text.__c_start
                0x0000000000401450       0x8c uspace/lib/c/libstartfiles.a.p/generic_crt_crt1.c.o
                0x0000000000401450                __c_start
 *fill*         0x00000000004014dc        0x4 
 .text.vol_get_ids_internal.constprop.0
                0x00000000004014e0      0x1b4 uspace/lib/libdevice.a.p/device_src_vol.c.o
 *fill*         0x0000000000401694        0xc 
 .text.vol_create
                0x00000000004016a0       0x9e uspace/lib/libdevice.a.p/device_src_vol.c.o
                0x00000000004016a0                vol_create
 *fill*         0x000000000040173e        0x2 
 .text.vol_destroy
                0x0000000000401740       0x31 uspace/lib/libdevice.a.p/device_src_vol.c.o
                0x0000000000401740                vol_destroy
 *fill*         0x0000000000401771        0xf 
 .text.vol_get_parts
                0x0000000000401780       0x15 uspace/lib/libdevice.a.p/device_src_vol.c.o
                0x0000000000401780                vol_get_parts
 *fill*         0x0000000000401795        0xb 
 .text.vol_part_info
                0x00000000004017a0       0x98 uspace/lib/libdevice.a.p/device_src_vol.c.o
                0x00000000004017a0                vol_part_info
 *fill*         0x0000000000401838        0x8 
 .text.vol_part_eject
                0x0000000000401840       0x38 uspace/lib/libdevice.a.p/device_src_vol.c.o
                0x0000000000401840                vol_part_eject
 *fill*         0x0000000000401878        0x8 
 .text.vol_part_insert
                0x0000000000401880       0x38 uspace/lib/libdevice.a.p/device_src_vol.c.o
                0x0000000000401880                vol_part_insert
 *fill*         0x00000000004018b8        0x8 
 .text.vol_part_insert_by_path
                0x00000000004018c0       0x9e uspace/lib/libdevice.a.p/device_src_vol.c.o
                0x00000000004018c0                vol_part_insert_by_path
 *fill*         0x000000000040195e        0x2 
 .text.vol_pcnt_fs_format
                0x0000000000401960       0x7f uspace/lib/libdevice.a.p/device_src_vol.c.o
                0x0000000000401960                vol_pcnt_fs_format
 *fill*         0x00000000004019df        0x1 
 .text.vol_get_volumes
                0x00000000004019e0       0x15 uspace/lib/libdevice.a.p/device_src_vol.c.o
                0x00000000004019e0                vol_get_volumes
 *fill*         0x00000000004019f5        0xb 
 .text.vol_info
                0x0000000000401a00       0x98 uspace/lib/libdevice.a.p/device_src_vol.c.o
                0x0000000000401a00                vol_info
 *(.gnu.warning)

.fini
 *(SORT_NONE(.fini))
                [!provide]                        PROVIDE (__etext = .)
                [!provide]                        PROVIDE (_etext = .)
                [!provide]                        PROVIDE (etext = .)

.rodata         0x0000000000401aa0      0x408
 *(.rodata .rodata.* .gnu.linkonce.r.*)
 .rodata.vol_cmd_part_by_mp.str1.1
                0x0000000000401aa0      0x16d uspace/app_vol.p/app_vol_vol.c.o
                                         0x2a (size before relaxing)
 *fill*         0x0000000000401c0d        0x3 
 .rodata.vol_cmd_part_by_mp.str1.8
                0x0000000000401c10      0x25a uspace/app_vol.p/app_vol_vol.c.o
                                         0x42 (size before relaxing)
 .rodata.vol_cmd_list.str1.8
                0x0000000000401e6a       0x56 uspace/app_vol.p/app_vol_vol.c.o
 .rodata.vol_cmd_list.str1.1
                0x0000000000401e6a       0x47 uspace/app_vol.p/app_vol_vol.c.o
 .rodata.vol_cmd_cfglist.str1.1
                0x0000000000401e6a       0x19 uspace/app_vol.p/app_vol_vol.c.o
 .rodata.main.str1.1
                0x0000000000401e6a       0xb2 uspace/app_vol.p/app_vol_vol.c.o
 .rodata.main.str1.8
                0x0000000000401e6a      0x184 uspace/app_vol.p/app_vol_vol.c.o
 *fill*         0x0000000000401e6a        0x6 
 .rodata.cst8   0x0000000000401e70        0x8 uspace/lib/c/libstartfiles.a.p/generic_crt_crt1.c.o
 .rodata.vol_create.str1.1
                0x0000000000401e78        0x7 uspace/lib/libdevice.a.p/device_src_vol.c.o
 .rodata.vol_pcnt_fs_format.str1.1
                0x0000000000401e78       0x18 uspace/lib/libdevice.a.p/device_src_vol.c.o
 .rodata.vol_pcnt_fs_format.str1.8
                0x0000000000401e78       0x2a uspace/lib/libdevice.a.p/device_src_vol.c.o
 .rodata.str1.1
                0x0000000000401e78       0x1e uspace/lib/libdevice.a.p/device_src_vol.c.o
 *fill*         0x0000000000401e78        0x8 
 .rodata.CSWTCH.34
                0x0000000000401e80       0x28 uspace/lib/libdevice.a.p/device_src_vol.c.o

.rodata1
 *(.rodata1)

.eh_frame_hdr   0x0000000000401ea8       0x94
 *(.eh_frame_hdr)
 .eh_frame_hdr  0x0000000000401ea8       0x94 uspace/app_vol.p/app_vol_vol.c.o
                0x0000000000401ea8                __GNU_EH_FRAME_HDR
 *(.eh_frame_entry .eh_frame_entry.*)

.eh_frame       0x0000000000401f40      0x2d8
 *(.eh_frame)
 .eh_frame      0x0000000000401f40       0xc8 uspace/app_vol.p/app_vol_vol.c.o
 .eh_frame      0x0000000000402008       0x28 uspace/app_vol.p/app_vol_vol.c.o
                                         0x40 (size before relaxing)
 .eh_frame      0x0000000000402030        0x0 uspace/app_vol.p/app_vol_vol.c.o
 .eh_frame      0x0000000000402030       0x20 uspace/lib/c/libstartfiles.a.p/generic_crt_crt1.c.o
                                         0x38 (size before relaxing)
 .eh_frame      0x0000000000402050      0x1c8 uspace/lib/libdevice.a.p/device_src_vol.c.o
                                        0x310 (size before relaxing)
 *(.eh_frame.*)

.sframe         0x0000000000402218        0x0
 *(.sframe)
 .sframe        0x0000000000402218        0x0 uspace/app_vol.p/app_vol_vol.c.o
 *(.sframe.*)

.gcc_except_table
 *(.gcc_except_table .gcc_except_table.*)

.gnu_extab
 *(.gnu_extab*)

.exception_ranges
 *(.exception_ranges*)
                0x0000000000403218                . = DATA_SEGMENT_ALIGN (CONSTANT (MAXPAGESIZE), CONSTANT (COMMONPAGESIZE))

.eh_frame
 *(.eh_frame)
 *(.eh_frame.*)

.sframe
 *(.sframe)
 *(.sframe.*)

.gnu_extab
 *(.gnu_extab)

.gcc_except_table
 *(.gcc_except_table .gcc_except_table.*)

.exception_ranges
 *(.exception_ranges*)

.tdata          0x0000000000403218        0x0
                [!provide]                        PROVIDE (__tdata_start = .)
 *(.tdata .tdata.* .gnu.linkonce.td.*)

.tbss
 *(.tbss .tbss.* .gnu.linkonce.tb.*)
 *(.tcommon)

.preinit_array  0x0000000000403218        0x0
                0x0000000000403218                PROVIDE (__preinit_array_start = .)
 *(.preinit_array)
                0x0000000000403218                PROVIDE (__preinit_array_end = .)

.init_array     0x0000000000403218        0x0
                0x0000000000403218                PROVIDE (__init_array_start = .)
 *(SORT_BY_INIT_PRIORITY(.init_array.*) SORT_BY_INIT_PRIORITY(.ctors.*))
 *(.init_array EXCLUDE_FILE(*crtend?.o *crtend.o *crtbegin?.o *crtbegin.o) .ctors)
                0x0000000000403218                PROVIDE (__init_array_end = .)

.fini_array     0x0000000000403218        0x0
                0x0000000000403218                PROVIDE (__fini_array_start = .)
 *(SORT_BY_INIT_PRIORITY(.fini_array.*) SORT_BY_INIT_PRIORITY(.dtors.*))
 *(.fini_array EXCLUDE_FILE(*crtend?.o *crtend.o *crtbegin?.o *crtbegin.o) .dtors)
                0x0000000000403218                PROVIDE (__fini_array_end = .)

.ctors
 *crtbegin.o(.ctors)
 *crtbegin?.o(.ctors)
 *(EXCLUDE_FILE(*crtend?.o *crtend.o) .ctors)
 *(SORT_BY_NAME(.ctors.*))
 *(.ctors)

.dtors
 *crtbegin.o(.dtors)
 *crtbegin?.o(.dtors)
 *(EXCLUDE_FILE(*crtend?.o *crtend.o) .dtors)
 *(SORT_BY_NAME(.dtors.*))
 *(.dtors)

.jcr
 *(.jcr)

.data.rel.ro    0x0000000000403218        0x0
 *(.data.rel.ro.local* .gnu.linkonce.d.rel.ro.local.*)
 *(.data.rel.ro .data.rel.ro.* .gnu.linkonce.d.rel.ro.*)
 .data.rel.ro   0x0000000000403218        0x0 uspace/app_vol.p/app_vol_vol.c.o

.dynamic        0x0000000000403218      0x150
 *(.dynamic)
 .dynamic       0x0000000000403218      0x150 uspace/app_vol.p/app_vol_vol.c.o
                0x0000000000403218                _DYNAMIC

.got            0x0000000000403368        0x0
 *(.got)
 .got           0x0000000000403368        0x0 uspace/app_vol.p/app_vol_vol.c.o
 *(.igot)
                0x0000000000403368                . = DATA_SEGMENT_RELRO_END (., (SIZEOF (.got.plt) >= 0x18)?0x18:0x0)

.got.plt        0x0000000000403368      0x108
 *(.got.plt)
 .got.plt       0x0000000000403368      0x108 uspace/app_vol.p/app_vol_vol.c.o
                0x0000000000403368                _GLOBAL_OFFSET_TABLE_
 *(.igot.plt)
 .igot.plt      0x0000000000403470        0x0 uspace/app_vol.p/app_vol_vol.c.o

.data
 *(.data .data.* .gnu.linkonce.d.*)

.data1
 *(.data1)
                0x0000000000403470                _edata = .
                [!provide]                        PROVIDE (edata = .)
                0x0000000000403470                . = .
                0x0000000000403470                __bss_start = .

.bss            0x0000000000403480       0x68
 *(.dynbss)
 *fill*         0x0000000000403480        0x0 
 .dynbss        0x0000000000403480       0x68 uspace/app_vol.p/app_vol_vol.c.o
                0x0000000000403480                stdout
                0x00000000004034a0                __progsymbols
 *(.bss .bss.* .gnu.linkonce.b.*)
 *(COMMON)
                0x00000000004034e8                . = ALIGN ((. != 0x0)?0x8:0x1)

.lbss
 *(.dynlbss)
 *(.lbss .lbss.* .gnu.linkonce.lb.*)
 *(LARGE_COMMON)
                0x00000000004034e8                . = ALIGN (0x8)
                0x00000000004034e8                . = SEGMENT_START ("ldata-segment", .)

.lrodata
 *(.lrodata .lrodata.* .gnu.linkonce.lr.*)

.ldata          0x00000000004054e8        0x0
 *(.ldata .ldata.* .gnu.linkonce.l.*)
                0x00000000004054e8                . = ALIGN ((. != 0x0)?0x8:0x1)
                0x00000000004054e8                . = ALIGN (0x8)
                0x00000000004034e8                _end = .
                [!provide]                        PROVIDE (end = .)
                0x00000000004054e8                . = DATA_SEGMENT_END (.)

.stab
 *(.stab)

.stabstr
 *(.stabstr)

.stab.excl
 *(.stab.excl)

.stab.exclstr
 *(.stab.exclstr)

.stab.index
 *(.stab.index)

.stab.indexstr
 *(.stab.indexstr)

.comment        0x0000000000000000       0x12
 *(.comment)
 .comment       0x0000000000000000       0x12 uspace/app_vol.p/app_vol_vol.c.o
                                         0x13 (size before relaxing)
 .comment       0x0000000000000012       0x13 uspace/lib/c/libstartfiles.a.p/generic_crt_crt1.c.o
 .comment       0x0000000000000012       0x13 uspace/lib/libdevice.a.p/device_src_vol.c.o

.gnu.build.attributes
 *(.gnu.build.attributes .gnu.build.attributes.*)

.debug
 *(.debug)

.line
 *(.line)

.debug_srcinfo
 *(.debug_srcinfo)

.debug_sfnames
 *(.debug_sfnames)

.debug_aranges
 *(.debug_aranges)

.debug_pubnames
 *(.debug_pubnames)

.debug_info
 *(.debug_info .gnu.linkonce.wi.*)

.debug_abbrev
 *(.debug_abbrev)

.debug_line
 *(.debug_line .debug_line.* .debug_line_end)

.debug_frame
 *(.debug_frame)

.debug_str
 *(.debug_str)

.debug_loc
 *(.debug_loc)

.debug_macinfo
 *(.debug_macinfo)

.debug_weaknames
 *(.debug_weaknames)

.debug_funcnames
 *(.debug_funcnames)

.debug_typenames
 *(.debug_typenames)

.debug_varnames
 *(.debug_varnames)

.debug_pubtypes
 *(.debug_pubtypes)

.debug_ranges
 *(.debug_ranges)

.debug_addr
 *(.debug_addr)

.debug_line_str
 *(.debug_line_str)

.debug_loclists
 *(.debug_loclists)

.debug_macro
 *(.debug_macro)

.debug_names
 *(.debug_names)

.debug_rnglists
 *(.debug_rnglists)

.debug_str_offsets
 *(.debug_str_offsets)

.debug_sup
 *(.debug_sup)

.gnu.attributes
 *(.gnu.attributes)

/DISCARD/
 *(.note.GNU-stack)
 *(.gnu_debuglink)
 *(.gnu.lto_*)
OUTPUT(uspace/app_vol elf64-x86-64)
