Archive member included to satisfy reference by file (symbol)

uspace/lib/c/libstartfiles.a.p/arch_amd64_src_crt0.S.o
                              (--whole-archive)
uspace/lib/c/libstartfiles.a.p/generic_crt_crt1.c.o
                              (--whole-archive)
uspace/lib/libuntar.a.p/untar_untar.c.o
                              uspace/app_untar.p/app_untar_main.c.o (untar)
uspace/lib/libuntar.a.p/untar_tar.c.o
                              uspace/lib/libuntar.a.p/untar_untar.c.o (tar_header_parse)

As-needed library included to satisfy reference by file (symbol)

libc.so.0                     uspace/app_untar.p/app_untar_main.c.o (__errno)

Discarded input sections

 .text          0x0000000000000000        0x0 uspace/app_untar.p/app_untar_main.c.o
 .data          0x0000000000000000        0x0 uspace/app_untar.p/app_untar_main.c.o
 .bss           0x0000000000000000        0x0 uspace/app_untar.p/app_untar_main.c.o
 .data          0x0000000000000000        0x0 uspace/lib/c/libstartfiles.a.p/arch_amd64_src_crt0.S.o
 .bss           0x0000000000000000        0x0 uspace/lib/c/libstartfiles.a.p/arch_amd64_src_crt0.S.o
 .text          0x0000000000000000        0x0 uspace/lib/c/libstartfiles.a.p/generic_crt_crt1.c.o
 .data          0x0000000000000000        0x0 uspace/lib/c/libstartfiles.a.p/generic_crt_crt1.c.o
 .bss           0x0000000000000000        0x0 uspace/lib/c/libstartfiles.a.p/generic_crt_crt1.c.o
 .text          0x0000000000000000        0x0 uspace/lib/libuntar.a.p/untar_untar.c.o
 .data          0x0000000000000000        0x0 uspace/lib/libuntar.a.p/untar_untar.c.o
 .bss           0x0000000000000000        0x0 uspace/lib/libuntar.a.p/untar_untar.c.o
 .text          0x0000000000000000        0x0 uspace/lib/libuntar.a.p/untar_tar.c.o
 .data          0x0000000000000000        0x0 uspace/lib/libuntar.a.p/untar_tar.c.o
 .bss           0x0000000000000000        0x0 uspace/lib/libuntar.a.p/untar_tar.c.o
 .text.tar_type_parse
                0x0000000000000000       0x27 uspace/lib/libuntar.a.p/untar_tar.c.o
 .rodata.tar_type_str.str1.8
                0x0000000000000000       0x54 uspace/lib/libuntar.a.p/untar_tar.c.o
 .text.tar_type_str
                0x0000000000000000       0x28 uspace/lib/libuntar.a.p/untar_tar.c.o
 .rodata.str1.1
                0x0000000000000000       0x19 uspace/lib/libuntar.a.p/untar_tar.c.o
 .rodata.CSWTCH.3
                0x0000000000000000       0x18 uspace/lib/libuntar.a.p/untar_tar.c.o

Memory Configuration

Name             Origin             Length             Attributes
*default*        0x0000000000000000 0xffffffffffffffff

Linker script and memory map

LOAD uspace/app_untar.p/app_untar_main.c.o
START GROUP
LOAD uspace/lib/c/libstartfiles.a
LOAD uspace/lib/libuntar.a
LOAD uspace/lib/libc.so.0.0
LOAD /home/zyc/.local/share/HelenOS/cross/lib/gcc/amd64-helenos/13.2.0/libgcc.a
END GROUP
                0x0000000000400000                PROVIDE (__executable_start = SEGMENT_START ("text-segment", 0x400000))
                0x0000000000400120                . = (SEGMENT_START ("text-segment", 0x400000) + SIZEOF_HEADERS)

.interp
 *(.interp)

.note.gnu.build-id
 *(.note.gnu.build-id)

.hash           0x0000000000400120       0x54
 *(.hash)
 .hash          0x0000000000400120       0x54 uspace/app_untar.p/app_untar_main.c.o

.gnu.hash
 *(.gnu.hash)

.dynsym         0x0000000000400178      0x180
 *(.dynsym)
 .dynsym        0x0000000000400178      0x180 uspace/app_untar.p/app_untar_main.c.o

.dynstr         0x00000000004002f8       0x99
 *(.dynstr)
 .dynstr        0x00000000004002f8       0x99 uspace/app_untar.p/app_untar_main.c.o

.gnu.version    0x0000000000400392        0x0
 *(.gnu.version)
 .gnu.version   0x0000000000400392        0x0 uspace/app_untar.p/app_untar_main.c.o

.gnu.version_d  0x0000000000400398        0x0
 *(.gnu.version_d)
 .gnu.version_d
                0x0000000000400398        0x0 uspace/app_untar.p/app_untar_main.c.o

.gnu.version_r  0x0000000000400398        0x0
 *(.gnu.version_r)
 .gnu.version_r
                0x0000000000400398        0x0 uspace/app_untar.p/app_untar_main.c.o

.rela.dyn       0x0000000000400398       0x30
 *(.rela.init)
 *(.rela.text .rela.text.* .rela.gnu.linkonce.t.*)
 .rela.text.tar_vreport
                0x0000000000400398        0x0 uspace/app_untar.p/app_untar_main.c.o
 .rela.text.startup.main
                0x0000000000400398        0x0 uspace/app_untar.p/app_untar_main.c.o
 .rela.text.__c_start
                0x0000000000400398        0x0 uspace/app_untar.p/app_untar_main.c.o
 *(.rela.fini)
 *(.rela.rodata .rela.rodata.* .rela.gnu.linkonce.r.*)
 .rela.rodata.cst8
                0x0000000000400398        0x0 uspace/app_untar.p/app_untar_main.c.o
 *(.rela.data .rela.data.* .rela.gnu.linkonce.d.*)
 .rela.data.rel.ro
                0x0000000000400398        0x0 uspace/app_untar.p/app_untar_main.c.o
 *(.rela.tdata .rela.tdata.* .rela.gnu.linkonce.td.*)
 *(.rela.tbss .rela.tbss.* .rela.gnu.linkonce.tb.*)
 *(.rela.ctors)
 *(.rela.dtors)
 *(.rela.got)
 .rela.got      0x0000000000400398        0x0 uspace/app_untar.p/app_untar_main.c.o
 *(.rela.bss .rela.bss.* .rela.gnu.linkonce.b.*)
 .rela.bss      0x0000000000400398       0x30 uspace/app_untar.p/app_untar_main.c.o
 *(.rela.ldata .rela.ldata.* .rela.gnu.linkonce.l.*)
 *(.rela.lbss .rela.lbss.* .rela.gnu.linkonce.lb.*)
 *(.rela.lrodata .rela.lrodata.* .rela.gnu.linkonce.lr.*)
 *(.rela.ifunc)

.rela.plt       0x00000000004003c8      0x138
 *(.rela.plt)
 .rela.plt      0x00000000004003c8      0x138 uspace/app_untar.p/app_untar_main.c.o
                [!provide]                        PROVIDE (__rela_iplt_start = .)
 *(.rela.iplt)
 .rela.iplt     0x0000000000400500        0x0 uspace/app_untar.p/app_untar_main.c.o
                [!provide]                        PROVIDE (__rela_iplt_end = .)

.relr.dyn
 *(.relr.dyn)

.init
 *(SORT_NONE(.init))

.plt            0x0000000000400500       0xe0
 *(.plt)
 .plt           0x0000000000400500       0xe0 uspace/app_untar.p/app_untar_main.c.o
                0x0000000000400510                __errno
                0x0000000000400520                fprintf
                0x0000000000400530                str_size_t
                0x0000000000400540                vfs_link_path
                0x0000000000400550                fread
                0x0000000000400560                fopen
                0x0000000000400570                fclose
                0x0000000000400580                str_cpy
                0x0000000000400590                str_length
                0x00000000004005a0                str_error
                0x00000000004005b0                fwrite
                0x00000000004005c0                __libc_main
                0x00000000004005d0                vfprintf
 *(.iplt)
 .iplt          0x00000000004005e0        0x0 uspace/app_untar.p/app_untar_main.c.o

.plt.got        0x00000000004005e0        0x0
 *(.plt.got)
 .plt.got       0x00000000004005e0        0x0 uspace/app_untar.p/app_untar_main.c.o

.plt.sec
 *(.plt.sec)

.text           0x00000000004005e0      0x607
 *(.text.unlikely .text.*_unlikely .text.unlikely.*)
 *(.text.exit .text.exit.*)
 *(.text.startup .text.startup.*)
 .text.startup.main
                0x00000000004005e0       0x49 uspace/app_untar.p/app_untar_main.c.o
                0x00000000004005e0                main
 *(.text.hot .text.hot.*)
 *(SORT_BY_NAME(.text.sorted.*))
 *(.text .stub .text.* .gnu.linkonce.t.*)
 *fill*         0x0000000000400629        0x7 
 .text.tar_vreport
                0x0000000000400630       0x11 uspace/app_untar.p/app_untar_main.c.o
 *fill*         0x0000000000400641        0xf 
 .text.tar_read
                0x0000000000400650       0x1c uspace/app_untar.p/app_untar_main.c.o
 *fill*         0x000000000040066c        0x4 
 .text.tar_close
                0x0000000000400670       0x11 uspace/app_untar.p/app_untar_main.c.o
 *fill*         0x0000000000400681        0xf 
 .text.tar_open
                0x0000000000400690       0x3f uspace/app_untar.p/app_untar_main.c.o
 .text          0x00000000004006cf        0xc uspace/lib/c/libstartfiles.a.p/arch_amd64_src_crt0.S.o
                0x00000000004006cf                _start
 *fill*         0x00000000004006db        0x5 
 .text.__c_start
                0x00000000004006e0       0x8c uspace/lib/c/libstartfiles.a.p/generic_crt_crt1.c.o
                0x00000000004006e0                __c_start
 *fill*         0x000000000040076c        0x4 
 .text.tar_report
                0x0000000000400770       0x84 uspace/lib/libuntar.a.p/untar_untar.c.o
 *fill*         0x00000000004007f4        0xc 
 .text.untar    0x0000000000400800      0x333 uspace/lib/libuntar.a.p/untar_untar.c.o
                0x0000000000400800                untar
 *fill*         0x0000000000400b33        0xd 
 .text.tar_header_parse
                0x0000000000400b40       0xa7 uspace/lib/libuntar.a.p/untar_tar.c.o
                0x0000000000400b40                tar_header_parse
 *(.gnu.warning)

.fini
 *(SORT_NONE(.fini))
                [!provide]                        PROVIDE (__etext = .)
                [!provide]                        PROVIDE (_etext = .)
                [!provide]                        PROVIDE (etext = .)

.rodata         0x0000000000400be8       0xda
 *(.rodata .rodata.* .gnu.linkonce.r.*)
 .rodata.tar_open.str1.1
                0x0000000000400be8       0x65 uspace/app_untar.p/app_untar_main.c.o
                                          0x3 (size before relaxing)
 .rodata.main.str1.1
                0x0000000000400c4d       0x14 uspace/app_untar.p/app_untar_main.c.o
 *fill*         0x0000000000400c4d        0x3 
 .rodata.cst8   0x0000000000400c50        0x8 uspace/lib/c/libstartfiles.a.p/generic_crt_crt1.c.o
 .rodata.untar.str1.1
                0x0000000000400c58       0x4e uspace/lib/libuntar.a.p/untar_untar.c.o
 .rodata.untar.str1.8
                0x0000000000400c58       0x6a uspace/lib/libuntar.a.p/untar_untar.c.o

.rodata1
 *(.rodata1)

.eh_frame_hdr   0x0000000000400cc4       0x5c
 *(.eh_frame_hdr)
 .eh_frame_hdr  0x0000000000400cc4       0x5c uspace/app_untar.p/app_untar_main.c.o
                0x0000000000400cc4                __GNU_EH_FRAME_HDR
 *(.eh_frame_entry .eh_frame_entry.*)

.eh_frame       0x0000000000400d20      0x194
 *(.eh_frame)
 .eh_frame      0x0000000000400d20       0xc8 uspace/app_untar.p/app_untar_main.c.o
 .eh_frame      0x0000000000400de8       0x28 uspace/app_untar.p/app_untar_main.c.o
                                         0x40 (size before relaxing)
 .eh_frame      0x0000000000400e10        0x0 uspace/app_untar.p/app_untar_main.c.o
 .eh_frame      0x0000000000400e10       0x20 uspace/lib/c/libstartfiles.a.p/generic_crt_crt1.c.o
                                         0x38 (size before relaxing)
 .eh_frame      0x0000000000400e30       0x50 uspace/lib/libuntar.a.p/untar_untar.c.o
                                         0x68 (size before relaxing)
 .eh_frame      0x0000000000400e80       0x34 uspace/lib/libuntar.a.p/untar_tar.c.o
                                         0x90 (size before relaxing)
 *(.eh_frame.*)

.sframe         0x0000000000400eb4        0x0
 *(.sframe)
 .sframe        0x0000000000400eb4        0x0 uspace/app_untar.p/app_untar_main.c.o
 *(.sframe.*)

.gcc_except_table
 *(.gcc_except_table .gcc_except_table.*)

.gnu_extab
 *(.gnu_extab*)

.exception_ranges
 *(.exception_ranges*)
                0x0000000000401000                . = DATA_SEGMENT_ALIGN (CONSTANT (MAXPAGESIZE), CONSTANT (COMMONPAGESIZE))

.eh_frame
 *(.eh_frame)
 *(.eh_frame.*)

.sframe
 *(.sframe)
 *(.sframe.*)

.gnu_extab
 *(.gnu_extab)

.gcc_except_table
 *(.gcc_except_table .gcc_except_table.*)

.exception_ranges
 *(.exception_ranges*)

.tdata          0x0000000000401000        0x0
                [!provide]                        PROVIDE (__tdata_start = .)
 *(.tdata .tdata.* .gnu.linkonce.td.*)

.tbss
 *(.tbss .tbss.* .gnu.linkonce.tb.*)
 *(.tcommon)

.preinit_array  0x0000000000401000        0x0
                0x0000000000401000                PROVIDE (__preinit_array_start = .)
 *(.preinit_array)
                0x0000000000401000                PROVIDE (__preinit_array_end = .)

.init_array     0x0000000000401000        0x0
                0x0000000000401000                PROVIDE (__init_array_start = .)
 *(SORT_BY_INIT_PRIORITY(.init_array.*) SORT_BY_INIT_PRIORITY(.ctors.*))
 *(.init_array EXCLUDE_FILE(*crtend?.o *crtend.o *crtbegin?.o *crtbegin.o) .ctors)
                0x0000000000401000                PROVIDE (__init_array_end = .)

.fini_array     0x0000000000401000        0x0
                0x0000000000401000                PROVIDE (__fini_array_start = .)
 *(SORT_BY_INIT_PRIORITY(.fini_array.*) SORT_BY_INIT_PRIORITY(.dtors.*))
 *(.fini_array EXCLUDE_FILE(*crtend?.o *crtend.o *crtbegin?.o *crtbegin.o) .dtors)
                0x0000000000401000                PROVIDE (__fini_array_end = .)

.ctors
 *crtbegin.o(.ctors)
 *crtbegin?.o(.ctors)
 *(EXCLUDE_FILE(*crtend?.o *crtend.o) .ctors)
 *(SORT_BY_NAME(.ctors.*))
 *(.ctors)

.dtors
 *crtbegin.o(.dtors)
 *crtbegin?.o(.dtors)
 *(EXCLUDE_FILE(*crtend?.o *crtend.o) .dtors)
 *(SORT_BY_NAME(.dtors.*))
 *(.dtors)

.jcr
 *(.jcr)

.data.rel.ro    0x0000000000401000        0x0
 *(.data.rel.ro.local* .gnu.linkonce.d.rel.ro.local.*)
 *(.data.rel.ro .data.rel.ro.* .gnu.linkonce.d.rel.ro.*)
 .data.rel.ro   0x0000000000401000        0x0 uspace/app_untar.p/app_untar_main.c.o

.dynamic        0x0000000000401000      0x150
 *(.dynamic)
 .dynamic       0x0000000000401000      0x150 uspace/app_untar.p/app_untar_main.c.o
                0x0000000000401000                _DYNAMIC

.got            0x0000000000401150        0x0
 *(.got)
 .got           0x0000000000401150        0x0 uspace/app_untar.p/app_untar_main.c.o
 *(.igot)
                0x0000000000401150                . = DATA_SEGMENT_RELRO_END (., (SIZEOF (.got.plt) >= 0x18)?0x18:0x0)

.got.plt        0x0000000000401150       0x80
 *(.got.plt)
 .got.plt       0x0000000000401150       0x80 uspace/app_untar.p/app_untar_main.c.o
                0x0000000000401150                _GLOBAL_OFFSET_TABLE_
 *(.igot.plt)
 .igot.plt      0x00000000004011d0        0x0 uspace/app_untar.p/app_untar_main.c.o

.data           0x00000000004011e0       0x28
 *(.data .data.* .gnu.linkonce.d.*)
 .data.tar      0x00000000004011e0       0x28 uspace/app_untar.p/app_untar_main.c.o
                0x00000000004011e0                tar

.data1
 *(.data1)
                0x0000000000401208                _edata = .
                [!provide]                        PROVIDE (edata = .)
                0x0000000000401208                . = .
                0x0000000000401208                __bss_start = .

.bss            0x0000000000401220       0x68
 *(.dynbss)
 *fill*         0x0000000000401220        0x0 
 .dynbss        0x0000000000401220       0x68 uspace/app_untar.p/app_untar_main.c.o
                0x0000000000401220                __progsymbols
                0x0000000000401280                stderr
 *(.bss .bss.* .gnu.linkonce.b.*)
 *(COMMON)
                0x0000000000401288                . = ALIGN ((. != 0x0)?0x8:0x1)

.lbss
 *(.dynlbss)
 *(.lbss .lbss.* .gnu.linkonce.lb.*)
 *(LARGE_COMMON)
                0x0000000000401288                . = ALIGN (0x8)
                0x0000000000401288                . = SEGMENT_START ("ldata-segment", .)

.lrodata
 *(.lrodata .lrodata.* .gnu.linkonce.lr.*)

.ldata          0x0000000000403288        0x0
 *(.ldata .ldata.* .gnu.linkonce.l.*)
                0x0000000000403288                . = ALIGN ((. != 0x0)?0x8:0x1)
                0x0000000000403288                . = ALIGN (0x8)
                0x0000000000401288                _end = .
                [!provide]                        PROVIDE (end = .)
                0x0000000000403288                . = DATA_SEGMENT_END (.)

.stab
 *(.stab)

.stabstr
 *(.stabstr)

.stab.excl
 *(.stab.excl)

.stab.exclstr
 *(.stab.exclstr)

.stab.index
 *(.stab.index)

.stab.indexstr
 *(.stab.indexstr)

.comment        0x0000000000000000       0x12
 *(.comment)
 .comment       0x0000000000000000       0x12 uspace/app_untar.p/app_untar_main.c.o
                                         0x13 (size before relaxing)
 .comment       0x0000000000000012       0x13 uspace/lib/c/libstartfiles.a.p/generic_crt_crt1.c.o
 .comment       0x0000000000000012       0x13 uspace/lib/libuntar.a.p/untar_untar.c.o
 .comment       0x0000000000000012       0x13 uspace/lib/libuntar.a.p/untar_tar.c.o

.gnu.build.attributes
 *(.gnu.build.attributes .gnu.build.attributes.*)

.debug
 *(.debug)

.line
 *(.line)

.debug_srcinfo
 *(.debug_srcinfo)

.debug_sfnames
 *(.debug_sfnames)

.debug_aranges
 *(.debug_aranges)

.debug_pubnames
 *(.debug_pubnames)

.debug_info
 *(.debug_info .gnu.linkonce.wi.*)

.debug_abbrev
 *(.debug_abbrev)

.debug_line
 *(.debug_line .debug_line.* .debug_line_end)

.debug_frame
 *(.debug_frame)

.debug_str
 *(.debug_str)

.debug_loc
 *(.debug_loc)

.debug_macinfo
 *(.debug_macinfo)

.debug_weaknames
 *(.debug_weaknames)

.debug_funcnames
 *(.debug_funcnames)

.debug_typenames
 *(.debug_typenames)

.debug_varnames
 *(.debug_varnames)

.debug_pubtypes
 *(.debug_pubtypes)

.debug_ranges
 *(.debug_ranges)

.debug_addr
 *(.debug_addr)

.debug_line_str
 *(.debug_line_str)

.debug_loclists
 *(.debug_loclists)

.debug_macro
 *(.debug_macro)

.debug_names
 *(.debug_names)

.debug_rnglists
 *(.debug_rnglists)

.debug_str_offsets
 *(.debug_str_offsets)

.debug_sup
 *(.debug_sup)

.gnu.attributes
 *(.gnu.attributes)

/DISCARD/
 *(.note.GNU-stack)
 *(.gnu_debuglink)
 *(.gnu.lto_*)
OUTPUT(uspace/app_untar elf64-x86-64)
