Archive member included to satisfy reference by file (symbol)

uspace/lib/c/libstartfiles.a.p/arch_amd64_src_crt0.S.o
                              (--whole-archive)
uspace/lib/c/libstartfiles.a.p/generic_crt_crt1.c.o
                              (--whole-archive)
uspace/lib/libblock.a.p/block_block.c.o
                              uspace/app_mkfat.p/app_mkfat_mkfat.c.o (block_init)
uspace/lib/libdevice.a.p/device_src_bd.c.o
                              uspace/lib/libblock.a.p/block_block.c.o (bd_open)

As-needed library included to satisfy reference by file (symbol)

libc.so.0                     uspace/app_mkfat.p/app_mkfat_mkfat.c.o (rndgen_create)

Discarded input sections

 .text          0x0000000000000000        0x0 uspace/app_mkfat.p/app_mkfat_mkfat.c.o
 .data          0x0000000000000000        0x0 uspace/app_mkfat.p/app_mkfat_mkfat.c.o
 .bss           0x0000000000000000        0x0 uspace/app_mkfat.p/app_mkfat_mkfat.c.o
 .data          0x0000000000000000        0x0 uspace/lib/c/libstartfiles.a.p/arch_amd64_src_crt0.S.o
 .bss           0x0000000000000000        0x0 uspace/lib/c/libstartfiles.a.p/arch_amd64_src_crt0.S.o
 .text          0x0000000000000000        0x0 uspace/lib/c/libstartfiles.a.p/generic_crt_crt1.c.o
 .data          0x0000000000000000        0x0 uspace/lib/c/libstartfiles.a.p/generic_crt_crt1.c.o
 .bss           0x0000000000000000        0x0 uspace/lib/c/libstartfiles.a.p/generic_crt_crt1.c.o
 .text          0x0000000000000000        0x0 uspace/lib/libblock.a.p/block_block.c.o
 .data          0x0000000000000000        0x0 uspace/lib/libblock.a.p/block_block.c.o
 .bss           0x0000000000000000        0x0 uspace/lib/libblock.a.p/block_block.c.o
 .text.cache_key_hash
                0x0000000000000000        0x9 uspace/lib/libblock.a.p/block_block.c.o
 .text.cache_hash
                0x0000000000000000        0xa uspace/lib/libblock.a.p/block_block.c.o
 .text.cache_key_equal
                0x0000000000000000       0x10 uspace/lib/libblock.a.p/block_block.c.o
 .text.read_blocks.part.0
                0x0000000000000000       0x18 uspace/lib/libblock.a.p/block_block.c.o
 .text.write_blocks.part.0
                0x0000000000000000       0x18 uspace/lib/libblock.a.p/block_block.c.o
 .rodata.block_bb_read.str1.8
                0x0000000000000000       0x4a uspace/lib/libblock.a.p/block_block.c.o
 .text.block_bb_read
                0x0000000000000000      0x120 uspace/lib/libblock.a.p/block_block.c.o
 .text.block_bb_get
                0x0000000000000000       0x7e uspace/lib/libblock.a.p/block_block.c.o
 .text.block_cache_init
                0x0000000000000000      0x16c uspace/lib/libblock.a.p/block_block.c.o
 .rodata.block_put.str1.1
                0x0000000000000000       0x21 uspace/lib/libblock.a.p/block_block.c.o
 .rodata.block_put.str1.8
                0x0000000000000000       0x53 uspace/lib/libblock.a.p/block_block.c.o
 .text.block_put
                0x0000000000000000      0x2f0 uspace/lib/libblock.a.p/block_block.c.o
 .rodata.block_get.str1.1
                0x0000000000000000       0x1f uspace/lib/libblock.a.p/block_block.c.o
 .text.block_get
                0x0000000000000000      0x528 uspace/lib/libblock.a.p/block_block.c.o
 .text.block_seqread
                0x0000000000000000      0x1be uspace/lib/libblock.a.p/block_block.c.o
 .text.block_read_direct
                0x0000000000000000       0xda uspace/lib/libblock.a.p/block_block.c.o
 .text.block_sync_cache
                0x0000000000000000       0x86 uspace/lib/libblock.a.p/block_block.c.o
 .text.block_read_bytes_direct
                0x0000000000000000      0x1e8 uspace/lib/libblock.a.p/block_block.c.o
 .text.block_read_toc
                0x0000000000000000       0x9e uspace/lib/libblock.a.p/block_block.c.o
 .rodata.cache_ops
                0x0000000000000000       0x28 uspace/lib/libblock.a.p/block_block.c.o
 .text          0x0000000000000000        0x0 uspace/lib/libdevice.a.p/device_src_bd.c.o
 .data          0x0000000000000000        0x0 uspace/lib/libdevice.a.p/device_src_bd.c.o
 .bss           0x0000000000000000        0x0 uspace/lib/libdevice.a.p/device_src_bd.c.o
 .text.bd_read_blocks
                0x0000000000000000       0x9a uspace/lib/libdevice.a.p/device_src_bd.c.o
 .text.bd_read_toc
                0x0000000000000000       0x9a uspace/lib/libdevice.a.p/device_src_bd.c.o

Memory Configuration

Name             Origin             Length             Attributes
*default*        0x0000000000000000 0xffffffffffffffff

Linker script and memory map

LOAD uspace/app_mkfat.p/app_mkfat_mkfat.c.o
START GROUP
LOAD uspace/lib/c/libstartfiles.a
LOAD uspace/lib/libblock.a
LOAD uspace/lib/libdevice.a
LOAD uspace/lib/libc.so.0.0
LOAD /home/zyc/.local/share/HelenOS/cross/lib/gcc/amd64-helenos/13.2.0/libgcc.a
END GROUP
                0x0000000000400000                PROVIDE (__executable_start = SEGMENT_START ("text-segment", 0x400000))
                0x0000000000400120                . = (SEGMENT_START ("text-segment", 0x400000) + SIZEOF_HEADERS)

.interp
 *(.interp)

.note.gnu.build-id
 *(.note.gnu.build-id)

.hash           0x0000000000400120      0x134
 *(.hash)
 .hash          0x0000000000400120      0x134 uspace/app_mkfat.p/app_mkfat_mkfat.c.o

.gnu.hash
 *(.gnu.hash)

.dynsym         0x0000000000400258      0x390
 *(.dynsym)
 .dynsym        0x0000000000400258      0x390 uspace/app_mkfat.p/app_mkfat_mkfat.c.o

.dynstr         0x00000000004005e8      0x22b
 *(.dynstr)
 .dynstr        0x00000000004005e8      0x22b uspace/app_mkfat.p/app_mkfat_mkfat.c.o

.gnu.version    0x0000000000400814        0x0
 *(.gnu.version)
 .gnu.version   0x0000000000400814        0x0 uspace/app_mkfat.p/app_mkfat_mkfat.c.o

.gnu.version_d  0x0000000000400818        0x0
 *(.gnu.version_d)
 .gnu.version_d
                0x0000000000400818        0x0 uspace/app_mkfat.p/app_mkfat_mkfat.c.o

.gnu.version_r  0x0000000000400818        0x0
 *(.gnu.version_r)
 .gnu.version_r
                0x0000000000400818        0x0 uspace/app_mkfat.p/app_mkfat_mkfat.c.o

.rela.dyn       0x0000000000400818       0x18
 *(.rela.init)
 *(.rela.text .rela.text.* .rela.gnu.linkonce.t.*)
 .rela.text.__c_start
                0x0000000000400818        0x0 uspace/app_mkfat.p/app_mkfat_mkfat.c.o
 *(.rela.fini)
 *(.rela.rodata .rela.rodata.* .rela.gnu.linkonce.r.*)
 .rela.rodata.cst8
                0x0000000000400818        0x0 uspace/app_mkfat.p/app_mkfat_mkfat.c.o
 *(.rela.data .rela.data.* .rela.gnu.linkonce.d.*)
 .rela.data.rel.ro
                0x0000000000400818        0x0 uspace/app_mkfat.p/app_mkfat_mkfat.c.o
 *(.rela.tdata .rela.tdata.* .rela.gnu.linkonce.td.*)
 *(.rela.tbss .rela.tbss.* .rela.gnu.linkonce.tb.*)
 *(.rela.ctors)
 *(.rela.dtors)
 *(.rela.got)
 .rela.got      0x0000000000400818        0x0 uspace/app_mkfat.p/app_mkfat_mkfat.c.o
 *(.rela.bss .rela.bss.* .rela.gnu.linkonce.b.*)
 .rela.bss      0x0000000000400818       0x18 uspace/app_mkfat.p/app_mkfat_mkfat.c.o
 *(.rela.ldata .rela.ldata.* .rela.gnu.linkonce.l.*)
 *(.rela.lbss .rela.lbss.* .rela.gnu.linkonce.lb.*)
 *(.rela.lrodata .rela.lrodata.* .rela.gnu.linkonce.lr.*)
 *(.rela.ifunc)

.rela.plt       0x0000000000400830      0x360
 *(.rela.plt)
 .rela.plt      0x0000000000400830      0x360 uspace/app_mkfat.p/app_mkfat_mkfat.c.o
                [!provide]                        PROVIDE (__rela_iplt_start = .)
 *(.rela.iplt)
 .rela.iplt     0x0000000000400b90        0x0 uspace/app_mkfat.p/app_mkfat_mkfat.c.o
                [!provide]                        PROVIDE (__rela_iplt_end = .)

.relr.dyn
 *(.relr.dyn)

.init
 *(SORT_NONE(.init))

.plt            0x0000000000400b90      0x250
 *(.plt)
 .plt           0x0000000000400b90      0x250 uspace/app_mkfat.p/app_mkfat_mkfat.c.o
                0x0000000000400ba0                rndgen_create
                0x0000000000400bb0                loc_service_connect
                0x0000000000400bc0                printf
                0x0000000000400bd0                async_hangup
                0x0000000000400be0                async_req_0_2
                0x0000000000400bf0                async_wait_for
                0x0000000000400c00                async_data_write_start
                0x0000000000400c10                async_get_call
                0x0000000000400c20                rndgen_uint32
                0x0000000000400c30                puts
                0x0000000000400c40                malloc
                0x0000000000400c50                ascii_check
                0x0000000000400c60                loc_service_get_id
                0x0000000000400c70                async_answer_0
                0x0000000000400c80                stacktrace_print
                0x0000000000400c90                strtol
                0x0000000000400ca0                async_exchange_end
                0x0000000000400cb0                calloc
                0x0000000000400cc0                async_send_3
                0x0000000000400cd0                fibril_mutex_unlock
                0x0000000000400ce0                async_req_0_1
                0x0000000000400cf0                async_create_callback_port
                0x0000000000400d00                str_cmp
                0x0000000000400d10                hash_table_remove_item
                0x0000000000400d20                __helenos_assert_abort
                0x0000000000400d30                memset
                0x0000000000400d40                rndgen_destroy
                0x0000000000400d50                str_error_name
                0x0000000000400d60                async_exchange_begin
                0x0000000000400d70                __libc_main
                0x0000000000400d80                async_forget
                0x0000000000400d90                async_req_3_0
                0x0000000000400da0                toupper
                0x0000000000400db0                hash_table_destroy
                0x0000000000400dc0                free
                0x0000000000400dd0                fibril_mutex_lock
 *(.iplt)
 .iplt          0x0000000000400de0        0x0 uspace/app_mkfat.p/app_mkfat_mkfat.c.o

.plt.got        0x0000000000400de0        0x0
 *(.plt.got)
 .plt.got       0x0000000000400de0        0x0 uspace/app_mkfat.p/app_mkfat_mkfat.c.o

.plt.sec
 *(.plt.sec)

.text           0x0000000000400de0     0x12fd
 *(.text.unlikely .text.*_unlikely .text.unlikely.*)
 *(.text.exit .text.exit.*)
 *(.text.startup .text.startup.*)
 .text.startup.main
                0x0000000000400de0      0x84a uspace/app_mkfat.p/app_mkfat_mkfat.c.o
                0x0000000000400de0                main
 *(.text.hot .text.hot.*)
 *(SORT_BY_NAME(.text.sorted.*))
 *(.text .stub .text.* .gnu.linkonce.t.*)
 *fill*         0x000000000040162a        0x6 
 .text.fat_label_encode
                0x0000000000401630      0x167 uspace/app_mkfat.p/app_mkfat_mkfat.c.o
 .text          0x0000000000401797        0xc uspace/lib/c/libstartfiles.a.p/arch_amd64_src_crt0.S.o
                0x0000000000401797                _start
 *fill*         0x00000000004017a3        0xd 
 .text.__c_start
                0x00000000004017b0       0x8c uspace/lib/c/libstartfiles.a.p/generic_crt_crt1.c.o
                0x00000000004017b0                __c_start
 *fill*         0x000000000040183c        0x4 
 .text.block_init
                0x0000000000401840      0x180 uspace/lib/libblock.a.p/block_block.c.o
                0x0000000000401840                block_init
 .text.block_cache_fini
                0x00000000004019c0      0x18d uspace/lib/libblock.a.p/block_block.c.o
                0x00000000004019c0                block_cache_fini
 *fill*         0x0000000000401b4d        0x3 
 .text.block_fini
                0x0000000000401b50       0xee uspace/lib/libblock.a.p/block_block.c.o
                0x0000000000401b50                block_fini
 *fill*         0x0000000000401c3e        0x2 
 .text.block_write_direct
                0x0000000000401c40       0xda uspace/lib/libblock.a.p/block_block.c.o
                0x0000000000401c40                block_write_direct
 *fill*         0x0000000000401d1a        0x6 
 .text.block_get_bsize
                0x0000000000401d20       0x86 uspace/lib/libblock.a.p/block_block.c.o
                0x0000000000401d20                block_get_bsize
 *fill*         0x0000000000401da6        0xa 
 .text.block_get_nblocks
                0x0000000000401db0       0x86 uspace/lib/libblock.a.p/block_block.c.o
                0x0000000000401db0                block_get_nblocks
 *fill*         0x0000000000401e36        0xa 
 .text.bd_cb_conn
                0x0000000000401e40       0x3b uspace/lib/libdevice.a.p/device_src_bd.c.o
 *fill*         0x0000000000401e7b        0x5 
 .text.bd_open  0x0000000000401e80       0xa8 uspace/lib/libdevice.a.p/device_src_bd.c.o
                0x0000000000401e80                bd_open
 *fill*         0x0000000000401f28        0x8 
 .text.bd_close
                0x0000000000401f30        0xa uspace/lib/libdevice.a.p/device_src_bd.c.o
                0x0000000000401f30                bd_close
 *fill*         0x0000000000401f3a        0x6 
 .text.bd_write_blocks
                0x0000000000401f40       0x9a uspace/lib/libdevice.a.p/device_src_bd.c.o
                0x0000000000401f40                bd_write_blocks
 *fill*         0x0000000000401fda        0x6 
 .text.bd_sync_cache
                0x0000000000401fe0       0x4e uspace/lib/libdevice.a.p/device_src_bd.c.o
                0x0000000000401fe0                bd_sync_cache
 *fill*         0x000000000040202e        0x2 
 .text.bd_get_block_size
                0x0000000000402030       0x4f uspace/lib/libdevice.a.p/device_src_bd.c.o
                0x0000000000402030                bd_get_block_size
 *fill*         0x000000000040207f        0x1 
 .text.bd_get_num_blocks
                0x0000000000402080       0x5d uspace/lib/libdevice.a.p/device_src_bd.c.o
                0x0000000000402080                bd_get_num_blocks
 *(.gnu.warning)

.fini
 *(SORT_NONE(.fini))
                [!provide]                        PROVIDE (__etext = .)
                [!provide]                        PROVIDE (_etext = .)
                [!provide]                        PROVIDE (etext = .)

.rodata         0x00000000004020e0      0x3f8
 *(.rodata .rodata.* .gnu.linkonce.r.*)
 .rodata.main.str1.1
                0x00000000004020e0       0x8f uspace/app_mkfat.p/app_mkfat_mkfat.c.o
                                         0x88 (size before relaxing)
 *fill*         0x000000000040216f        0x1 
 .rodata.main.str1.8
                0x0000000000402170      0x348 uspace/app_mkfat.p/app_mkfat_mkfat.c.o
                                        0x2d7 (size before relaxing)
 .rodata.cst2   0x00000000004024b8        0x2 uspace/app_mkfat.p/app_mkfat_mkfat.c.o
 *fill*         0x00000000004024ba        0x6 
 .rodata.cst8   0x00000000004024c0        0x8 uspace/app_mkfat.p/app_mkfat_mkfat.c.o
 .rodata.cst4   0x00000000004024c8        0x4 uspace/app_mkfat.p/app_mkfat_mkfat.c.o
 *fill*         0x00000000004024cc        0x4 
 .rodata.cst8   0x00000000004024d0        0x8 uspace/lib/c/libstartfiles.a.p/generic_crt_crt1.c.o
 .rodata.read_blocks.part.0.str1.8
                0x00000000004024d8       0x27 uspace/lib/libblock.a.p/block_block.c.o
 .rodata.read_blocks.part.0.str1.1
                0x00000000004024d8        0x7 uspace/lib/libblock.a.p/block_block.c.o
 .rodata.block_cache_fini.str1.8
                0x00000000004024d8       0x48 uspace/lib/libblock.a.p/block_block.c.o

.rodata1
 *(.rodata1)

.eh_frame_hdr   0x00000000004024d8       0x94
 *(.eh_frame_hdr)
 .eh_frame_hdr  0x00000000004024d8       0x94 uspace/app_mkfat.p/app_mkfat_mkfat.c.o
                0x00000000004024d8                __GNU_EH_FRAME_HDR
 *(.eh_frame_entry .eh_frame_entry.*)

.eh_frame       0x0000000000402570      0x2f4
 *(.eh_frame)
 .eh_frame      0x0000000000402570       0x80 uspace/app_mkfat.p/app_mkfat_mkfat.c.o
 .eh_frame      0x00000000004025f0       0x28 uspace/app_mkfat.p/app_mkfat_mkfat.c.o
                                         0x40 (size before relaxing)
 .eh_frame      0x0000000000402618        0x0 uspace/app_mkfat.p/app_mkfat_mkfat.c.o
 .eh_frame      0x0000000000402618       0x20 uspace/lib/c/libstartfiles.a.p/generic_crt_crt1.c.o
                                         0x38 (size before relaxing)
 .eh_frame      0x0000000000402638      0x110 uspace/lib/libblock.a.p/block_block.c.o
                                        0x3c0 (size before relaxing)
 .eh_frame      0x0000000000402748      0x11c uspace/lib/libdevice.a.p/device_src_bd.c.o
                                        0x198 (size before relaxing)
 *(.eh_frame.*)

.sframe         0x0000000000402864        0x0
 *(.sframe)
 .sframe        0x0000000000402864        0x0 uspace/app_mkfat.p/app_mkfat_mkfat.c.o
 *(.sframe.*)

.gcc_except_table
 *(.gcc_except_table .gcc_except_table.*)

.gnu_extab
 *(.gnu_extab*)

.exception_ranges
 *(.exception_ranges*)
                0x0000000000403864                . = DATA_SEGMENT_ALIGN (CONSTANT (MAXPAGESIZE), CONSTANT (COMMONPAGESIZE))

.eh_frame
 *(.eh_frame)
 *(.eh_frame.*)

.sframe
 *(.sframe)
 *(.sframe.*)

.gnu_extab
 *(.gnu_extab)

.gcc_except_table
 *(.gcc_except_table .gcc_except_table.*)

.exception_ranges
 *(.exception_ranges*)

.tdata          0x0000000000403864        0x0
                [!provide]                        PROVIDE (__tdata_start = .)
 *(.tdata .tdata.* .gnu.linkonce.td.*)

.tbss
 *(.tbss .tbss.* .gnu.linkonce.tb.*)
 *(.tcommon)

.preinit_array  0x0000000000403864        0x0
                0x0000000000403864                PROVIDE (__preinit_array_start = .)
 *(.preinit_array)
                0x0000000000403864                PROVIDE (__preinit_array_end = .)

.init_array     0x0000000000403864        0x0
                0x0000000000403864                PROVIDE (__init_array_start = .)
 *(SORT_BY_INIT_PRIORITY(.init_array.*) SORT_BY_INIT_PRIORITY(.ctors.*))
 *(.init_array EXCLUDE_FILE(*crtend?.o *crtend.o *crtbegin?.o *crtbegin.o) .ctors)
                0x0000000000403864                PROVIDE (__init_array_end = .)

.fini_array     0x0000000000403864        0x0
                0x0000000000403864                PROVIDE (__fini_array_start = .)
 *(SORT_BY_INIT_PRIORITY(.fini_array.*) SORT_BY_INIT_PRIORITY(.dtors.*))
 *(.fini_array EXCLUDE_FILE(*crtend?.o *crtend.o *crtbegin?.o *crtbegin.o) .dtors)
                0x0000000000403864                PROVIDE (__fini_array_end = .)

.ctors
 *crtbegin.o(.ctors)
 *crtbegin?.o(.ctors)
 *(EXCLUDE_FILE(*crtend?.o *crtend.o) .ctors)
 *(SORT_BY_NAME(.ctors.*))
 *(.ctors)

.dtors
 *crtbegin.o(.dtors)
 *crtbegin?.o(.dtors)
 *(EXCLUDE_FILE(*crtend?.o *crtend.o) .dtors)
 *(SORT_BY_NAME(.dtors.*))
 *(.dtors)

.jcr
 *(.jcr)

.data.rel.ro    0x0000000000403864        0x0
 *(.data.rel.ro.local* .gnu.linkonce.d.rel.ro.local.*)
 *(.data.rel.ro .data.rel.ro.* .gnu.linkonce.d.rel.ro.*)
 .data.rel.ro   0x0000000000403864        0x0 uspace/app_mkfat.p/app_mkfat_mkfat.c.o

.dynamic        0x0000000000403868      0x150
 *(.dynamic)
 .dynamic       0x0000000000403868      0x150 uspace/app_mkfat.p/app_mkfat_mkfat.c.o
                0x0000000000403868                _DYNAMIC

.got            0x00000000004039b8        0x0
 *(.got)
 .got           0x00000000004039b8        0x0 uspace/app_mkfat.p/app_mkfat_mkfat.c.o
 *(.igot)
                0x00000000004039b8                . = DATA_SEGMENT_RELRO_END (., (SIZEOF (.got.plt) >= 0x18)?0x18:0x0)

.got.plt        0x00000000004039b8      0x138
 *(.got.plt)
 .got.plt       0x00000000004039b8      0x138 uspace/app_mkfat.p/app_mkfat_mkfat.c.o
                0x00000000004039b8                _GLOBAL_OFFSET_TABLE_
 *(.igot.plt)
 .igot.plt      0x0000000000403af0        0x0 uspace/app_mkfat.p/app_mkfat_mkfat.c.o

.data           0x0000000000403b00       0x40
 *(.data .data.* .gnu.linkonce.d.*)
 .data.dcl      0x0000000000403b00       0x10 uspace/lib/libblock.a.p/block_block.c.o
 *fill*         0x0000000000403b10       0x10 
 .data.dcl_lock
                0x0000000000403b20       0x20 uspace/lib/libblock.a.p/block_block.c.o

.data1
 *(.data1)
                0x0000000000403b40                _edata = .
                [!provide]                        PROVIDE (edata = .)
                0x0000000000403b40                . = .
                0x0000000000403b40                __bss_start = .

.bss            0x0000000000403b40       0x48
 *(.dynbss)
 .dynbss        0x0000000000403b40       0x48 uspace/app_mkfat.p/app_mkfat_mkfat.c.o
                0x0000000000403b40                __progsymbols
 *(.bss .bss.* .gnu.linkonce.b.*)
 *(COMMON)
                0x0000000000403b88                . = ALIGN ((. != 0x0)?0x8:0x1)

.lbss
 *(.dynlbss)
 *(.lbss .lbss.* .gnu.linkonce.lb.*)
 *(LARGE_COMMON)
                0x0000000000403b88                . = ALIGN (0x8)
                0x0000000000403b88                . = SEGMENT_START ("ldata-segment", .)

.lrodata
 *(.lrodata .lrodata.* .gnu.linkonce.lr.*)

.ldata          0x0000000000405b88        0x0
 *(.ldata .ldata.* .gnu.linkonce.l.*)
                0x0000000000405b88                . = ALIGN ((. != 0x0)?0x8:0x1)
                0x0000000000405b88                . = ALIGN (0x8)
                0x0000000000403b88                _end = .
                [!provide]                        PROVIDE (end = .)
                0x0000000000405b88                . = DATA_SEGMENT_END (.)

.stab
 *(.stab)

.stabstr
 *(.stabstr)

.stab.excl
 *(.stab.excl)

.stab.exclstr
 *(.stab.exclstr)

.stab.index
 *(.stab.index)

.stab.indexstr
 *(.stab.indexstr)

.comment        0x0000000000000000       0x12
 *(.comment)
 .comment       0x0000000000000000       0x12 uspace/app_mkfat.p/app_mkfat_mkfat.c.o
                                         0x13 (size before relaxing)
 .comment       0x0000000000000012       0x13 uspace/lib/c/libstartfiles.a.p/generic_crt_crt1.c.o
 .comment       0x0000000000000012       0x13 uspace/lib/libblock.a.p/block_block.c.o
 .comment       0x0000000000000012       0x13 uspace/lib/libdevice.a.p/device_src_bd.c.o

.gnu.build.attributes
 *(.gnu.build.attributes .gnu.build.attributes.*)

.debug
 *(.debug)

.line
 *(.line)

.debug_srcinfo
 *(.debug_srcinfo)

.debug_sfnames
 *(.debug_sfnames)

.debug_aranges
 *(.debug_aranges)

.debug_pubnames
 *(.debug_pubnames)

.debug_info
 *(.debug_info .gnu.linkonce.wi.*)

.debug_abbrev
 *(.debug_abbrev)

.debug_line
 *(.debug_line .debug_line.* .debug_line_end)

.debug_frame
 *(.debug_frame)

.debug_str
 *(.debug_str)

.debug_loc
 *(.debug_loc)

.debug_macinfo
 *(.debug_macinfo)

.debug_weaknames
 *(.debug_weaknames)

.debug_funcnames
 *(.debug_funcnames)

.debug_typenames
 *(.debug_typenames)

.debug_varnames
 *(.debug_varnames)

.debug_pubtypes
 *(.debug_pubtypes)

.debug_ranges
 *(.debug_ranges)

.debug_addr
 *(.debug_addr)

.debug_line_str
 *(.debug_line_str)

.debug_loclists
 *(.debug_loclists)

.debug_macro
 *(.debug_macro)

.debug_names
 *(.debug_names)

.debug_rnglists
 *(.debug_rnglists)

.debug_str_offsets
 *(.debug_str_offsets)

.debug_sup
 *(.debug_sup)

.gnu.attributes
 *(.gnu.attributes)

/DISCARD/
 *(.note.GNU-stack)
 *(.gnu_debuglink)
 *(.gnu.lto_*)
OUTPUT(uspace/app_mkfat elf64-x86-64)
