Archive member included to satisfy reference by file (symbol)

uspace/lib/c/libstartfiles.a.p/arch_amd64_src_crt0.S.o
                              (--whole-archive)
uspace/lib/c/libstartfiles.a.p/generic_crt_crt1.c.o
                              (--whole-archive)
uspace/lib/libdevice.a.p/device_src_devman.c.o
                              uspace/app_devctl.p/app_devctl_devctl.c.o (devman_fun_get_handle)

As-needed library included to satisfy reference by file (symbol)

libc.so.0                     uspace/app_devctl.p/app_devctl_devctl.c.o (printf)

Discarded input sections

 .text          0x0000000000000000        0x0 uspace/app_devctl.p/app_devctl_devctl.c.o
 .data          0x0000000000000000        0x0 uspace/app_devctl.p/app_devctl_devctl.c.o
 .bss           0x0000000000000000        0x0 uspace/app_devctl.p/app_devctl_devctl.c.o
 .data          0x0000000000000000        0x0 uspace/lib/c/libstartfiles.a.p/arch_amd64_src_crt0.S.o
 .bss           0x0000000000000000        0x0 uspace/lib/c/libstartfiles.a.p/arch_amd64_src_crt0.S.o
 .text          0x0000000000000000        0x0 uspace/lib/c/libstartfiles.a.p/generic_crt_crt1.c.o
 .data          0x0000000000000000        0x0 uspace/lib/c/libstartfiles.a.p/generic_crt_crt1.c.o
 .bss           0x0000000000000000        0x0 uspace/lib/c/libstartfiles.a.p/generic_crt_crt1.c.o
 .text          0x0000000000000000        0x0 uspace/lib/libdevice.a.p/device_src_devman.c.o
 .data          0x0000000000000000        0x0 uspace/lib/libdevice.a.p/device_src_devman.c.o
 .bss           0x0000000000000000        0x0 uspace/lib/libdevice.a.p/device_src_devman.c.o
 .text.devman_exchange_begin
                0x0000000000000000       0xbc uspace/lib/libdevice.a.p/device_src_devman.c.o
 .text.devman_exchange_end
                0x0000000000000000        0xa uspace/lib/libdevice.a.p/device_src_devman.c.o
 .text.devman_driver_register
                0x0000000000000000      0x10f uspace/lib/libdevice.a.p/device_src_devman.c.o
 .text.devman_add_function
                0x0000000000000000      0x1b6 uspace/lib/libdevice.a.p/device_src_devman.c.o
 .text.devman_add_device_to_category
                0x0000000000000000       0xa1 uspace/lib/libdevice.a.p/device_src_devman.c.o
 .text.devman_device_connect
                0x0000000000000000       0x26 uspace/lib/libdevice.a.p/device_src_devman.c.o
 .text.devman_remove_function
                0x0000000000000000       0x3a uspace/lib/libdevice.a.p/device_src_devman.c.o
 .text.devman_drv_fun_online
                0x0000000000000000       0x96 uspace/lib/libdevice.a.p/device_src_devman.c.o
 .text.devman_drv_fun_offline
                0x0000000000000000       0x96 uspace/lib/libdevice.a.p/device_src_devman.c.o
 .text.devman_parent_device_connect
                0x0000000000000000       0x26 uspace/lib/libdevice.a.p/device_src_devman.c.o
 .text.devman_fun_sid_to_handle
                0x0000000000000000       0xb4 uspace/lib/libdevice.a.p/device_src_devman.c.o

Memory Configuration

Name             Origin             Length             Attributes
*default*        0x0000000000000000 0xffffffffffffffff

Linker script and memory map

LOAD uspace/app_devctl.p/app_devctl_devctl.c.o
START GROUP
LOAD uspace/lib/c/libstartfiles.a
LOAD uspace/lib/libdevice.a
LOAD uspace/lib/libc.so.0.0
LOAD /home/zyc/.local/share/HelenOS/cross/lib/gcc/amd64-helenos/13.2.0/libgcc.a
END GROUP
                0x0000000000400000                PROVIDE (__executable_start = SEGMENT_START ("text-segment", 0x400000))
                0x0000000000400120                . = (SEGMENT_START ("text-segment", 0x400000) + SIZEOF_HEADERS)

.interp
 *(.interp)

.note.gnu.build-id
 *(.note.gnu.build-id)

.hash           0x0000000000400120       0xd4
 *(.hash)
 .hash          0x0000000000400120       0xd4 uspace/app_devctl.p/app_devctl_devctl.c.o

.gnu.hash
 *(.gnu.hash)

.dynsym         0x00000000004001f8      0x330
 *(.dynsym)
 .dynsym        0x00000000004001f8      0x330 uspace/app_devctl.p/app_devctl_devctl.c.o

.dynstr         0x0000000000400528      0x1df
 *(.dynstr)
 .dynstr        0x0000000000400528      0x1df uspace/app_devctl.p/app_devctl_devctl.c.o

.gnu.version    0x0000000000400708        0x0
 *(.gnu.version)
 .gnu.version   0x0000000000400708        0x0 uspace/app_devctl.p/app_devctl_devctl.c.o

.gnu.version_d  0x0000000000400708        0x0
 *(.gnu.version_d)
 .gnu.version_d
                0x0000000000400708        0x0 uspace/app_devctl.p/app_devctl_devctl.c.o

.gnu.version_r  0x0000000000400708        0x0
 *(.gnu.version_r)
 .gnu.version_r
                0x0000000000400708        0x0 uspace/app_devctl.p/app_devctl_devctl.c.o

.rela.dyn       0x0000000000400708       0x30
 *(.rela.init)
 *(.rela.text .rela.text.* .rela.gnu.linkonce.t.*)
 .rela.text.startup.main
                0x0000000000400708        0x0 uspace/app_devctl.p/app_devctl_devctl.c.o
 .rela.text.__c_start
                0x0000000000400708        0x0 uspace/app_devctl.p/app_devctl_devctl.c.o
 *(.rela.fini)
 *(.rela.rodata .rela.rodata.* .rela.gnu.linkonce.r.*)
 .rela.rodata.cst8
                0x0000000000400708        0x0 uspace/app_devctl.p/app_devctl_devctl.c.o
 *(.rela.data .rela.data.* .rela.gnu.linkonce.d.*)
 .rela.data.rel.ro
                0x0000000000400708        0x0 uspace/app_devctl.p/app_devctl_devctl.c.o
 *(.rela.tdata .rela.tdata.* .rela.gnu.linkonce.td.*)
 *(.rela.tbss .rela.tbss.* .rela.gnu.linkonce.tb.*)
 *(.rela.ctors)
 *(.rela.dtors)
 *(.rela.got)
 .rela.got      0x0000000000400708        0x0 uspace/app_devctl.p/app_devctl_devctl.c.o
 *(.rela.bss .rela.bss.* .rela.gnu.linkonce.b.*)
 .rela.bss      0x0000000000400708       0x30 uspace/app_devctl.p/app_devctl_devctl.c.o
 *(.rela.ldata .rela.ldata.* .rela.gnu.linkonce.l.*)
 *(.rela.lbss .rela.lbss.* .rela.gnu.linkonce.lb.*)
 *(.rela.lrodata .rela.lrodata.* .rela.gnu.linkonce.lr.*)
 *(.rela.ifunc)

.rela.plt       0x0000000000400738      0x2e8
 *(.rela.plt)
 .rela.plt      0x0000000000400738      0x2e8 uspace/app_devctl.p/app_devctl_devctl.c.o
                [!provide]                        PROVIDE (__rela_iplt_start = .)
 *(.rela.iplt)
 .rela.iplt     0x0000000000400a20        0x0 uspace/app_devctl.p/app_devctl_devctl.c.o
                [!provide]                        PROVIDE (__rela_iplt_end = .)

.relr.dyn
 *(.relr.dyn)

.init
 *(SORT_NONE(.init))

.plt            0x0000000000400a20      0x200
 *(.plt)
 .plt           0x0000000000400a20      0x200 uspace/app_devctl.p/app_devctl_devctl.c.o
                0x0000000000400a30                printf
                0x0000000000400a40                async_req_1_1
                0x0000000000400a50                async_send_2
                0x0000000000400a60                async_wait_for
                0x0000000000400a70                async_data_write_start
                0x0000000000400a80                table_destroy
                0x0000000000400a90                table_header_row
                0x0000000000400aa0                service_connect_blocking
                0x0000000000400ab0                table_create
                0x0000000000400ac0                async_send_1
                0x0000000000400ad0                puts
                0x0000000000400ae0                malloc
                0x0000000000400af0                async_req_1_0
                0x0000000000400b00                async_data_read
                0x0000000000400b10                async_exchange_end
                0x0000000000400b20                fibril_mutex_unlock
                0x0000000000400b30                str_cmp
                0x0000000000400b40                __helenos_assert_abort
                0x0000000000400b50                async_data_read_start
                0x0000000000400b60                str_cpy
                0x0000000000400b70                table_print_out
                0x0000000000400b80                str_size
                0x0000000000400b90                async_exchange_begin
                0x0000000000400ba0                async_send_0
                0x0000000000400bb0                str_error
                0x0000000000400bc0                __libc_main
                0x0000000000400bd0                async_forget
                0x0000000000400be0                service_connect
                0x0000000000400bf0                table_printf
                0x0000000000400c00                free
                0x0000000000400c10                fibril_mutex_lock
 *(.iplt)
 .iplt          0x0000000000400c20        0x0 uspace/app_devctl.p/app_devctl_devctl.c.o

.plt.got        0x0000000000400c20        0x0
 *(.plt.got)
 .plt.got       0x0000000000400c20        0x0 uspace/app_devctl.p/app_devctl_devctl.c.o

.plt.sec
 *(.plt.sec)

.text           0x0000000000400c20     0x2726
 *(.text.unlikely .text.*_unlikely .text.unlikely.*)
 *(.text.exit .text.exit.*)
 *(.text.startup .text.startup.*)
 .text.startup.main
                0x0000000000400c20     0x12c3 uspace/app_devctl.p/app_devctl_devctl.c.o
                0x0000000000400c20                main
 *(.text.hot .text.hot.*)
 *(SORT_BY_NAME(.text.sorted.*))
 *(.text .stub .text.* .gnu.linkonce.t.*)
 *fill*         0x0000000000401ee3        0xd 
 .text.print_syntax
                0x0000000000401ef0       0x55 uspace/app_devctl.p/app_devctl_devctl.c.o
 *fill*         0x0000000000401f45        0xb 
 .text.fun_subtree_print.isra.0
                0x0000000000401f50      0x1d2 uspace/app_devctl.p/app_devctl_devctl.c.o
 .text          0x0000000000402122        0xc uspace/lib/c/libstartfiles.a.p/arch_amd64_src_crt0.S.o
                0x0000000000402122                _start
 *fill*         0x000000000040212e        0x2 
 .text.__c_start
                0x0000000000402130       0x8c uspace/lib/c/libstartfiles.a.p/generic_crt_crt1.c.o
                0x0000000000402130                __c_start
 *fill*         0x00000000004021bc        0x4 
 .text.devman_exchange_begin_blocking
                0x00000000004021c0      0x1ec uspace/lib/libdevice.a.p/device_src_devman.c.o
                0x00000000004021c0                devman_exchange_begin_blocking
 *fill*         0x00000000004023ac        0x4 
 .text.devman_get_handles_internal
                0x00000000004023b0      0x1a2 uspace/lib/libdevice.a.p/device_src_devman.c.o
 *fill*         0x0000000000402552        0xe 
 .text.devman_fun_get_handle
                0x0000000000402560      0x15c uspace/lib/libdevice.a.p/device_src_devman.c.o
                0x0000000000402560                devman_fun_get_handle
 *fill*         0x00000000004026bc        0x4 
 .text.devman_fun_get_path
                0x00000000004026c0       0xf2 uspace/lib/libdevice.a.p/device_src_devman.c.o
                0x00000000004026c0                devman_fun_get_path
 *fill*         0x00000000004027b2        0xe 
 .text.devman_fun_get_match_id
                0x00000000004027c0      0x108 uspace/lib/libdevice.a.p/device_src_devman.c.o
                0x00000000004027c0                devman_fun_get_match_id
 *fill*         0x00000000004028c8        0x8 
 .text.devman_fun_get_name
                0x00000000004028d0       0xf2 uspace/lib/libdevice.a.p/device_src_devman.c.o
                0x00000000004028d0                devman_fun_get_name
 *fill*         0x00000000004029c2        0xe 
 .text.devman_fun_get_driver_name
                0x00000000004029d0       0xf2 uspace/lib/libdevice.a.p/device_src_devman.c.o
                0x00000000004029d0                devman_fun_get_driver_name
 *fill*         0x0000000000402ac2        0xe 
 .text.devman_fun_online
                0x0000000000402ad0       0x96 uspace/lib/libdevice.a.p/device_src_devman.c.o
                0x0000000000402ad0                devman_fun_online
 *fill*         0x0000000000402b66        0xa 
 .text.devman_fun_offline
                0x0000000000402b70       0x96 uspace/lib/libdevice.a.p/device_src_devman.c.o
                0x0000000000402b70                devman_fun_offline
 *fill*         0x0000000000402c06        0xa 
 .text.devman_fun_get_child
                0x0000000000402c10       0xb4 uspace/lib/libdevice.a.p/device_src_devman.c.o
                0x0000000000402c10                devman_fun_get_child
 *fill*         0x0000000000402cc4        0xc 
 .text.devman_dev_get_functions
                0x0000000000402cd0       0x18 uspace/lib/libdevice.a.p/device_src_devman.c.o
                0x0000000000402cd0                devman_dev_get_functions
 *fill*         0x0000000000402ce8        0x8 
 .text.devman_dev_get_parent
                0x0000000000402cf0       0xb4 uspace/lib/libdevice.a.p/device_src_devman.c.o
                0x0000000000402cf0                devman_dev_get_parent
 *fill*         0x0000000000402da4        0xc 
 .text.devman_get_drivers
                0x0000000000402db0       0x17 uspace/lib/libdevice.a.p/device_src_devman.c.o
                0x0000000000402db0                devman_get_drivers
 *fill*         0x0000000000402dc7        0x9 
 .text.devman_driver_get_devices
                0x0000000000402dd0       0x18 uspace/lib/libdevice.a.p/device_src_devman.c.o
                0x0000000000402dd0                devman_driver_get_devices
 *fill*         0x0000000000402de8        0x8 
 .text.devman_driver_get_handle
                0x0000000000402df0      0x142 uspace/lib/libdevice.a.p/device_src_devman.c.o
                0x0000000000402df0                devman_driver_get_handle
 *fill*         0x0000000000402f32        0xe 
 .text.devman_driver_get_match_id
                0x0000000000402f40      0x108 uspace/lib/libdevice.a.p/device_src_devman.c.o
                0x0000000000402f40                devman_driver_get_match_id
 *fill*         0x0000000000403048        0x8 
 .text.devman_driver_get_name
                0x0000000000403050       0xf2 uspace/lib/libdevice.a.p/device_src_devman.c.o
                0x0000000000403050                devman_driver_get_name
 *fill*         0x0000000000403142        0xe 
 .text.devman_driver_get_state
                0x0000000000403150       0xbc uspace/lib/libdevice.a.p/device_src_devman.c.o
                0x0000000000403150                devman_driver_get_state
 *fill*         0x000000000040320c        0x4 
 .text.devman_driver_load
                0x0000000000403210       0x96 uspace/lib/libdevice.a.p/device_src_devman.c.o
                0x0000000000403210                devman_driver_load
 *fill*         0x00000000004032a6        0xa 
 .text.devman_driver_unload
                0x00000000004032b0       0x96 uspace/lib/libdevice.a.p/device_src_devman.c.o
                0x00000000004032b0                devman_driver_unload
 *(.gnu.warning)

.fini
 *(SORT_NONE(.fini))
                [!provide]                        PROVIDE (__etext = .)
                [!provide]                        PROVIDE (_etext = .)
                [!provide]                        PROVIDE (etext = .)

.rodata         0x0000000000403350      0x460
 *(.rodata .rodata.* .gnu.linkonce.r.*)
 .rodata.print_syntax.str1.1
                0x0000000000403350      0x179 uspace/app_devctl.p/app_devctl_devctl.c.o
                                         0x58 (size before relaxing)
 *fill*         0x00000000004034c9        0x7 
 .rodata.print_syntax.str1.8
                0x00000000004034d0      0x2bd uspace/app_devctl.p/app_devctl_devctl.c.o
                                         0x61 (size before relaxing)
 .rodata.fun_subtree_print.isra.0.str1.1
                0x000000000040378d       0x1f uspace/app_devctl.p/app_devctl_devctl.c.o
 .rodata.fun_subtree_print.isra.0.str1.8
                0x000000000040378d       0x71 uspace/app_devctl.p/app_devctl_devctl.c.o
 .rodata.main.str1.1
                0x000000000040378d       0xe3 uspace/app_devctl.p/app_devctl_devctl.c.o
 .rodata.main.str1.8
                0x000000000040378d      0x1a8 uspace/app_devctl.p/app_devctl_devctl.c.o
 .rodata.str1.1
                0x000000000040378d       0x1d uspace/app_devctl.p/app_devctl_devctl.c.o
 *fill*         0x000000000040378d        0x3 
 .rodata.CSWTCH.36
                0x0000000000403790       0x18 uspace/app_devctl.p/app_devctl_devctl.c.o
 .rodata.cst8   0x00000000004037a8        0x8 uspace/lib/c/libstartfiles.a.p/generic_crt_crt1.c.o
 .rodata.devman_fun_get_path.str1.8
                0x00000000004037b0       0x2d uspace/lib/libdevice.a.p/device_src_devman.c.o
 .rodata.devman_fun_get_path.str1.1
                0x00000000004037b0       0x19 uspace/lib/libdevice.a.p/device_src_devman.c.o

.rodata1
 *(.rodata1)

.eh_frame_hdr   0x00000000004037b0       0xd4
 *(.eh_frame_hdr)
 .eh_frame_hdr  0x00000000004037b0       0xd4 uspace/app_devctl.p/app_devctl_devctl.c.o
                0x00000000004037b0                __GNU_EH_FRAME_HDR
 *(.eh_frame_entry .eh_frame_entry.*)

.eh_frame       0x0000000000403888      0x498
 *(.eh_frame)
 .eh_frame      0x0000000000403888       0xa0 uspace/app_devctl.p/app_devctl_devctl.c.o
 .eh_frame      0x0000000000403928       0x28 uspace/app_devctl.p/app_devctl_devctl.c.o
                                         0x40 (size before relaxing)
 .eh_frame      0x0000000000403950        0x0 uspace/app_devctl.p/app_devctl_devctl.c.o
 .eh_frame      0x0000000000403950       0x20 uspace/lib/c/libstartfiles.a.p/generic_crt_crt1.c.o
                                         0x38 (size before relaxing)
 .eh_frame      0x0000000000403970      0x3b0 uspace/lib/libdevice.a.p/device_src_devman.c.o
                                        0x598 (size before relaxing)
 *(.eh_frame.*)

.sframe         0x0000000000403d20        0x0
 *(.sframe)
 .sframe        0x0000000000403d20        0x0 uspace/app_devctl.p/app_devctl_devctl.c.o
 *(.sframe.*)

.gcc_except_table
 *(.gcc_except_table .gcc_except_table.*)

.gnu_extab
 *(.gnu_extab*)

.exception_ranges
 *(.exception_ranges*)
                0x0000000000404000                . = DATA_SEGMENT_ALIGN (CONSTANT (MAXPAGESIZE), CONSTANT (COMMONPAGESIZE))

.eh_frame
 *(.eh_frame)
 *(.eh_frame.*)

.sframe
 *(.sframe)
 *(.sframe.*)

.gnu_extab
 *(.gnu_extab)

.gcc_except_table
 *(.gcc_except_table .gcc_except_table.*)

.exception_ranges
 *(.exception_ranges*)

.tdata          0x0000000000404000        0x0
                [!provide]                        PROVIDE (__tdata_start = .)
 *(.tdata .tdata.* .gnu.linkonce.td.*)

.tbss
 *(.tbss .tbss.* .gnu.linkonce.tb.*)
 *(.tcommon)

.preinit_array  0x0000000000404000        0x0
                0x0000000000404000                PROVIDE (__preinit_array_start = .)
 *(.preinit_array)
                0x0000000000404000                PROVIDE (__preinit_array_end = .)

.init_array     0x0000000000404000        0x0
                0x0000000000404000                PROVIDE (__init_array_start = .)
 *(SORT_BY_INIT_PRIORITY(.init_array.*) SORT_BY_INIT_PRIORITY(.ctors.*))
 *(.init_array EXCLUDE_FILE(*crtend?.o *crtend.o *crtbegin?.o *crtbegin.o) .ctors)
                0x0000000000404000                PROVIDE (__init_array_end = .)

.fini_array     0x0000000000404000        0x0
                0x0000000000404000                PROVIDE (__fini_array_start = .)
 *(SORT_BY_INIT_PRIORITY(.fini_array.*) SORT_BY_INIT_PRIORITY(.dtors.*))
 *(.fini_array EXCLUDE_FILE(*crtend?.o *crtend.o *crtbegin?.o *crtbegin.o) .dtors)
                0x0000000000404000                PROVIDE (__fini_array_end = .)

.ctors
 *crtbegin.o(.ctors)
 *crtbegin?.o(.ctors)
 *(EXCLUDE_FILE(*crtend?.o *crtend.o) .ctors)
 *(SORT_BY_NAME(.ctors.*))
 *(.ctors)

.dtors
 *crtbegin.o(.dtors)
 *crtbegin?.o(.dtors)
 *(EXCLUDE_FILE(*crtend?.o *crtend.o) .dtors)
 *(SORT_BY_NAME(.dtors.*))
 *(.dtors)

.jcr
 *(.jcr)

.data.rel.ro    0x0000000000404000        0x0
 *(.data.rel.ro.local* .gnu.linkonce.d.rel.ro.local.*)
 *(.data.rel.ro .data.rel.ro.* .gnu.linkonce.d.rel.ro.*)
 .data.rel.ro   0x0000000000404000        0x0 uspace/app_devctl.p/app_devctl_devctl.c.o

.dynamic        0x0000000000404000      0x150
 *(.dynamic)
 .dynamic       0x0000000000404000      0x150 uspace/app_devctl.p/app_devctl_devctl.c.o
                0x0000000000404000                _DYNAMIC

.got            0x0000000000404150        0x0
 *(.got)
 .got           0x0000000000404150        0x0 uspace/app_devctl.p/app_devctl_devctl.c.o
 *(.igot)
                0x0000000000404150                . = DATA_SEGMENT_RELRO_END (., (SIZEOF (.got.plt) >= 0x18)?0x18:0x0)

.got.plt        0x0000000000404150      0x110
 *(.got.plt)
 .got.plt       0x0000000000404150      0x110 uspace/app_devctl.p/app_devctl_devctl.c.o
                0x0000000000404150                _GLOBAL_OFFSET_TABLE_
 *(.igot.plt)
 .igot.plt      0x0000000000404260        0x0 uspace/app_devctl.p/app_devctl_devctl.c.o

.data           0x0000000000404260       0x80
 *(.data .data.* .gnu.linkonce.d.*)
 .data.devman_client_mutex
                0x0000000000404260       0x20 uspace/lib/libdevice.a.p/device_src_devman.c.o
 .data.devman_driver_mutex
                0x0000000000404280       0x20 uspace/lib/libdevice.a.p/device_src_devman.c.o
 .data.devman_client_block_mutex
                0x00000000004042a0       0x20 uspace/lib/libdevice.a.p/device_src_devman.c.o
 .data.devman_driver_block_mutex
                0x00000000004042c0       0x20 uspace/lib/libdevice.a.p/device_src_devman.c.o

.data1
 *(.data1)
                0x00000000004042e0                _edata = .
                [!provide]                        PROVIDE (edata = .)
                0x00000000004042e0                . = .
                0x00000000004042e0                __bss_start = .

.bss            0x00000000004042e0      0x8a0
 *(.dynbss)
 .dynbss        0x00000000004042e0       0x68 uspace/app_devctl.p/app_devctl_devctl.c.o
                0x00000000004042e0                stdout
                0x0000000000404300                __progsymbols
 *(.bss .bss.* .gnu.linkonce.b.*)
 .bss.verbose   0x0000000000404348        0x1 uspace/app_devctl.p/app_devctl_devctl.c.o
 *fill*         0x0000000000404349       0x17 
 .bss.drv_name  0x0000000000404360      0x400 uspace/app_devctl.p/app_devctl_devctl.c.o
 .bss.name      0x0000000000404760      0x400 uspace/app_devctl.p/app_devctl_devctl.c.o
 .bss.devman_client_sess
                0x0000000000404b60        0x8 uspace/lib/libdevice.a.p/device_src_devman.c.o
 .bss.devman_driver_sess
                0x0000000000404b68        0x8 uspace/lib/libdevice.a.p/device_src_devman.c.o
 .bss.devman_client_block_sess
                0x0000000000404b70        0x8 uspace/lib/libdevice.a.p/device_src_devman.c.o
 .bss.devman_driver_block_sess
                0x0000000000404b78        0x8 uspace/lib/libdevice.a.p/device_src_devman.c.o
 *(COMMON)
                0x0000000000404b80                . = ALIGN ((. != 0x0)?0x8:0x1)

.lbss
 *(.dynlbss)
 *(.lbss .lbss.* .gnu.linkonce.lb.*)
 *(LARGE_COMMON)
                0x0000000000404b80                . = ALIGN (0x8)
                0x0000000000404b80                . = SEGMENT_START ("ldata-segment", .)

.lrodata
 *(.lrodata .lrodata.* .gnu.linkonce.lr.*)

.ldata          0x0000000000406b80        0x0
 *(.ldata .ldata.* .gnu.linkonce.l.*)
                0x0000000000406b80                . = ALIGN ((. != 0x0)?0x8:0x1)
                0x0000000000406b80                . = ALIGN (0x8)
                0x0000000000404b80                _end = .
                [!provide]                        PROVIDE (end = .)
                0x0000000000406b80                . = DATA_SEGMENT_END (.)

.stab
 *(.stab)

.stabstr
 *(.stabstr)

.stab.excl
 *(.stab.excl)

.stab.exclstr
 *(.stab.exclstr)

.stab.index
 *(.stab.index)

.stab.indexstr
 *(.stab.indexstr)

.comment        0x0000000000000000       0x12
 *(.comment)
 .comment       0x0000000000000000       0x12 uspace/app_devctl.p/app_devctl_devctl.c.o
                                         0x13 (size before relaxing)
 .comment       0x0000000000000012       0x13 uspace/lib/c/libstartfiles.a.p/generic_crt_crt1.c.o
 .comment       0x0000000000000012       0x13 uspace/lib/libdevice.a.p/device_src_devman.c.o

.gnu.build.attributes
 *(.gnu.build.attributes .gnu.build.attributes.*)

.debug
 *(.debug)

.line
 *(.line)

.debug_srcinfo
 *(.debug_srcinfo)

.debug_sfnames
 *(.debug_sfnames)

.debug_aranges
 *(.debug_aranges)

.debug_pubnames
 *(.debug_pubnames)

.debug_info
 *(.debug_info .gnu.linkonce.wi.*)

.debug_abbrev
 *(.debug_abbrev)

.debug_line
 *(.debug_line .debug_line.* .debug_line_end)

.debug_frame
 *(.debug_frame)

.debug_str
 *(.debug_str)

.debug_loc
 *(.debug_loc)

.debug_macinfo
 *(.debug_macinfo)

.debug_weaknames
 *(.debug_weaknames)

.debug_funcnames
 *(.debug_funcnames)

.debug_typenames
 *(.debug_typenames)

.debug_varnames
 *(.debug_varnames)

.debug_pubtypes
 *(.debug_pubtypes)

.debug_ranges
 *(.debug_ranges)

.debug_addr
 *(.debug_addr)

.debug_line_str
 *(.debug_line_str)

.debug_loclists
 *(.debug_loclists)

.debug_macro
 *(.debug_macro)

.debug_names
 *(.debug_names)

.debug_rnglists
 *(.debug_rnglists)

.debug_str_offsets
 *(.debug_str_offsets)

.debug_sup
 *(.debug_sup)

.gnu.attributes
 *(.gnu.attributes)

/DISCARD/
 *(.note.GNU-stack)
 *(.gnu_debuglink)
 *(.gnu.lto_*)
OUTPUT(uspace/app_devctl elf64-x86-64)
