Archive member included to satisfy reference by file (symbol)

uspace/lib/c/libstartfiles.a.p/arch_amd64_src_crt0.S.o
                              (--whole-archive)
uspace/lib/c/libstartfiles.a.p/generic_crt_crt1.c.o
                              (--whole-archive)
uspace/lib/libdrv.a.p/drv_generic_remote_audio_mixer.c.o
                              uspace/app_mixerctl.p/app_mixerctl_mixerctl.c.o (audio_mixer_get_info)

As-needed library included to satisfy reference by file (symbol)

libc.so.0                     uspace/app_mixerctl.p/app_mixerctl_mixerctl.c.o (loc_service_connect)

Discarded input sections

 .text          0x0000000000000000        0x0 uspace/app_mixerctl.p/app_mixerctl_mixerctl.c.o
 .data          0x0000000000000000        0x0 uspace/app_mixerctl.p/app_mixerctl_mixerctl.c.o
 .bss           0x0000000000000000        0x0 uspace/app_mixerctl.p/app_mixerctl_mixerctl.c.o
 .data          0x0000000000000000        0x0 uspace/lib/c/libstartfiles.a.p/arch_amd64_src_crt0.S.o
 .bss           0x0000000000000000        0x0 uspace/lib/c/libstartfiles.a.p/arch_amd64_src_crt0.S.o
 .text          0x0000000000000000        0x0 uspace/lib/c/libstartfiles.a.p/generic_crt_crt1.c.o
 .data          0x0000000000000000        0x0 uspace/lib/c/libstartfiles.a.p/generic_crt_crt1.c.o
 .bss           0x0000000000000000        0x0 uspace/lib/c/libstartfiles.a.p/generic_crt_crt1.c.o
 .text          0x0000000000000000        0x0 uspace/lib/libdrv.a.p/drv_generic_remote_audio_mixer.c.o
 .data          0x0000000000000000        0x0 uspace/lib/libdrv.a.p/drv_generic_remote_audio_mixer.c.o
 .bss           0x0000000000000000        0x0 uspace/lib/libdrv.a.p/drv_generic_remote_audio_mixer.c.o
 .text.remote_audio_mixer_get_item_info
                0x0000000000000000      0x138 uspace/lib/libdrv.a.p/drv_generic_remote_audio_mixer.c.o
 .text.remote_audio_mixer_get_info
                0x0000000000000000      0x138 uspace/lib/libdrv.a.p/drv_generic_remote_audio_mixer.c.o
 .text.remote_audio_mixer_set_item_level
                0x0000000000000000       0x42 uspace/lib/libdrv.a.p/drv_generic_remote_audio_mixer.c.o
 .text.remote_audio_mixer_get_item_level
                0x0000000000000000       0x52 uspace/lib/libdrv.a.p/drv_generic_remote_audio_mixer.c.o
 .rodata.remote_audio_mixer_iface
                0x0000000000000000       0x10 uspace/lib/libdrv.a.p/drv_generic_remote_audio_mixer.c.o
 .rodata.remote_audio_mixer_iface_ops
                0x0000000000000000       0x20 uspace/lib/libdrv.a.p/drv_generic_remote_audio_mixer.c.o

Memory Configuration

Name             Origin             Length             Attributes
*default*        0x0000000000000000 0xffffffffffffffff

Linker script and memory map

LOAD uspace/app_mixerctl.p/app_mixerctl_mixerctl.c.o
START GROUP
LOAD uspace/lib/c/libstartfiles.a
LOAD uspace/lib/libdrv.a
LOAD uspace/lib/libinet.a
LOAD uspace/lib/libc.so.0.0
LOAD uspace/lib/libpcm.a
LOAD uspace/lib/libdevice.a
LOAD /home/zyc/.local/share/HelenOS/cross/lib/gcc/amd64-helenos/13.2.0/libgcc.a
END GROUP
                0x0000000000400000                PROVIDE (__executable_start = SEGMENT_START ("text-segment", 0x400000))
                0x0000000000400120                . = (SEGMENT_START ("text-segment", 0x400000) + SIZEOF_HEADERS)

.interp
 *(.interp)

.note.gnu.build-id
 *(.note.gnu.build-id)

.hash           0x0000000000400120       0xa0
 *(.hash)
 .hash          0x0000000000400120       0xa0 uspace/app_mixerctl.p/app_mixerctl_mixerctl.c.o

.gnu.hash
 *(.gnu.hash)

.dynsym         0x00000000004001c0      0x1f8
 *(.dynsym)
 .dynsym        0x00000000004001c0      0x1f8 uspace/app_mixerctl.p/app_mixerctl_mixerctl.c.o

.dynstr         0x00000000004003b8      0x129
 *(.dynstr)
 .dynstr        0x00000000004003b8      0x129 uspace/app_mixerctl.p/app_mixerctl_mixerctl.c.o

.gnu.version    0x00000000004004e2        0x0
 *(.gnu.version)
 .gnu.version   0x00000000004004e2        0x0 uspace/app_mixerctl.p/app_mixerctl_mixerctl.c.o

.gnu.version_d  0x00000000004004e8        0x0
 *(.gnu.version_d)
 .gnu.version_d
                0x00000000004004e8        0x0 uspace/app_mixerctl.p/app_mixerctl_mixerctl.c.o

.gnu.version_r  0x00000000004004e8        0x0
 *(.gnu.version_r)
 .gnu.version_r
                0x00000000004004e8        0x0 uspace/app_mixerctl.p/app_mixerctl_mixerctl.c.o

.rela.dyn       0x00000000004004e8       0x18
 *(.rela.init)
 *(.rela.text .rela.text.* .rela.gnu.linkonce.t.*)
 .rela.text.__c_start
                0x00000000004004e8        0x0 uspace/app_mixerctl.p/app_mixerctl_mixerctl.c.o
 *(.rela.fini)
 *(.rela.rodata .rela.rodata.* .rela.gnu.linkonce.r.*)
 .rela.rodata.cst8
                0x00000000004004e8        0x0 uspace/app_mixerctl.p/app_mixerctl_mixerctl.c.o
 *(.rela.data .rela.data.* .rela.gnu.linkonce.d.*)
 .rela.data.rel.ro
                0x00000000004004e8        0x0 uspace/app_mixerctl.p/app_mixerctl_mixerctl.c.o
 *(.rela.tdata .rela.tdata.* .rela.gnu.linkonce.td.*)
 *(.rela.tbss .rela.tbss.* .rela.gnu.linkonce.tb.*)
 *(.rela.ctors)
 *(.rela.dtors)
 *(.rela.got)
 .rela.got      0x00000000004004e8        0x0 uspace/app_mixerctl.p/app_mixerctl_mixerctl.c.o
 *(.rela.bss .rela.bss.* .rela.gnu.linkonce.b.*)
 .rela.bss      0x00000000004004e8       0x18 uspace/app_mixerctl.p/app_mixerctl_mixerctl.c.o
 *(.rela.ldata .rela.ldata.* .rela.gnu.linkonce.l.*)
 *(.rela.lbss .rela.lbss.* .rela.gnu.linkonce.lb.*)
 *(.rela.lrodata .rela.lrodata.* .rela.gnu.linkonce.lr.*)
 *(.rela.ifunc)

.rela.plt       0x0000000000400500      0x1c8
 *(.rela.plt)
 .rela.plt      0x0000000000400500      0x1c8 uspace/app_mixerctl.p/app_mixerctl_mixerctl.c.o
                [!provide]                        PROVIDE (__rela_iplt_start = .)
 *(.rela.iplt)
 .rela.iplt     0x00000000004006c8        0x0 uspace/app_mixerctl.p/app_mixerctl_mixerctl.c.o
                [!provide]                        PROVIDE (__rela_iplt_end = .)

.relr.dyn
 *(.relr.dyn)

.init
 *(SORT_NONE(.init))

.plt            0x00000000004006d0      0x140
 *(.plt)
 .plt           0x00000000004006d0      0x140 uspace/app_mixerctl.p/app_mixerctl_mixerctl.c.o
                0x00000000004006e0                loc_service_connect
                0x00000000004006f0                printf
                0x0000000000400700                async_hangup
                0x0000000000400710                puts
                0x0000000000400720                loc_service_get_id
                0x0000000000400730                async_req_2_1
                0x0000000000400740                async_exchange_end
                0x0000000000400750                calloc
                0x0000000000400760                async_req_1_2
                0x0000000000400770                async_req_2_2
                0x0000000000400780                str_cmp
                0x0000000000400790                __helenos_assert_abort
                0x00000000004007a0                async_data_read_start
                0x00000000004007b0                async_exchange_begin
                0x00000000004007c0                str_error
                0x00000000004007d0                str_uint16_t
                0x00000000004007e0                __libc_main
                0x00000000004007f0                async_req_3_0
                0x0000000000400800                free
 *(.iplt)
 .iplt          0x0000000000400810        0x0 uspace/app_mixerctl.p/app_mixerctl_mixerctl.c.o

.plt.got        0x0000000000400810        0x0
 *(.plt.got)
 .plt.got       0x0000000000400810        0x0 uspace/app_mixerctl.p/app_mixerctl_mixerctl.c.o

.plt.sec
 *(.plt.sec)

.text           0x0000000000400810      0x786
 *(.text.unlikely .text.*_unlikely .text.unlikely.*)
 *(.text.exit .text.exit.*)
 *(.text.startup .text.startup.*)
 .text.startup.main
                0x0000000000400810      0x2bb uspace/app_mixerctl.p/app_mixerctl_mixerctl.c.o
                0x0000000000400810                main
 *(.text.hot .text.hot.*)
 *(SORT_BY_NAME(.text.sorted.*))
 *(.text .stub .text.* .gnu.linkonce.t.*)
 *fill*         0x0000000000400acb        0x5 
 .text.get_level
                0x0000000000400ad0       0xcb uspace/app_mixerctl.p/app_mixerctl_mixerctl.c.o
 *fill*         0x0000000000400b9b        0x5 
 .text.set_level
                0x0000000000400ba0       0xf6 uspace/app_mixerctl.p/app_mixerctl_mixerctl.c.o
 .text          0x0000000000400c96        0xc uspace/lib/c/libstartfiles.a.p/arch_amd64_src_crt0.S.o
                0x0000000000400c96                _start
 *fill*         0x0000000000400ca2        0xe 
 .text.__c_start
                0x0000000000400cb0       0x8c uspace/lib/c/libstartfiles.a.p/generic_crt_crt1.c.o
                0x0000000000400cb0                __c_start
 *fill*         0x0000000000400d3c        0x4 
 .text.audio_mixer_get_info
                0x0000000000400d40       0xe6 uspace/lib/libdrv.a.p/drv_generic_remote_audio_mixer.c.o
                0x0000000000400d40                audio_mixer_get_info
 *fill*         0x0000000000400e26        0xa 
 .text.audio_mixer_get_item_info
                0x0000000000400e30       0xe6 uspace/lib/libdrv.a.p/drv_generic_remote_audio_mixer.c.o
                0x0000000000400e30                audio_mixer_get_item_info
 *fill*         0x0000000000400f16        0xa 
 .text.audio_mixer_set_item_level
                0x0000000000400f20       0x27 uspace/lib/libdrv.a.p/drv_generic_remote_audio_mixer.c.o
                0x0000000000400f20                audio_mixer_set_item_level
 *fill*         0x0000000000400f47        0x9 
 .text.audio_mixer_get_item_level
                0x0000000000400f50       0x46 uspace/lib/libdrv.a.p/drv_generic_remote_audio_mixer.c.o
                0x0000000000400f50                audio_mixer_get_item_level
 *(.gnu.warning)

.fini
 *(SORT_NONE(.fini))
                [!provide]                        PROVIDE (__etext = .)
                [!provide]                        PROVIDE (_etext = .)
                [!provide]                        PROVIDE (etext = .)

.rodata         0x0000000000400f98      0x2b0
 *(.rodata .rodata.* .gnu.linkonce.r.*)
 .rodata.get_level.str1.8
                0x0000000000400f98      0x242 uspace/app_mixerctl.p/app_mixerctl_mixerctl.c.o
                                         0x4f (size before relaxing)
 .rodata.get_level.str1.1
                0x00000000004011da       0x61 uspace/app_mixerctl.p/app_mixerctl_mixerctl.c.o
                                         0x3d (size before relaxing)
 .rodata.set_level.str1.8
                0x000000000040123b       0x6a uspace/app_mixerctl.p/app_mixerctl_mixerctl.c.o
 .rodata.main.str1.8
                0x000000000040123b      0x17a uspace/app_mixerctl.p/app_mixerctl_mixerctl.c.o
 .rodata.main.str1.1
                0x000000000040123b       0x24 uspace/app_mixerctl.p/app_mixerctl_mixerctl.c.o
 *fill*         0x000000000040123b        0x5 
 .rodata.cst8   0x0000000000401240        0x8 uspace/lib/c/libstartfiles.a.p/generic_crt_crt1.c.o

.rodata1
 *(.rodata1)

.eh_frame_hdr   0x0000000000401248       0x54
 *(.eh_frame_hdr)
 .eh_frame_hdr  0x0000000000401248       0x54 uspace/app_mixerctl.p/app_mixerctl_mixerctl.c.o
                0x0000000000401248                __GNU_EH_FRAME_HDR
 *(.eh_frame_entry .eh_frame_entry.*)

.eh_frame       0x00000000004012a0      0x198
 *(.eh_frame)
 .eh_frame      0x00000000004012a0       0xb0 uspace/app_mixerctl.p/app_mixerctl_mixerctl.c.o
 .eh_frame      0x0000000000401350       0x28 uspace/app_mixerctl.p/app_mixerctl_mixerctl.c.o
                                         0x40 (size before relaxing)
 .eh_frame      0x0000000000401378        0x0 uspace/app_mixerctl.p/app_mixerctl_mixerctl.c.o
 .eh_frame      0x0000000000401378       0x20 uspace/lib/c/libstartfiles.a.p/generic_crt_crt1.c.o
                                         0x38 (size before relaxing)
 .eh_frame      0x0000000000401398       0xa0 uspace/lib/libdrv.a.p/drv_generic_remote_audio_mixer.c.o
                                        0x188 (size before relaxing)
 *(.eh_frame.*)

.sframe         0x0000000000401438        0x0
 *(.sframe)
 .sframe        0x0000000000401438        0x0 uspace/app_mixerctl.p/app_mixerctl_mixerctl.c.o
 *(.sframe.*)

.gcc_except_table
 *(.gcc_except_table .gcc_except_table.*)

.gnu_extab
 *(.gnu_extab*)

.exception_ranges
 *(.exception_ranges*)
                0x0000000000402438                . = DATA_SEGMENT_ALIGN (CONSTANT (MAXPAGESIZE), CONSTANT (COMMONPAGESIZE))

.eh_frame
 *(.eh_frame)
 *(.eh_frame.*)

.sframe
 *(.sframe)
 *(.sframe.*)

.gnu_extab
 *(.gnu_extab)

.gcc_except_table
 *(.gcc_except_table .gcc_except_table.*)

.exception_ranges
 *(.exception_ranges*)

.tdata          0x0000000000402438        0x0
                [!provide]                        PROVIDE (__tdata_start = .)
 *(.tdata .tdata.* .gnu.linkonce.td.*)

.tbss
 *(.tbss .tbss.* .gnu.linkonce.tb.*)
 *(.tcommon)

.preinit_array  0x0000000000402438        0x0
                0x0000000000402438                PROVIDE (__preinit_array_start = .)
 *(.preinit_array)
                0x0000000000402438                PROVIDE (__preinit_array_end = .)

.init_array     0x0000000000402438        0x0
                0x0000000000402438                PROVIDE (__init_array_start = .)
 *(SORT_BY_INIT_PRIORITY(.init_array.*) SORT_BY_INIT_PRIORITY(.ctors.*))
 *(.init_array EXCLUDE_FILE(*crtend?.o *crtend.o *crtbegin?.o *crtbegin.o) .ctors)
                0x0000000000402438                PROVIDE (__init_array_end = .)

.fini_array     0x0000000000402438        0x0
                0x0000000000402438                PROVIDE (__fini_array_start = .)
 *(SORT_BY_INIT_PRIORITY(.fini_array.*) SORT_BY_INIT_PRIORITY(.dtors.*))
 *(.fini_array EXCLUDE_FILE(*crtend?.o *crtend.o *crtbegin?.o *crtbegin.o) .dtors)
                0x0000000000402438                PROVIDE (__fini_array_end = .)

.ctors
 *crtbegin.o(.ctors)
 *crtbegin?.o(.ctors)
 *(EXCLUDE_FILE(*crtend?.o *crtend.o) .ctors)
 *(SORT_BY_NAME(.ctors.*))
 *(.ctors)

.dtors
 *crtbegin.o(.dtors)
 *crtbegin?.o(.dtors)
 *(EXCLUDE_FILE(*crtend?.o *crtend.o) .dtors)
 *(SORT_BY_NAME(.dtors.*))
 *(.dtors)

.jcr
 *(.jcr)

.data.rel.ro    0x0000000000402438        0x0
 *(.data.rel.ro.local* .gnu.linkonce.d.rel.ro.local.*)
 *(.data.rel.ro .data.rel.ro.* .gnu.linkonce.d.rel.ro.*)
 .data.rel.ro   0x0000000000402438        0x0 uspace/app_mixerctl.p/app_mixerctl_mixerctl.c.o

.dynamic        0x0000000000402438      0x150
 *(.dynamic)
 .dynamic       0x0000000000402438      0x150 uspace/app_mixerctl.p/app_mixerctl_mixerctl.c.o
                0x0000000000402438                _DYNAMIC

.got            0x0000000000402588        0x0
 *(.got)
 .got           0x0000000000402588        0x0 uspace/app_mixerctl.p/app_mixerctl_mixerctl.c.o
 *(.igot)
                0x0000000000402588                . = DATA_SEGMENT_RELRO_END (., (SIZEOF (.got.plt) >= 0x18)?0x18:0x0)

.got.plt        0x0000000000402588       0xb0
 *(.got.plt)
 .got.plt       0x0000000000402588       0xb0 uspace/app_mixerctl.p/app_mixerctl_mixerctl.c.o
                0x0000000000402588                _GLOBAL_OFFSET_TABLE_
 *(.igot.plt)
 .igot.plt      0x0000000000402638        0x0 uspace/app_mixerctl.p/app_mixerctl_mixerctl.c.o

.data
 *(.data .data.* .gnu.linkonce.d.*)

.data1
 *(.data1)
                0x0000000000402638                _edata = .
                [!provide]                        PROVIDE (edata = .)
                0x0000000000402638                . = .
                0x0000000000402638                __bss_start = .

.bss            0x0000000000402640       0x48
 *(.dynbss)
 *fill*         0x0000000000402640        0x0 
 .dynbss        0x0000000000402640       0x48 uspace/app_mixerctl.p/app_mixerctl_mixerctl.c.o
                0x0000000000402640                __progsymbols
 *(.bss .bss.* .gnu.linkonce.b.*)
 *(COMMON)
                0x0000000000402688                . = ALIGN ((. != 0x0)?0x8:0x1)

.lbss
 *(.dynlbss)
 *(.lbss .lbss.* .gnu.linkonce.lb.*)
 *(LARGE_COMMON)
                0x0000000000402688                . = ALIGN (0x8)
                0x0000000000402688                . = SEGMENT_START ("ldata-segment", .)

.lrodata
 *(.lrodata .lrodata.* .gnu.linkonce.lr.*)

.ldata          0x0000000000404688        0x0
 *(.ldata .ldata.* .gnu.linkonce.l.*)
                0x0000000000404688                . = ALIGN ((. != 0x0)?0x8:0x1)
                0x0000000000404688                . = ALIGN (0x8)
                0x0000000000402688                _end = .
                [!provide]                        PROVIDE (end = .)
                0x0000000000404688                . = DATA_SEGMENT_END (.)

.stab
 *(.stab)

.stabstr
 *(.stabstr)

.stab.excl
 *(.stab.excl)

.stab.exclstr
 *(.stab.exclstr)

.stab.index
 *(.stab.index)

.stab.indexstr
 *(.stab.indexstr)

.comment        0x0000000000000000       0x12
 *(.comment)
 .comment       0x0000000000000000       0x12 uspace/app_mixerctl.p/app_mixerctl_mixerctl.c.o
                                         0x13 (size before relaxing)
 .comment       0x0000000000000012       0x13 uspace/lib/c/libstartfiles.a.p/generic_crt_crt1.c.o
 .comment       0x0000000000000012       0x13 uspace/lib/libdrv.a.p/drv_generic_remote_audio_mixer.c.o

.gnu.build.attributes
 *(.gnu.build.attributes .gnu.build.attributes.*)

.debug
 *(.debug)

.line
 *(.line)

.debug_srcinfo
 *(.debug_srcinfo)

.debug_sfnames
 *(.debug_sfnames)

.debug_aranges
 *(.debug_aranges)

.debug_pubnames
 *(.debug_pubnames)

.debug_info
 *(.debug_info .gnu.linkonce.wi.*)

.debug_abbrev
 *(.debug_abbrev)

.debug_line
 *(.debug_line .debug_line.* .debug_line_end)

.debug_frame
 *(.debug_frame)

.debug_str
 *(.debug_str)

.debug_loc
 *(.debug_loc)

.debug_macinfo
 *(.debug_macinfo)

.debug_weaknames
 *(.debug_weaknames)

.debug_funcnames
 *(.debug_funcnames)

.debug_typenames
 *(.debug_typenames)

.debug_varnames
 *(.debug_varnames)

.debug_pubtypes
 *(.debug_pubtypes)

.debug_ranges
 *(.debug_ranges)

.debug_addr
 *(.debug_addr)

.debug_line_str
 *(.debug_line_str)

.debug_loclists
 *(.debug_loclists)

.debug_macro
 *(.debug_macro)

.debug_names
 *(.debug_names)

.debug_rnglists
 *(.debug_rnglists)

.debug_str_offsets
 *(.debug_str_offsets)

.debug_sup
 *(.debug_sup)

.gnu.attributes
 *(.gnu.attributes)

/DISCARD/
 *(.note.GNU-stack)
 *(.gnu_debuglink)
 *(.gnu.lto_*)
OUTPUT(uspace/app_mixerctl elf64-x86-64)
