Archive member included to satisfy reference by file (symbol)

uspace/lib/c/libstartfiles.a.p/arch_amd64_src_crt0.S.o
                              (--whole-archive)
uspace/lib/c/libstartfiles.a.p/generic_crt_crt1.c.o
                              (--whole-archive)
uspace/lib/libdevice.a.p/device_src_io_chardev.c.o
                              uspace/srv_hid_isdv4_tablet.p/srv_hid_isdv4_tablet_isdv4.c.o (chardev_open)
uspace/lib/libdevice.a.p/device_src_io_serial.c.o
                              uspace/srv_hid_isdv4_tablet.p/srv_hid_isdv4_tablet_main.c.o (serial_open)

As-needed library included to satisfy reference by file (symbol)

libc.so.0                     uspace/srv_hid_isdv4_tablet.p/srv_hid_isdv4_tablet_main.c.o (loc_category_get_id)

Discarded input sections

 .text          0x0000000000000000        0x0 uspace/srv_hid_isdv4_tablet.p/srv_hid_isdv4_tablet_main.c.o
 .data          0x0000000000000000        0x0 uspace/srv_hid_isdv4_tablet.p/srv_hid_isdv4_tablet_main.c.o
 .bss           0x0000000000000000        0x0 uspace/srv_hid_isdv4_tablet.p/srv_hid_isdv4_tablet_main.c.o
 .text          0x0000000000000000        0x0 uspace/srv_hid_isdv4_tablet.p/srv_hid_isdv4_tablet_isdv4.c.o
 .data          0x0000000000000000        0x0 uspace/srv_hid_isdv4_tablet.p/srv_hid_isdv4_tablet_isdv4.c.o
 .bss           0x0000000000000000        0x0 uspace/srv_hid_isdv4_tablet.p/srv_hid_isdv4_tablet_isdv4.c.o
 .data          0x0000000000000000        0x0 uspace/lib/c/libstartfiles.a.p/arch_amd64_src_crt0.S.o
 .bss           0x0000000000000000        0x0 uspace/lib/c/libstartfiles.a.p/arch_amd64_src_crt0.S.o
 .text          0x0000000000000000        0x0 uspace/lib/c/libstartfiles.a.p/generic_crt_crt1.c.o
 .data          0x0000000000000000        0x0 uspace/lib/c/libstartfiles.a.p/generic_crt_crt1.c.o
 .bss           0x0000000000000000        0x0 uspace/lib/c/libstartfiles.a.p/generic_crt_crt1.c.o
 .text          0x0000000000000000        0x0 uspace/lib/libdevice.a.p/device_src_io_chardev.c.o
 .data          0x0000000000000000        0x0 uspace/lib/libdevice.a.p/device_src_io_chardev.c.o
 .bss           0x0000000000000000        0x0 uspace/lib/libdevice.a.p/device_src_io_chardev.c.o
 .text          0x0000000000000000        0x0 uspace/lib/libdevice.a.p/device_src_io_serial.c.o
 .data          0x0000000000000000        0x0 uspace/lib/libdevice.a.p/device_src_io_serial.c.o
 .bss           0x0000000000000000        0x0 uspace/lib/libdevice.a.p/device_src_io_serial.c.o
 .text.serial_close
                0x0000000000000000        0xa uspace/lib/libdevice.a.p/device_src_io_serial.c.o
 .text.serial_get_comm_props
                0x0000000000000000       0x84 uspace/lib/libdevice.a.p/device_src_io_serial.c.o

Memory Configuration

Name             Origin             Length             Attributes
*default*        0x0000000000000000 0xffffffffffffffff

Linker script and memory map

LOAD uspace/srv_hid_isdv4_tablet.p/srv_hid_isdv4_tablet_main.c.o
LOAD uspace/srv_hid_isdv4_tablet.p/srv_hid_isdv4_tablet_isdv4.c.o
START GROUP
LOAD uspace/lib/c/libstartfiles.a
LOAD uspace/lib/libdrv.a
LOAD uspace/lib/libinet.a
LOAD uspace/lib/libc.so.0.0
LOAD uspace/lib/libpcm.a
LOAD uspace/lib/libdevice.a
LOAD uspace/lib/libinput.a
LOAD /home/zyc/.local/share/HelenOS/cross/lib/gcc/amd64-helenos/13.2.0/libgcc.a
END GROUP
                0x0000000000400000                PROVIDE (__executable_start = SEGMENT_START ("text-segment", 0x400000))
                0x0000000000400120                . = (SEGMENT_START ("text-segment", 0x400000) + SIZEOF_HEADERS)

.interp
 *(.interp)

.note.gnu.build-id
 *(.note.gnu.build-id)

.hash           0x0000000000400120      0x164
 *(.hash)
 .hash          0x0000000000400120      0x164 uspace/srv_hid_isdv4_tablet.p/srv_hid_isdv4_tablet_main.c.o

.gnu.hash
 *(.gnu.hash)

.dynsym         0x0000000000400288      0x4b0
 *(.dynsym)
 .dynsym        0x0000000000400288      0x4b0 uspace/srv_hid_isdv4_tablet.p/srv_hid_isdv4_tablet_main.c.o

.dynstr         0x0000000000400738      0x2e1
 *(.dynstr)
 .dynstr        0x0000000000400738      0x2e1 uspace/srv_hid_isdv4_tablet.p/srv_hid_isdv4_tablet_main.c.o

.gnu.version    0x0000000000400a1a        0x0
 *(.gnu.version)
 .gnu.version   0x0000000000400a1a        0x0 uspace/srv_hid_isdv4_tablet.p/srv_hid_isdv4_tablet_main.c.o

.gnu.version_d  0x0000000000400a20        0x0
 *(.gnu.version_d)
 .gnu.version_d
                0x0000000000400a20        0x0 uspace/srv_hid_isdv4_tablet.p/srv_hid_isdv4_tablet_main.c.o

.gnu.version_r  0x0000000000400a20        0x0
 *(.gnu.version_r)
 .gnu.version_r
                0x0000000000400a20        0x0 uspace/srv_hid_isdv4_tablet.p/srv_hid_isdv4_tablet_main.c.o

.rela.dyn       0x0000000000400a20       0x30
 *(.rela.init)
 *(.rela.text .rela.text.* .rela.gnu.linkonce.t.*)
 .rela.text.read_fibril
                0x0000000000400a20        0x0 uspace/srv_hid_isdv4_tablet.p/srv_hid_isdv4_tablet_main.c.o
 .rela.text.startup.main
                0x0000000000400a20        0x0 uspace/srv_hid_isdv4_tablet.p/srv_hid_isdv4_tablet_main.c.o
 .rela.text.__c_start
                0x0000000000400a20        0x0 uspace/srv_hid_isdv4_tablet.p/srv_hid_isdv4_tablet_main.c.o
 *(.rela.fini)
 *(.rela.rodata .rela.rodata.* .rela.gnu.linkonce.r.*)
 .rela.rodata.cst8
                0x0000000000400a20        0x0 uspace/srv_hid_isdv4_tablet.p/srv_hid_isdv4_tablet_main.c.o
 *(.rela.data .rela.data.* .rela.gnu.linkonce.d.*)
 .rela.data.rel.ro
                0x0000000000400a20        0x0 uspace/srv_hid_isdv4_tablet.p/srv_hid_isdv4_tablet_main.c.o
 *(.rela.tdata .rela.tdata.* .rela.gnu.linkonce.td.*)
 *(.rela.tbss .rela.tbss.* .rela.gnu.linkonce.tb.*)
 *(.rela.ctors)
 *(.rela.dtors)
 *(.rela.got)
 .rela.got      0x0000000000400a20        0x0 uspace/srv_hid_isdv4_tablet.p/srv_hid_isdv4_tablet_main.c.o
 *(.rela.bss .rela.bss.* .rela.gnu.linkonce.b.*)
 .rela.bss      0x0000000000400a20       0x30 uspace/srv_hid_isdv4_tablet.p/srv_hid_isdv4_tablet_main.c.o
 *(.rela.ldata .rela.ldata.* .rela.gnu.linkonce.l.*)
 *(.rela.lbss .rela.lbss.* .rela.gnu.linkonce.lb.*)
 *(.rela.lrodata .rela.lrodata.* .rela.gnu.linkonce.lr.*)
 *(.rela.ifunc)

.rela.plt       0x0000000000400a50      0x468
 *(.rela.plt)
 .rela.plt      0x0000000000400a50      0x468 uspace/srv_hid_isdv4_tablet.p/srv_hid_isdv4_tablet_main.c.o
                [!provide]                        PROVIDE (__rela_iplt_start = .)
 *(.rela.iplt)
 .rela.iplt     0x0000000000400eb8        0x0 uspace/srv_hid_isdv4_tablet.p/srv_hid_isdv4_tablet_main.c.o
                [!provide]                        PROVIDE (__rela_iplt_end = .)

.relr.dyn
 *(.relr.dyn)

.init
 *(SORT_NONE(.init))

.plt            0x0000000000400ec0      0x300
 *(.plt)
 .plt           0x0000000000400ec0      0x300 uspace/srv_hid_isdv4_tablet.p/srv_hid_isdv4_tablet_main.c.o
                0x0000000000400ed0                loc_category_get_id
                0x0000000000400ee0                task_retval
                0x0000000000400ef0                loc_service_connect
                0x0000000000400f00                printf
                0x0000000000400f10                async_msg_4
                0x0000000000400f20                async_wait_for
                0x0000000000400f30                async_data_write_start
                0x0000000000400f40                loc_service_register
                0x0000000000400f50                async_get_call
                0x0000000000400f60                async_send_1
                0x0000000000400f70                memcpy
                0x0000000000400f80                loc_server_unregister
                0x0000000000400f90                puts
                0x0000000000400fa0                malloc
                0x0000000000400fb0                loc_service_get_id
                0x0000000000400fc0                async_answer_0
                0x0000000000400fd0                strtol
                0x0000000000400fe0                async_exchange_end
                0x0000000000400ff0                loc_service_get_name
                0x0000000000401000                calloc
                0x0000000000401010                fprintf
                0x0000000000401020                str_test_prefix
                0x0000000000401030                fibril_mutex_unlock
                0x0000000000401040                fibril_create
                0x0000000000401050                loc_service_add_to_cat
                0x0000000000401060                str_cmp
                0x0000000000401070                async_accept_0
                0x0000000000401080                async_data_read_start
                0x0000000000401090                asprintf
                0x00000000004010a0                loc_server_register
                0x00000000004010b0                loc_category_get_svcs
                0x00000000004010c0                fibril_usleep
                0x00000000004010d0                str_length
                0x00000000004010e0                async_exchange_begin
                0x00000000004010f0                async_send_0
                0x0000000000401100                fwrite
                0x0000000000401110                __libc_main
                0x0000000000401120                async_manager
                0x0000000000401130                async_forget
                0x0000000000401140                fibril_add_ready
                0x0000000000401150                str_lsize
                0x0000000000401160                async_set_fallback_port_handler
                0x0000000000401170                async_req_4_0
                0x0000000000401180                async_callback_receive
                0x0000000000401190                free
                0x00000000004011a0                fibril_mutex_lock
                0x00000000004011b0                async_msg_2
 *(.iplt)
 .iplt          0x00000000004011c0        0x0 uspace/srv_hid_isdv4_tablet.p/srv_hid_isdv4_tablet_main.c.o

.plt.got        0x00000000004011c0        0x0
 *(.plt.got)
 .plt.got       0x00000000004011c0        0x0 uspace/srv_hid_isdv4_tablet.p/srv_hid_isdv4_tablet_main.c.o

.plt.sec
 *(.plt.sec)

.text           0x00000000004011c0     0x18da
 *(.text.unlikely .text.*_unlikely .text.unlikely.*)
 *(.text.exit .text.exit.*)
 *(.text.startup .text.startup.*)
 .text.startup.main
                0x00000000004011c0      0x599 uspace/srv_hid_isdv4_tablet.p/srv_hid_isdv4_tablet_main.c.o
                0x00000000004011c0                main
 *(.text.hot .text.hot.*)
 *(SORT_BY_NAME(.text.sorted.*))
 *(.text .stub .text.* .gnu.linkonce.t.*)
 *fill*         0x0000000000401759        0x7 
 .text.mouse_connection
                0x0000000000401760       0x79 uspace/srv_hid_isdv4_tablet.p/srv_hid_isdv4_tablet_main.c.o
 *fill*         0x00000000004017d9        0x7 
 .text.emit_event
                0x00000000004017e0       0xb4 uspace/srv_hid_isdv4_tablet.p/srv_hid_isdv4_tablet_main.c.o
 *fill*         0x0000000000401894        0xc 
 .text.print_and_emit_event
                0x00000000004018a0       0x63 uspace/srv_hid_isdv4_tablet.p/srv_hid_isdv4_tablet_main.c.o
 *fill*         0x0000000000401903        0xd 
 .text.read_fibril
                0x0000000000401910       0x53 uspace/srv_hid_isdv4_tablet.p/srv_hid_isdv4_tablet_main.c.o
 *fill*         0x0000000000401963        0xd 
 .text.isdv4_init
                0x0000000000401970       0xb2 uspace/srv_hid_isdv4_tablet.p/srv_hid_isdv4_tablet_isdv4.c.o
                0x0000000000401970                isdv4_init
 *fill*         0x0000000000401a22        0xe 
 .text.isdv4_init_tablet
                0x0000000000401a30      0x697 uspace/srv_hid_isdv4_tablet.p/srv_hid_isdv4_tablet_isdv4.c.o
                0x0000000000401a30                isdv4_init_tablet
 *fill*         0x00000000004020c7        0x9 
 .text.isdv4_read_events
                0x00000000004020d0      0x631 uspace/srv_hid_isdv4_tablet.p/srv_hid_isdv4_tablet_isdv4.c.o
                0x00000000004020d0                isdv4_read_events
 *fill*         0x0000000000402701        0xf 
 .text.isdv4_fini
                0x0000000000402710        0xe uspace/srv_hid_isdv4_tablet.p/srv_hid_isdv4_tablet_isdv4.c.o
                0x0000000000402710                isdv4_fini
 .text          0x000000000040271e        0xc uspace/lib/c/libstartfiles.a.p/arch_amd64_src_crt0.S.o
                0x000000000040271e                _start
 *fill*         0x000000000040272a        0x6 
 .text.__c_start
                0x0000000000402730       0x8c uspace/lib/c/libstartfiles.a.p/generic_crt_crt1.c.o
                0x0000000000402730                __c_start
 *fill*         0x00000000004027bc        0x4 
 .text.chardev_open
                0x00000000004027c0       0x35 uspace/lib/libdevice.a.p/device_src_io_chardev.c.o
                0x00000000004027c0                chardev_open
 *fill*         0x00000000004027f5        0xb 
 .text.chardev_close
                0x0000000000402800        0xa uspace/lib/libdevice.a.p/device_src_io_chardev.c.o
                0x0000000000402800                chardev_close
 *fill*         0x000000000040280a        0x6 
 .text.chardev_read
                0x0000000000402810       0xc9 uspace/lib/libdevice.a.p/device_src_io_chardev.c.o
                0x0000000000402810                chardev_read
 *fill*         0x00000000004028d9        0x7 
 .text.chardev_write
                0x00000000004028e0      0x115 uspace/lib/libdevice.a.p/device_src_io_chardev.c.o
                0x00000000004028e0                chardev_write
 *fill*         0x00000000004029f5        0xb 
 .text.serial_open
                0x0000000000402a00       0x35 uspace/lib/libdevice.a.p/device_src_io_serial.c.o
                0x0000000000402a00                serial_open
 *fill*         0x0000000000402a35        0xb 
 .text.serial_set_comm_props
                0x0000000000402a40       0x5a uspace/lib/libdevice.a.p/device_src_io_serial.c.o
                0x0000000000402a40                serial_set_comm_props
 *(.gnu.warning)

.fini
 *(SORT_NONE(.fini))
                [!provide]                        PROVIDE (__etext = .)
                [!provide]                        PROVIDE (_etext = .)
                [!provide]                        PROVIDE (etext = .)

.rodata         0x0000000000402aa0      0x568
 *(.rodata .rodata.* .gnu.linkonce.r.*)
 .rodata.print_and_emit_event.str1.1
                0x0000000000402aa0      0x202 uspace/srv_hid_isdv4_tablet.p/srv_hid_isdv4_tablet_main.c.o
                                         0x1b (size before relaxing)
 .rodata.read_fibril.str1.1
                0x0000000000402ca2       0x16 uspace/srv_hid_isdv4_tablet.p/srv_hid_isdv4_tablet_main.c.o
 .rodata.main.str1.1
                0x0000000000402ca2      0x143 uspace/srv_hid_isdv4_tablet.p/srv_hid_isdv4_tablet_main.c.o
 *fill*         0x0000000000402ca2        0x6 
 .rodata.main.str1.8
                0x0000000000402ca8      0x286 uspace/srv_hid_isdv4_tablet.p/srv_hid_isdv4_tablet_main.c.o
                                        0x27e (size before relaxing)
 .rodata.str1.1
                0x0000000000402f2e       0x8e uspace/srv_hid_isdv4_tablet.p/srv_hid_isdv4_tablet_main.c.o
 *fill*         0x0000000000402f2e        0x2 
 .rodata.CSWTCH.46
                0x0000000000402f30       0x18 uspace/srv_hid_isdv4_tablet.p/srv_hid_isdv4_tablet_main.c.o
 *fill*         0x0000000000402f48       0x18 
 .rodata.CSWTCH.45
                0x0000000000402f60       0x28 uspace/srv_hid_isdv4_tablet.p/srv_hid_isdv4_tablet_main.c.o
 *fill*         0x0000000000402f88       0x18 
 .rodata.CSWTCH.39
                0x0000000000402fa0       0x30 uspace/srv_hid_isdv4_tablet.p/srv_hid_isdv4_tablet_main.c.o
 .rodata.cst8   0x0000000000402fd0       0x30 uspace/srv_hid_isdv4_tablet.p/srv_hid_isdv4_tablet_isdv4.c.o
 .rodata.cst8   0x0000000000403000        0x8 uspace/lib/c/libstartfiles.a.p/generic_crt_crt1.c.o

.rodata1
 *(.rodata1)

.eh_frame_hdr   0x0000000000403008       0x94
 *(.eh_frame_hdr)
 .eh_frame_hdr  0x0000000000403008       0x94 uspace/srv_hid_isdv4_tablet.p/srv_hid_isdv4_tablet_main.c.o
                0x0000000000403008                __GNU_EH_FRAME_HDR
 *(.eh_frame_entry .eh_frame_entry.*)

.eh_frame       0x00000000004030a0      0x2dc
 *(.eh_frame)
 .eh_frame      0x00000000004030a0       0xf0 uspace/srv_hid_isdv4_tablet.p/srv_hid_isdv4_tablet_main.c.o
 .eh_frame      0x0000000000403190       0x28 uspace/srv_hid_isdv4_tablet.p/srv_hid_isdv4_tablet_main.c.o
                                         0x40 (size before relaxing)
 .eh_frame      0x00000000004031b8        0x0 uspace/srv_hid_isdv4_tablet.p/srv_hid_isdv4_tablet_main.c.o
 .eh_frame      0x00000000004031b8       0xa8 uspace/srv_hid_isdv4_tablet.p/srv_hid_isdv4_tablet_isdv4.c.o
                                         0xc0 (size before relaxing)
 .eh_frame      0x0000000000403260       0x20 uspace/lib/c/libstartfiles.a.p/generic_crt_crt1.c.o
                                         0x38 (size before relaxing)
 .eh_frame      0x0000000000403280       0xa8 uspace/lib/libdevice.a.p/device_src_io_chardev.c.o
                                         0xc0 (size before relaxing)
 .eh_frame      0x0000000000403328       0x54 uspace/lib/libdevice.a.p/device_src_io_serial.c.o
                                         0xc0 (size before relaxing)
 *(.eh_frame.*)

.sframe         0x000000000040337c        0x0
 *(.sframe)
 .sframe        0x000000000040337c        0x0 uspace/srv_hid_isdv4_tablet.p/srv_hid_isdv4_tablet_main.c.o
 *(.sframe.*)

.gcc_except_table
 *(.gcc_except_table .gcc_except_table.*)

.gnu_extab
 *(.gnu_extab*)

.exception_ranges
 *(.exception_ranges*)
                0x000000000040437c                . = DATA_SEGMENT_ALIGN (CONSTANT (MAXPAGESIZE), CONSTANT (COMMONPAGESIZE))

.eh_frame
 *(.eh_frame)
 *(.eh_frame.*)

.sframe
 *(.sframe)
 *(.sframe.*)

.gnu_extab
 *(.gnu_extab)

.gcc_except_table
 *(.gcc_except_table .gcc_except_table.*)

.exception_ranges
 *(.exception_ranges*)

.tdata          0x000000000040437c        0x0
                [!provide]                        PROVIDE (__tdata_start = .)
 *(.tdata .tdata.* .gnu.linkonce.td.*)

.tbss
 *(.tbss .tbss.* .gnu.linkonce.tb.*)
 *(.tcommon)

.preinit_array  0x000000000040437c        0x0
                0x000000000040437c                PROVIDE (__preinit_array_start = .)
 *(.preinit_array)
                0x000000000040437c                PROVIDE (__preinit_array_end = .)

.init_array     0x000000000040437c        0x0
                0x000000000040437c                PROVIDE (__init_array_start = .)
 *(SORT_BY_INIT_PRIORITY(.init_array.*) SORT_BY_INIT_PRIORITY(.ctors.*))
 *(.init_array EXCLUDE_FILE(*crtend?.o *crtend.o *crtbegin?.o *crtbegin.o) .ctors)
                0x000000000040437c                PROVIDE (__init_array_end = .)

.fini_array     0x000000000040437c        0x0
                0x000000000040437c                PROVIDE (__fini_array_start = .)
 *(SORT_BY_INIT_PRIORITY(.fini_array.*) SORT_BY_INIT_PRIORITY(.dtors.*))
 *(.fini_array EXCLUDE_FILE(*crtend?.o *crtend.o *crtbegin?.o *crtbegin.o) .dtors)
                0x000000000040437c                PROVIDE (__fini_array_end = .)

.ctors
 *crtbegin.o(.ctors)
 *crtbegin?.o(.ctors)
 *(EXCLUDE_FILE(*crtend?.o *crtend.o) .ctors)
 *(SORT_BY_NAME(.ctors.*))
 *(.ctors)

.dtors
 *crtbegin.o(.dtors)
 *crtbegin?.o(.dtors)
 *(EXCLUDE_FILE(*crtend?.o *crtend.o) .dtors)
 *(SORT_BY_NAME(.dtors.*))
 *(.dtors)

.jcr
 *(.jcr)

.data.rel.ro    0x000000000040437c        0x0
 *(.data.rel.ro.local* .gnu.linkonce.d.rel.ro.local.*)
 *(.data.rel.ro .data.rel.ro.* .gnu.linkonce.d.rel.ro.*)
 .data.rel.ro   0x000000000040437c        0x0 uspace/srv_hid_isdv4_tablet.p/srv_hid_isdv4_tablet_main.c.o

.dynamic        0x0000000000404380      0x150
 *(.dynamic)
 .dynamic       0x0000000000404380      0x150 uspace/srv_hid_isdv4_tablet.p/srv_hid_isdv4_tablet_main.c.o
                0x0000000000404380                _DYNAMIC

.got            0x00000000004044d0        0x0
 *(.got)
 .got           0x00000000004044d0        0x0 uspace/srv_hid_isdv4_tablet.p/srv_hid_isdv4_tablet_main.c.o
 *(.igot)
                0x00000000004044d0                . = DATA_SEGMENT_RELRO_END (., (SIZEOF (.got.plt) >= 0x18)?0x18:0x0)

.got.plt        0x00000000004044d0      0x190
 *(.got.plt)
 .got.plt       0x00000000004044d0      0x190 uspace/srv_hid_isdv4_tablet.p/srv_hid_isdv4_tablet_main.c.o
                0x00000000004044d0                _GLOBAL_OFFSET_TABLE_
 *(.igot.plt)
 .igot.plt      0x0000000000404660        0x0 uspace/srv_hid_isdv4_tablet.p/srv_hid_isdv4_tablet_main.c.o

.data
 *(.data .data.* .gnu.linkonce.d.*)

.data1
 *(.data1)
                0x0000000000404660                _edata = .
                [!provide]                        PROVIDE (edata = .)
                0x0000000000404660                . = .
                0x0000000000404660                __bss_start = .

.bss            0x0000000000404660      0x108
 *(.dynbss)
 .dynbss        0x0000000000404660       0x68 uspace/srv_hid_isdv4_tablet.p/srv_hid_isdv4_tablet_main.c.o
                0x0000000000404660                __progsymbols
                0x00000000004046c0                stderr
 *(.bss .bss.* .gnu.linkonce.b.*)
 *fill*         0x00000000004046c8       0x18 
 .bss.state     0x00000000004046e0       0x60 uspace/srv_hid_isdv4_tablet.p/srv_hid_isdv4_tablet_main.c.o
 .bss.client_mutex
                0x0000000000404740       0x20 uspace/srv_hid_isdv4_tablet.p/srv_hid_isdv4_tablet_main.c.o
 .bss.client_sess
                0x0000000000404760        0x8 uspace/srv_hid_isdv4_tablet.p/srv_hid_isdv4_tablet_main.c.o
 *(COMMON)
                0x0000000000404768                . = ALIGN ((. != 0x0)?0x8:0x1)

.lbss
 *(.dynlbss)
 *(.lbss .lbss.* .gnu.linkonce.lb.*)
 *(LARGE_COMMON)
                0x0000000000404768                . = ALIGN (0x8)
                0x0000000000404768                . = SEGMENT_START ("ldata-segment", .)

.lrodata
 *(.lrodata .lrodata.* .gnu.linkonce.lr.*)

.ldata          0x0000000000406768        0x0
 *(.ldata .ldata.* .gnu.linkonce.l.*)
                0x0000000000406768                . = ALIGN ((. != 0x0)?0x8:0x1)
                0x0000000000406768                . = ALIGN (0x8)
                0x0000000000404768                _end = .
                [!provide]                        PROVIDE (end = .)
                0x0000000000406768                . = DATA_SEGMENT_END (.)

.stab
 *(.stab)

.stabstr
 *(.stabstr)

.stab.excl
 *(.stab.excl)

.stab.exclstr
 *(.stab.exclstr)

.stab.index
 *(.stab.index)

.stab.indexstr
 *(.stab.indexstr)

.comment        0x0000000000000000       0x12
 *(.comment)
 .comment       0x0000000000000000       0x12 uspace/srv_hid_isdv4_tablet.p/srv_hid_isdv4_tablet_main.c.o
                                         0x13 (size before relaxing)
 .comment       0x0000000000000012       0x13 uspace/srv_hid_isdv4_tablet.p/srv_hid_isdv4_tablet_isdv4.c.o
 .comment       0x0000000000000012       0x13 uspace/lib/c/libstartfiles.a.p/generic_crt_crt1.c.o
 .comment       0x0000000000000012       0x13 uspace/lib/libdevice.a.p/device_src_io_chardev.c.o
 .comment       0x0000000000000012       0x13 uspace/lib/libdevice.a.p/device_src_io_serial.c.o

.gnu.build.attributes
 *(.gnu.build.attributes .gnu.build.attributes.*)

.debug
 *(.debug)

.line
 *(.line)

.debug_srcinfo
 *(.debug_srcinfo)

.debug_sfnames
 *(.debug_sfnames)

.debug_aranges
 *(.debug_aranges)

.debug_pubnames
 *(.debug_pubnames)

.debug_info
 *(.debug_info .gnu.linkonce.wi.*)

.debug_abbrev
 *(.debug_abbrev)

.debug_line
 *(.debug_line .debug_line.* .debug_line_end)

.debug_frame
 *(.debug_frame)

.debug_str
 *(.debug_str)

.debug_loc
 *(.debug_loc)

.debug_macinfo
 *(.debug_macinfo)

.debug_weaknames
 *(.debug_weaknames)

.debug_funcnames
 *(.debug_funcnames)

.debug_typenames
 *(.debug_typenames)

.debug_varnames
 *(.debug_varnames)

.debug_pubtypes
 *(.debug_pubtypes)

.debug_ranges
 *(.debug_ranges)

.debug_addr
 *(.debug_addr)

.debug_line_str
 *(.debug_line_str)

.debug_loclists
 *(.debug_loclists)

.debug_macro
 *(.debug_macro)

.debug_names
 *(.debug_names)

.debug_rnglists
 *(.debug_rnglists)

.debug_str_offsets
 *(.debug_str_offsets)

.debug_sup
 *(.debug_sup)

.gnu.attributes
 *(.gnu.attributes)

/DISCARD/
 *(.note.GNU-stack)
 *(.gnu_debuglink)
 *(.gnu.lto_*)
OUTPUT(uspace/srv_hid_isdv4_tablet elf64-x86-64)
