Archive member included to satisfy reference by file (symbol)

uspace/lib/c/libstartfiles.a.p/arch_amd64_src_crt0.S.o
                              (--whole-archive)
uspace/lib/c/libstartfiles.a.p/generic_crt_crt1.c.o
                              (--whole-archive)
uspace/lib/libinet.a.p/inet_src_iplink_srv.c.o
                              uspace/srv_net_loopip.p/srv_net_loopip_loopip.c.o (iplink_srv_init)

As-needed library included to satisfy reference by file (symbol)

libc.so.0                     uspace/srv_net_loopip.p/srv_net_loopip_loopip.c.o (loc_category_get_id)

Discarded input sections

 .text          0x0000000000000000        0x0 uspace/srv_net_loopip.p/srv_net_loopip_loopip.c.o
 .data          0x0000000000000000        0x0 uspace/srv_net_loopip.p/srv_net_loopip_loopip.c.o
 .bss           0x0000000000000000        0x0 uspace/srv_net_loopip.p/srv_net_loopip_loopip.c.o
 .data          0x0000000000000000        0x0 uspace/lib/c/libstartfiles.a.p/arch_amd64_src_crt0.S.o
 .bss           0x0000000000000000        0x0 uspace/lib/c/libstartfiles.a.p/arch_amd64_src_crt0.S.o
 .text          0x0000000000000000        0x0 uspace/lib/c/libstartfiles.a.p/generic_crt_crt1.c.o
 .data          0x0000000000000000        0x0 uspace/lib/c/libstartfiles.a.p/generic_crt_crt1.c.o
 .bss           0x0000000000000000        0x0 uspace/lib/c/libstartfiles.a.p/generic_crt_crt1.c.o
 .text          0x0000000000000000        0x0 uspace/lib/libinet.a.p/inet_src_iplink_srv.c.o
 .data          0x0000000000000000        0x0 uspace/lib/libinet.a.p/inet_src_iplink_srv.c.o
 .bss           0x0000000000000000        0x0 uspace/lib/libinet.a.p/inet_src_iplink_srv.c.o
 .text.iplink_ev_change_addr
                0x0000000000000000       0xa2 uspace/lib/libinet.a.p/inet_src_iplink_srv.c.o

Memory Configuration

Name             Origin             Length             Attributes
*default*        0x0000000000000000 0xffffffffffffffff

Linker script and memory map

LOAD uspace/srv_net_loopip.p/srv_net_loopip_loopip.c.o
START GROUP
LOAD uspace/lib/c/libstartfiles.a
LOAD uspace/lib/libinet.a
LOAD uspace/lib/libc.so.0.0
LOAD /home/zyc/.local/share/HelenOS/cross/lib/gcc/amd64-helenos/13.2.0/libgcc.a
END GROUP
                0x0000000000400000                PROVIDE (__executable_start = SEGMENT_START ("text-segment", 0x400000))
                0x0000000000400120                . = (SEGMENT_START ("text-segment", 0x400000) + SIZEOF_HEADERS)

.interp
 *(.interp)

.note.gnu.build-id
 *(.note.gnu.build-id)

.hash           0x0000000000400120      0x148
 *(.hash)
 .hash          0x0000000000400120      0x148 uspace/srv_net_loopip.p/srv_net_loopip_loopip.c.o

.gnu.hash
 *(.gnu.hash)

.dynsym         0x0000000000400268      0x408
 *(.dynsym)
 .dynsym        0x0000000000400268      0x408 uspace/srv_net_loopip.p/srv_net_loopip_loopip.c.o

.dynstr         0x0000000000400670      0x2da
 *(.dynstr)
 .dynstr        0x0000000000400670      0x2da uspace/srv_net_loopip.p/srv_net_loopip_loopip.c.o

.gnu.version    0x000000000040094a        0x0
 *(.gnu.version)
 .gnu.version   0x000000000040094a        0x0 uspace/srv_net_loopip.p/srv_net_loopip_loopip.c.o

.gnu.version_d  0x0000000000400950        0x0
 *(.gnu.version_d)
 .gnu.version_d
                0x0000000000400950        0x0 uspace/srv_net_loopip.p/srv_net_loopip_loopip.c.o

.gnu.version_r  0x0000000000400950        0x0
 *(.gnu.version_r)
 .gnu.version_r
                0x0000000000400950        0x0 uspace/srv_net_loopip.p/srv_net_loopip_loopip.c.o

.rela.dyn       0x0000000000400950       0x18
 *(.rela.init)
 *(.rela.text .rela.text.* .rela.gnu.linkonce.t.*)
 .rela.text.__c_start
                0x0000000000400950        0x0 uspace/srv_net_loopip.p/srv_net_loopip_loopip.c.o
 *(.rela.fini)
 *(.rela.rodata .rela.rodata.* .rela.gnu.linkonce.r.*)
 .rela.rodata.cst8
                0x0000000000400950        0x0 uspace/srv_net_loopip.p/srv_net_loopip_loopip.c.o
 *(.rela.data .rela.data.* .rela.gnu.linkonce.d.*)
 .rela.data.rel.ro
                0x0000000000400950        0x0 uspace/srv_net_loopip.p/srv_net_loopip_loopip.c.o
 *(.rela.tdata .rela.tdata.* .rela.gnu.linkonce.td.*)
 *(.rela.tbss .rela.tbss.* .rela.gnu.linkonce.tb.*)
 *(.rela.ctors)
 *(.rela.dtors)
 *(.rela.got)
 .rela.got      0x0000000000400950        0x0 uspace/srv_net_loopip.p/srv_net_loopip_loopip.c.o
 *(.rela.bss .rela.bss.* .rela.gnu.linkonce.b.*)
 .rela.bss      0x0000000000400950       0x18 uspace/srv_net_loopip.p/srv_net_loopip_loopip.c.o
 *(.rela.ldata .rela.ldata.* .rela.gnu.linkonce.l.*)
 *(.rela.lbss .rela.lbss.* .rela.gnu.linkonce.lb.*)
 *(.rela.lrodata .rela.lrodata.* .rela.gnu.linkonce.lr.*)
 *(.rela.ifunc)

.rela.plt       0x0000000000400968      0x3d8
 *(.rela.plt)
 .rela.plt      0x0000000000400968      0x3d8 uspace/srv_net_loopip.p/srv_net_loopip_loopip.c.o
                [!provide]                        PROVIDE (__rela_iplt_start = .)
 *(.rela.iplt)
 .rela.iplt     0x0000000000400d40        0x0 uspace/srv_net_loopip.p/srv_net_loopip_loopip.c.o
                [!provide]                        PROVIDE (__rela_iplt_end = .)

.relr.dyn
 *(.relr.dyn)

.init
 *(SORT_NONE(.init))

.plt            0x0000000000400d40      0x2a0
 *(.plt)
 .plt           0x0000000000400d40      0x2a0 uspace/srv_net_loopip.p/srv_net_loopip_loopip.c.o
                0x0000000000400d50                loc_category_get_id
                0x0000000000400d60                task_retval
                0x0000000000400d70                printf
                0x0000000000400d80                async_wait_for
                0x0000000000400d90                log_init
                0x0000000000400da0                async_data_write_start
                0x0000000000400db0                loc_service_register
                0x0000000000400dc0                async_get_call
                0x0000000000400dd0                async_data_read_finalize
                0x0000000000400de0                async_send_1
                0x0000000000400df0                memcpy
                0x0000000000400e00                loc_server_unregister
                0x0000000000400e10                malloc
                0x0000000000400e20                async_answer_0
                0x0000000000400e30                log_msg
                0x0000000000400e40                async_exchange_end
                0x0000000000400e50                calloc
                0x0000000000400e60                fibril_mutex_unlock
                0x0000000000400e70                loc_service_unregister
                0x0000000000400e80                fibril_create
                0x0000000000400e90                prodcons_initialize
                0x0000000000400ea0                loc_service_add_to_cat
                0x0000000000400eb0                prodcons_consume
                0x0000000000400ec0                async_data_read_receive
                0x0000000000400ed0                async_accept_0
                0x0000000000400ee0                loc_server_register
                0x0000000000400ef0                async_answer_1
                0x0000000000400f00                async_exchange_begin
                0x0000000000400f10                str_error
                0x0000000000400f20                async_data_write_finalize
                0x0000000000400f30                async_data_write_accept
                0x0000000000400f40                __libc_main
                0x0000000000400f50                prodcons_produce
                0x0000000000400f60                async_manager
                0x0000000000400f70                async_forget
                0x0000000000400f80                fibril_add_ready
                0x0000000000400f90                async_set_fallback_port_handler
                0x0000000000400fa0                async_data_write_receive
                0x0000000000400fb0                async_callback_receive
                0x0000000000400fc0                free
                0x0000000000400fd0                fibril_mutex_lock
 *(.iplt)
 .iplt          0x0000000000400fe0        0x0 uspace/srv_net_loopip.p/srv_net_loopip_loopip.c.o

.plt.got        0x0000000000400fe0        0x0
 *(.plt.got)
 .plt.got       0x0000000000400fe0        0x0 uspace/srv_net_loopip.p/srv_net_loopip_loopip.c.o

.plt.sec
 *(.plt.sec)

.text           0x0000000000400fe0      0xb04
 *(.text.unlikely .text.*_unlikely .text.unlikely.*)
 *(.text.exit .text.exit.*)
 *(.text.startup .text.startup.*)
 .text.startup.main
                0x0000000000400fe0      0x208 uspace/srv_net_loopip.p/srv_net_loopip_loopip.c.o
                0x0000000000400fe0                main
 *(.text.hot .text.hot.*)
 *(SORT_BY_NAME(.text.sorted.*))
 *(.text .stub .text.* .gnu.linkonce.t.*)
 *fill*         0x00000000004011e8        0x8 
 .text.loopip_addr_add
                0x00000000004011f0        0x8 uspace/srv_net_loopip.p/srv_net_loopip_loopip.c.o
 *fill*         0x00000000004011f8        0x8 
 .text.loopip_get_mac48
                0x0000000000401200       0x23 uspace/srv_net_loopip.p/srv_net_loopip_loopip.c.o
 *fill*         0x0000000000401223        0xd 
 .text.loopip_get_mtu
                0x0000000000401230       0x33 uspace/srv_net_loopip.p/srv_net_loopip_loopip.c.o
 *fill*         0x0000000000401263        0xd 
 .text.loopip_close
                0x0000000000401270       0x20 uspace/srv_net_loopip.p/srv_net_loopip_loopip.c.o
 .text.loopip_open
                0x0000000000401290       0x20 uspace/srv_net_loopip.p/srv_net_loopip_loopip.c.o
 .text.loopip_recv_fibril
                0x00000000004012b0       0x59 uspace/srv_net_loopip.p/srv_net_loopip_loopip.c.o
 *fill*         0x0000000000401309        0x7 
 .text.loopip_send6
                0x0000000000401310       0x99 uspace/srv_net_loopip.p/srv_net_loopip_loopip.c.o
 *fill*         0x00000000004013a9        0x7 
 .text.loopip_send
                0x00000000004013b0       0x99 uspace/srv_net_loopip.p/srv_net_loopip_loopip.c.o
 *fill*         0x0000000000401449        0x7 
 .text.loopip_client_conn
                0x0000000000401450       0x36 uspace/srv_net_loopip.p/srv_net_loopip_loopip.c.o
 *fill*         0x0000000000401486        0xa 
 .text.loopip_addr_remove
                0x0000000000401490        0x8 uspace/srv_net_loopip.p/srv_net_loopip_loopip.c.o
 .text          0x0000000000401498        0xc uspace/lib/c/libstartfiles.a.p/arch_amd64_src_crt0.S.o
                0x0000000000401498                _start
 *fill*         0x00000000004014a4        0xc 
 .text.__c_start
                0x00000000004014b0       0x8c uspace/lib/c/libstartfiles.a.p/generic_crt_crt1.c.o
                0x00000000004014b0                __c_start
 *fill*         0x000000000040153c        0x4 
 .text.iplink_srv_init
                0x0000000000401540       0x39 uspace/lib/libinet.a.p/inet_src_iplink_srv.c.o
                0x0000000000401540                iplink_srv_init
 *fill*         0x0000000000401579        0x7 
 .text.iplink_conn
                0x0000000000401580      0x4a7 uspace/lib/libinet.a.p/inet_src_iplink_srv.c.o
                0x0000000000401580                iplink_conn
 *fill*         0x0000000000401a27        0x9 
 .text.iplink_ev_recv
                0x0000000000401a30       0xb4 uspace/lib/libinet.a.p/inet_src_iplink_srv.c.o
                0x0000000000401a30                iplink_ev_recv
 *(.gnu.warning)

.fini
 *(SORT_NONE(.fini))
                [!provide]                        PROVIDE (__etext = .)
                [!provide]                        PROVIDE (_etext = .)
                [!provide]                        PROVIDE (etext = .)

.rodata         0x0000000000401ae8      0x218
 *(.rodata .rodata.* .gnu.linkonce.r.*)
 .rodata.loopip_get_mac48.str1.1
                0x0000000000401ae8       0xe3 uspace/srv_net_loopip.p/srv_net_loopip_loopip.c.o
                                         0x13 (size before relaxing)
 .rodata.loopip_get_mtu.str1.1
                0x0000000000401bcb       0x11 uspace/srv_net_loopip.p/srv_net_loopip_loopip.c.o
 .rodata.loopip_close.str1.1
                0x0000000000401bcb        0xf uspace/srv_net_loopip.p/srv_net_loopip_loopip.c.o
 .rodata.loopip_open.str1.1
                0x0000000000401bcb        0xe uspace/srv_net_loopip.p/srv_net_loopip_loopip.c.o
 *fill*         0x0000000000401bcb        0x5 
 .rodata.loopip_recv_fibril.str1.8
                0x0000000000401bd0       0xee uspace/srv_net_loopip.p/srv_net_loopip_loopip.c.o
                                         0x28 (size before relaxing)
 .rodata.loopip_send6.str1.1
                0x0000000000401cbe        0xf uspace/srv_net_loopip.p/srv_net_loopip_loopip.c.o
 .rodata.loopip_send.str1.1
                0x0000000000401cbe        0xe uspace/srv_net_loopip.p/srv_net_loopip_loopip.c.o
 .rodata.loopip_client_conn.str1.1
                0x0000000000401cbe       0x15 uspace/srv_net_loopip.p/srv_net_loopip_loopip.c.o
 .rodata.main.str1.1
                0x0000000000401cbe       0x70 uspace/srv_net_loopip.p/srv_net_loopip_loopip.c.o
 .rodata.main.str1.8
                0x0000000000401cbe       0xbe uspace/srv_net_loopip.p/srv_net_loopip_loopip.c.o
 *fill*         0x0000000000401cbe        0x2 
 .rodata.cst8   0x0000000000401cc0        0x8 uspace/lib/c/libstartfiles.a.p/generic_crt_crt1.c.o
 .rodata.iplink_conn
                0x0000000000401cc8       0x38 uspace/lib/libinet.a.p/inet_src_iplink_srv.c.o

.rodata1
 *(.rodata1)

.eh_frame_hdr   0x0000000000401d00       0x8c
 *(.eh_frame_hdr)
 .eh_frame_hdr  0x0000000000401d00       0x8c uspace/srv_net_loopip.p/srv_net_loopip_loopip.c.o
                0x0000000000401d00                __GNU_EH_FRAME_HDR
 *(.eh_frame_entry .eh_frame_entry.*)

.eh_frame       0x0000000000401d90      0x268
 *(.eh_frame)
 .eh_frame      0x0000000000401d90      0x198 uspace/srv_net_loopip.p/srv_net_loopip_loopip.c.o
 .eh_frame      0x0000000000401f28       0x28 uspace/srv_net_loopip.p/srv_net_loopip_loopip.c.o
                                         0x40 (size before relaxing)
 .eh_frame      0x0000000000401f50        0x0 uspace/srv_net_loopip.p/srv_net_loopip_loopip.c.o
 .eh_frame      0x0000000000401f50       0x20 uspace/lib/c/libstartfiles.a.p/generic_crt_crt1.c.o
                                         0x38 (size before relaxing)
 .eh_frame      0x0000000000401f70       0x88 uspace/lib/libinet.a.p/inet_src_iplink_srv.c.o
                                         0xd8 (size before relaxing)
 *(.eh_frame.*)

.sframe         0x0000000000401ff8        0x0
 *(.sframe)
 .sframe        0x0000000000401ff8        0x0 uspace/srv_net_loopip.p/srv_net_loopip_loopip.c.o
 *(.sframe.*)

.gcc_except_table
 *(.gcc_except_table .gcc_except_table.*)

.gnu_extab
 *(.gnu_extab*)

.exception_ranges
 *(.exception_ranges*)
                0x0000000000402000                . = DATA_SEGMENT_ALIGN (CONSTANT (MAXPAGESIZE), CONSTANT (COMMONPAGESIZE))

.eh_frame
 *(.eh_frame)
 *(.eh_frame.*)

.sframe
 *(.sframe)
 *(.sframe.*)

.gnu_extab
 *(.gnu_extab)

.gcc_except_table
 *(.gcc_except_table .gcc_except_table.*)

.exception_ranges
 *(.exception_ranges*)

.tdata          0x0000000000402000        0x0
                [!provide]                        PROVIDE (__tdata_start = .)
 *(.tdata .tdata.* .gnu.linkonce.td.*)

.tbss
 *(.tbss .tbss.* .gnu.linkonce.tb.*)
 *(.tcommon)

.preinit_array  0x0000000000402000        0x0
                0x0000000000402000                PROVIDE (__preinit_array_start = .)
 *(.preinit_array)
                0x0000000000402000                PROVIDE (__preinit_array_end = .)

.init_array     0x0000000000402000        0x0
                0x0000000000402000                PROVIDE (__init_array_start = .)
 *(SORT_BY_INIT_PRIORITY(.init_array.*) SORT_BY_INIT_PRIORITY(.ctors.*))
 *(.init_array EXCLUDE_FILE(*crtend?.o *crtend.o *crtbegin?.o *crtbegin.o) .ctors)
                0x0000000000402000                PROVIDE (__init_array_end = .)

.fini_array     0x0000000000402000        0x0
                0x0000000000402000                PROVIDE (__fini_array_start = .)
 *(SORT_BY_INIT_PRIORITY(.fini_array.*) SORT_BY_INIT_PRIORITY(.dtors.*))
 *(.fini_array EXCLUDE_FILE(*crtend?.o *crtend.o *crtbegin?.o *crtbegin.o) .dtors)
                0x0000000000402000                PROVIDE (__fini_array_end = .)

.ctors
 *crtbegin.o(.ctors)
 *crtbegin?.o(.ctors)
 *(EXCLUDE_FILE(*crtend?.o *crtend.o) .ctors)
 *(SORT_BY_NAME(.ctors.*))
 *(.ctors)

.dtors
 *crtbegin.o(.dtors)
 *crtbegin?.o(.dtors)
 *(EXCLUDE_FILE(*crtend?.o *crtend.o) .dtors)
 *(SORT_BY_NAME(.dtors.*))
 *(.dtors)

.jcr
 *(.jcr)

.data.rel.ro    0x0000000000402000        0x0
 *(.data.rel.ro.local* .gnu.linkonce.d.rel.ro.local.*)
 *(.data.rel.ro .data.rel.ro.* .gnu.linkonce.d.rel.ro.*)
 .data.rel.ro   0x0000000000402000        0x0 uspace/srv_net_loopip.p/srv_net_loopip_loopip.c.o

.dynamic        0x0000000000402000      0x150
 *(.dynamic)
 .dynamic       0x0000000000402000      0x150 uspace/srv_net_loopip.p/srv_net_loopip_loopip.c.o
                0x0000000000402000                _DYNAMIC

.got            0x0000000000402150        0x0
 *(.got)
 .got           0x0000000000402150        0x0 uspace/srv_net_loopip.p/srv_net_loopip_loopip.c.o
 *(.igot)
                0x0000000000402150                . = DATA_SEGMENT_RELRO_END (., (SIZEOF (.got.plt) >= 0x18)?0x18:0x0)

.got.plt        0x0000000000402150      0x160
 *(.got.plt)
 .got.plt       0x0000000000402150      0x160 uspace/srv_net_loopip.p/srv_net_loopip_loopip.c.o
                0x0000000000402150                _GLOBAL_OFFSET_TABLE_
 *(.igot.plt)
 .igot.plt      0x00000000004022b0        0x0 uspace/srv_net_loopip.p/srv_net_loopip_loopip.c.o

.data           0x00000000004022c0       0x48
 *(.data .data.* .gnu.linkonce.d.*)
 .data.loopip_iplink_ops
                0x00000000004022c0       0x48 uspace/srv_net_loopip.p/srv_net_loopip_loopip.c.o

.data1
 *(.data1)
                0x0000000000402308                _edata = .
                [!provide]                        PROVIDE (edata = .)
                0x0000000000402308                . = .
                0x0000000000402308                __bss_start = .

.bss            0x0000000000402320       0xe0
 *(.dynbss)
 .dynbss        0x0000000000402320       0x48 uspace/srv_net_loopip.p/srv_net_loopip_loopip.c.o
                0x0000000000402320                __progsymbols
 *(.bss .bss.* .gnu.linkonce.b.*)
 *fill*         0x0000000000402368       0x18 
 .bss.loopip_rcv_queue
                0x0000000000402380       0x40 uspace/srv_net_loopip.p/srv_net_loopip_loopip.c.o
 .bss.loopip_iplink
                0x00000000004023c0       0x40 uspace/srv_net_loopip.p/srv_net_loopip_loopip.c.o
 *(COMMON)
                0x0000000000402400                . = ALIGN ((. != 0x0)?0x8:0x1)

.lbss
 *(.dynlbss)
 *(.lbss .lbss.* .gnu.linkonce.lb.*)
 *(LARGE_COMMON)
                0x0000000000402400                . = ALIGN (0x8)
                0x0000000000402400                . = SEGMENT_START ("ldata-segment", .)

.lrodata
 *(.lrodata .lrodata.* .gnu.linkonce.lr.*)

.ldata          0x0000000000404400        0x0
 *(.ldata .ldata.* .gnu.linkonce.l.*)
                0x0000000000404400                . = ALIGN ((. != 0x0)?0x8:0x1)
                0x0000000000404400                . = ALIGN (0x8)
                0x0000000000402400                _end = .
                [!provide]                        PROVIDE (end = .)
                0x0000000000404400                . = DATA_SEGMENT_END (.)

.stab
 *(.stab)

.stabstr
 *(.stabstr)

.stab.excl
 *(.stab.excl)

.stab.exclstr
 *(.stab.exclstr)

.stab.index
 *(.stab.index)

.stab.indexstr
 *(.stab.indexstr)

.comment        0x0000000000000000       0x12
 *(.comment)
 .comment       0x0000000000000000       0x12 uspace/srv_net_loopip.p/srv_net_loopip_loopip.c.o
                                         0x13 (size before relaxing)
 .comment       0x0000000000000012       0x13 uspace/lib/c/libstartfiles.a.p/generic_crt_crt1.c.o
 .comment       0x0000000000000012       0x13 uspace/lib/libinet.a.p/inet_src_iplink_srv.c.o

.gnu.build.attributes
 *(.gnu.build.attributes .gnu.build.attributes.*)

.debug
 *(.debug)

.line
 *(.line)

.debug_srcinfo
 *(.debug_srcinfo)

.debug_sfnames
 *(.debug_sfnames)

.debug_aranges
 *(.debug_aranges)

.debug_pubnames
 *(.debug_pubnames)

.debug_info
 *(.debug_info .gnu.linkonce.wi.*)

.debug_abbrev
 *(.debug_abbrev)

.debug_line
 *(.debug_line .debug_line.* .debug_line_end)

.debug_frame
 *(.debug_frame)

.debug_str
 *(.debug_str)

.debug_loc
 *(.debug_loc)

.debug_macinfo
 *(.debug_macinfo)

.debug_weaknames
 *(.debug_weaknames)

.debug_funcnames
 *(.debug_funcnames)

.debug_typenames
 *(.debug_typenames)

.debug_varnames
 *(.debug_varnames)

.debug_pubtypes
 *(.debug_pubtypes)

.debug_ranges
 *(.debug_ranges)

.debug_addr
 *(.debug_addr)

.debug_line_str
 *(.debug_line_str)

.debug_loclists
 *(.debug_loclists)

.debug_macro
 *(.debug_macro)

.debug_names
 *(.debug_names)

.debug_rnglists
 *(.debug_rnglists)

.debug_str_offsets
 *(.debug_str_offsets)

.debug_sup
 *(.debug_sup)

.gnu.attributes
 *(.gnu.attributes)

/DISCARD/
 *(.note.GNU-stack)
 *(.gnu_debuglink)
 *(.gnu.lto_*)
OUTPUT(uspace/srv_net_loopip elf64-x86-64)
