Archive member included to satisfy reference by file (symbol)

uspace/lib/c/libstartfiles.a.p/arch_amd64_src_crt0.S.o
                              (--whole-archive)
uspace/lib/c/libstartfiles.a.p/generic_crt_crt1.c.o
                              (--whole-archive)
uspace/lib/libdevice.a.p/device_src_io_chardev_srv.c.o
                              uspace/srv_hw_char_s3c24xx_uart.p/srv_hw_char_s3c24xx_uart_s3c24xx_uart.c.o (chardev_srvs_init)

As-needed library included to satisfy reference by file (symbol)

libc.so.0                     uspace/srv_hw_char_s3c24xx_uart.p/srv_hw_char_s3c24xx_uart_s3c24xx_uart.c.o (pio_enable)

Discarded input sections

 .text          0x0000000000000000        0x0 uspace/srv_hw_char_s3c24xx_uart.p/srv_hw_char_s3c24xx_uart_s3c24xx_uart.c.o
 .data          0x0000000000000000        0x0 uspace/srv_hw_char_s3c24xx_uart.p/srv_hw_char_s3c24xx_uart_s3c24xx_uart.c.o
 .bss           0x0000000000000000        0x0 uspace/srv_hw_char_s3c24xx_uart.p/srv_hw_char_s3c24xx_uart_s3c24xx_uart.c.o
 .data          0x0000000000000000        0x0 uspace/lib/c/libstartfiles.a.p/arch_amd64_src_crt0.S.o
 .bss           0x0000000000000000        0x0 uspace/lib/c/libstartfiles.a.p/arch_amd64_src_crt0.S.o
 .text          0x0000000000000000        0x0 uspace/lib/c/libstartfiles.a.p/generic_crt_crt1.c.o
 .data          0x0000000000000000        0x0 uspace/lib/c/libstartfiles.a.p/generic_crt_crt1.c.o
 .bss           0x0000000000000000        0x0 uspace/lib/c/libstartfiles.a.p/generic_crt_crt1.c.o
 .text          0x0000000000000000        0x0 uspace/lib/libdevice.a.p/device_src_io_chardev_srv.c.o
 .data          0x0000000000000000        0x0 uspace/lib/libdevice.a.p/device_src_io_chardev_srv.c.o
 .bss           0x0000000000000000        0x0 uspace/lib/libdevice.a.p/device_src_io_chardev_srv.c.o

Memory Configuration

Name             Origin             Length             Attributes
*default*        0x0000000000000000 0xffffffffffffffff

Linker script and memory map

LOAD uspace/srv_hw_char_s3c24xx_uart.p/srv_hw_char_s3c24xx_uart_s3c24xx_uart.c.o
START GROUP
LOAD uspace/lib/c/libstartfiles.a
LOAD uspace/lib/libdevice.a
LOAD uspace/lib/libc.so.0.0
LOAD /home/zyc/.local/share/HelenOS/cross/lib/gcc/amd64-helenos/13.2.0/libgcc.a
END GROUP
                0x0000000000400000                PROVIDE (__executable_start = SEGMENT_START ("text-segment", 0x400000))
                0x0000000000400120                . = (SEGMENT_START ("text-segment", 0x400000) + SIZEOF_HEADERS)

.interp
 *(.interp)

.note.gnu.build-id
 *(.note.gnu.build-id)

.hash           0x0000000000400120       0xd8
 *(.hash)
 .hash          0x0000000000400120       0xd8 uspace/srv_hw_char_s3c24xx_uart.p/srv_hw_char_s3c24xx_uart_s3c24xx_uart.c.o

.gnu.hash
 *(.gnu.hash)

.dynsym         0x00000000004001f8      0x348
 *(.dynsym)
 .dynsym        0x00000000004001f8      0x348 uspace/srv_hw_char_s3c24xx_uart.p/srv_hw_char_s3c24xx_uart_s3c24xx_uart.c.o

.dynstr         0x0000000000400540      0x23d
 *(.dynstr)
 .dynstr        0x0000000000400540      0x23d uspace/srv_hw_char_s3c24xx_uart.p/srv_hw_char_s3c24xx_uart_s3c24xx_uart.c.o

.gnu.version    0x000000000040077e        0x0
 *(.gnu.version)
 .gnu.version   0x000000000040077e        0x0 uspace/srv_hw_char_s3c24xx_uart.p/srv_hw_char_s3c24xx_uart_s3c24xx_uart.c.o

.gnu.version_d  0x0000000000400780        0x0
 *(.gnu.version_d)
 .gnu.version_d
                0x0000000000400780        0x0 uspace/srv_hw_char_s3c24xx_uart.p/srv_hw_char_s3c24xx_uart_s3c24xx_uart.c.o

.gnu.version_r  0x0000000000400780        0x0
 *(.gnu.version_r)
 .gnu.version_r
                0x0000000000400780        0x0 uspace/srv_hw_char_s3c24xx_uart.p/srv_hw_char_s3c24xx_uart_s3c24xx_uart.c.o

.rela.dyn       0x0000000000400780       0x18
 *(.rela.init)
 *(.rela.text .rela.text.* .rela.gnu.linkonce.t.*)
 .rela.text.__c_start
                0x0000000000400780        0x0 uspace/srv_hw_char_s3c24xx_uart.p/srv_hw_char_s3c24xx_uart_s3c24xx_uart.c.o
 *(.rela.fini)
 *(.rela.rodata .rela.rodata.* .rela.gnu.linkonce.r.*)
 .rela.rodata.cst8
                0x0000000000400780        0x0 uspace/srv_hw_char_s3c24xx_uart.p/srv_hw_char_s3c24xx_uart_s3c24xx_uart.c.o
 *(.rela.data .rela.data.* .rela.gnu.linkonce.d.*)
 .rela.data.rel.ro
                0x0000000000400780        0x0 uspace/srv_hw_char_s3c24xx_uart.p/srv_hw_char_s3c24xx_uart_s3c24xx_uart.c.o
 *(.rela.tdata .rela.tdata.* .rela.gnu.linkonce.td.*)
 *(.rela.tbss .rela.tbss.* .rela.gnu.linkonce.tb.*)
 *(.rela.ctors)
 *(.rela.dtors)
 *(.rela.got)
 .rela.got      0x0000000000400780        0x0 uspace/srv_hw_char_s3c24xx_uart.p/srv_hw_char_s3c24xx_uart_s3c24xx_uart.c.o
 *(.rela.bss .rela.bss.* .rela.gnu.linkonce.b.*)
 .rela.bss      0x0000000000400780       0x18 uspace/srv_hw_char_s3c24xx_uart.p/srv_hw_char_s3c24xx_uart_s3c24xx_uart.c.o
 *(.rela.ldata .rela.ldata.* .rela.gnu.linkonce.l.*)
 *(.rela.lbss .rela.lbss.* .rela.gnu.linkonce.lb.*)
 *(.rela.lrodata .rela.lrodata.* .rela.gnu.linkonce.lr.*)
 *(.rela.ifunc)

.rela.plt       0x0000000000400798      0x318
 *(.rela.plt)
 .rela.plt      0x0000000000400798      0x318 uspace/srv_hw_char_s3c24xx_uart.p/srv_hw_char_s3c24xx_uart_s3c24xx_uart.c.o
                [!provide]                        PROVIDE (__rela_iplt_start = .)
 *(.rela.iplt)
 .rela.iplt     0x0000000000400ab0        0x0 uspace/srv_hw_char_s3c24xx_uart.p/srv_hw_char_s3c24xx_uart_s3c24xx_uart.c.o
                [!provide]                        PROVIDE (__rela_iplt_end = .)

.relr.dyn
 *(.relr.dyn)

.init
 *(SORT_NONE(.init))

.plt            0x0000000000400ab0      0x220
 *(.plt)
 .plt           0x0000000000400ab0      0x220 uspace/srv_hw_char_s3c24xx_uart.p/srv_hw_char_s3c24xx_uart_s3c24xx_uart.c.o
                0x0000000000400ac0                pio_enable
                0x0000000000400ad0                sysinfo_get_value
                0x0000000000400ae0                task_retval
                0x0000000000400af0                printf
                0x0000000000400b00                circ_buf_nused
                0x0000000000400b10                loc_service_register
                0x0000000000400b20                async_get_call
                0x0000000000400b30                async_data_read_finalize
                0x0000000000400b40                loc_server_unregister
                0x0000000000400b50                puts
                0x0000000000400b60                pio_read_32
                0x0000000000400b70                malloc
                0x0000000000400b80                async_irq_subscribe
                0x0000000000400b90                async_answer_0
                0x0000000000400ba0                fibril_condvar_wait
                0x0000000000400bb0                calloc
                0x0000000000400bc0                fibril_condvar_initialize
                0x0000000000400bd0                fibril_condvar_broadcast
                0x0000000000400be0                async_answer_2
                0x0000000000400bf0                fibril_mutex_unlock
                0x0000000000400c00                pio_write_32
                0x0000000000400c10                circ_buf_init
                0x0000000000400c20                async_data_read_receive
                0x0000000000400c30                async_accept_0
                0x0000000000400c40                loc_server_register
                0x0000000000400c50                circ_buf_push
                0x0000000000400c60                async_data_write_accept
                0x0000000000400c70                __libc_main
                0x0000000000400c80                async_manager
                0x0000000000400c90                circ_buf_pop
                0x0000000000400ca0                async_set_fallback_port_handler
                0x0000000000400cb0                free
                0x0000000000400cc0                fibril_mutex_lock
 *(.iplt)
 .iplt          0x0000000000400cd0        0x0 uspace/srv_hw_char_s3c24xx_uart.p/srv_hw_char_s3c24xx_uart_s3c24xx_uart.c.o

.plt.got        0x0000000000400cd0        0x0
 *(.plt.got)
 .plt.got       0x0000000000400cd0        0x0 uspace/srv_hw_char_s3c24xx_uart.p/srv_hw_char_s3c24xx_uart_s3c24xx_uart.c.o

.plt.sec
 *(.plt.sec)

.text           0x0000000000400cd0      0x851
 *(.text.unlikely .text.*_unlikely .text.unlikely.*)
 *(.text.exit .text.exit.*)
 *(.text.startup .text.startup.*)
 .text.startup.main
                0x0000000000400cd0      0x209 uspace/srv_hw_char_s3c24xx_uart.p/srv_hw_char_s3c24xx_uart_s3c24xx_uart.c.o
                0x0000000000400cd0                main
 *(.text.hot .text.hot.*)
 *(SORT_BY_NAME(.text.sorted.*))
 *(.text .stub .text.* .gnu.linkonce.t.*)
 *fill*         0x0000000000400ed9        0x7 
 .text.s3c24xx_uart_connection
                0x0000000000400ee0        0xe uspace/srv_hw_char_s3c24xx_uart.p/srv_hw_char_s3c24xx_uart_s3c24xx_uart.c.o
 *fill*         0x0000000000400eee        0x2 
 .text.s3c24xx_uart_write
                0x0000000000400ef0       0x7c uspace/srv_hw_char_s3c24xx_uart.p/srv_hw_char_s3c24xx_uart_s3c24xx_uart.c.o
 *fill*         0x0000000000400f6c        0x4 
 .text.s3c24xx_uart_read
                0x0000000000400f70       0xbd uspace/srv_hw_char_s3c24xx_uart.p/srv_hw_char_s3c24xx_uart_s3c24xx_uart.c.o
 *fill*         0x000000000040102d        0x3 
 .text.s3c24xx_uart_irq_handler
                0x0000000000401030       0xe6 uspace/srv_hw_char_s3c24xx_uart.p/srv_hw_char_s3c24xx_uart_s3c24xx_uart.c.o
 .text          0x0000000000401116        0xc uspace/lib/c/libstartfiles.a.p/arch_amd64_src_crt0.S.o
                0x0000000000401116                _start
 *fill*         0x0000000000401122        0xe 
 .text.__c_start
                0x0000000000401130       0x8c uspace/lib/c/libstartfiles.a.p/generic_crt_crt1.c.o
                0x0000000000401130                __c_start
 *fill*         0x00000000004011bc        0x4 
 .text.chardev_srvs_init
                0x00000000004011c0        0xd uspace/lib/libdevice.a.p/device_src_io_chardev_srv.c.o
                0x00000000004011c0                chardev_srvs_init
 *fill*         0x00000000004011cd        0x3 
 .text.chardev_conn
                0x00000000004011d0      0x351 uspace/lib/libdevice.a.p/device_src_io_chardev_srv.c.o
                0x00000000004011d0                chardev_conn
 *(.gnu.warning)

.fini
 *(SORT_NONE(.fini))
                [!provide]                        PROVIDE (__etext = .)
                [!provide]                        PROVIDE (_etext = .)
                [!provide]                        PROVIDE (etext = .)

.rodata         0x0000000000401528      0x178
 *(.rodata .rodata.* .gnu.linkonce.r.*)
 .rodata.s3c24xx_uart_irq_handler.str1.1
                0x0000000000401528       0x73 uspace/srv_hw_char_s3c24xx_uart.p/srv_hw_char_s3c24xx_uart_s3c24xx_uart.c.o
                                         0x36 (size before relaxing)
 .rodata.main.str1.1
                0x000000000040159b       0x46 uspace/srv_hw_char_s3c24xx_uart.p/srv_hw_char_s3c24xx_uart_s3c24xx_uart.c.o
 *fill*         0x000000000040159b        0x5 
 .rodata.main.str1.8
                0x00000000004015a0       0xf8 uspace/srv_hw_char_s3c24xx_uart.p/srv_hw_char_s3c24xx_uart_s3c24xx_uart.c.o
 .rodata.cst8   0x0000000000401698        0x8 uspace/lib/c/libstartfiles.a.p/generic_crt_crt1.c.o

.rodata1
 *(.rodata1)

.eh_frame_hdr   0x00000000004016a0       0x54
 *(.eh_frame_hdr)
 .eh_frame_hdr  0x00000000004016a0       0x54 uspace/srv_hw_char_s3c24xx_uart.p/srv_hw_char_s3c24xx_uart_s3c24xx_uart.c.o
                0x00000000004016a0                __GNU_EH_FRAME_HDR
 *(.eh_frame_entry .eh_frame_entry.*)

.eh_frame       0x00000000004016f8      0x178
 *(.eh_frame)
 .eh_frame      0x00000000004016f8       0xe0 uspace/srv_hw_char_s3c24xx_uart.p/srv_hw_char_s3c24xx_uart_s3c24xx_uart.c.o
 .eh_frame      0x00000000004017d8       0x28 uspace/srv_hw_char_s3c24xx_uart.p/srv_hw_char_s3c24xx_uart_s3c24xx_uart.c.o
                                         0x40 (size before relaxing)
 .eh_frame      0x0000000000401800        0x0 uspace/srv_hw_char_s3c24xx_uart.p/srv_hw_char_s3c24xx_uart_s3c24xx_uart.c.o
 .eh_frame      0x0000000000401800       0x20 uspace/lib/c/libstartfiles.a.p/generic_crt_crt1.c.o
                                         0x38 (size before relaxing)
 .eh_frame      0x0000000000401820       0x50 uspace/lib/libdevice.a.p/device_src_io_chardev_srv.c.o
                                         0x68 (size before relaxing)
 *(.eh_frame.*)

.sframe         0x0000000000401870        0x0
 *(.sframe)
 .sframe        0x0000000000401870        0x0 uspace/srv_hw_char_s3c24xx_uart.p/srv_hw_char_s3c24xx_uart_s3c24xx_uart.c.o
 *(.sframe.*)

.gcc_except_table
 *(.gcc_except_table .gcc_except_table.*)

.gnu_extab
 *(.gnu_extab*)

.exception_ranges
 *(.exception_ranges*)
                0x0000000000402870                . = DATA_SEGMENT_ALIGN (CONSTANT (MAXPAGESIZE), CONSTANT (COMMONPAGESIZE))

.eh_frame
 *(.eh_frame)
 *(.eh_frame.*)

.sframe
 *(.sframe)
 *(.sframe.*)

.gnu_extab
 *(.gnu_extab)

.gcc_except_table
 *(.gcc_except_table .gcc_except_table.*)

.exception_ranges
 *(.exception_ranges*)

.tdata          0x0000000000402870        0x0
                [!provide]                        PROVIDE (__tdata_start = .)
 *(.tdata .tdata.* .gnu.linkonce.td.*)

.tbss
 *(.tbss .tbss.* .gnu.linkonce.tb.*)
 *(.tcommon)

.preinit_array  0x0000000000402870        0x0
                0x0000000000402870                PROVIDE (__preinit_array_start = .)
 *(.preinit_array)
                0x0000000000402870                PROVIDE (__preinit_array_end = .)

.init_array     0x0000000000402870        0x0
                0x0000000000402870                PROVIDE (__init_array_start = .)
 *(SORT_BY_INIT_PRIORITY(.init_array.*) SORT_BY_INIT_PRIORITY(.ctors.*))
 *(.init_array EXCLUDE_FILE(*crtend?.o *crtend.o *crtbegin?.o *crtbegin.o) .ctors)
                0x0000000000402870                PROVIDE (__init_array_end = .)

.fini_array     0x0000000000402870        0x0
                0x0000000000402870                PROVIDE (__fini_array_start = .)
 *(SORT_BY_INIT_PRIORITY(.fini_array.*) SORT_BY_INIT_PRIORITY(.dtors.*))
 *(.fini_array EXCLUDE_FILE(*crtend?.o *crtend.o *crtbegin?.o *crtbegin.o) .dtors)
                0x0000000000402870                PROVIDE (__fini_array_end = .)

.ctors
 *crtbegin.o(.ctors)
 *crtbegin?.o(.ctors)
 *(EXCLUDE_FILE(*crtend?.o *crtend.o) .ctors)
 *(SORT_BY_NAME(.ctors.*))
 *(.ctors)

.dtors
 *crtbegin.o(.dtors)
 *crtbegin?.o(.dtors)
 *(EXCLUDE_FILE(*crtend?.o *crtend.o) .dtors)
 *(SORT_BY_NAME(.dtors.*))
 *(.dtors)

.jcr
 *(.jcr)

.data.rel.ro    0x0000000000402870        0x0
 *(.data.rel.ro.local* .gnu.linkonce.d.rel.ro.local.*)
 *(.data.rel.ro .data.rel.ro.* .gnu.linkonce.d.rel.ro.*)
 .data.rel.ro   0x0000000000402870        0x0 uspace/srv_hw_char_s3c24xx_uart.p/srv_hw_char_s3c24xx_uart_s3c24xx_uart.c.o

.dynamic        0x0000000000402870      0x150
 *(.dynamic)
 .dynamic       0x0000000000402870      0x150 uspace/srv_hw_char_s3c24xx_uart.p/srv_hw_char_s3c24xx_uart_s3c24xx_uart.c.o
                0x0000000000402870                _DYNAMIC

.got            0x00000000004029c0        0x0
 *(.got)
 .got           0x00000000004029c0        0x0 uspace/srv_hw_char_s3c24xx_uart.p/srv_hw_char_s3c24xx_uart_s3c24xx_uart.c.o
 *(.igot)
                0x00000000004029c0                . = DATA_SEGMENT_RELRO_END (., (SIZEOF (.got.plt) >= 0x18)?0x18:0x0)

.got.plt        0x00000000004029c0      0x120
 *(.got.plt)
 .got.plt       0x00000000004029c0      0x120 uspace/srv_hw_char_s3c24xx_uart.p/srv_hw_char_s3c24xx_uart_s3c24xx_uart.c.o
                0x00000000004029c0                _GLOBAL_OFFSET_TABLE_
 *(.igot.plt)
 .igot.plt      0x0000000000402ae0        0x0 uspace/srv_hw_char_s3c24xx_uart.p/srv_hw_char_s3c24xx_uart_s3c24xx_uart.c.o

.data           0x0000000000402ae0       0x88
 *(.data .data.* .gnu.linkonce.d.*)
 .data.s3c24xx_uart_chardev_ops
                0x0000000000402ae0       0x28 uspace/srv_hw_char_s3c24xx_uart.p/srv_hw_char_s3c24xx_uart_s3c24xx_uart.c.o
 *fill*         0x0000000000402b08       0x18 
 .data.uart_irq_code
                0x0000000000402b20       0x20 uspace/srv_hw_char_s3c24xx_uart.p/srv_hw_char_s3c24xx_uart_s3c24xx_uart.c.o
 .data.uart_irq_cmds
                0x0000000000402b40       0x28 uspace/srv_hw_char_s3c24xx_uart.p/srv_hw_char_s3c24xx_uart_s3c24xx_uart.c.o

.data1
 *(.data1)
                0x0000000000402b68                _edata = .
                [!provide]                        PROVIDE (edata = .)
                0x0000000000402b68                . = .
                0x0000000000402b68                __bss_start = .

.bss            0x0000000000402b80       0x50
 *(.dynbss)
 *fill*         0x0000000000402b80        0x0 
 .dynbss        0x0000000000402b80       0x48 uspace/srv_hw_char_s3c24xx_uart.p/srv_hw_char_s3c24xx_uart_s3c24xx_uart.c.o
                0x0000000000402b80                __progsymbols
 *(.bss .bss.* .gnu.linkonce.b.*)
 .bss.uart      0x0000000000402bc8        0x8 uspace/srv_hw_char_s3c24xx_uart.p/srv_hw_char_s3c24xx_uart_s3c24xx_uart.c.o
 *(COMMON)
                0x0000000000402bd0                . = ALIGN ((. != 0x0)?0x8:0x1)

.lbss
 *(.dynlbss)
 *(.lbss .lbss.* .gnu.linkonce.lb.*)
 *(LARGE_COMMON)
                0x0000000000402bd0                . = ALIGN (0x8)
                0x0000000000402bd0                . = SEGMENT_START ("ldata-segment", .)

.lrodata
 *(.lrodata .lrodata.* .gnu.linkonce.lr.*)

.ldata          0x0000000000404bd0        0x0
 *(.ldata .ldata.* .gnu.linkonce.l.*)
                0x0000000000404bd0                . = ALIGN ((. != 0x0)?0x8:0x1)
                0x0000000000404bd0                . = ALIGN (0x8)
                0x0000000000402bd0                _end = .
                [!provide]                        PROVIDE (end = .)
                0x0000000000404bd0                . = DATA_SEGMENT_END (.)

.stab
 *(.stab)

.stabstr
 *(.stabstr)

.stab.excl
 *(.stab.excl)

.stab.exclstr
 *(.stab.exclstr)

.stab.index
 *(.stab.index)

.stab.indexstr
 *(.stab.indexstr)

.comment        0x0000000000000000       0x12
 *(.comment)
 .comment       0x0000000000000000       0x12 uspace/srv_hw_char_s3c24xx_uart.p/srv_hw_char_s3c24xx_uart_s3c24xx_uart.c.o
                                         0x13 (size before relaxing)
 .comment       0x0000000000000012       0x13 uspace/lib/c/libstartfiles.a.p/generic_crt_crt1.c.o
 .comment       0x0000000000000012       0x13 uspace/lib/libdevice.a.p/device_src_io_chardev_srv.c.o

.gnu.build.attributes
 *(.gnu.build.attributes .gnu.build.attributes.*)

.debug
 *(.debug)

.line
 *(.line)

.debug_srcinfo
 *(.debug_srcinfo)

.debug_sfnames
 *(.debug_sfnames)

.debug_aranges
 *(.debug_aranges)

.debug_pubnames
 *(.debug_pubnames)

.debug_info
 *(.debug_info .gnu.linkonce.wi.*)

.debug_abbrev
 *(.debug_abbrev)

.debug_line
 *(.debug_line .debug_line.* .debug_line_end)

.debug_frame
 *(.debug_frame)

.debug_str
 *(.debug_str)

.debug_loc
 *(.debug_loc)

.debug_macinfo
 *(.debug_macinfo)

.debug_weaknames
 *(.debug_weaknames)

.debug_funcnames
 *(.debug_funcnames)

.debug_typenames
 *(.debug_typenames)

.debug_varnames
 *(.debug_varnames)

.debug_pubtypes
 *(.debug_pubtypes)

.debug_ranges
 *(.debug_ranges)

.debug_addr
 *(.debug_addr)

.debug_line_str
 *(.debug_line_str)

.debug_loclists
 *(.debug_loclists)

.debug_macro
 *(.debug_macro)

.debug_names
 *(.debug_names)

.debug_rnglists
 *(.debug_rnglists)

.debug_str_offsets
 *(.debug_str_offsets)

.debug_sup
 *(.debug_sup)

.gnu.attributes
 *(.gnu.attributes)

/DISCARD/
 *(.note.GNU-stack)
 *(.gnu_debuglink)
 *(.gnu.lto_*)
OUTPUT(uspace/srv_hw_char_s3c24xx_uart elf64-x86-64)
