Archive member included to satisfy reference by file (symbol)

uspace/lib/c/libstartfiles.a.p/arch_amd64_src_crt0.S.o
                              (--whole-archive)
uspace/lib/c/libstartfiles.a.p/generic_crt_crt1.c.o
                              (--whole-archive)
uspace/lib/libdevice.a.p/device_src_io_chardev_srv.c.o
                              uspace/srv_test_chardev_test.p/srv_test_chardev-test_main.c.o (chardev_srvs_init)

As-needed library included to satisfy reference by file (symbol)

libc.so.0                     uspace/srv_test_chardev_test.p/srv_test_chardev-test_main.c.o (task_retval)

Discarded input sections

 .text          0x0000000000000000        0x0 uspace/srv_test_chardev_test.p/srv_test_chardev-test_main.c.o
 .data          0x0000000000000000        0x0 uspace/srv_test_chardev_test.p/srv_test_chardev-test_main.c.o
 .bss           0x0000000000000000        0x0 uspace/srv_test_chardev_test.p/srv_test_chardev-test_main.c.o
 .data          0x0000000000000000        0x0 uspace/lib/c/libstartfiles.a.p/arch_amd64_src_crt0.S.o
 .bss           0x0000000000000000        0x0 uspace/lib/c/libstartfiles.a.p/arch_amd64_src_crt0.S.o
 .text          0x0000000000000000        0x0 uspace/lib/c/libstartfiles.a.p/generic_crt_crt1.c.o
 .data          0x0000000000000000        0x0 uspace/lib/c/libstartfiles.a.p/generic_crt_crt1.c.o
 .bss           0x0000000000000000        0x0 uspace/lib/c/libstartfiles.a.p/generic_crt_crt1.c.o
 .text          0x0000000000000000        0x0 uspace/lib/libdevice.a.p/device_src_io_chardev_srv.c.o
 .data          0x0000000000000000        0x0 uspace/lib/libdevice.a.p/device_src_io_chardev_srv.c.o
 .bss           0x0000000000000000        0x0 uspace/lib/libdevice.a.p/device_src_io_chardev_srv.c.o

Memory Configuration

Name             Origin             Length             Attributes
*default*        0x0000000000000000 0xffffffffffffffff

Linker script and memory map

LOAD uspace/srv_test_chardev_test.p/srv_test_chardev-test_main.c.o
START GROUP
LOAD uspace/lib/c/libstartfiles.a
LOAD uspace/lib/libdevice.a
LOAD uspace/lib/libc.so.0.0
LOAD /home/zyc/.local/share/HelenOS/cross/lib/gcc/amd64-helenos/13.2.0/libgcc.a
END GROUP
                0x0000000000400000                PROVIDE (__executable_start = SEGMENT_START ("text-segment", 0x400000))
                0x0000000000400120                . = (SEGMENT_START ("text-segment", 0x400000) + SIZEOF_HEADERS)

.interp
 *(.interp)

.note.gnu.build-id
 *(.note.gnu.build-id)

.hash           0x0000000000400120       0xa8
 *(.hash)
 .hash          0x0000000000400120       0xa8 uspace/srv_test_chardev_test.p/srv_test_chardev-test_main.c.o

.gnu.hash
 *(.gnu.hash)

.dynsym         0x00000000004001c8      0x228
 *(.dynsym)
 .dynsym        0x00000000004001c8      0x228 uspace/srv_test_chardev_test.p/srv_test_chardev-test_main.c.o

.dynstr         0x00000000004003f0      0x171
 *(.dynstr)
 .dynstr        0x00000000004003f0      0x171 uspace/srv_test_chardev_test.p/srv_test_chardev-test_main.c.o

.gnu.version    0x0000000000400562        0x0
 *(.gnu.version)
 .gnu.version   0x0000000000400562        0x0 uspace/srv_test_chardev_test.p/srv_test_chardev-test_main.c.o

.gnu.version_d  0x0000000000400568        0x0
 *(.gnu.version_d)
 .gnu.version_d
                0x0000000000400568        0x0 uspace/srv_test_chardev_test.p/srv_test_chardev-test_main.c.o

.gnu.version_r  0x0000000000400568        0x0
 *(.gnu.version_r)
 .gnu.version_r
                0x0000000000400568        0x0 uspace/srv_test_chardev_test.p/srv_test_chardev-test_main.c.o

.rela.dyn       0x0000000000400568       0x18
 *(.rela.init)
 *(.rela.text .rela.text.* .rela.gnu.linkonce.t.*)
 .rela.text.__c_start
                0x0000000000400568        0x0 uspace/srv_test_chardev_test.p/srv_test_chardev-test_main.c.o
 *(.rela.fini)
 *(.rela.rodata .rela.rodata.* .rela.gnu.linkonce.r.*)
 .rela.rodata.cst8
                0x0000000000400568        0x0 uspace/srv_test_chardev_test.p/srv_test_chardev-test_main.c.o
 *(.rela.data .rela.data.* .rela.gnu.linkonce.d.*)
 .rela.data.rel.ro
                0x0000000000400568        0x0 uspace/srv_test_chardev_test.p/srv_test_chardev-test_main.c.o
 *(.rela.tdata .rela.tdata.* .rela.gnu.linkonce.td.*)
 *(.rela.tbss .rela.tbss.* .rela.gnu.linkonce.tb.*)
 *(.rela.ctors)
 *(.rela.dtors)
 *(.rela.got)
 .rela.got      0x0000000000400568        0x0 uspace/srv_test_chardev_test.p/srv_test_chardev-test_main.c.o
 *(.rela.bss .rela.bss.* .rela.gnu.linkonce.b.*)
 .rela.bss      0x0000000000400568       0x18 uspace/srv_test_chardev_test.p/srv_test_chardev-test_main.c.o
 *(.rela.ldata .rela.ldata.* .rela.gnu.linkonce.l.*)
 *(.rela.lbss .rela.lbss.* .rela.gnu.linkonce.lb.*)
 *(.rela.lrodata .rela.lrodata.* .rela.gnu.linkonce.lr.*)
 *(.rela.ifunc)

.rela.plt       0x0000000000400580      0x1f8
 *(.rela.plt)
 .rela.plt      0x0000000000400580      0x1f8 uspace/srv_test_chardev_test.p/srv_test_chardev-test_main.c.o
                [!provide]                        PROVIDE (__rela_iplt_start = .)
 *(.rela.iplt)
 .rela.iplt     0x0000000000400778        0x0 uspace/srv_test_chardev_test.p/srv_test_chardev-test_main.c.o
                [!provide]                        PROVIDE (__rela_iplt_end = .)

.relr.dyn
 *(.relr.dyn)

.init
 *(SORT_NONE(.init))

.plt            0x0000000000400780      0x160
 *(.plt)
 .plt           0x0000000000400780      0x160 uspace/srv_test_chardev_test.p/srv_test_chardev-test_main.c.o
                0x0000000000400790                task_retval
                0x00000000004007a0                printf
                0x00000000004007b0                loc_service_register
                0x00000000004007c0                async_get_call
                0x00000000004007d0                async_data_read_finalize
                0x00000000004007e0                loc_server_unregister
                0x00000000004007f0                malloc
                0x0000000000400800                async_answer_0
                0x0000000000400810                calloc
                0x0000000000400820                async_answer_2
                0x0000000000400830                loc_service_unregister
                0x0000000000400840                memset
                0x0000000000400850                async_data_read_receive
                0x0000000000400860                async_accept_0
                0x0000000000400870                loc_server_register
                0x0000000000400880                str_error
                0x0000000000400890                async_data_write_accept
                0x00000000004008a0                __libc_main
                0x00000000004008b0                async_manager
                0x00000000004008c0                async_set_fallback_port_handler
                0x00000000004008d0                free
 *(.iplt)
 .iplt          0x00000000004008e0        0x0 uspace/srv_test_chardev_test.p/srv_test_chardev-test_main.c.o

.plt.got        0x00000000004008e0        0x0
 *(.plt.got)
 .plt.got       0x00000000004008e0        0x0 uspace/srv_test_chardev_test.p/srv_test_chardev-test_main.c.o

.plt.sec
 *(.plt.sec)

.text           0x00000000004008e0      0x721
 *(.text.unlikely .text.*_unlikely .text.unlikely.*)
 *(.text.exit .text.exit.*)
 *(.text.startup .text.startup.*)
 .text.startup.main
                0x00000000004008e0      0x193 uspace/srv_test_chardev_test.p/srv_test_chardev-test_main.c.o
                0x00000000004008e0                main
 *(.text.hot .text.hot.*)
 *(SORT_BY_NAME(.text.sorted.*))
 *(.text .stub .text.* .gnu.linkonce.t.*)
 *fill*         0x0000000000400a73        0xd 
 .text.smallx_open
                0x0000000000400a80        0x8 uspace/srv_test_chardev_test.p/srv_test_chardev-test_main.c.o
 *fill*         0x0000000000400a88        0x8 
 .text.smallx_close
                0x0000000000400a90        0x8 uspace/srv_test_chardev_test.p/srv_test_chardev-test_main.c.o
 *fill*         0x0000000000400a98        0x8 
 .text.smallx_write
                0x0000000000400aa0       0x13 uspace/srv_test_chardev_test.p/srv_test_chardev-test_main.c.o
 *fill*         0x0000000000400ab3        0xd 
 .text.largex_write
                0x0000000000400ac0        0xb uspace/srv_test_chardev_test.p/srv_test_chardev-test_main.c.o
 *fill*         0x0000000000400acb        0x5 
 .text.partialx_write
                0x0000000000400ad0       0x1a uspace/srv_test_chardev_test.p/srv_test_chardev-test_main.c.o
 *fill*         0x0000000000400aea        0x6 
 .text.largex_read
                0x0000000000400af0       0x27 uspace/srv_test_chardev_test.p/srv_test_chardev-test_main.c.o
 *fill*         0x0000000000400b17        0x9 
 .text.partialx_read
                0x0000000000400b20       0x1d uspace/srv_test_chardev_test.p/srv_test_chardev-test_main.c.o
 *fill*         0x0000000000400b3d        0x3 
 .text.smallx_read
                0x0000000000400b40       0x18 uspace/srv_test_chardev_test.p/srv_test_chardev-test_main.c.o
 *fill*         0x0000000000400b58        0x8 
 .text.chardev_test_connection
                0x0000000000400b60       0x5b uspace/srv_test_chardev_test.p/srv_test_chardev-test_main.c.o
 *fill*         0x0000000000400bbb        0x5 
 .text.partialx_close
                0x0000000000400bc0        0x8 uspace/srv_test_chardev_test.p/srv_test_chardev-test_main.c.o
 *fill*         0x0000000000400bc8        0x8 
 .text.largex_open
                0x0000000000400bd0        0x8 uspace/srv_test_chardev_test.p/srv_test_chardev-test_main.c.o
 *fill*         0x0000000000400bd8        0x8 
 .text.partialx_open
                0x0000000000400be0        0x8 uspace/srv_test_chardev_test.p/srv_test_chardev-test_main.c.o
 *fill*         0x0000000000400be8        0x8 
 .text.largex_close
                0x0000000000400bf0        0x8 uspace/srv_test_chardev_test.p/srv_test_chardev-test_main.c.o
 .text          0x0000000000400bf8        0xc uspace/lib/c/libstartfiles.a.p/arch_amd64_src_crt0.S.o
                0x0000000000400bf8                _start
 *fill*         0x0000000000400c04        0xc 
 .text.__c_start
                0x0000000000400c10       0x8c uspace/lib/c/libstartfiles.a.p/generic_crt_crt1.c.o
                0x0000000000400c10                __c_start
 *fill*         0x0000000000400c9c        0x4 
 .text.chardev_srvs_init
                0x0000000000400ca0        0xd uspace/lib/libdevice.a.p/device_src_io_chardev_srv.c.o
                0x0000000000400ca0                chardev_srvs_init
 *fill*         0x0000000000400cad        0x3 
 .text.chardev_conn
                0x0000000000400cb0      0x351 uspace/lib/libdevice.a.p/device_src_io_chardev_srv.c.o
                0x0000000000400cb0                chardev_conn
 *(.gnu.warning)

.fini
 *(SORT_NONE(.fini))
                [!provide]                        PROVIDE (__etext = .)
                [!provide]                        PROVIDE (_etext = .)
                [!provide]                        PROVIDE (etext = .)

.rodata         0x0000000000401008       0xe8
 *(.rodata .rodata.* .gnu.linkonce.r.*)
 .rodata.main.str1.1
                0x0000000000401008       0x66 uspace/srv_test_chardev_test.p/srv_test_chardev-test_main.c.o
 *fill*         0x000000000040106e        0x2 
 .rodata.main.str1.8
                0x0000000000401070       0x75 uspace/srv_test_chardev_test.p/srv_test_chardev-test_main.c.o
 *fill*         0x00000000004010e5        0x3 
 .rodata.cst8   0x00000000004010e8        0x8 uspace/lib/c/libstartfiles.a.p/generic_crt_crt1.c.o

.rodata1
 *(.rodata1)

.eh_frame_hdr   0x00000000004010f0       0x9c
 *(.eh_frame_hdr)
 .eh_frame_hdr  0x00000000004010f0       0x9c uspace/srv_test_chardev_test.p/srv_test_chardev-test_main.c.o
                0x00000000004010f0                __GNU_EH_FRAME_HDR
 *(.eh_frame_entry .eh_frame_entry.*)

.eh_frame       0x0000000000401190      0x290
 *(.eh_frame)
 .eh_frame      0x0000000000401190      0x1f8 uspace/srv_test_chardev_test.p/srv_test_chardev-test_main.c.o
 .eh_frame      0x0000000000401388       0x28 uspace/srv_test_chardev_test.p/srv_test_chardev-test_main.c.o
                                         0x40 (size before relaxing)
 .eh_frame      0x00000000004013b0        0x0 uspace/srv_test_chardev_test.p/srv_test_chardev-test_main.c.o
 .eh_frame      0x00000000004013b0       0x20 uspace/lib/c/libstartfiles.a.p/generic_crt_crt1.c.o
                                         0x38 (size before relaxing)
 .eh_frame      0x00000000004013d0       0x50 uspace/lib/libdevice.a.p/device_src_io_chardev_srv.c.o
                                         0x68 (size before relaxing)
 *(.eh_frame.*)

.sframe         0x0000000000401420        0x0
 *(.sframe)
 .sframe        0x0000000000401420        0x0 uspace/srv_test_chardev_test.p/srv_test_chardev-test_main.c.o
 *(.sframe.*)

.gcc_except_table
 *(.gcc_except_table .gcc_except_table.*)

.gnu_extab
 *(.gnu_extab*)

.exception_ranges
 *(.exception_ranges*)
                0x0000000000402420                . = DATA_SEGMENT_ALIGN (CONSTANT (MAXPAGESIZE), CONSTANT (COMMONPAGESIZE))

.eh_frame
 *(.eh_frame)
 *(.eh_frame.*)

.sframe
 *(.sframe)
 *(.sframe.*)

.gnu_extab
 *(.gnu_extab)

.gcc_except_table
 *(.gcc_except_table .gcc_except_table.*)

.exception_ranges
 *(.exception_ranges*)

.tdata          0x0000000000402420        0x0
                [!provide]                        PROVIDE (__tdata_start = .)
 *(.tdata .tdata.* .gnu.linkonce.td.*)

.tbss
 *(.tbss .tbss.* .gnu.linkonce.tb.*)
 *(.tcommon)

.preinit_array  0x0000000000402420        0x0
                0x0000000000402420                PROVIDE (__preinit_array_start = .)
 *(.preinit_array)
                0x0000000000402420                PROVIDE (__preinit_array_end = .)

.init_array     0x0000000000402420        0x0
                0x0000000000402420                PROVIDE (__init_array_start = .)
 *(SORT_BY_INIT_PRIORITY(.init_array.*) SORT_BY_INIT_PRIORITY(.ctors.*))
 *(.init_array EXCLUDE_FILE(*crtend?.o *crtend.o *crtbegin?.o *crtbegin.o) .ctors)
                0x0000000000402420                PROVIDE (__init_array_end = .)

.fini_array     0x0000000000402420        0x0
                0x0000000000402420                PROVIDE (__fini_array_start = .)
 *(SORT_BY_INIT_PRIORITY(.fini_array.*) SORT_BY_INIT_PRIORITY(.dtors.*))
 *(.fini_array EXCLUDE_FILE(*crtend?.o *crtend.o *crtbegin?.o *crtbegin.o) .dtors)
                0x0000000000402420                PROVIDE (__fini_array_end = .)

.ctors
 *crtbegin.o(.ctors)
 *crtbegin?.o(.ctors)
 *(EXCLUDE_FILE(*crtend?.o *crtend.o) .ctors)
 *(SORT_BY_NAME(.ctors.*))
 *(.ctors)

.dtors
 *crtbegin.o(.dtors)
 *crtbegin?.o(.dtors)
 *(EXCLUDE_FILE(*crtend?.o *crtend.o) .dtors)
 *(SORT_BY_NAME(.dtors.*))
 *(.dtors)

.jcr
 *(.jcr)

.data.rel.ro    0x0000000000402420        0x0
 *(.data.rel.ro.local* .gnu.linkonce.d.rel.ro.local.*)
 *(.data.rel.ro .data.rel.ro.* .gnu.linkonce.d.rel.ro.*)
 .data.rel.ro   0x0000000000402420        0x0 uspace/srv_test_chardev_test.p/srv_test_chardev-test_main.c.o

.dynamic        0x0000000000402420      0x150
 *(.dynamic)
 .dynamic       0x0000000000402420      0x150 uspace/srv_test_chardev_test.p/srv_test_chardev-test_main.c.o
                0x0000000000402420                _DYNAMIC

.got            0x0000000000402570        0x0
 *(.got)
 .got           0x0000000000402570        0x0 uspace/srv_test_chardev_test.p/srv_test_chardev-test_main.c.o
 *(.igot)
                0x0000000000402570                . = DATA_SEGMENT_RELRO_END (., (SIZEOF (.got.plt) >= 0x18)?0x18:0x0)

.got.plt        0x0000000000402570       0xc0
 *(.got.plt)
 .got.plt       0x0000000000402570       0xc0 uspace/srv_test_chardev_test.p/srv_test_chardev-test_main.c.o
                0x0000000000402570                _GLOBAL_OFFSET_TABLE_
 *(.igot.plt)
 .igot.plt      0x0000000000402630        0x0 uspace/srv_test_chardev_test.p/srv_test_chardev-test_main.c.o

.data           0x0000000000402640       0xa8
 *(.data .data.* .gnu.linkonce.d.*)
 .data.chardev_test_partialx_ops
                0x0000000000402640       0x28 uspace/srv_test_chardev_test.p/srv_test_chardev-test_main.c.o
 *fill*         0x0000000000402668       0x18 
 .data.chardev_test_largex_ops
                0x0000000000402680       0x28 uspace/srv_test_chardev_test.p/srv_test_chardev-test_main.c.o
 *fill*         0x00000000004026a8       0x18 
 .data.chardev_test_smallx_ops
                0x00000000004026c0       0x28 uspace/srv_test_chardev_test.p/srv_test_chardev-test_main.c.o

.data1
 *(.data1)
                0x00000000004026e8                _edata = .
                [!provide]                        PROVIDE (edata = .)
                0x00000000004026e8                . = .
                0x00000000004026e8                __bss_start = .

.bss            0x0000000000402700       0xa8
 *(.dynbss)
 *fill*         0x0000000000402700        0x0 
 .dynbss        0x0000000000402700       0x48 uspace/srv_test_chardev_test.p/srv_test_chardev-test_main.c.o
                0x0000000000402700                __progsymbols
 *(.bss .bss.* .gnu.linkonce.b.*)
 *fill*         0x0000000000402748        0x8 
 .bss.partialx_srvs
                0x0000000000402750       0x10 uspace/srv_test_chardev_test.p/srv_test_chardev-test_main.c.o
 .bss.partialx_svc_id
                0x0000000000402760        0x8 uspace/srv_test_chardev_test.p/srv_test_chardev-test_main.c.o
 *fill*         0x0000000000402768        0x8 
 .bss.largex_srvs
                0x0000000000402770       0x10 uspace/srv_test_chardev_test.p/srv_test_chardev-test_main.c.o
 .bss.largex_svc_id
                0x0000000000402780        0x8 uspace/srv_test_chardev_test.p/srv_test_chardev-test_main.c.o
 *fill*         0x0000000000402788        0x8 
 .bss.smallx_srvs
                0x0000000000402790       0x10 uspace/srv_test_chardev_test.p/srv_test_chardev-test_main.c.o
 .bss.smallx_svc_id
                0x00000000004027a0        0x8 uspace/srv_test_chardev_test.p/srv_test_chardev-test_main.c.o
 *(COMMON)
                0x00000000004027a8                . = ALIGN ((. != 0x0)?0x8:0x1)

.lbss
 *(.dynlbss)
 *(.lbss .lbss.* .gnu.linkonce.lb.*)
 *(LARGE_COMMON)
                0x00000000004027a8                . = ALIGN (0x8)
                0x00000000004027a8                . = SEGMENT_START ("ldata-segment", .)

.lrodata
 *(.lrodata .lrodata.* .gnu.linkonce.lr.*)

.ldata          0x00000000004047a8        0x0
 *(.ldata .ldata.* .gnu.linkonce.l.*)
                0x00000000004047a8                . = ALIGN ((. != 0x0)?0x8:0x1)
                0x00000000004047a8                . = ALIGN (0x8)
                0x00000000004027a8                _end = .
                [!provide]                        PROVIDE (end = .)
                0x00000000004047a8                . = DATA_SEGMENT_END (.)

.stab
 *(.stab)

.stabstr
 *(.stabstr)

.stab.excl
 *(.stab.excl)

.stab.exclstr
 *(.stab.exclstr)

.stab.index
 *(.stab.index)

.stab.indexstr
 *(.stab.indexstr)

.comment        0x0000000000000000       0x12
 *(.comment)
 .comment       0x0000000000000000       0x12 uspace/srv_test_chardev_test.p/srv_test_chardev-test_main.c.o
                                         0x13 (size before relaxing)
 .comment       0x0000000000000012       0x13 uspace/lib/c/libstartfiles.a.p/generic_crt_crt1.c.o
 .comment       0x0000000000000012       0x13 uspace/lib/libdevice.a.p/device_src_io_chardev_srv.c.o

.gnu.build.attributes
 *(.gnu.build.attributes .gnu.build.attributes.*)

.debug
 *(.debug)

.line
 *(.line)

.debug_srcinfo
 *(.debug_srcinfo)

.debug_sfnames
 *(.debug_sfnames)

.debug_aranges
 *(.debug_aranges)

.debug_pubnames
 *(.debug_pubnames)

.debug_info
 *(.debug_info .gnu.linkonce.wi.*)

.debug_abbrev
 *(.debug_abbrev)

.debug_line
 *(.debug_line .debug_line.* .debug_line_end)

.debug_frame
 *(.debug_frame)

.debug_str
 *(.debug_str)

.debug_loc
 *(.debug_loc)

.debug_macinfo
 *(.debug_macinfo)

.debug_weaknames
 *(.debug_weaknames)

.debug_funcnames
 *(.debug_funcnames)

.debug_typenames
 *(.debug_typenames)

.debug_varnames
 *(.debug_varnames)

.debug_pubtypes
 *(.debug_pubtypes)

.debug_ranges
 *(.debug_ranges)

.debug_addr
 *(.debug_addr)

.debug_line_str
 *(.debug_line_str)

.debug_loclists
 *(.debug_loclists)

.debug_macro
 *(.debug_macro)

.debug_names
 *(.debug_names)

.debug_rnglists
 *(.debug_rnglists)

.debug_str_offsets
 *(.debug_str_offsets)

.debug_sup
 *(.debug_sup)

.gnu.attributes
 *(.gnu.attributes)

/DISCARD/
 *(.note.GNU-stack)
 *(.gnu_debuglink)
 *(.gnu.lto_*)
OUTPUT(uspace/srv_test_chardev_test elf64-x86-64)
