Archive member included to satisfy reference by file (symbol)

uspace/lib/c/libstartfiles.a.p/arch_amd64_src_crt0.S.o
                              (--whole-archive)
uspace/lib/c/libstartfiles.a.p/generic_crt_crt1.c.o
                              (--whole-archive)

As-needed library included to satisfy reference by file (symbol)

libc.so.0                     uspace/srv_test_ipc_test.p/srv_test_ipc-test_main.c.o (task_retval)

Discarded input sections

 .text          0x0000000000000000        0x0 uspace/srv_test_ipc_test.p/srv_test_ipc-test_main.c.o
 .data          0x0000000000000000        0x0 uspace/srv_test_ipc_test.p/srv_test_ipc-test_main.c.o
 .bss           0x0000000000000000        0x0 uspace/srv_test_ipc_test.p/srv_test_ipc-test_main.c.o
 .data          0x0000000000000000        0x0 uspace/lib/c/libstartfiles.a.p/arch_amd64_src_crt0.S.o
 .bss           0x0000000000000000        0x0 uspace/lib/c/libstartfiles.a.p/arch_amd64_src_crt0.S.o
 .text          0x0000000000000000        0x0 uspace/lib/c/libstartfiles.a.p/generic_crt_crt1.c.o
 .data          0x0000000000000000        0x0 uspace/lib/c/libstartfiles.a.p/generic_crt_crt1.c.o
 .bss           0x0000000000000000        0x0 uspace/lib/c/libstartfiles.a.p/generic_crt_crt1.c.o

Memory Configuration

Name             Origin             Length             Attributes
*default*        0x0000000000000000 0xffffffffffffffff

Linker script and memory map

LOAD uspace/srv_test_ipc_test.p/srv_test_ipc-test_main.c.o
START GROUP
LOAD uspace/lib/c/libstartfiles.a
LOAD uspace/lib/libipctest.a
LOAD uspace/lib/libc.so.0.0
LOAD /home/zyc/.local/share/HelenOS/cross/lib/gcc/amd64-helenos/13.2.0/libgcc.a
END GROUP
                0x0000000000400000                PROVIDE (__executable_start = SEGMENT_START ("text-segment", 0x400000))
                0x0000000000400120                . = (SEGMENT_START ("text-segment", 0x400000) + SIZEOF_HEADERS)

.interp
 *(.interp)

.note.gnu.build-id
 *(.note.gnu.build-id)

.hash           0x0000000000400120       0xb4
 *(.hash)
 .hash          0x0000000000400120       0xb4 uspace/srv_test_ipc_test.p/srv_test_ipc-test_main.c.o

.gnu.hash
 *(.gnu.hash)

.dynsym         0x00000000004001d8      0x270
 *(.dynsym)
 .dynsym        0x00000000004001d8      0x270 uspace/srv_test_ipc_test.p/srv_test_ipc-test_main.c.o

.dynstr         0x0000000000400448      0x1b9
 *(.dynstr)
 .dynstr        0x0000000000400448      0x1b9 uspace/srv_test_ipc_test.p/srv_test_ipc-test_main.c.o

.gnu.version    0x0000000000400602        0x0
 *(.gnu.version)
 .gnu.version   0x0000000000400602        0x0 uspace/srv_test_ipc_test.p/srv_test_ipc-test_main.c.o

.gnu.version_d  0x0000000000400608        0x0
 *(.gnu.version_d)
 .gnu.version_d
                0x0000000000400608        0x0 uspace/srv_test_ipc_test.p/srv_test_ipc-test_main.c.o

.gnu.version_r  0x0000000000400608        0x0
 *(.gnu.version_r)
 .gnu.version_r
                0x0000000000400608        0x0 uspace/srv_test_ipc_test.p/srv_test_ipc-test_main.c.o

.rela.dyn       0x0000000000400608       0x18
 *(.rela.init)
 *(.rela.text .rela.text.* .rela.gnu.linkonce.t.*)
 .rela.text.__c_start
                0x0000000000400608        0x0 uspace/srv_test_ipc_test.p/srv_test_ipc-test_main.c.o
 *(.rela.fini)
 *(.rela.rodata .rela.rodata.* .rela.gnu.linkonce.r.*)
 .rela.rodata.cst8
                0x0000000000400608        0x0 uspace/srv_test_ipc_test.p/srv_test_ipc-test_main.c.o
 *(.rela.data .rela.data.* .rela.gnu.linkonce.d.*)
 .rela.data.rel.ro
                0x0000000000400608        0x0 uspace/srv_test_ipc_test.p/srv_test_ipc-test_main.c.o
 *(.rela.tdata .rela.tdata.* .rela.gnu.linkonce.td.*)
 *(.rela.tbss .rela.tbss.* .rela.gnu.linkonce.tb.*)
 *(.rela.ctors)
 *(.rela.dtors)
 *(.rela.got)
 .rela.got      0x0000000000400608        0x0 uspace/srv_test_ipc_test.p/srv_test_ipc-test_main.c.o
 *(.rela.bss .rela.bss.* .rela.gnu.linkonce.b.*)
 .rela.bss      0x0000000000400608       0x18 uspace/srv_test_ipc_test.p/srv_test_ipc-test_main.c.o
 *(.rela.ldata .rela.ldata.* .rela.gnu.linkonce.l.*)
 *(.rela.lbss .rela.lbss.* .rela.gnu.linkonce.lb.*)
 *(.rela.lrodata .rela.lrodata.* .rela.gnu.linkonce.lr.*)
 *(.rela.ifunc)

.rela.plt       0x0000000000400620      0x240
 *(.rela.plt)
 .rela.plt      0x0000000000400620      0x240 uspace/srv_test_ipc_test.p/srv_test_ipc-test_main.c.o
                [!provide]                        PROVIDE (__rela_iplt_start = .)
 *(.rela.iplt)
 .rela.iplt     0x0000000000400860        0x0 uspace/srv_test_ipc_test.p/srv_test_ipc-test_main.c.o
                [!provide]                        PROVIDE (__rela_iplt_end = .)

.relr.dyn
 *(.relr.dyn)

.init
 *(SORT_NONE(.init))

.plt            0x0000000000400860      0x190
 *(.plt)
 .plt           0x0000000000400860      0x190 uspace/srv_test_ipc_test.p/srv_test_ipc-test_main.c.o
                0x0000000000400870                task_retval
                0x0000000000400880                printf
                0x0000000000400890                log_init
                0x00000000004008a0                loc_service_register
                0x00000000004008b0                async_get_call
                0x00000000004008c0                async_data_read_finalize
                0x00000000004008d0                loc_server_unregister
                0x00000000004008e0                puts
                0x00000000004008f0                async_answer_0
                0x0000000000400900                log_msg
                0x0000000000400910                realloc
                0x0000000000400920                async_data_read_receive
                0x0000000000400930                async_accept_0
                0x0000000000400940                async_share_in_receive
                0x0000000000400950                loc_server_register
                0x0000000000400960                async_answer_1
                0x0000000000400970                str_error
                0x0000000000400980                async_share_in_finalize
                0x0000000000400990                async_data_write_finalize
                0x00000000004009a0                as_area_get_info
                0x00000000004009b0                __libc_main
                0x00000000004009c0                async_manager
                0x00000000004009d0                async_set_fallback_port_handler
                0x00000000004009e0                async_data_write_receive
 *(.iplt)
 .iplt          0x00000000004009f0        0x0 uspace/srv_test_ipc_test.p/srv_test_ipc-test_main.c.o

.plt.got        0x00000000004009f0        0x0
 *(.plt.got)
 .plt.got       0x00000000004009f0        0x0 uspace/srv_test_ipc_test.p/srv_test_ipc-test_main.c.o

.plt.sec
 *(.plt.sec)

.text           0x00000000004009f0      0x73c
 *(.text.unlikely .text.*_unlikely .text.unlikely.*)
 *(.text.exit .text.exit.*)
 *(.text.startup .text.startup.*)
 .text.startup.main
                0x00000000004009f0       0xde uspace/srv_test_ipc_test.p/srv_test_ipc-test_main.c.o
                0x00000000004009f0                main
 *(.text.hot .text.hot.*)
 *(SORT_BY_NAME(.text.sorted.*))
 *(.text .stub .text.* .gnu.linkonce.t.*)
 *fill*         0x0000000000400ace        0x2 
 .text.ipc_test_connection
                0x0000000000400ad0      0x5b9 uspace/srv_test_ipc_test.p/srv_test_ipc-test_main.c.o
 .text          0x0000000000401089        0xc uspace/lib/c/libstartfiles.a.p/arch_amd64_src_crt0.S.o
                0x0000000000401089                _start
 *fill*         0x0000000000401095        0xb 
 .text.__c_start
                0x00000000004010a0       0x8c uspace/lib/c/libstartfiles.a.p/generic_crt_crt1.c.o
                0x00000000004010a0                __c_start
 *(.gnu.warning)

.fini
 *(SORT_NONE(.fini))
                [!provide]                        PROVIDE (__etext = .)
                [!provide]                        PROVIDE (_etext = .)
                [!provide]                        PROVIDE (etext = .)

.rodata         0x0000000000401130      0x320
 *(.rodata .rodata.* .gnu.linkonce.r.*)
 .rodata.ipc_test_connection.str1.1
                0x0000000000401130      0x1bf uspace/srv_test_ipc_test.p/srv_test_ipc-test_main.c.o
                                        0x196 (size before relaxing)
 *fill*         0x00000000004012ef        0x1 
 .rodata.ipc_test_connection.str1.8
                0x00000000004012f0      0x112 uspace/srv_test_ipc_test.p/srv_test_ipc-test_main.c.o
                                         0x9e (size before relaxing)
 *fill*         0x0000000000401402        0x6 
 .rodata.ipc_test_connection
                0x0000000000401408       0x40 uspace/srv_test_ipc_test.p/srv_test_ipc-test_main.c.o
 .rodata.main.str1.1
                0x0000000000401448       0x3a uspace/srv_test_ipc_test.p/srv_test_ipc-test_main.c.o
 .rodata.main.str1.8
                0x0000000000401448       0x72 uspace/srv_test_ipc_test.p/srv_test_ipc-test_main.c.o
 .rodata.cst8   0x0000000000401448        0x8 uspace/lib/c/libstartfiles.a.p/generic_crt_crt1.c.o

.rodata1
 *(.rodata1)

.eh_frame_hdr   0x0000000000401450       0x2c
 *(.eh_frame_hdr)
 .eh_frame_hdr  0x0000000000401450       0x2c uspace/srv_test_ipc_test.p/srv_test_ipc-test_main.c.o
                0x0000000000401450                __GNU_EH_FRAME_HDR
 *(.eh_frame_entry .eh_frame_entry.*)

.eh_frame       0x0000000000401480       0xac
 *(.eh_frame)
 .eh_frame      0x0000000000401480       0x68 uspace/srv_test_ipc_test.p/srv_test_ipc-test_main.c.o
 .eh_frame      0x00000000004014e8       0x28 uspace/srv_test_ipc_test.p/srv_test_ipc-test_main.c.o
                                         0x40 (size before relaxing)
 .eh_frame      0x0000000000401510        0x0 uspace/srv_test_ipc_test.p/srv_test_ipc-test_main.c.o
 .eh_frame      0x0000000000401510       0x1c uspace/lib/c/libstartfiles.a.p/generic_crt_crt1.c.o
                                         0x38 (size before relaxing)
 *(.eh_frame.*)

.sframe         0x000000000040152c        0x0
 *(.sframe)
 .sframe        0x000000000040152c        0x0 uspace/srv_test_ipc_test.p/srv_test_ipc-test_main.c.o
 *(.sframe.*)

.gcc_except_table
 *(.gcc_except_table .gcc_except_table.*)

.gnu_extab
 *(.gnu_extab*)

.exception_ranges
 *(.exception_ranges*)
                0x000000000040252c                . = DATA_SEGMENT_ALIGN (CONSTANT (MAXPAGESIZE), CONSTANT (COMMONPAGESIZE))

.eh_frame
 *(.eh_frame)
 *(.eh_frame.*)

.sframe
 *(.sframe)
 *(.sframe.*)

.gnu_extab
 *(.gnu_extab)

.gcc_except_table
 *(.gcc_except_table .gcc_except_table.*)

.exception_ranges
 *(.exception_ranges*)

.tdata          0x000000000040252c        0x0
                [!provide]                        PROVIDE (__tdata_start = .)
 *(.tdata .tdata.* .gnu.linkonce.td.*)

.tbss
 *(.tbss .tbss.* .gnu.linkonce.tb.*)
 *(.tcommon)

.preinit_array  0x000000000040252c        0x0
                0x000000000040252c                PROVIDE (__preinit_array_start = .)
 *(.preinit_array)
                0x000000000040252c                PROVIDE (__preinit_array_end = .)

.init_array     0x000000000040252c        0x0
                0x000000000040252c                PROVIDE (__init_array_start = .)
 *(SORT_BY_INIT_PRIORITY(.init_array.*) SORT_BY_INIT_PRIORITY(.ctors.*))
 *(.init_array EXCLUDE_FILE(*crtend?.o *crtend.o *crtbegin?.o *crtbegin.o) .ctors)
                0x000000000040252c                PROVIDE (__init_array_end = .)

.fini_array     0x000000000040252c        0x0
                0x000000000040252c                PROVIDE (__fini_array_start = .)
 *(SORT_BY_INIT_PRIORITY(.fini_array.*) SORT_BY_INIT_PRIORITY(.dtors.*))
 *(.fini_array EXCLUDE_FILE(*crtend?.o *crtend.o *crtbegin?.o *crtbegin.o) .dtors)
                0x000000000040252c                PROVIDE (__fini_array_end = .)

.ctors
 *crtbegin.o(.ctors)
 *crtbegin?.o(.ctors)
 *(EXCLUDE_FILE(*crtend?.o *crtend.o) .ctors)
 *(SORT_BY_NAME(.ctors.*))
 *(.ctors)

.dtors
 *crtbegin.o(.dtors)
 *crtbegin?.o(.dtors)
 *(EXCLUDE_FILE(*crtend?.o *crtend.o) .dtors)
 *(SORT_BY_NAME(.dtors.*))
 *(.dtors)

.jcr
 *(.jcr)

.data.rel.ro    0x000000000040252c        0x0
 *(.data.rel.ro.local* .gnu.linkonce.d.rel.ro.local.*)
 *(.data.rel.ro .data.rel.ro.* .gnu.linkonce.d.rel.ro.*)
 .data.rel.ro   0x000000000040252c        0x0 uspace/srv_test_ipc_test.p/srv_test_ipc-test_main.c.o

.dynamic        0x0000000000402530      0x150
 *(.dynamic)
 .dynamic       0x0000000000402530      0x150 uspace/srv_test_ipc_test.p/srv_test_ipc-test_main.c.o
                0x0000000000402530                _DYNAMIC

.got            0x0000000000402680        0x0
 *(.got)
 .got           0x0000000000402680        0x0 uspace/srv_test_ipc_test.p/srv_test_ipc-test_main.c.o
 *(.igot)
                0x0000000000402680                . = DATA_SEGMENT_RELRO_END (., (SIZEOF (.got.plt) >= 0x18)?0x18:0x0)

.got.plt        0x0000000000402680       0xd8
 *(.got.plt)
 .got.plt       0x0000000000402680       0xd8 uspace/srv_test_ipc_test.p/srv_test_ipc-test_main.c.o
                0x0000000000402680                _GLOBAL_OFFSET_TABLE_
 *(.igot.plt)
 .igot.plt      0x0000000000402758        0x0 uspace/srv_test_ipc_test.p/srv_test_ipc-test_main.c.o

.data           0x0000000000402758        0xe
 *(.data .data.* .gnu.linkonce.d.*)
 .data.rw_data  0x0000000000402758        0xe uspace/srv_test_ipc_test.p/srv_test_ipc-test_main.c.o

.data1
 *(.data1)
                0x0000000000402766                _edata = .
                [!provide]                        PROVIDE (edata = .)
                0x0000000000402766                . = .
                0x0000000000402766                __bss_start = .

.bss            0x0000000000402780       0x60
 *(.dynbss)
 *fill*         0x0000000000402780        0x0 
 .dynbss        0x0000000000402780       0x48 uspace/srv_test_ipc_test.p/srv_test_ipc-test_main.c.o
                0x0000000000402780                __progsymbols
 *(.bss .bss.* .gnu.linkonce.b.*)
 .bss.rw_buf_size
                0x00000000004027c8        0x8 uspace/srv_test_ipc_test.p/srv_test_ipc-test_main.c.o
                0x00000000004027c8                rw_buf_size
 .bss.rw_buf    0x00000000004027d0        0x8 uspace/srv_test_ipc_test.p/srv_test_ipc-test_main.c.o
 .bss.svc_id    0x00000000004027d8        0x8 uspace/srv_test_ipc_test.p/srv_test_ipc-test_main.c.o
 *(COMMON)
                0x00000000004027e0                . = ALIGN ((. != 0x0)?0x8:0x1)

.lbss
 *(.dynlbss)
 *(.lbss .lbss.* .gnu.linkonce.lb.*)
 *(LARGE_COMMON)
                0x00000000004027e0                . = ALIGN (0x8)
                0x00000000004027e0                . = SEGMENT_START ("ldata-segment", .)

.lrodata
 *(.lrodata .lrodata.* .gnu.linkonce.lr.*)

.ldata          0x00000000004047e0        0x0
 *(.ldata .ldata.* .gnu.linkonce.l.*)
                0x00000000004047e0                . = ALIGN ((. != 0x0)?0x8:0x1)
                0x00000000004047e0                . = ALIGN (0x8)
                0x00000000004027e0                _end = .
                [!provide]                        PROVIDE (end = .)
                0x00000000004047e0                . = DATA_SEGMENT_END (.)

.stab
 *(.stab)

.stabstr
 *(.stabstr)

.stab.excl
 *(.stab.excl)

.stab.exclstr
 *(.stab.exclstr)

.stab.index
 *(.stab.index)

.stab.indexstr
 *(.stab.indexstr)

.comment        0x0000000000000000       0x12
 *(.comment)
 .comment       0x0000000000000000       0x12 uspace/srv_test_ipc_test.p/srv_test_ipc-test_main.c.o
                                         0x13 (size before relaxing)
 .comment       0x0000000000000012       0x13 uspace/lib/c/libstartfiles.a.p/generic_crt_crt1.c.o

.gnu.build.attributes
 *(.gnu.build.attributes .gnu.build.attributes.*)

.debug
 *(.debug)

.line
 *(.line)

.debug_srcinfo
 *(.debug_srcinfo)

.debug_sfnames
 *(.debug_sfnames)

.debug_aranges
 *(.debug_aranges)

.debug_pubnames
 *(.debug_pubnames)

.debug_info
 *(.debug_info .gnu.linkonce.wi.*)

.debug_abbrev
 *(.debug_abbrev)

.debug_line
 *(.debug_line .debug_line.* .debug_line_end)

.debug_frame
 *(.debug_frame)

.debug_str
 *(.debug_str)

.debug_loc
 *(.debug_loc)

.debug_macinfo
 *(.debug_macinfo)

.debug_weaknames
 *(.debug_weaknames)

.debug_funcnames
 *(.debug_funcnames)

.debug_typenames
 *(.debug_typenames)

.debug_varnames
 *(.debug_varnames)

.debug_pubtypes
 *(.debug_pubtypes)

.debug_ranges
 *(.debug_ranges)

.debug_addr
 *(.debug_addr)

.debug_line_str
 *(.debug_line_str)

.debug_loclists
 *(.debug_loclists)

.debug_macro
 *(.debug_macro)

.debug_names
 *(.debug_names)

.debug_rnglists
 *(.debug_rnglists)

.debug_str_offsets
 *(.debug_str_offsets)

.debug_sup
 *(.debug_sup)

.gnu.attributes
 *(.gnu.attributes)

/DISCARD/
 *(.note.GNU-stack)
 *(.gnu_debuglink)
 *(.gnu.lto_*)
OUTPUT(uspace/srv_test_ipc_test elf64-x86-64)
