Archive member included to satisfy reference by file (symbol)

uspace/lib/c/libstartfiles.a.p/arch_amd64_src_crt0.S.o
                              (--whole-archive)
uspace/lib/c/libstartfiles.a.p/generic_crt_crt1.c.o
                              (--whole-archive)

As-needed library included to satisfy reference by file (symbol)

libc.so.0                     uspace/srv_clipboard.p/srv_clipboard_clipboard.c.o (task_retval)

Discarded input sections

 .text          0x0000000000000000        0x0 uspace/srv_clipboard.p/srv_clipboard_clipboard.c.o
 .data          0x0000000000000000        0x0 uspace/srv_clipboard.p/srv_clipboard_clipboard.c.o
 .bss           0x0000000000000000        0x0 uspace/srv_clipboard.p/srv_clipboard_clipboard.c.o
 .data          0x0000000000000000        0x0 uspace/lib/c/libstartfiles.a.p/arch_amd64_src_crt0.S.o
 .bss           0x0000000000000000        0x0 uspace/lib/c/libstartfiles.a.p/arch_amd64_src_crt0.S.o
 .text          0x0000000000000000        0x0 uspace/lib/c/libstartfiles.a.p/generic_crt_crt1.c.o
 .data          0x0000000000000000        0x0 uspace/lib/c/libstartfiles.a.p/generic_crt_crt1.c.o
 .bss           0x0000000000000000        0x0 uspace/lib/c/libstartfiles.a.p/generic_crt_crt1.c.o

Memory Configuration

Name             Origin             Length             Attributes
*default*        0x0000000000000000 0xffffffffffffffff

Linker script and memory map

LOAD uspace/srv_clipboard.p/srv_clipboard_clipboard.c.o
START GROUP
LOAD uspace/lib/c/libstartfiles.a
LOAD uspace/lib/libclipboard.a
LOAD uspace/lib/libc.so.0.0
LOAD /home/zyc/.local/share/HelenOS/cross/lib/gcc/amd64-helenos/13.2.0/libgcc.a
END GROUP
                0x0000000000400000                PROVIDE (__executable_start = SEGMENT_START ("text-segment", 0x400000))
                0x0000000000400120                . = (SEGMENT_START ("text-segment", 0x400000) + SIZEOF_HEADERS)

.interp
 *(.interp)

.note.gnu.build-id
 *(.note.gnu.build-id)

.hash           0x0000000000400120       0xa0
 *(.hash)
 .hash          0x0000000000400120       0xa0 uspace/srv_clipboard.p/srv_clipboard_clipboard.c.o

.gnu.hash
 *(.gnu.hash)

.dynsym         0x00000000004001c0      0x1f8
 *(.dynsym)
 .dynsym        0x00000000004001c0      0x1f8 uspace/srv_clipboard.p/srv_clipboard_clipboard.c.o

.dynstr         0x00000000004003b8      0x16b
 *(.dynstr)
 .dynstr        0x00000000004003b8      0x16b uspace/srv_clipboard.p/srv_clipboard_clipboard.c.o

.gnu.version    0x0000000000400524        0x0
 *(.gnu.version)
 .gnu.version   0x0000000000400524        0x0 uspace/srv_clipboard.p/srv_clipboard_clipboard.c.o

.gnu.version_d  0x0000000000400528        0x0
 *(.gnu.version_d)
 .gnu.version_d
                0x0000000000400528        0x0 uspace/srv_clipboard.p/srv_clipboard_clipboard.c.o

.gnu.version_r  0x0000000000400528        0x0
 *(.gnu.version_r)
 .gnu.version_r
                0x0000000000400528        0x0 uspace/srv_clipboard.p/srv_clipboard_clipboard.c.o

.rela.dyn       0x0000000000400528       0x18
 *(.rela.init)
 *(.rela.text .rela.text.* .rela.gnu.linkonce.t.*)
 .rela.text.__c_start
                0x0000000000400528        0x0 uspace/srv_clipboard.p/srv_clipboard_clipboard.c.o
 *(.rela.fini)
 *(.rela.rodata .rela.rodata.* .rela.gnu.linkonce.r.*)
 .rela.rodata.cst8
                0x0000000000400528        0x0 uspace/srv_clipboard.p/srv_clipboard_clipboard.c.o
 *(.rela.data .rela.data.* .rela.gnu.linkonce.d.*)
 .rela.data.rel.ro
                0x0000000000400528        0x0 uspace/srv_clipboard.p/srv_clipboard_clipboard.c.o
 *(.rela.tdata .rela.tdata.* .rela.gnu.linkonce.td.*)
 *(.rela.tbss .rela.tbss.* .rela.gnu.linkonce.tb.*)
 *(.rela.ctors)
 *(.rela.dtors)
 *(.rela.got)
 .rela.got      0x0000000000400528        0x0 uspace/srv_clipboard.p/srv_clipboard_clipboard.c.o
 *(.rela.bss .rela.bss.* .rela.gnu.linkonce.b.*)
 .rela.bss      0x0000000000400528       0x18 uspace/srv_clipboard.p/srv_clipboard_clipboard.c.o
 *(.rela.ldata .rela.ldata.* .rela.gnu.linkonce.l.*)
 *(.rela.lbss .rela.lbss.* .rela.gnu.linkonce.lb.*)
 *(.rela.lrodata .rela.lrodata.* .rela.gnu.linkonce.lr.*)
 *(.rela.ifunc)

.rela.plt       0x0000000000400540      0x1c8
 *(.rela.plt)
 .rela.plt      0x0000000000400540      0x1c8 uspace/srv_clipboard.p/srv_clipboard_clipboard.c.o
                [!provide]                        PROVIDE (__rela_iplt_start = .)
 *(.rela.iplt)
 .rela.iplt     0x0000000000400708        0x0 uspace/srv_clipboard.p/srv_clipboard_clipboard.c.o
                [!provide]                        PROVIDE (__rela_iplt_end = .)

.relr.dyn
 *(.relr.dyn)

.init
 *(SORT_NONE(.init))

.plt            0x0000000000400710      0x140
 *(.plt)
 .plt           0x0000000000400710      0x140 uspace/srv_clipboard.p/srv_clipboard_clipboard.c.o
                0x0000000000400720                task_retval
                0x0000000000400730                printf
                0x0000000000400740                loc_service_register
                0x0000000000400750                async_get_call
                0x0000000000400760                async_data_read_finalize
                0x0000000000400770                loc_server_unregister
                0x0000000000400780                async_answer_0
                0x0000000000400790                async_answer_2
                0x00000000004007a0                fibril_mutex_unlock
                0x00000000004007b0                async_data_read_receive
                0x00000000004007c0                async_accept_0
                0x00000000004007d0                loc_server_register
                0x00000000004007e0                str_error
                0x00000000004007f0                async_data_write_accept
                0x0000000000400800                __libc_main
                0x0000000000400810                async_manager
                0x0000000000400820                async_set_fallback_port_handler
                0x0000000000400830                free
                0x0000000000400840                fibril_mutex_lock
 *(.iplt)
 .iplt          0x0000000000400850        0x0 uspace/srv_clipboard.p/srv_clipboard_clipboard.c.o

.plt.got        0x0000000000400850        0x0
 *(.plt.got)
 .plt.got       0x0000000000400850        0x0 uspace/srv_clipboard.p/srv_clipboard_clipboard.c.o

.plt.sec
 *(.plt.sec)

.text           0x0000000000400850      0x42c
 *(.text.unlikely .text.*_unlikely .text.unlikely.*)
 *(.text.exit .text.exit.*)
 *(.text.startup .text.startup.*)
 .text.startup.main
                0x0000000000400850       0xba uspace/srv_clipboard.p/srv_clipboard_clipboard.c.o
                0x0000000000400850                main
 *(.text.hot .text.hot.*)
 *(SORT_BY_NAME(.text.sorted.*))
 *(.text .stub .text.* .gnu.linkonce.t.*)
 *fill*         0x000000000040090a        0x6 
 .text.clip_connection
                0x0000000000400910      0x2ce uspace/srv_clipboard.p/srv_clipboard_clipboard.c.o
 .text          0x0000000000400bde        0xc uspace/lib/c/libstartfiles.a.p/arch_amd64_src_crt0.S.o
                0x0000000000400bde                _start
 *fill*         0x0000000000400bea        0x6 
 .text.__c_start
                0x0000000000400bf0       0x8c uspace/lib/c/libstartfiles.a.p/generic_crt_crt1.c.o
                0x0000000000400bf0                __c_start
 *(.gnu.warning)

.fini
 *(SORT_NONE(.fini))
                [!provide]                        PROVIDE (__etext = .)
                [!provide]                        PROVIDE (_etext = .)
                [!provide]                        PROVIDE (etext = .)

.rodata         0x0000000000400c80       0xa8
 *(.rodata .rodata.* .gnu.linkonce.r.*)
 .rodata.main.str1.1
                0x0000000000400c80       0x25 uspace/srv_clipboard.p/srv_clipboard_clipboard.c.o
 *fill*         0x0000000000400ca5        0x3 
 .rodata.main.str1.8
                0x0000000000400ca8       0x75 uspace/srv_clipboard.p/srv_clipboard_clipboard.c.o
                                         0x6d (size before relaxing)
 *fill*         0x0000000000400d1d        0x3 
 .rodata.cst8   0x0000000000400d20        0x8 uspace/lib/c/libstartfiles.a.p/generic_crt_crt1.c.o

.rodata1
 *(.rodata1)

.eh_frame_hdr   0x0000000000400d28       0x2c
 *(.eh_frame_hdr)
 .eh_frame_hdr  0x0000000000400d28       0x2c uspace/srv_clipboard.p/srv_clipboard_clipboard.c.o
                0x0000000000400d28                __GNU_EH_FRAME_HDR
 *(.eh_frame_entry .eh_frame_entry.*)

.eh_frame       0x0000000000400d58       0xac
 *(.eh_frame)
 .eh_frame      0x0000000000400d58       0x68 uspace/srv_clipboard.p/srv_clipboard_clipboard.c.o
 .eh_frame      0x0000000000400dc0       0x28 uspace/srv_clipboard.p/srv_clipboard_clipboard.c.o
                                         0x40 (size before relaxing)
 .eh_frame      0x0000000000400de8        0x0 uspace/srv_clipboard.p/srv_clipboard_clipboard.c.o
 .eh_frame      0x0000000000400de8       0x1c uspace/lib/c/libstartfiles.a.p/generic_crt_crt1.c.o
                                         0x38 (size before relaxing)
 *(.eh_frame.*)

.sframe         0x0000000000400e04        0x0
 *(.sframe)
 .sframe        0x0000000000400e04        0x0 uspace/srv_clipboard.p/srv_clipboard_clipboard.c.o
 *(.sframe.*)

.gcc_except_table
 *(.gcc_except_table .gcc_except_table.*)

.gnu_extab
 *(.gnu_extab*)

.exception_ranges
 *(.exception_ranges*)
                0x0000000000401000                . = DATA_SEGMENT_ALIGN (CONSTANT (MAXPAGESIZE), CONSTANT (COMMONPAGESIZE))

.eh_frame
 *(.eh_frame)
 *(.eh_frame.*)

.sframe
 *(.sframe)
 *(.sframe.*)

.gnu_extab
 *(.gnu_extab)

.gcc_except_table
 *(.gcc_except_table .gcc_except_table.*)

.exception_ranges
 *(.exception_ranges*)

.tdata          0x0000000000401000        0x0
                [!provide]                        PROVIDE (__tdata_start = .)
 *(.tdata .tdata.* .gnu.linkonce.td.*)

.tbss
 *(.tbss .tbss.* .gnu.linkonce.tb.*)
 *(.tcommon)

.preinit_array  0x0000000000401000        0x0
                0x0000000000401000                PROVIDE (__preinit_array_start = .)
 *(.preinit_array)
                0x0000000000401000                PROVIDE (__preinit_array_end = .)

.init_array     0x0000000000401000        0x0
                0x0000000000401000                PROVIDE (__init_array_start = .)
 *(SORT_BY_INIT_PRIORITY(.init_array.*) SORT_BY_INIT_PRIORITY(.ctors.*))
 *(.init_array EXCLUDE_FILE(*crtend?.o *crtend.o *crtbegin?.o *crtbegin.o) .ctors)
                0x0000000000401000                PROVIDE (__init_array_end = .)

.fini_array     0x0000000000401000        0x0
                0x0000000000401000                PROVIDE (__fini_array_start = .)
 *(SORT_BY_INIT_PRIORITY(.fini_array.*) SORT_BY_INIT_PRIORITY(.dtors.*))
 *(.fini_array EXCLUDE_FILE(*crtend?.o *crtend.o *crtbegin?.o *crtbegin.o) .dtors)
                0x0000000000401000                PROVIDE (__fini_array_end = .)

.ctors
 *crtbegin.o(.ctors)
 *crtbegin?.o(.ctors)
 *(EXCLUDE_FILE(*crtend?.o *crtend.o) .ctors)
 *(SORT_BY_NAME(.ctors.*))
 *(.ctors)

.dtors
 *crtbegin.o(.dtors)
 *crtbegin?.o(.dtors)
 *(EXCLUDE_FILE(*crtend?.o *crtend.o) .dtors)
 *(SORT_BY_NAME(.dtors.*))
 *(.dtors)

.jcr
 *(.jcr)

.data.rel.ro    0x0000000000401000        0x0
 *(.data.rel.ro.local* .gnu.linkonce.d.rel.ro.local.*)
 *(.data.rel.ro .data.rel.ro.* .gnu.linkonce.d.rel.ro.*)
 .data.rel.ro   0x0000000000401000        0x0 uspace/srv_clipboard.p/srv_clipboard_clipboard.c.o

.dynamic        0x0000000000401000      0x150
 *(.dynamic)
 .dynamic       0x0000000000401000      0x150 uspace/srv_clipboard.p/srv_clipboard_clipboard.c.o
                0x0000000000401000                _DYNAMIC

.got            0x0000000000401150        0x0
 *(.got)
 .got           0x0000000000401150        0x0 uspace/srv_clipboard.p/srv_clipboard_clipboard.c.o
 *(.igot)
                0x0000000000401150                . = DATA_SEGMENT_RELRO_END (., (SIZEOF (.got.plt) >= 0x18)?0x18:0x0)

.got.plt        0x0000000000401150       0xb0
 *(.got.plt)
 .got.plt       0x0000000000401150       0xb0 uspace/srv_clipboard.p/srv_clipboard_clipboard.c.o
                0x0000000000401150                _GLOBAL_OFFSET_TABLE_
 *(.igot.plt)
 .igot.plt      0x0000000000401200        0x0 uspace/srv_clipboard.p/srv_clipboard_clipboard.c.o

.data           0x0000000000401200       0x20
 *(.data .data.* .gnu.linkonce.d.*)
 .data.clip_mtx
                0x0000000000401200       0x20 uspace/srv_clipboard.p/srv_clipboard_clipboard.c.o

.data1
 *(.data1)
                0x0000000000401220                _edata = .
                [!provide]                        PROVIDE (edata = .)
                0x0000000000401220                . = .
                0x0000000000401220                __bss_start = .

.bss            0x0000000000401220       0x68
 *(.dynbss)
 .dynbss        0x0000000000401220       0x48 uspace/srv_clipboard.p/srv_clipboard_clipboard.c.o
                0x0000000000401220                __progsymbols
 *(.bss .bss.* .gnu.linkonce.b.*)
 .bss.svc_id    0x0000000000401268        0x8 uspace/srv_clipboard.p/srv_clipboard_clipboard.c.o
 .bss.clip_tag  0x0000000000401270        0x4 uspace/srv_clipboard.p/srv_clipboard_clipboard.c.o
 *fill*         0x0000000000401274        0x4 
 .bss.clip_size
                0x0000000000401278        0x8 uspace/srv_clipboard.p/srv_clipboard_clipboard.c.o
 .bss.clip_data
                0x0000000000401280        0x8 uspace/srv_clipboard.p/srv_clipboard_clipboard.c.o
 *(COMMON)
                0x0000000000401288                . = ALIGN ((. != 0x0)?0x8:0x1)

.lbss
 *(.dynlbss)
 *(.lbss .lbss.* .gnu.linkonce.lb.*)
 *(LARGE_COMMON)
                0x0000000000401288                . = ALIGN (0x8)
                0x0000000000401288                . = SEGMENT_START ("ldata-segment", .)

.lrodata
 *(.lrodata .lrodata.* .gnu.linkonce.lr.*)

.ldata          0x0000000000403288        0x0
 *(.ldata .ldata.* .gnu.linkonce.l.*)
                0x0000000000403288                . = ALIGN ((. != 0x0)?0x8:0x1)
                0x0000000000403288                . = ALIGN (0x8)
                0x0000000000401288                _end = .
                [!provide]                        PROVIDE (end = .)
                0x0000000000403288                . = DATA_SEGMENT_END (.)

.stab
 *(.stab)

.stabstr
 *(.stabstr)

.stab.excl
 *(.stab.excl)

.stab.exclstr
 *(.stab.exclstr)

.stab.index
 *(.stab.index)

.stab.indexstr
 *(.stab.indexstr)

.comment        0x0000000000000000       0x12
 *(.comment)
 .comment       0x0000000000000000       0x12 uspace/srv_clipboard.p/srv_clipboard_clipboard.c.o
                                         0x13 (size before relaxing)
 .comment       0x0000000000000012       0x13 uspace/lib/c/libstartfiles.a.p/generic_crt_crt1.c.o

.gnu.build.attributes
 *(.gnu.build.attributes .gnu.build.attributes.*)

.debug
 *(.debug)

.line
 *(.line)

.debug_srcinfo
 *(.debug_srcinfo)

.debug_sfnames
 *(.debug_sfnames)

.debug_aranges
 *(.debug_aranges)

.debug_pubnames
 *(.debug_pubnames)

.debug_info
 *(.debug_info .gnu.linkonce.wi.*)

.debug_abbrev
 *(.debug_abbrev)

.debug_line
 *(.debug_line .debug_line.* .debug_line_end)

.debug_frame
 *(.debug_frame)

.debug_str
 *(.debug_str)

.debug_loc
 *(.debug_loc)

.debug_macinfo
 *(.debug_macinfo)

.debug_weaknames
 *(.debug_weaknames)

.debug_funcnames
 *(.debug_funcnames)

.debug_typenames
 *(.debug_typenames)

.debug_varnames
 *(.debug_varnames)

.debug_pubtypes
 *(.debug_pubtypes)

.debug_ranges
 *(.debug_ranges)

.debug_addr
 *(.debug_addr)

.debug_line_str
 *(.debug_line_str)

.debug_loclists
 *(.debug_loclists)

.debug_macro
 *(.debug_macro)

.debug_names
 *(.debug_names)

.debug_rnglists
 *(.debug_rnglists)

.debug_str_offsets
 *(.debug_str_offsets)

.debug_sup
 *(.debug_sup)

.gnu.attributes
 *(.gnu.attributes)

/DISCARD/
 *(.note.GNU-stack)
 *(.gnu_debuglink)
 *(.gnu.lto_*)
OUTPUT(uspace/srv_clipboard elf64-x86-64)
