Archive member included to satisfy reference by file (symbol)

uspace/lib/c/libstartfiles.a.p/arch_amd64_src_crt0.S.o
                              (--whole-archive)
uspace/lib/c/libstartfiles.a.p/generic_crt_crt1.c.o
                              (--whole-archive)

As-needed library included to satisfy reference by file (symbol)

libc.so.0                     uspace/srv_klog.p/srv_klog_klog.c.o (klog_read)

Discarded input sections

 .text          0x0000000000000000        0x0 uspace/srv_klog.p/srv_klog_klog.c.o
 .data          0x0000000000000000        0x0 uspace/srv_klog.p/srv_klog_klog.c.o
 .bss           0x0000000000000000        0x0 uspace/srv_klog.p/srv_klog_klog.c.o
 .data          0x0000000000000000        0x0 uspace/lib/c/libstartfiles.a.p/arch_amd64_src_crt0.S.o
 .bss           0x0000000000000000        0x0 uspace/lib/c/libstartfiles.a.p/arch_amd64_src_crt0.S.o
 .text          0x0000000000000000        0x0 uspace/lib/c/libstartfiles.a.p/generic_crt_crt1.c.o
 .data          0x0000000000000000        0x0 uspace/lib/c/libstartfiles.a.p/generic_crt_crt1.c.o
 .bss           0x0000000000000000        0x0 uspace/lib/c/libstartfiles.a.p/generic_crt_crt1.c.o

Memory Configuration

Name             Origin             Length             Attributes
*default*        0x0000000000000000 0xffffffffffffffff

Linker script and memory map

LOAD uspace/srv_klog.p/srv_klog_klog.c.o
START GROUP
LOAD uspace/lib/c/libstartfiles.a
LOAD uspace/lib/libc.so.0.0
LOAD /home/zyc/.local/share/HelenOS/cross/lib/gcc/amd64-helenos/13.2.0/libgcc.a
END GROUP
                0x0000000000400000                PROVIDE (__executable_start = SEGMENT_START ("text-segment", 0x400000))
                0x0000000000400120                . = (SEGMENT_START ("text-segment", 0x400000) + SIZEOF_HEADERS)

.interp
 *(.interp)

.note.gnu.build-id
 *(.note.gnu.build-id)

.hash           0x0000000000400120       0xac
 *(.hash)
 .hash          0x0000000000400120       0xac uspace/srv_klog.p/srv_klog_klog.c.o

.gnu.hash
 *(.gnu.hash)

.dynsym         0x00000000004001d0      0x240
 *(.dynsym)
 .dynsym        0x00000000004001d0      0x240 uspace/srv_klog.p/srv_klog_klog.c.o

.dynstr         0x0000000000400410      0x146
 *(.dynstr)
 .dynstr        0x0000000000400410      0x146 uspace/srv_klog.p/srv_klog_klog.c.o

.gnu.version    0x0000000000400556        0x0
 *(.gnu.version)
 .gnu.version   0x0000000000400556        0x0 uspace/srv_klog.p/srv_klog_klog.c.o

.gnu.version_d  0x0000000000400558        0x0
 *(.gnu.version_d)
 .gnu.version_d
                0x0000000000400558        0x0 uspace/srv_klog.p/srv_klog_klog.c.o

.gnu.version_r  0x0000000000400558        0x0
 *(.gnu.version_r)
 .gnu.version_r
                0x0000000000400558        0x0 uspace/srv_klog.p/srv_klog_klog.c.o

.rela.dyn       0x0000000000400558       0x30
 *(.rela.init)
 *(.rela.text .rela.text.* .rela.gnu.linkonce.t.*)
 .rela.text.startup.main
                0x0000000000400558        0x0 uspace/srv_klog.p/srv_klog_klog.c.o
 .rela.text.__c_start
                0x0000000000400558        0x0 uspace/srv_klog.p/srv_klog_klog.c.o
 *(.rela.fini)
 *(.rela.rodata .rela.rodata.* .rela.gnu.linkonce.r.*)
 .rela.rodata.cst8
                0x0000000000400558        0x0 uspace/srv_klog.p/srv_klog_klog.c.o
 *(.rela.data .rela.data.* .rela.gnu.linkonce.d.*)
 .rela.data.rel.ro
                0x0000000000400558        0x0 uspace/srv_klog.p/srv_klog_klog.c.o
 *(.rela.tdata .rela.tdata.* .rela.gnu.linkonce.td.*)
 *(.rela.tbss .rela.tbss.* .rela.gnu.linkonce.tb.*)
 *(.rela.ctors)
 *(.rela.dtors)
 *(.rela.got)
 .rela.got      0x0000000000400558        0x0 uspace/srv_klog.p/srv_klog_klog.c.o
 *(.rela.bss .rela.bss.* .rela.gnu.linkonce.b.*)
 .rela.bss      0x0000000000400558       0x30 uspace/srv_klog.p/srv_klog_klog.c.o
 *(.rela.ldata .rela.ldata.* .rela.gnu.linkonce.l.*)
 *(.rela.lbss .rela.lbss.* .rela.gnu.linkonce.lb.*)
 *(.rela.lrodata .rela.lrodata.* .rela.gnu.linkonce.lr.*)
 *(.rela.ifunc)

.rela.plt       0x0000000000400588      0x1f8
 *(.rela.plt)
 .rela.plt      0x0000000000400588      0x1f8 uspace/srv_klog.p/srv_klog_klog.c.o
                [!provide]                        PROVIDE (__rela_iplt_start = .)
 *(.rela.iplt)
 .rela.iplt     0x0000000000400780        0x0 uspace/srv_klog.p/srv_klog_klog.c.o
                [!provide]                        PROVIDE (__rela_iplt_end = .)

.relr.dyn
 *(.relr.dyn)

.init
 *(SORT_NONE(.init))

.plt            0x0000000000400780      0x160
 *(.plt)
 .plt           0x0000000000400780      0x160 uspace/srv_klog.p/srv_klog_klog.c.o
                0x0000000000400790                klog_read
                0x00000000004007a0                async_event_unmask
                0x00000000004007b0                task_retval
                0x00000000004007c0                log_init
                0x00000000004007d0                memcpy
                0x00000000004007e0                malloc
                0x00000000004007f0                log_msg
                0x0000000000400800                fprintf
                0x0000000000400810                fibril_mutex_unlock
                0x0000000000400820                fibril_create
                0x0000000000400830                prodcons_initialize
                0x0000000000400840                prodcons_consume
                0x0000000000400850                str_error_name
                0x0000000000400860                __libc_main
                0x0000000000400870                prodcons_produce
                0x0000000000400880                async_manager
                0x0000000000400890                fibril_add_ready
                0x00000000004008a0                log_create
                0x00000000004008b0                async_event_subscribe
                0x00000000004008c0                free
                0x00000000004008d0                fibril_mutex_lock
 *(.iplt)
 .iplt          0x00000000004008e0        0x0 uspace/srv_klog.p/srv_klog_klog.c.o

.plt.got        0x00000000004008e0        0x0
 *(.plt.got)
 .plt.got       0x00000000004008e0        0x0 uspace/srv_klog.p/srv_klog_klog.c.o

.plt.sec
 *(.plt.sec)

.text           0x00000000004008e0      0x3fc
 *(.text.unlikely .text.*_unlikely .text.unlikely.*)
 *(.text.exit .text.exit.*)
 *(.text.startup .text.startup.*)
 .text.startup.main
                0x00000000004008e0      0x166 uspace/srv_klog.p/srv_klog_klog.c.o
                0x00000000004008e0                main
 *(.text.hot .text.hot.*)
 *(SORT_BY_NAME(.text.sorted.*))
 *(.text .stub .text.* .gnu.linkonce.t.*)
 *fill*         0x0000000000400a46        0xa 
 .text.consumer
                0x0000000000400a50       0x74 uspace/srv_klog.p/srv_klog_klog.c.o
 *fill*         0x0000000000400ac4        0xc 
 .text.producer
                0x0000000000400ad0      0x137 uspace/srv_klog.p/srv_klog_klog.c.o
 *fill*         0x0000000000400c07        0x9 
 .text.klog_notification_received
                0x0000000000400c10       0x28 uspace/srv_klog.p/srv_klog_klog.c.o
 .text          0x0000000000400c38        0xc uspace/lib/c/libstartfiles.a.p/arch_amd64_src_crt0.S.o
                0x0000000000400c38                _start
 *fill*         0x0000000000400c44        0xc 
 .text.__c_start
                0x0000000000400c50       0x8c uspace/lib/c/libstartfiles.a.p/generic_crt_crt1.c.o
                0x0000000000400c50                __c_start
 *(.gnu.warning)

.fini
 *(SORT_NONE(.fini))
                [!provide]                        PROVIDE (__etext = .)
                [!provide]                        PROVIDE (_etext = .)
                [!provide]                        PROVIDE (etext = .)

.rodata         0x0000000000400ce0       0xc8
 *(.rodata .rodata.* .gnu.linkonce.r.*)
 .rodata.consumer.str1.1
                0x0000000000400ce0       0x70 uspace/srv_klog.p/srv_klog_klog.c.o
                                          0x3 (size before relaxing)
 .rodata.producer.str1.1
                0x0000000000400d50       0x1a uspace/srv_klog.p/srv_klog_klog.c.o
 .rodata.main.str1.1
                0x0000000000400d50       0x56 uspace/srv_klog.p/srv_klog_klog.c.o
 .rodata.main.str1.8
                0x0000000000400d50       0x49 uspace/srv_klog.p/srv_klog_klog.c.o
 *fill*         0x0000000000400d99        0x7 
 .rodata.cst8   0x0000000000400da0        0x8 uspace/lib/c/libstartfiles.a.p/generic_crt_crt1.c.o

.rodata1
 *(.rodata1)

.eh_frame_hdr   0x0000000000400da8       0x3c
 *(.eh_frame_hdr)
 .eh_frame_hdr  0x0000000000400da8       0x3c uspace/srv_klog.p/srv_klog_klog.c.o
                0x0000000000400da8                __GNU_EH_FRAME_HDR
 *(.eh_frame_entry .eh_frame_entry.*)

.eh_frame       0x0000000000400de8       0xfc
 *(.eh_frame)
 .eh_frame      0x0000000000400de8       0xb8 uspace/srv_klog.p/srv_klog_klog.c.o
 .eh_frame      0x0000000000400ea0       0x28 uspace/srv_klog.p/srv_klog_klog.c.o
                                         0x40 (size before relaxing)
 .eh_frame      0x0000000000400ec8        0x0 uspace/srv_klog.p/srv_klog_klog.c.o
 .eh_frame      0x0000000000400ec8       0x1c uspace/lib/c/libstartfiles.a.p/generic_crt_crt1.c.o
                                         0x38 (size before relaxing)
 *(.eh_frame.*)

.sframe         0x0000000000400ee4        0x0
 *(.sframe)
 .sframe        0x0000000000400ee4        0x0 uspace/srv_klog.p/srv_klog_klog.c.o
 *(.sframe.*)

.gcc_except_table
 *(.gcc_except_table .gcc_except_table.*)

.gnu_extab
 *(.gnu_extab*)

.exception_ranges
 *(.exception_ranges*)
                0x0000000000401000                . = DATA_SEGMENT_ALIGN (CONSTANT (MAXPAGESIZE), CONSTANT (COMMONPAGESIZE))

.eh_frame
 *(.eh_frame)
 *(.eh_frame.*)

.sframe
 *(.sframe)
 *(.sframe.*)

.gnu_extab
 *(.gnu_extab)

.gcc_except_table
 *(.gcc_except_table .gcc_except_table.*)

.exception_ranges
 *(.exception_ranges*)

.tdata          0x0000000000401000        0x0
                [!provide]                        PROVIDE (__tdata_start = .)
 *(.tdata .tdata.* .gnu.linkonce.td.*)

.tbss
 *(.tbss .tbss.* .gnu.linkonce.tb.*)
 *(.tcommon)

.preinit_array  0x0000000000401000        0x0
                0x0000000000401000                PROVIDE (__preinit_array_start = .)
 *(.preinit_array)
                0x0000000000401000                PROVIDE (__preinit_array_end = .)

.init_array     0x0000000000401000        0x0
                0x0000000000401000                PROVIDE (__init_array_start = .)
 *(SORT_BY_INIT_PRIORITY(.init_array.*) SORT_BY_INIT_PRIORITY(.ctors.*))
 *(.init_array EXCLUDE_FILE(*crtend?.o *crtend.o *crtbegin?.o *crtbegin.o) .ctors)
                0x0000000000401000                PROVIDE (__init_array_end = .)

.fini_array     0x0000000000401000        0x0
                0x0000000000401000                PROVIDE (__fini_array_start = .)
 *(SORT_BY_INIT_PRIORITY(.fini_array.*) SORT_BY_INIT_PRIORITY(.dtors.*))
 *(.fini_array EXCLUDE_FILE(*crtend?.o *crtend.o *crtbegin?.o *crtbegin.o) .dtors)
                0x0000000000401000                PROVIDE (__fini_array_end = .)

.ctors
 *crtbegin.o(.ctors)
 *crtbegin?.o(.ctors)
 *(EXCLUDE_FILE(*crtend?.o *crtend.o) .ctors)
 *(SORT_BY_NAME(.ctors.*))
 *(.ctors)

.dtors
 *crtbegin.o(.dtors)
 *crtbegin?.o(.dtors)
 *(EXCLUDE_FILE(*crtend?.o *crtend.o) .dtors)
 *(SORT_BY_NAME(.dtors.*))
 *(.dtors)

.jcr
 *(.jcr)

.data.rel.ro    0x0000000000401000        0x0
 *(.data.rel.ro.local* .gnu.linkonce.d.rel.ro.local.*)
 *(.data.rel.ro .data.rel.ro.* .gnu.linkonce.d.rel.ro.*)
 .data.rel.ro   0x0000000000401000        0x0 uspace/srv_klog.p/srv_klog_klog.c.o

.dynamic        0x0000000000401000      0x150
 *(.dynamic)
 .dynamic       0x0000000000401000      0x150 uspace/srv_klog.p/srv_klog_klog.c.o
                0x0000000000401000                _DYNAMIC

.got            0x0000000000401150        0x0
 *(.got)
 .got           0x0000000000401150        0x0 uspace/srv_klog.p/srv_klog_klog.c.o
 *(.igot)
                0x0000000000401150                . = DATA_SEGMENT_RELRO_END (., (SIZEOF (.got.plt) >= 0x18)?0x18:0x0)

.got.plt        0x0000000000401150       0xc0
 *(.got.plt)
 .got.plt       0x0000000000401150       0xc0 uspace/srv_klog.p/srv_klog_klog.c.o
                0x0000000000401150                _GLOBAL_OFFSET_TABLE_
 *(.igot.plt)
 .igot.plt      0x0000000000401210        0x0 uspace/srv_klog.p/srv_klog_klog.c.o

.data           0x0000000000401220       0x20
 *(.data .data.* .gnu.linkonce.d.*)
 .data.mtx      0x0000000000401220       0x20 uspace/srv_klog.p/srv_klog_klog.c.o

.data1
 *(.data1)
                0x0000000000401240                _edata = .
                [!provide]                        PROVIDE (edata = .)
                0x0000000000401240                . = .
                0x0000000000401240                __bss_start = .

.bss            0x0000000000401240       0xe0
 *(.dynbss)
 .dynbss        0x0000000000401240       0x68 uspace/srv_klog.p/srv_klog_klog.c.o
                0x0000000000401240                __progsymbols
                0x00000000004012a0                stderr
 *(.bss .bss.* .gnu.linkonce.b.*)
 *fill*         0x00000000004012a8        0x8 
 .bss.facility_ctx
                0x00000000004012b0       0x18 uspace/srv_klog.p/srv_klog_klog.c.o
 .bss.kernel_ctx
                0x00000000004012c8        0x8 uspace/srv_klog.p/srv_klog_klog.c.o
 .bss.buffer    0x00000000004012d0        0x8 uspace/srv_klog.p/srv_klog_klog.c.o
 *fill*         0x00000000004012d8        0x8 
 .bss.pc        0x00000000004012e0       0x40 uspace/srv_klog.p/srv_klog_klog.c.o
 *(COMMON)
                0x0000000000401320                . = ALIGN ((. != 0x0)?0x8:0x1)

.lbss
 *(.dynlbss)
 *(.lbss .lbss.* .gnu.linkonce.lb.*)
 *(LARGE_COMMON)
                0x0000000000401320                . = ALIGN (0x8)
                0x0000000000401320                . = SEGMENT_START ("ldata-segment", .)

.lrodata
 *(.lrodata .lrodata.* .gnu.linkonce.lr.*)

.ldata          0x0000000000403320        0x0
 *(.ldata .ldata.* .gnu.linkonce.l.*)
                0x0000000000403320                . = ALIGN ((. != 0x0)?0x8:0x1)
                0x0000000000403320                . = ALIGN (0x8)
                0x0000000000401320                _end = .
                [!provide]                        PROVIDE (end = .)
                0x0000000000403320                . = DATA_SEGMENT_END (.)

.stab
 *(.stab)

.stabstr
 *(.stabstr)

.stab.excl
 *(.stab.excl)

.stab.exclstr
 *(.stab.exclstr)

.stab.index
 *(.stab.index)

.stab.indexstr
 *(.stab.indexstr)

.comment        0x0000000000000000       0x12
 *(.comment)
 .comment       0x0000000000000000       0x12 uspace/srv_klog.p/srv_klog_klog.c.o
                                         0x13 (size before relaxing)
 .comment       0x0000000000000012       0x13 uspace/lib/c/libstartfiles.a.p/generic_crt_crt1.c.o

.gnu.build.attributes
 *(.gnu.build.attributes .gnu.build.attributes.*)

.debug
 *(.debug)

.line
 *(.line)

.debug_srcinfo
 *(.debug_srcinfo)

.debug_sfnames
 *(.debug_sfnames)

.debug_aranges
 *(.debug_aranges)

.debug_pubnames
 *(.debug_pubnames)

.debug_info
 *(.debug_info .gnu.linkonce.wi.*)

.debug_abbrev
 *(.debug_abbrev)

.debug_line
 *(.debug_line .debug_line.* .debug_line_end)

.debug_frame
 *(.debug_frame)

.debug_str
 *(.debug_str)

.debug_loc
 *(.debug_loc)

.debug_macinfo
 *(.debug_macinfo)

.debug_weaknames
 *(.debug_weaknames)

.debug_funcnames
 *(.debug_funcnames)

.debug_typenames
 *(.debug_typenames)

.debug_varnames
 *(.debug_varnames)

.debug_pubtypes
 *(.debug_pubtypes)

.debug_ranges
 *(.debug_ranges)

.debug_addr
 *(.debug_addr)

.debug_line_str
 *(.debug_line_str)

.debug_loclists
 *(.debug_loclists)

.debug_macro
 *(.debug_macro)

.debug_names
 *(.debug_names)

.debug_rnglists
 *(.debug_rnglists)

.debug_str_offsets
 *(.debug_str_offsets)

.debug_sup
 *(.debug_sup)

.gnu.attributes
 *(.gnu.attributes)

/DISCARD/
 *(.note.GNU-stack)
 *(.gnu_debuglink)
 *(.gnu.lto_*)
OUTPUT(uspace/srv_klog elf64-x86-64)
