Archive member included to satisfy reference by file (symbol)

uspace/lib/c/libstartfiles.a.p/arch_amd64_src_crt0.S.o
                              (--whole-archive)
uspace/lib/c/libstartfiles.a.p/generic_crt_crt1.c.o
                              (--whole-archive)
uspace/lib/libdevice.a.p/device_src_vol.c.o
                              uspace/srv_system.p/srv_system_system.c.o (vol_create)
uspace/lib/libfutil.a.p/futil_src_futil.c.o
                              uspace/srv_system.p/srv_system_system.c.o (futil_rcopy_contents)
uspace/lib/libsystem.a.p/system_src_system_srv.c.o
                              uspace/srv_system.p/srv_system_system.c.o (system_conn)

As-needed library included to satisfy reference by file (symbol)

libc.so.0                     uspace/srv_system.p/srv_system_system.c.o (task_retval)

Discarded input sections

 .text          0x0000000000000000        0x0 uspace/srv_system.p/srv_system_system.c.o
 .data          0x0000000000000000        0x0 uspace/srv_system.p/srv_system_system.c.o
 .bss           0x0000000000000000        0x0 uspace/srv_system.p/srv_system_system.c.o
 .data          0x0000000000000000        0x0 uspace/lib/c/libstartfiles.a.p/arch_amd64_src_crt0.S.o
 .bss           0x0000000000000000        0x0 uspace/lib/c/libstartfiles.a.p/arch_amd64_src_crt0.S.o
 .text          0x0000000000000000        0x0 uspace/lib/c/libstartfiles.a.p/generic_crt_crt1.c.o
 .data          0x0000000000000000        0x0 uspace/lib/c/libstartfiles.a.p/generic_crt_crt1.c.o
 .bss           0x0000000000000000        0x0 uspace/lib/c/libstartfiles.a.p/generic_crt_crt1.c.o
 .text          0x0000000000000000        0x0 uspace/lib/libdevice.a.p/device_src_vol.c.o
 .data          0x0000000000000000        0x0 uspace/lib/libdevice.a.p/device_src_vol.c.o
 .bss           0x0000000000000000        0x0 uspace/lib/libdevice.a.p/device_src_vol.c.o
 .text.vol_part_add
                0x0000000000000000       0x38 uspace/lib/libdevice.a.p/device_src_vol.c.o
 .text.vol_part_empty
                0x0000000000000000       0x38 uspace/lib/libdevice.a.p/device_src_vol.c.o
 .text.vol_part_insert
                0x0000000000000000       0x38 uspace/lib/libdevice.a.p/device_src_vol.c.o
 .text.vol_part_insert_by_path
                0x0000000000000000       0x9e uspace/lib/libdevice.a.p/device_src_vol.c.o
 .text.vol_part_get_lsupp
                0x0000000000000000       0x9a uspace/lib/libdevice.a.p/device_src_vol.c.o
 .text.vol_part_mkfs
                0x0000000000000000      0x105 uspace/lib/libdevice.a.p/device_src_vol.c.o
 .text.vol_part_set_mountp
                0x0000000000000000       0x9e uspace/lib/libdevice.a.p/device_src_vol.c.o
 .text.vol_fstype_format
                0x0000000000000000       0x43 uspace/lib/libdevice.a.p/device_src_vol.c.o
 .rodata.vol_pcnt_fs_format.str1.1
                0x0000000000000000       0x18 uspace/lib/libdevice.a.p/device_src_vol.c.o
 .rodata.vol_pcnt_fs_format.str1.8
                0x0000000000000000       0x2a uspace/lib/libdevice.a.p/device_src_vol.c.o
 .text.vol_pcnt_fs_format
                0x0000000000000000       0x7f uspace/lib/libdevice.a.p/device_src_vol.c.o
 .rodata.vol_mountp_validate.str1.1
                0x0000000000000000       0x14 uspace/lib/libdevice.a.p/device_src_vol.c.o
 .text.vol_mountp_validate
                0x0000000000000000       0x88 uspace/lib/libdevice.a.p/device_src_vol.c.o
 .rodata.str1.1
                0x0000000000000000       0x1e uspace/lib/libdevice.a.p/device_src_vol.c.o
 .rodata.CSWTCH.34
                0x0000000000000000       0x28 uspace/lib/libdevice.a.p/device_src_vol.c.o
 .text          0x0000000000000000        0x0 uspace/lib/libfutil.a.p/futil_src_futil.c.o
 .data          0x0000000000000000        0x0 uspace/lib/libfutil.a.p/futil_src_futil.c.o
 .bss           0x0000000000000000        0x0 uspace/lib/libfutil.a.p/futil_src_futil.c.o
 .text.futil_get_file
                0x0000000000000000       0xe9 uspace/lib/libfutil.a.p/futil_src_futil.c.o
 .text          0x0000000000000000        0x0 uspace/lib/libsystem.a.p/system_src_system_srv.c.o
 .data          0x0000000000000000        0x0 uspace/lib/libsystem.a.p/system_src_system_srv.c.o
 .bss           0x0000000000000000        0x0 uspace/lib/libsystem.a.p/system_src_system_srv.c.o

Memory Configuration

Name             Origin             Length             Attributes
*default*        0x0000000000000000 0xffffffffffffffff

Linker script and memory map

LOAD uspace/srv_system.p/srv_system_system.c.o
START GROUP
LOAD uspace/lib/c/libstartfiles.a
LOAD uspace/lib/libdevice.a
LOAD uspace/lib/libc.so.0.0
LOAD uspace/lib/libfutil.a
LOAD uspace/lib/libsystem.a
LOAD /home/zyc/.local/share/HelenOS/cross/lib/gcc/amd64-helenos/13.2.0/libgcc.a
END GROUP
                0x0000000000400000                PROVIDE (__executable_start = SEGMENT_START ("text-segment", 0x400000))
                0x0000000000400120                . = (SEGMENT_START ("text-segment", 0x400000) + SIZEOF_HEADERS)

.interp
 *(.interp)

.note.gnu.build-id
 *(.note.gnu.build-id)

.hash           0x0000000000400120      0x168
 *(.hash)
 .hash          0x0000000000400120      0x168 uspace/srv_system.p/srv_system_system.c.o

.gnu.hash
 *(.gnu.hash)

.dynsym         0x0000000000400288      0x4c8
 *(.dynsym)
 .dynsym        0x0000000000400288      0x4c8 uspace/srv_system.p/srv_system_system.c.o

.dynstr         0x0000000000400750      0x2a3
 *(.dynstr)
 .dynstr        0x0000000000400750      0x2a3 uspace/srv_system.p/srv_system_system.c.o

.gnu.version    0x00000000004009f4        0x0
 *(.gnu.version)
 .gnu.version   0x00000000004009f4        0x0 uspace/srv_system.p/srv_system_system.c.o

.gnu.version_d  0x00000000004009f8        0x0
 *(.gnu.version_d)
 .gnu.version_d
                0x00000000004009f8        0x0 uspace/srv_system.p/srv_system_system.c.o

.gnu.version_r  0x00000000004009f8        0x0
 *(.gnu.version_r)
 .gnu.version_r
                0x00000000004009f8        0x0 uspace/srv_system.p/srv_system_system.c.o

.rela.dyn       0x00000000004009f8       0x18
 *(.rela.init)
 *(.rela.text .rela.text.* .rela.gnu.linkonce.t.*)
 .rela.text.__c_start
                0x00000000004009f8        0x0 uspace/srv_system.p/srv_system_system.c.o
 *(.rela.fini)
 *(.rela.rodata .rela.rodata.* .rela.gnu.linkonce.r.*)
 .rela.rodata.cst8
                0x00000000004009f8        0x0 uspace/srv_system.p/srv_system_system.c.o
 *(.rela.data .rela.data.* .rela.gnu.linkonce.d.*)
 .rela.data.rel.ro
                0x00000000004009f8        0x0 uspace/srv_system.p/srv_system_system.c.o
 *(.rela.tdata .rela.tdata.* .rela.gnu.linkonce.td.*)
 *(.rela.tbss .rela.tbss.* .rela.gnu.linkonce.tb.*)
 *(.rela.ctors)
 *(.rela.dtors)
 *(.rela.got)
 .rela.got      0x00000000004009f8        0x0 uspace/srv_system.p/srv_system_system.c.o
 *(.rela.bss .rela.bss.* .rela.gnu.linkonce.b.*)
 .rela.bss      0x00000000004009f8       0x18 uspace/srv_system.p/srv_system_system.c.o
 *(.rela.ldata .rela.ldata.* .rela.gnu.linkonce.l.*)
 *(.rela.lbss .rela.lbss.* .rela.gnu.linkonce.lb.*)
 *(.rela.lrodata .rela.lrodata.* .rela.gnu.linkonce.lr.*)
 *(.rela.ifunc)

.rela.plt       0x0000000000400a10      0x498
 *(.rela.plt)
 .rela.plt      0x0000000000400a10      0x498 uspace/srv_system.p/srv_system_system.c.o
                [!provide]                        PROVIDE (__rela_iplt_start = .)
 *(.rela.iplt)
 .rela.iplt     0x0000000000400ea8        0x0 uspace/srv_system.p/srv_system_system.c.o
                [!provide]                        PROVIDE (__rela_iplt_end = .)

.relr.dyn
 *(.relr.dyn)

.init
 *(SORT_NONE(.init))

.plt            0x0000000000400eb0      0x320
 *(.plt)
 .plt           0x0000000000400eb0      0x320 uspace/srv_system.p/srv_system_system.c.o
                0x0000000000400ec0                vfs_write
                0x0000000000400ed0                task_retval
                0x0000000000400ee0                loc_service_connect
                0x0000000000400ef0                printf
                0x0000000000400f00                async_hangup
                0x0000000000400f10                async_wait_for
                0x0000000000400f20                log_init
                0x0000000000400f30                task_wait
                0x0000000000400f40                loc_service_register
                0x0000000000400f50                async_get_call
                0x0000000000400f60                async_send_1
                0x0000000000400f70                loc_server_unregister
                0x0000000000400f80                vfs_stat_path
                0x0000000000400f90                puts
                0x0000000000400fa0                malloc
                0x0000000000400fb0                async_req_1_0
                0x0000000000400fc0                vfs_put
                0x0000000000400fd0                loc_service_get_id
                0x0000000000400fe0                readdir
                0x0000000000400ff0                async_answer_0
                0x0000000000401000                log_msg
                0x0000000000401010                async_exchange_end
                0x0000000000401020                calloc
                0x0000000000401030                vfs_mount_path
                0x0000000000401040                fibril_sleep
                0x0000000000401050                config_key_exists
                0x0000000000401060                task_spawn
                0x0000000000401070                loc_service_unregister
                0x0000000000401080                realloc
                0x0000000000401090                vfs_link_path
                0x00000000004010a0                str_cmp
                0x00000000004010b0                async_msg_0
                0x00000000004010c0                async_accept_0
                0x00000000004010d0                vfs_read
                0x00000000004010e0                async_data_read_start
                0x00000000004010f0                opendir
                0x0000000000401100                asprintf
                0x0000000000401110                loc_server_register
                0x0000000000401120                async_exchange_begin
                0x0000000000401130                str_error
                0x0000000000401140                async_create_port
                0x0000000000401150                __libc_main
                0x0000000000401160                exit
                0x0000000000401170                async_manager
                0x0000000000401180                async_forget
                0x0000000000401190                vfs_lookup_open
                0x00000000004011a0                task_spawnl
                0x00000000004011b0                async_callback_receive
                0x00000000004011c0                free
 *(.iplt)
 .iplt          0x00000000004011d0        0x0 uspace/srv_system.p/srv_system_system.c.o

.plt.got        0x00000000004011d0        0x0
 *(.plt.got)
 .plt.got       0x00000000004011d0        0x0 uspace/srv_system.p/srv_system_system.c.o

.plt.sec
 *(.plt.sec)

.text           0x00000000004011d0     0x175e
 *(.text.unlikely .text.*_unlikely .text.unlikely.*)
 *(.text.exit .text.exit.*)
 *(.text.startup .text.startup.*)
 .text.startup.main
                0x00000000004011d0      0x4f4 uspace/srv_system.p/srv_system_system.c.o
                0x00000000004011d0                main
 *(.text.hot .text.hot.*)
 *(SORT_BY_NAME(.text.sorted.*))
 *(.text .stub .text.* .gnu.linkonce.t.*)
 *fill*         0x00000000004016c4        0xc 
 .text.system_srv_shutdown
                0x00000000004016d0      0x16d uspace/srv_system.p/srv_system_system.c.o
 *fill*         0x000000000040183d        0x3 
 .text.system_srv_conn
                0x0000000000401840       0x30 uspace/srv_system.p/srv_system_system.c.o
 .text.oom_check.part.0
                0x0000000000401870       0x5b uspace/srv_system.p/srv_system_system.c.o
 *fill*         0x00000000004018cb        0x5 
 .text.srv_startl
                0x00000000004018d0      0x28a uspace/srv_system.p/srv_system_system.c.o
 *fill*         0x0000000000401b5a        0x6 
 .text.getterm.constprop.0
                0x0000000000401b60      0x124 uspace/srv_system.p/srv_system_system.c.o
 *fill*         0x0000000000401c84        0xc 
 .text.mount_report.constprop.0
                0x0000000000401c90       0xb3 uspace/srv_system.p/srv_system_system.c.o
 *fill*         0x0000000000401d43        0xd 
 .text.init_sysvol.isra.0
                0x0000000000401d50      0x29c uspace/srv_system.p/srv_system_system.c.o
 *fill*         0x0000000000401fec        0x4 
 .text.app_start.isra.0
                0x0000000000401ff0       0xae uspace/srv_system.p/srv_system_system.c.o
 .text          0x000000000040209e        0xc uspace/lib/c/libstartfiles.a.p/arch_amd64_src_crt0.S.o
                0x000000000040209e                _start
 *fill*         0x00000000004020aa        0x6 
 .text.__c_start
                0x00000000004020b0       0x8c uspace/lib/c/libstartfiles.a.p/generic_crt_crt1.c.o
                0x00000000004020b0                __c_start
 *fill*         0x000000000040213c        0x4 
 .text.vol_get_ids_internal.constprop.0
                0x0000000000402140      0x1b4 uspace/lib/libdevice.a.p/device_src_vol.c.o
 *fill*         0x00000000004022f4        0xc 
 .text.vol_create
                0x0000000000402300       0x9e uspace/lib/libdevice.a.p/device_src_vol.c.o
                0x0000000000402300                vol_create
 *fill*         0x000000000040239e        0x2 
 .text.vol_destroy
                0x00000000004023a0       0x31 uspace/lib/libdevice.a.p/device_src_vol.c.o
                0x00000000004023a0                vol_destroy
 *fill*         0x00000000004023d1        0xf 
 .text.vol_get_parts
                0x00000000004023e0       0x15 uspace/lib/libdevice.a.p/device_src_vol.c.o
                0x00000000004023e0                vol_get_parts
 *fill*         0x00000000004023f5        0xb 
 .text.vol_part_info
                0x0000000000402400       0x98 uspace/lib/libdevice.a.p/device_src_vol.c.o
                0x0000000000402400                vol_part_info
 *fill*         0x0000000000402498        0x8 
 .text.vol_part_eject
                0x00000000004024a0       0x38 uspace/lib/libdevice.a.p/device_src_vol.c.o
                0x00000000004024a0                vol_part_eject
 *fill*         0x00000000004024d8        0x8 
 .text.vol_get_volumes
                0x00000000004024e0       0x15 uspace/lib/libdevice.a.p/device_src_vol.c.o
                0x00000000004024e0                vol_get_volumes
 *fill*         0x00000000004024f5        0xb 
 .text.vol_info
                0x0000000000402500       0x98 uspace/lib/libdevice.a.p/device_src_vol.c.o
                0x0000000000402500                vol_info
 *fill*         0x0000000000402598        0x8 
 .text.futil_copy_file
                0x00000000004025a0      0x110 uspace/lib/libfutil.a.p/futil_src_futil.c.o
                0x00000000004025a0                futil_copy_file
 .text.futil_rcopy_contents
                0x00000000004026b0      0x12a uspace/lib/libfutil.a.p/futil_src_futil.c.o
                0x00000000004026b0                futil_rcopy_contents
 *fill*         0x00000000004027da        0x6 
 .text.system_conn
                0x00000000004027e0       0xcb uspace/lib/libsystem.a.p/system_src_system_srv.c.o
                0x00000000004027e0                system_conn
 *fill*         0x00000000004028ab        0x5 
 .text.system_srv_initialize
                0x00000000004028b0       0x15 uspace/lib/libsystem.a.p/system_src_system_srv.c.o
                0x00000000004028b0                system_srv_initialize
 *fill*         0x00000000004028c5        0xb 
 .text.system_srv_shutdown_complete
                0x00000000004028d0       0x2e uspace/lib/libsystem.a.p/system_src_system_srv.c.o
                0x00000000004028d0                system_srv_shutdown_complete
 *fill*         0x00000000004028fe        0x2 
 .text.system_srv_shutdown_failed
                0x0000000000402900       0x2e uspace/lib/libsystem.a.p/system_src_system_srv.c.o
                0x0000000000402900                system_srv_shutdown_failed
 *(.gnu.warning)

.fini
 *(SORT_NONE(.fini))
                [!provide]                        PROVIDE (__etext = .)
                [!provide]                        PROVIDE (_etext = .)
                [!provide]                        PROVIDE (etext = .)

.rodata         0x0000000000402930      0x860
 *(.rodata .rodata.* .gnu.linkonce.r.*)
 .rodata.system_srv_shutdown.str1.1
                0x0000000000402930      0x441 uspace/srv_system.p/srv_system_system.c.o
                                         0x81 (size before relaxing)
 *fill*         0x0000000000402d71        0x7 
 .rodata.system_srv_shutdown.str1.8
                0x0000000000402d78      0x40f uspace/srv_system.p/srv_system_system.c.o
                                         0x21 (size before relaxing)
 .rodata.oom_check.part.0.str1.1
                0x0000000000403187       0x12 uspace/srv_system.p/srv_system_system.c.o
 .rodata.oom_check.part.0.str1.8
                0x0000000000403187       0x7e uspace/srv_system.p/srv_system_system.c.o
 .rodata.srv_startl.str1.1
                0x0000000000403187       0x4b uspace/srv_system.p/srv_system_system.c.o
 .rodata.srv_startl.str1.8
                0x0000000000403187       0xbe uspace/srv_system.p/srv_system_system.c.o
 .rodata.getterm.constprop.0.str1.1
                0x0000000000403187       0x2c uspace/srv_system.p/srv_system_system.c.o
 .rodata.getterm.constprop.0.str1.8
                0x0000000000403187       0xb2 uspace/srv_system.p/srv_system_system.c.o
 .rodata.mount_report.constprop.0.str1.1
                0x0000000000403187       0x6a uspace/srv_system.p/srv_system_system.c.o
 .rodata.mount_report.constprop.0.str1.8
                0x0000000000403187       0x1f uspace/srv_system.p/srv_system_system.c.o
 .rodata.init_sysvol.isra.0.str1.8
                0x0000000000403187      0x10a uspace/srv_system.p/srv_system_system.c.o
 .rodata.init_sysvol.isra.0.str1.1
                0x0000000000403187        0xf uspace/srv_system.p/srv_system_system.c.o
 .rodata.app_start.isra.0.str1.1
                0x0000000000403187       0x11 uspace/srv_system.p/srv_system_system.c.o
 .rodata.app_start.isra.0.str1.8
                0x0000000000403187       0x2a uspace/srv_system.p/srv_system_system.c.o
 .rodata.main.str1.1
                0x0000000000403187      0x2b4 uspace/srv_system.p/srv_system_system.c.o
 .rodata.main.str1.8
                0x0000000000403187       0x87 uspace/srv_system.p/srv_system_system.c.o
 .rodata.str1.1
                0x0000000000403187        0x8 uspace/srv_system.p/srv_system_system.c.o
 *fill*         0x0000000000403187        0x1 
 .rodata.cst8   0x0000000000403188        0x8 uspace/lib/c/libstartfiles.a.p/generic_crt_crt1.c.o
 .rodata.vol_create.str1.1
                0x0000000000403190        0x7 uspace/lib/libdevice.a.p/device_src_vol.c.o
 .rodata.futil_copy_file.str1.1
                0x0000000000403190       0x14 uspace/lib/libfutil.a.p/futil_src_futil.c.o
 .rodata.futil_rcopy_contents.str1.1
                0x0000000000403190       0x1d uspace/lib/libfutil.a.p/futil_src_futil.c.o

.rodata1
 *(.rodata1)

.eh_frame_hdr   0x0000000000403190       0xd4
 *(.eh_frame_hdr)
 .eh_frame_hdr  0x0000000000403190       0xd4 uspace/srv_system.p/srv_system_system.c.o
                0x0000000000403190                __GNU_EH_FRAME_HDR
 *(.eh_frame_entry .eh_frame_entry.*)

.eh_frame       0x0000000000403268      0x3f4
 *(.eh_frame)
 .eh_frame      0x0000000000403268      0x178 uspace/srv_system.p/srv_system_system.c.o
 .eh_frame      0x00000000004033e0       0x28 uspace/srv_system.p/srv_system_system.c.o
                                         0x40 (size before relaxing)
 .eh_frame      0x0000000000403408        0x0 uspace/srv_system.p/srv_system_system.c.o
 .eh_frame      0x0000000000403408       0x20 uspace/lib/c/libstartfiles.a.p/generic_crt_crt1.c.o
                                         0x38 (size before relaxing)
 .eh_frame      0x0000000000403428      0x148 uspace/lib/libdevice.a.p/device_src_vol.c.o
                                        0x310 (size before relaxing)
 .eh_frame      0x0000000000403570       0x68 uspace/lib/libfutil.a.p/futil_src_futil.c.o
                                         0xb0 (size before relaxing)
 .eh_frame      0x00000000004035d8       0x84 uspace/lib/libsystem.a.p/system_src_system_srv.c.o
                                         0xa0 (size before relaxing)
 *(.eh_frame.*)

.sframe         0x000000000040365c        0x0
 *(.sframe)
 .sframe        0x000000000040365c        0x0 uspace/srv_system.p/srv_system_system.c.o
 *(.sframe.*)

.gcc_except_table
 *(.gcc_except_table .gcc_except_table.*)

.gnu_extab
 *(.gnu_extab*)

.exception_ranges
 *(.exception_ranges*)
                0x000000000040465c                . = DATA_SEGMENT_ALIGN (CONSTANT (MAXPAGESIZE), CONSTANT (COMMONPAGESIZE))

.eh_frame
 *(.eh_frame)
 *(.eh_frame.*)

.sframe
 *(.sframe)
 *(.sframe.*)

.gnu_extab
 *(.gnu_extab)

.gcc_except_table
 *(.gcc_except_table .gcc_except_table.*)

.exception_ranges
 *(.exception_ranges*)

.tdata          0x000000000040465c        0x0
                [!provide]                        PROVIDE (__tdata_start = .)
 *(.tdata .tdata.* .gnu.linkonce.td.*)

.tbss
 *(.tbss .tbss.* .gnu.linkonce.tb.*)
 *(.tcommon)

.preinit_array  0x000000000040465c        0x0
                0x000000000040465c                PROVIDE (__preinit_array_start = .)
 *(.preinit_array)
                0x000000000040465c                PROVIDE (__preinit_array_end = .)

.init_array     0x000000000040465c        0x0
                0x000000000040465c                PROVIDE (__init_array_start = .)
 *(SORT_BY_INIT_PRIORITY(.init_array.*) SORT_BY_INIT_PRIORITY(.ctors.*))
 *(.init_array EXCLUDE_FILE(*crtend?.o *crtend.o *crtbegin?.o *crtbegin.o) .ctors)
                0x000000000040465c                PROVIDE (__init_array_end = .)

.fini_array     0x000000000040465c        0x0
                0x000000000040465c                PROVIDE (__fini_array_start = .)
 *(SORT_BY_INIT_PRIORITY(.fini_array.*) SORT_BY_INIT_PRIORITY(.dtors.*))
 *(.fini_array EXCLUDE_FILE(*crtend?.o *crtend.o *crtbegin?.o *crtbegin.o) .dtors)
                0x000000000040465c                PROVIDE (__fini_array_end = .)

.ctors
 *crtbegin.o(.ctors)
 *crtbegin?.o(.ctors)
 *(EXCLUDE_FILE(*crtend?.o *crtend.o) .ctors)
 *(SORT_BY_NAME(.ctors.*))
 *(.ctors)

.dtors
 *crtbegin.o(.dtors)
 *crtbegin?.o(.dtors)
 *(EXCLUDE_FILE(*crtend?.o *crtend.o) .dtors)
 *(SORT_BY_NAME(.dtors.*))
 *(.dtors)

.jcr
 *(.jcr)

.data.rel.ro    0x000000000040465c        0x0
 *(.data.rel.ro.local* .gnu.linkonce.d.rel.ro.local.*)
 *(.data.rel.ro .data.rel.ro.* .gnu.linkonce.d.rel.ro.*)
 .data.rel.ro   0x000000000040465c        0x0 uspace/srv_system.p/srv_system_system.c.o

.dynamic        0x0000000000404660      0x150
 *(.dynamic)
 .dynamic       0x0000000000404660      0x150 uspace/srv_system.p/srv_system_system.c.o
                0x0000000000404660                _DYNAMIC

.got            0x00000000004047b0        0x0
 *(.got)
 .got           0x00000000004047b0        0x0 uspace/srv_system.p/srv_system_system.c.o
 *(.igot)
                0x00000000004047b0                . = DATA_SEGMENT_RELRO_END (., (SIZEOF (.got.plt) >= 0x18)?0x18:0x0)

.got.plt        0x00000000004047b0      0x1a0
 *(.got.plt)
 .got.plt       0x00000000004047b0      0x1a0 uspace/srv_system.p/srv_system_system.c.o
                0x00000000004047b0                _GLOBAL_OFFSET_TABLE_
 *(.igot.plt)
 .igot.plt      0x0000000000404950        0x0 uspace/srv_system.p/srv_system_system.c.o

.data           0x0000000000404950       0x28
 *(.data .data.* .gnu.linkonce.d.*)
 .data.system_srv_ops
                0x0000000000404950        0x8 uspace/srv_system.p/srv_system_system.c.o
                0x0000000000404950                system_srv_ops
 *fill*         0x0000000000404958        0x8 
 .data.sys_dirs
                0x0000000000404960       0x18 uspace/srv_system.p/srv_system_system.c.o

.data1
 *(.data1)
                0x0000000000404978                _edata = .
                [!provide]                        PROVIDE (edata = .)
                0x0000000000404978                . = .
                0x0000000000404978                __bss_start = .

.bss            0x0000000000404980     0x4060
 *(.dynbss)
 .dynbss        0x0000000000404980       0x48 uspace/srv_system.p/srv_system_system.c.o
                0x0000000000404980                __progsymbols
 *(.bss .bss.* .gnu.linkonce.b.*)
 *fill*         0x00000000004049c8       0x18 
 .bss.buf       0x00000000004049e0     0x4000 uspace/lib/libfutil.a.p/futil_src_futil.c.o
 *(COMMON)
                0x00000000004089e0                . = ALIGN ((. != 0x0)?0x8:0x1)

.lbss
 *(.dynlbss)
 *(.lbss .lbss.* .gnu.linkonce.lb.*)
 *(LARGE_COMMON)
                0x00000000004089e0                . = ALIGN (0x8)
                0x00000000004089e0                . = SEGMENT_START ("ldata-segment", .)

.lrodata
 *(.lrodata .lrodata.* .gnu.linkonce.lr.*)

.ldata          0x000000000040a9e0        0x0
 *(.ldata .ldata.* .gnu.linkonce.l.*)
                0x000000000040a9e0                . = ALIGN ((. != 0x0)?0x8:0x1)
                0x000000000040a9e0                . = ALIGN (0x8)
                0x00000000004089e0                _end = .
                [!provide]                        PROVIDE (end = .)
                0x000000000040a9e0                . = DATA_SEGMENT_END (.)

.stab
 *(.stab)

.stabstr
 *(.stabstr)

.stab.excl
 *(.stab.excl)

.stab.exclstr
 *(.stab.exclstr)

.stab.index
 *(.stab.index)

.stab.indexstr
 *(.stab.indexstr)

.comment        0x0000000000000000       0x12
 *(.comment)
 .comment       0x0000000000000000       0x12 uspace/srv_system.p/srv_system_system.c.o
                                         0x13 (size before relaxing)
 .comment       0x0000000000000012       0x13 uspace/lib/c/libstartfiles.a.p/generic_crt_crt1.c.o
 .comment       0x0000000000000012       0x13 uspace/lib/libdevice.a.p/device_src_vol.c.o
 .comment       0x0000000000000012       0x13 uspace/lib/libfutil.a.p/futil_src_futil.c.o
 .comment       0x0000000000000012       0x13 uspace/lib/libsystem.a.p/system_src_system_srv.c.o

.gnu.build.attributes
 *(.gnu.build.attributes .gnu.build.attributes.*)

.debug
 *(.debug)

.line
 *(.line)

.debug_srcinfo
 *(.debug_srcinfo)

.debug_sfnames
 *(.debug_sfnames)

.debug_aranges
 *(.debug_aranges)

.debug_pubnames
 *(.debug_pubnames)

.debug_info
 *(.debug_info .gnu.linkonce.wi.*)

.debug_abbrev
 *(.debug_abbrev)

.debug_line
 *(.debug_line .debug_line.* .debug_line_end)

.debug_frame
 *(.debug_frame)

.debug_str
 *(.debug_str)

.debug_loc
 *(.debug_loc)

.debug_macinfo
 *(.debug_macinfo)

.debug_weaknames
 *(.debug_weaknames)

.debug_funcnames
 *(.debug_funcnames)

.debug_typenames
 *(.debug_typenames)

.debug_varnames
 *(.debug_varnames)

.debug_pubtypes
 *(.debug_pubtypes)

.debug_ranges
 *(.debug_ranges)

.debug_addr
 *(.debug_addr)

.debug_line_str
 *(.debug_line_str)

.debug_loclists
 *(.debug_loclists)

.debug_macro
 *(.debug_macro)

.debug_names
 *(.debug_names)

.debug_rnglists
 *(.debug_rnglists)

.debug_str_offsets
 *(.debug_str_offsets)

.debug_sup
 *(.debug_sup)

.gnu.attributes
 *(.gnu.attributes)

/DISCARD/
 *(.note.GNU-stack)
 *(.gnu_debuglink)
 *(.gnu.lto_*)
OUTPUT(uspace/srv_system elf64-x86-64)
