Archive member included to satisfy reference by file (symbol)

uspace/lib/c/libstartfiles.a.p/arch_amd64_src_crt0.S.o
                              (--whole-archive)
uspace/lib/c/libstartfiles.a.p/generic_crt_crt1.c.o
                              (--whole-archive)
uspace/lib/libsif.a.p/sif_src_sif.c.o
                              uspace/srv_taskmon.p/srv_taskmon_taskmon.c.o (sif_new)

As-needed library included to satisfy reference by file (symbol)

libc.so.0                     uspace/srv_taskmon.p/srv_taskmon_taskmon.c.o (task_retval)

Discarded input sections

 .text          0x0000000000000000        0x0 uspace/srv_taskmon.p/srv_taskmon_taskmon.c.o
 .data          0x0000000000000000        0x0 uspace/srv_taskmon.p/srv_taskmon_taskmon.c.o
 .bss           0x0000000000000000        0x0 uspace/srv_taskmon.p/srv_taskmon_taskmon.c.o
 .data          0x0000000000000000        0x0 uspace/lib/c/libstartfiles.a.p/arch_amd64_src_crt0.S.o
 .bss           0x0000000000000000        0x0 uspace/lib/c/libstartfiles.a.p/arch_amd64_src_crt0.S.o
 .text          0x0000000000000000        0x0 uspace/lib/c/libstartfiles.a.p/generic_crt_crt1.c.o
 .data          0x0000000000000000        0x0 uspace/lib/c/libstartfiles.a.p/generic_crt_crt1.c.o
 .bss           0x0000000000000000        0x0 uspace/lib/c/libstartfiles.a.p/generic_crt_crt1.c.o
 .text          0x0000000000000000        0x0 uspace/lib/libsif.a.p/sif_src_sif.c.o
 .data          0x0000000000000000        0x0 uspace/lib/libsif.a.p/sif_src_sif.c.o
 .bss           0x0000000000000000        0x0 uspace/lib/libsif.a.p/sif_src_sif.c.o
 .text.sif_node_next_child
                0x0000000000000000       0x24 uspace/lib/libsif.a.p/sif_src_sif.c.o
 .text.sif_node_prepend_child
                0x0000000000000000       0xaf uspace/lib/libsif.a.p/sif_src_sif.c.o
 .text.sif_node_insert_before
                0x0000000000000000       0xbf uspace/lib/libsif.a.p/sif_src_sif.c.o
 .text.sif_node_insert_after
                0x0000000000000000       0xbf uspace/lib/libsif.a.p/sif_src_sif.c.o
 .text.sif_node_destroy
                0x0000000000000000       0x2b uspace/lib/libsif.a.p/sif_src_sif.c.o
 .text.sif_node_unset_attr
                0x0000000000000000       0x72 uspace/lib/libsif.a.p/sif_src_sif.c.o

Memory Configuration

Name             Origin             Length             Attributes
*default*        0x0000000000000000 0xffffffffffffffff

Linker script and memory map

LOAD uspace/srv_taskmon.p/srv_taskmon_taskmon.c.o
START GROUP
LOAD uspace/lib/c/libstartfiles.a
LOAD uspace/lib/libcorecfg.a
LOAD uspace/lib/libc.so.0.0
LOAD uspace/lib/libsif.a
LOAD /home/zyc/.local/share/HelenOS/cross/lib/gcc/amd64-helenos/13.2.0/libgcc.a
END GROUP
                0x0000000000400000                PROVIDE (__executable_start = SEGMENT_START ("text-segment", 0x400000))
                0x0000000000400120                . = (SEGMENT_START ("text-segment", 0x400000) + SIZEOF_HEADERS)

.interp
 *(.interp)

.note.gnu.build-id
 *(.note.gnu.build-id)

.hash           0x0000000000400120      0x148
 *(.hash)
 .hash          0x0000000000400120      0x148 uspace/srv_taskmon.p/srv_taskmon_taskmon.c.o

.gnu.hash
 *(.gnu.hash)

.dynsym         0x0000000000400268      0x408
 *(.dynsym)
 .dynsym        0x0000000000400268      0x408 uspace/srv_taskmon.p/srv_taskmon_taskmon.c.o

.dynstr         0x0000000000400670      0x1fe
 *(.dynstr)
 .dynstr        0x0000000000400670      0x1fe uspace/srv_taskmon.p/srv_taskmon_taskmon.c.o

.gnu.version    0x000000000040086e        0x0
 *(.gnu.version)
 .gnu.version   0x000000000040086e        0x0 uspace/srv_taskmon.p/srv_taskmon_taskmon.c.o

.gnu.version_d  0x0000000000400870        0x0
 *(.gnu.version_d)
 .gnu.version_d
                0x0000000000400870        0x0 uspace/srv_taskmon.p/srv_taskmon_taskmon.c.o

.gnu.version_r  0x0000000000400870        0x0
 *(.gnu.version_r)
 .gnu.version_r
                0x0000000000400870        0x0 uspace/srv_taskmon.p/srv_taskmon_taskmon.c.o

.rela.dyn       0x0000000000400870       0x18
 *(.rela.init)
 *(.rela.text .rela.text.* .rela.gnu.linkonce.t.*)
 .rela.text.__c_start
                0x0000000000400870        0x0 uspace/srv_taskmon.p/srv_taskmon_taskmon.c.o
 *(.rela.fini)
 *(.rela.rodata .rela.rodata.* .rela.gnu.linkonce.r.*)
 .rela.rodata.cst8
                0x0000000000400870        0x0 uspace/srv_taskmon.p/srv_taskmon_taskmon.c.o
 *(.rela.data .rela.data.* .rela.gnu.linkonce.d.*)
 .rela.data.rel.ro
                0x0000000000400870        0x0 uspace/srv_taskmon.p/srv_taskmon_taskmon.c.o
 *(.rela.tdata .rela.tdata.* .rela.gnu.linkonce.td.*)
 *(.rela.tbss .rela.tbss.* .rela.gnu.linkonce.tb.*)
 *(.rela.ctors)
 *(.rela.dtors)
 *(.rela.got)
 .rela.got      0x0000000000400870        0x0 uspace/srv_taskmon.p/srv_taskmon_taskmon.c.o
 *(.rela.bss .rela.bss.* .rela.gnu.linkonce.b.*)
 .rela.bss      0x0000000000400870       0x18 uspace/srv_taskmon.p/srv_taskmon_taskmon.c.o
 *(.rela.ldata .rela.ldata.* .rela.gnu.linkonce.l.*)
 *(.rela.lbss .rela.lbss.* .rela.gnu.linkonce.lb.*)
 *(.rela.lrodata .rela.lrodata.* .rela.gnu.linkonce.lr.*)
 *(.rela.ifunc)

.rela.plt       0x0000000000400888      0x3d8
 *(.rela.plt)
 .rela.plt      0x0000000000400888      0x3d8 uspace/srv_taskmon.p/srv_taskmon_taskmon.c.o
                [!provide]                        PROVIDE (__rela_iplt_start = .)
 *(.rela.iplt)
 .rela.iplt     0x0000000000400c60        0x0 uspace/srv_taskmon.p/srv_taskmon_taskmon.c.o
                [!provide]                        PROVIDE (__rela_iplt_end = .)

.relr.dyn
 *(.relr.dyn)

.init
 *(SORT_NONE(.init))

.plt            0x0000000000400c60      0x2a0
 *(.plt)
 .plt           0x0000000000400c60      0x2a0 uspace/srv_taskmon.p/srv_taskmon_taskmon.c.o
                0x0000000000400c70                task_retval
                0x0000000000400c80                printf
                0x0000000000400c90                odict_first
                0x0000000000400ca0                ungetc
                0x0000000000400cb0                loc_service_register
                0x0000000000400cc0                async_get_call
                0x0000000000400cd0                loc_server_unregister
                0x0000000000400ce0                puts
                0x0000000000400cf0                malloc
                0x0000000000400d00                odict_insert
                0x0000000000400d10                isspace
                0x0000000000400d20                async_answer_0
                0x0000000000400d30                fflush
                0x0000000000400d40                odict_find_eq
                0x0000000000400d50                odict_remove
                0x0000000000400d60                calloc
                0x0000000000400d70                odict_next
                0x0000000000400d80                str_dup
                0x0000000000400d90                realloc
                0x0000000000400da0                isalpha
                0x0000000000400db0                str_cmp
                0x0000000000400dc0                fopen
                0x0000000000400dd0                __helenos_assert_abort
                0x0000000000400de0                odict_initialize
                0x0000000000400df0                async_accept_0
                0x0000000000400e00                fclose
                0x0000000000400e10                isalnum
                0x0000000000400e20                fgetc
                0x0000000000400e30                asprintf
                0x0000000000400e40                loc_server_register
                0x0000000000400e50                fputc
                0x0000000000400e60                async_answer_1
                0x0000000000400e70                str_error
                0x0000000000400e80                __libc_main
                0x0000000000400e90                async_manager
                0x0000000000400ea0                odlink_used
                0x0000000000400eb0                fputs
                0x0000000000400ec0                async_set_fallback_port_handler
                0x0000000000400ed0                task_spawnl
                0x0000000000400ee0                async_event_subscribe
                0x0000000000400ef0                free
 *(.iplt)
 .iplt          0x0000000000400f00        0x0 uspace/srv_taskmon.p/srv_taskmon_taskmon.c.o

.plt.got        0x0000000000400f00        0x0
 *(.plt.got)
 .plt.got       0x0000000000400f00        0x0 uspace/srv_taskmon.p/srv_taskmon_taskmon.c.o

.plt.sec
 *(.plt.sec)

.text           0x0000000000400f00     0x1298
 *(.text.unlikely .text.*_unlikely .text.unlikely.*)
 *(.text.exit .text.exit.*)
 *(.text.startup .text.startup.*)
 .text.startup.main
                0x0000000000400f00      0x19b uspace/srv_taskmon.p/srv_taskmon_taskmon.c.o
                0x0000000000400f00                main
 *(.text.hot .text.hot.*)
 *(SORT_BY_NAME(.text.sorted.*))
 *(.text .stub .text.* .gnu.linkonce.t.*)
 *fill*         0x000000000040109b        0x5 
 .text.fault_event
                0x00000000004010a0      0x143 uspace/srv_taskmon.p/srv_taskmon_taskmon.c.o
 *fill*         0x00000000004011e3        0xd 
 .text.corecfg_client_conn
                0x00000000004011f0      0x130 uspace/srv_taskmon.p/srv_taskmon_taskmon.c.o
 .text          0x0000000000401320        0xc uspace/lib/c/libstartfiles.a.p/arch_amd64_src_crt0.S.o
                0x0000000000401320                _start
 *fill*         0x000000000040132c        0x4 
 .text.__c_start
                0x0000000000401330       0x8c uspace/lib/c/libstartfiles.a.p/generic_crt_crt1.c.o
                0x0000000000401330                __c_start
 *fill*         0x00000000004013bc        0x4 
 .text.sif_attr_getkey
                0x00000000004013c0        0xa uspace/lib/libsif.a.p/sif_src_sif.c.o
 *fill*         0x00000000004013ca        0x6 
 .text.sif_attr_cmp
                0x00000000004013d0        0xa uspace/lib/libsif.a.p/sif_src_sif.c.o
 *fill*         0x00000000004013da        0x6 
 .text.sif_import_name
                0x00000000004013e0      0x102 uspace/lib/libsif.a.p/sif_src_sif.c.o
 *fill*         0x00000000004014e2        0xe 
 .text.sif_export_node
                0x00000000004014f0      0x1fd uspace/lib/libsif.a.p/sif_src_sif.c.o
 *fill*         0x00000000004016ed        0x3 
 .text.sif_attr_delete.part.0
                0x00000000004016f0       0x18 uspace/lib/libsif.a.p/sif_src_sif.c.o
 *fill*         0x0000000000401708        0x8 
 .text.sif_node_delete
                0x0000000000401710      0x155 uspace/lib/libsif.a.p/sif_src_sif.c.o
 *fill*         0x0000000000401865        0xb 
 .text.sif_import_node
                0x0000000000401870      0x45d uspace/lib/libsif.a.p/sif_src_sif.c.o
 *fill*         0x0000000000401ccd        0x3 
 .text.sif_new  0x0000000000401cd0       0xb0 uspace/lib/libsif.a.p/sif_src_sif.c.o
                0x0000000000401cd0                sif_new
 .text.sif_load
                0x0000000000401d80      0x15b uspace/lib/libsif.a.p/sif_src_sif.c.o
                0x0000000000401d80                sif_load
 *fill*         0x0000000000401edb        0x5 
 .text.sif_delete
                0x0000000000401ee0       0x22 uspace/lib/libsif.a.p/sif_src_sif.c.o
                0x0000000000401ee0                sif_delete
 *fill*         0x0000000000401f02        0xe 
 .text.sif_get_root
                0x0000000000401f10        0xa uspace/lib/libsif.a.p/sif_src_sif.c.o
                0x0000000000401f10                sif_get_root
 *fill*         0x0000000000401f1a        0x6 
 .text.sif_node_first_child
                0x0000000000401f20       0x24 uspace/lib/libsif.a.p/sif_src_sif.c.o
                0x0000000000401f20                sif_node_first_child
 *fill*         0x0000000000401f44        0xc 
 .text.sif_node_get_type
                0x0000000000401f50        0xa uspace/lib/libsif.a.p/sif_src_sif.c.o
                0x0000000000401f50                sif_node_get_type
 *fill*         0x0000000000401f5a        0x6 
 .text.sif_node_get_attr
                0x0000000000401f60       0x1a uspace/lib/libsif.a.p/sif_src_sif.c.o
                0x0000000000401f60                sif_node_get_attr
 *fill*         0x0000000000401f7a        0x6 
 .text.sif_save
                0x0000000000401f80       0x6e uspace/lib/libsif.a.p/sif_src_sif.c.o
                0x0000000000401f80                sif_save
 *fill*         0x0000000000401fee        0x2 
 .text.sif_node_append_child
                0x0000000000401ff0       0xaf uspace/lib/libsif.a.p/sif_src_sif.c.o
                0x0000000000401ff0                sif_node_append_child
 *fill*         0x000000000040209f        0x1 
 .text.sif_node_set_attr
                0x00000000004020a0       0xf8 uspace/lib/libsif.a.p/sif_src_sif.c.o
                0x00000000004020a0                sif_node_set_attr
 *(.gnu.warning)

.fini
 *(SORT_NONE(.fini))
                [!provide]                        PROVIDE (__etext = .)
                [!provide]                        PROVIDE (_etext = .)
                [!provide]                        PROVIDE (etext = .)

.rodata         0x0000000000402198      0x278
 *(.rodata .rodata.* .gnu.linkonce.r.*)
 .rodata.fault_event.str1.1
                0x0000000000402198      0x115 uspace/srv_taskmon.p/srv_taskmon_taskmon.c.o
                                         0x82 (size before relaxing)
 *fill*         0x00000000004022ad        0x3 
 .rodata.fault_event.str1.8
                0x00000000004022b0      0x151 uspace/srv_taskmon.p/srv_taskmon_taskmon.c.o
                                         0x4b (size before relaxing)
 .rodata.corecfg_client_conn.str1.1
                0x0000000000402401       0x27 uspace/srv_taskmon.p/srv_taskmon_taskmon.c.o
 .rodata.main.str1.1
                0x0000000000402401       0x25 uspace/srv_taskmon.p/srv_taskmon_taskmon.c.o
 .rodata.main.str1.8
                0x0000000000402401       0x7d uspace/srv_taskmon.p/srv_taskmon_taskmon.c.o
 *fill*         0x0000000000402401        0x7 
 .rodata.cst8   0x0000000000402408        0x8 uspace/lib/c/libstartfiles.a.p/generic_crt_crt1.c.o
 .rodata.sif_export_node.str1.1
                0x0000000000402410       0x12 uspace/lib/libsif.a.p/sif_src_sif.c.o
 .rodata.sif_attr_delete.part.0.str1.8
                0x0000000000402410       0x27 uspace/lib/libsif.a.p/sif_src_sif.c.o
 .rodata.sif_attr_delete.part.0.str1.1
                0x0000000000402410       0x1c uspace/lib/libsif.a.p/sif_src_sif.c.o
 .rodata.sif_node_delete.str1.8
                0x0000000000402410       0x51 uspace/lib/libsif.a.p/sif_src_sif.c.o
 .rodata.sif_node_delete.str1.1
                0x0000000000402410       0x1b uspace/lib/libsif.a.p/sif_src_sif.c.o
 .rodata.sif_import_node.str1.1
                0x0000000000402410        0x8 uspace/lib/libsif.a.p/sif_src_sif.c.o
 .rodata.sif_new.str1.1
                0x0000000000402410        0x4 uspace/lib/libsif.a.p/sif_src_sif.c.o
 .rodata.sif_load.str1.1
                0x0000000000402410        0x2 uspace/lib/libsif.a.p/sif_src_sif.c.o
 .rodata.sif_save.str1.1
                0x0000000000402410        0x2 uspace/lib/libsif.a.p/sif_src_sif.c.o

.rodata1
 *(.rodata1)

.eh_frame_hdr   0x0000000000402410       0xbc
 *(.eh_frame_hdr)
 .eh_frame_hdr  0x0000000000402410       0xbc uspace/srv_taskmon.p/srv_taskmon_taskmon.c.o
                0x0000000000402410                __GNU_EH_FRAME_HDR
 *(.eh_frame_entry .eh_frame_entry.*)

.eh_frame       0x00000000004024d0      0x394
 *(.eh_frame)
 .eh_frame      0x00000000004024d0       0x98 uspace/srv_taskmon.p/srv_taskmon_taskmon.c.o
 .eh_frame      0x0000000000402568       0x28 uspace/srv_taskmon.p/srv_taskmon_taskmon.c.o
                                         0x40 (size before relaxing)
 .eh_frame      0x0000000000402590        0x0 uspace/srv_taskmon.p/srv_taskmon_taskmon.c.o
 .eh_frame      0x0000000000402590       0x20 uspace/lib/c/libstartfiles.a.p/generic_crt_crt1.c.o
                                         0x38 (size before relaxing)
 .eh_frame      0x00000000004025b0      0x2b4 uspace/lib/libsif.a.p/sif_src_sif.c.o
                                        0x3d0 (size before relaxing)
 *(.eh_frame.*)

.sframe         0x0000000000402864        0x0
 *(.sframe)
 .sframe        0x0000000000402864        0x0 uspace/srv_taskmon.p/srv_taskmon_taskmon.c.o
 *(.sframe.*)

.gcc_except_table
 *(.gcc_except_table .gcc_except_table.*)

.gnu_extab
 *(.gnu_extab*)

.exception_ranges
 *(.exception_ranges*)
                0x0000000000403864                . = DATA_SEGMENT_ALIGN (CONSTANT (MAXPAGESIZE), CONSTANT (COMMONPAGESIZE))

.eh_frame
 *(.eh_frame)
 *(.eh_frame.*)

.sframe
 *(.sframe)
 *(.sframe.*)

.gnu_extab
 *(.gnu_extab)

.gcc_except_table
 *(.gcc_except_table .gcc_except_table.*)

.exception_ranges
 *(.exception_ranges*)

.tdata          0x0000000000403864        0x0
                [!provide]                        PROVIDE (__tdata_start = .)
 *(.tdata .tdata.* .gnu.linkonce.td.*)

.tbss
 *(.tbss .tbss.* .gnu.linkonce.tb.*)
 *(.tcommon)

.preinit_array  0x0000000000403864        0x0
                0x0000000000403864                PROVIDE (__preinit_array_start = .)
 *(.preinit_array)
                0x0000000000403864                PROVIDE (__preinit_array_end = .)

.init_array     0x0000000000403864        0x0
                0x0000000000403864                PROVIDE (__init_array_start = .)
 *(SORT_BY_INIT_PRIORITY(.init_array.*) SORT_BY_INIT_PRIORITY(.ctors.*))
 *(.init_array EXCLUDE_FILE(*crtend?.o *crtend.o *crtbegin?.o *crtbegin.o) .ctors)
                0x0000000000403864                PROVIDE (__init_array_end = .)

.fini_array     0x0000000000403864        0x0
                0x0000000000403864                PROVIDE (__fini_array_start = .)
 *(SORT_BY_INIT_PRIORITY(.fini_array.*) SORT_BY_INIT_PRIORITY(.dtors.*))
 *(.fini_array EXCLUDE_FILE(*crtend?.o *crtend.o *crtbegin?.o *crtbegin.o) .dtors)
                0x0000000000403864                PROVIDE (__fini_array_end = .)

.ctors
 *crtbegin.o(.ctors)
 *crtbegin?.o(.ctors)
 *(EXCLUDE_FILE(*crtend?.o *crtend.o) .ctors)
 *(SORT_BY_NAME(.ctors.*))
 *(.ctors)

.dtors
 *crtbegin.o(.dtors)
 *crtbegin?.o(.dtors)
 *(EXCLUDE_FILE(*crtend?.o *crtend.o) .dtors)
 *(SORT_BY_NAME(.dtors.*))
 *(.dtors)

.jcr
 *(.jcr)

.data.rel.ro    0x0000000000403864        0x0
 *(.data.rel.ro.local* .gnu.linkonce.d.rel.ro.local.*)
 *(.data.rel.ro .data.rel.ro.* .gnu.linkonce.d.rel.ro.*)
 .data.rel.ro   0x0000000000403864        0x0 uspace/srv_taskmon.p/srv_taskmon_taskmon.c.o

.dynamic        0x0000000000403868      0x150
 *(.dynamic)
 .dynamic       0x0000000000403868      0x150 uspace/srv_taskmon.p/srv_taskmon_taskmon.c.o
                0x0000000000403868                _DYNAMIC

.got            0x00000000004039b8        0x0
 *(.got)
 .got           0x00000000004039b8        0x0 uspace/srv_taskmon.p/srv_taskmon_taskmon.c.o
 *(.igot)
                0x00000000004039b8                . = DATA_SEGMENT_RELRO_END (., (SIZEOF (.got.plt) >= 0x18)?0x18:0x0)

.got.plt        0x00000000004039b8      0x160
 *(.got.plt)
 .got.plt       0x00000000004039b8      0x160 uspace/srv_taskmon.p/srv_taskmon_taskmon.c.o
                0x00000000004039b8                _GLOBAL_OFFSET_TABLE_
 *(.igot.plt)
 .igot.plt      0x0000000000403b18        0x0 uspace/srv_taskmon.p/srv_taskmon_taskmon.c.o

.data
 *(.data .data.* .gnu.linkonce.d.*)

.data1
 *(.data1)
                0x0000000000403b18                _edata = .
                [!provide]                        PROVIDE (edata = .)
                0x0000000000403b18                . = .
                0x0000000000403b18                __bss_start = .

.bss            0x0000000000403b20       0x50
 *(.dynbss)
 *fill*         0x0000000000403b20        0x0 
 .dynbss        0x0000000000403b20       0x48 uspace/srv_taskmon.p/srv_taskmon_taskmon.c.o
                0x0000000000403b20                __progsymbols
 *(.bss .bss.* .gnu.linkonce.b.*)
 .bss.write_core_files
                0x0000000000403b68        0x1 uspace/srv_taskmon.p/srv_taskmon_taskmon.c.o
 *(COMMON)
                0x0000000000403b70                . = ALIGN ((. != 0x0)?0x8:0x1)
 *fill*         0x0000000000403b69        0x7 

.lbss
 *(.dynlbss)
 *(.lbss .lbss.* .gnu.linkonce.lb.*)
 *(LARGE_COMMON)
                0x0000000000403b70                . = ALIGN (0x8)
                0x0000000000403b70                . = SEGMENT_START ("ldata-segment", .)

.lrodata
 *(.lrodata .lrodata.* .gnu.linkonce.lr.*)

.ldata          0x0000000000405b70        0x0
 *(.ldata .ldata.* .gnu.linkonce.l.*)
                0x0000000000405b70                . = ALIGN ((. != 0x0)?0x8:0x1)
                0x0000000000405b70                . = ALIGN (0x8)
                0x0000000000403b70                _end = .
                [!provide]                        PROVIDE (end = .)
                0x0000000000405b70                . = DATA_SEGMENT_END (.)

.stab
 *(.stab)

.stabstr
 *(.stabstr)

.stab.excl
 *(.stab.excl)

.stab.exclstr
 *(.stab.exclstr)

.stab.index
 *(.stab.index)

.stab.indexstr
 *(.stab.indexstr)

.comment        0x0000000000000000       0x12
 *(.comment)
 .comment       0x0000000000000000       0x12 uspace/srv_taskmon.p/srv_taskmon_taskmon.c.o
                                         0x13 (size before relaxing)
 .comment       0x0000000000000012       0x13 uspace/lib/c/libstartfiles.a.p/generic_crt_crt1.c.o
 .comment       0x0000000000000012       0x13 uspace/lib/libsif.a.p/sif_src_sif.c.o

.gnu.build.attributes
 *(.gnu.build.attributes .gnu.build.attributes.*)

.debug
 *(.debug)

.line
 *(.line)

.debug_srcinfo
 *(.debug_srcinfo)

.debug_sfnames
 *(.debug_sfnames)

.debug_aranges
 *(.debug_aranges)

.debug_pubnames
 *(.debug_pubnames)

.debug_info
 *(.debug_info .gnu.linkonce.wi.*)

.debug_abbrev
 *(.debug_abbrev)

.debug_line
 *(.debug_line .debug_line.* .debug_line_end)

.debug_frame
 *(.debug_frame)

.debug_str
 *(.debug_str)

.debug_loc
 *(.debug_loc)

.debug_macinfo
 *(.debug_macinfo)

.debug_weaknames
 *(.debug_weaknames)

.debug_funcnames
 *(.debug_funcnames)

.debug_typenames
 *(.debug_typenames)

.debug_varnames
 *(.debug_varnames)

.debug_pubtypes
 *(.debug_pubtypes)

.debug_ranges
 *(.debug_ranges)

.debug_addr
 *(.debug_addr)

.debug_line_str
 *(.debug_line_str)

.debug_loclists
 *(.debug_loclists)

.debug_macro
 *(.debug_macro)

.debug_names
 *(.debug_names)

.debug_rnglists
 *(.debug_rnglists)

.debug_str_offsets
 *(.debug_str_offsets)

.debug_sup
 *(.debug_sup)

.gnu.attributes
 *(.gnu.attributes)

/DISCARD/
 *(.note.GNU-stack)
 *(.gnu_debuglink)
 *(.gnu.lto_*)
OUTPUT(uspace/srv_taskmon elf64-x86-64)
