Archive member included to satisfy reference by file (symbol)

uspace/lib/c/libstartfiles.a.p/arch_amd64_src_crt0.S.o
                              (--whole-archive)
uspace/lib/c/libstartfiles.a.p/generic_crt_crt1.c.o
                              (--whole-archive)
uspace/lib/libfs.a.p/fs_libfs.c.o
                              uspace/srv_fs_tmpfs.p/srv_fs_tmpfs_tmpfs.c.o (fs_register)

As-needed library included to satisfy reference by file (symbol)

libc.so.0                     uspace/srv_fs_tmpfs.p/srv_fs_tmpfs_tmpfs.c.o (task_retval)

Discarded input sections

 .text          0x0000000000000000        0x0 uspace/srv_fs_tmpfs.p/srv_fs_tmpfs_tmpfs.c.o
 .data          0x0000000000000000        0x0 uspace/srv_fs_tmpfs.p/srv_fs_tmpfs_tmpfs.c.o
 .bss           0x0000000000000000        0x0 uspace/srv_fs_tmpfs.p/srv_fs_tmpfs_tmpfs.c.o
 .text          0x0000000000000000        0x0 uspace/srv_fs_tmpfs.p/srv_fs_tmpfs_tmpfs_ops.c.o
 .data          0x0000000000000000        0x0 uspace/srv_fs_tmpfs.p/srv_fs_tmpfs_tmpfs_ops.c.o
 .bss           0x0000000000000000        0x0 uspace/srv_fs_tmpfs.p/srv_fs_tmpfs_tmpfs_ops.c.o
 .data          0x0000000000000000        0x0 uspace/lib/c/libstartfiles.a.p/arch_amd64_src_crt0.S.o
 .bss           0x0000000000000000        0x0 uspace/lib/c/libstartfiles.a.p/arch_amd64_src_crt0.S.o
 .text          0x0000000000000000        0x0 uspace/lib/c/libstartfiles.a.p/generic_crt_crt1.c.o
 .data          0x0000000000000000        0x0 uspace/lib/c/libstartfiles.a.p/generic_crt_crt1.c.o
 .bss           0x0000000000000000        0x0 uspace/lib/c/libstartfiles.a.p/generic_crt_crt1.c.o
 .text          0x0000000000000000        0x0 uspace/lib/libfs.a.p/fs_libfs.c.o
 .data          0x0000000000000000        0x0 uspace/lib/libfs.a.p/fs_libfs.c.o
 .bss           0x0000000000000000        0x0 uspace/lib/libfs.a.p/fs_libfs.c.o
 .text.fs_instance_create
                0x0000000000000000      0x10d uspace/lib/libfs.a.p/fs_libfs.c.o
 .text.fs_instance_get
                0x0000000000000000       0x74 uspace/lib/libfs.a.p/fs_libfs.c.o
 .text.fs_instance_destroy
                0x0000000000000000       0x94 uspace/lib/libfs.a.p/fs_libfs.c.o
 .data.instances_list
                0x0000000000000000       0x10 uspace/lib/libfs.a.p/fs_libfs.c.o
 .data.instances_mutex
                0x0000000000000000       0x20 uspace/lib/libfs.a.p/fs_libfs.c.o

Memory Configuration

Name             Origin             Length             Attributes
*default*        0x0000000000000000 0xffffffffffffffff

Linker script and memory map

LOAD uspace/srv_fs_tmpfs.p/srv_fs_tmpfs_tmpfs.c.o
LOAD uspace/srv_fs_tmpfs.p/srv_fs_tmpfs_tmpfs_ops.c.o
START GROUP
LOAD uspace/lib/c/libstartfiles.a
LOAD uspace/lib/libblock.a
LOAD uspace/lib/libdevice.a
LOAD uspace/lib/libc.so.0.0
LOAD uspace/lib/libfs.a
LOAD /home/zyc/.local/share/HelenOS/cross/lib/gcc/amd64-helenos/13.2.0/libgcc.a
END GROUP
                0x0000000000400000                PROVIDE (__executable_start = SEGMENT_START ("text-segment", 0x400000))
                0x0000000000400120                . = (SEGMENT_START ("text-segment", 0x400000) + SIZEOF_HEADERS)

.interp
 *(.interp)

.note.gnu.build-id
 *(.note.gnu.build-id)

.hash           0x0000000000400120      0x144
 *(.hash)
 .hash          0x0000000000400120      0x144 uspace/srv_fs_tmpfs.p/srv_fs_tmpfs_tmpfs.c.o

.gnu.hash
 *(.gnu.hash)

.dynsym         0x0000000000400268      0x3f0
 *(.dynsym)
 .dynsym        0x0000000000400268      0x3f0 uspace/srv_fs_tmpfs.p/srv_fs_tmpfs_tmpfs.c.o

.dynstr         0x0000000000400658      0x2a4
 *(.dynstr)
 .dynstr        0x0000000000400658      0x2a4 uspace/srv_fs_tmpfs.p/srv_fs_tmpfs_tmpfs.c.o

.gnu.version    0x00000000004008fc        0x0
 *(.gnu.version)
 .gnu.version   0x00000000004008fc        0x0 uspace/srv_fs_tmpfs.p/srv_fs_tmpfs_tmpfs.c.o

.gnu.version_d  0x0000000000400900        0x0
 *(.gnu.version_d)
 .gnu.version_d
                0x0000000000400900        0x0 uspace/srv_fs_tmpfs.p/srv_fs_tmpfs_tmpfs.c.o

.gnu.version_r  0x0000000000400900        0x0
 *(.gnu.version_r)
 .gnu.version_r
                0x0000000000400900        0x0 uspace/srv_fs_tmpfs.p/srv_fs_tmpfs_tmpfs.c.o

.rela.dyn       0x0000000000400900       0x18
 *(.rela.init)
 *(.rela.text .rela.text.* .rela.gnu.linkonce.t.*)
 .rela.text.__c_start
                0x0000000000400900        0x0 uspace/srv_fs_tmpfs.p/srv_fs_tmpfs_tmpfs.c.o
 *(.rela.fini)
 *(.rela.rodata .rela.rodata.* .rela.gnu.linkonce.r.*)
 .rela.rodata.cst8
                0x0000000000400900        0x0 uspace/srv_fs_tmpfs.p/srv_fs_tmpfs_tmpfs.c.o
 *(.rela.data .rela.data.* .rela.gnu.linkonce.d.*)
 .rela.data.rel.ro
                0x0000000000400900        0x0 uspace/srv_fs_tmpfs.p/srv_fs_tmpfs_tmpfs.c.o
 *(.rela.tdata .rela.tdata.* .rela.gnu.linkonce.td.*)
 *(.rela.tbss .rela.tbss.* .rela.gnu.linkonce.tb.*)
 *(.rela.ctors)
 *(.rela.dtors)
 *(.rela.got)
 .rela.got      0x0000000000400900        0x0 uspace/srv_fs_tmpfs.p/srv_fs_tmpfs_tmpfs.c.o
 *(.rela.bss .rela.bss.* .rela.gnu.linkonce.b.*)
 .rela.bss      0x0000000000400900       0x18 uspace/srv_fs_tmpfs.p/srv_fs_tmpfs_tmpfs.c.o
 *(.rela.ldata .rela.ldata.* .rela.gnu.linkonce.l.*)
 *(.rela.lbss .rela.lbss.* .rela.gnu.linkonce.lb.*)
 *(.rela.lrodata .rela.lrodata.* .rela.gnu.linkonce.lr.*)
 *(.rela.ifunc)

.rela.plt       0x0000000000400918      0x3c0
 *(.rela.plt)
 .rela.plt      0x0000000000400918      0x3c0 uspace/srv_fs_tmpfs.p/srv_fs_tmpfs_tmpfs.c.o
                [!provide]                        PROVIDE (__rela_iplt_start = .)
 *(.rela.iplt)
 .rela.iplt     0x0000000000400cd8        0x0 uspace/srv_fs_tmpfs.p/srv_fs_tmpfs_tmpfs.c.o
                [!provide]                        PROVIDE (__rela_iplt_end = .)

.relr.dyn
 *(.relr.dyn)

.init
 *(SORT_NONE(.init))

.plt            0x0000000000400ce0      0x290
 *(.plt)
 .plt           0x0000000000400ce0      0x290 uspace/srv_fs_tmpfs.p/srv_fs_tmpfs_tmpfs.c.o
                0x0000000000400cf0                task_retval
                0x0000000000400d00                printf
                0x0000000000400d10                async_wait_for
                0x0000000000400d20                hash_table_create
                0x0000000000400d30                async_data_write_start
                0x0000000000400d40                hash_table_insert
                0x0000000000400d50                async_get_call
                0x0000000000400d60                service_connect_blocking
                0x0000000000400d70                async_data_read_finalize
                0x0000000000400d80                malloc
                0x0000000000400d90                async_answer_0
                0x0000000000400da0                async_share_in_start_0_0
                0x0000000000400db0                strtol
                0x0000000000400dc0                async_exchange_end
                0x0000000000400dd0                async_answer_4
                0x0000000000400de0                realloc
                0x0000000000400df0                async_answer_5
                0x0000000000400e00                async_create_callback_port
                0x0000000000400e10                str_cmp
                0x0000000000400e20                hash_table_remove_item
                0x0000000000400e30                __helenos_assert_abort
                0x0000000000400e40                memset
                0x0000000000400e50                async_data_read_receive
                0x0000000000400e60                async_accept_0
                0x0000000000400e70                str_cpy
                0x0000000000400e80                str_size
                0x0000000000400e90                async_answer_1
                0x0000000000400ea0                async_exchange_begin
                0x0000000000400eb0                async_send_0
                0x0000000000400ec0                str_error
                0x0000000000400ed0                hash_table_apply
                0x0000000000400ee0                async_answer_3
                0x0000000000400ef0                hash_table_find
                0x0000000000400f00                async_data_write_finalize
                0x0000000000400f10                async_data_write_accept
                0x0000000000400f20                __libc_main
                0x0000000000400f30                async_manager
                0x0000000000400f40                async_forget
                0x0000000000400f50                async_data_write_receive
                0x0000000000400f60                free
 *(.iplt)
 .iplt          0x0000000000400f70        0x0 uspace/srv_fs_tmpfs.p/srv_fs_tmpfs_tmpfs.c.o

.plt.got        0x0000000000400f70        0x0
 *(.plt.got)
 .plt.got       0x0000000000400f70        0x0 uspace/srv_fs_tmpfs.p/srv_fs_tmpfs_tmpfs.c.o

.plt.sec
 *(.plt.sec)

.text           0x0000000000400f70     0x1fdd
 *(.text.unlikely .text.*_unlikely .text.unlikely.*)
 .text.unlikely.tmpfs_has_children
                0x0000000000400f70        0xa uspace/srv_fs_tmpfs.p/srv_fs_tmpfs_tmpfs_ops.c.o
 .text.unlikely.tmpfs_index_get
                0x0000000000400f7a        0x9 uspace/srv_fs_tmpfs.p/srv_fs_tmpfs_tmpfs_ops.c.o
 .text.unlikely.tmpfs_size_get
                0x0000000000400f83        0xa uspace/srv_fs_tmpfs.p/srv_fs_tmpfs_tmpfs_ops.c.o
 .text.unlikely.tmpfs_lnkcnt_get
                0x0000000000400f8d        0x9 uspace/srv_fs_tmpfs.p/srv_fs_tmpfs_tmpfs_ops.c.o
 .text.unlikely.tmpfs_is_directory
                0x0000000000400f96        0x9 uspace/srv_fs_tmpfs.p/srv_fs_tmpfs_tmpfs_ops.c.o
 .text.unlikely.tmpfs_is_file
                0x0000000000400f9f        0x9 uspace/srv_fs_tmpfs.p/srv_fs_tmpfs_tmpfs_ops.c.o
 .text.unlikely.tmpfs_match
                0x0000000000400fa8        0xa uspace/srv_fs_tmpfs.p/srv_fs_tmpfs_tmpfs_ops.c.o
 .text.unlikely.tmpfs_destroy_node
                0x0000000000400fb2        0x9 uspace/srv_fs_tmpfs.p/srv_fs_tmpfs_tmpfs_ops.c.o
 .text.unlikely.tmpfs_destroy
                0x0000000000400fbb        0x9 uspace/srv_fs_tmpfs.p/srv_fs_tmpfs_tmpfs_ops.c.o
 .text.unlikely.tmpfs_mounted
                0x0000000000400fc4        0x9 uspace/srv_fs_tmpfs.p/srv_fs_tmpfs_tmpfs_ops.c.o
 *(.text.exit .text.exit.*)
 *(.text.startup .text.startup.*)
 *fill*         0x0000000000400fcd        0x3 
 .text.startup.main
                0x0000000000400fd0      0x12b uspace/srv_fs_tmpfs.p/srv_fs_tmpfs_tmpfs.c.o
                0x0000000000400fd0                main
 *(.text.hot .text.hot.*)
 *(SORT_BY_NAME(.text.sorted.*))
 *(.text .stub .text.* .gnu.linkonce.t.*)
 *fill*         0x00000000004010fb        0x5 
 .text.tmpfs_has_children
                0x0000000000401100       0x1f uspace/srv_fs_tmpfs.p/srv_fs_tmpfs_tmpfs_ops.c.o
 *fill*         0x000000000040111f        0x1 
 .text.tmpfs_index_get
                0x0000000000401120       0x15 uspace/srv_fs_tmpfs.p/srv_fs_tmpfs_tmpfs_ops.c.o
 *fill*         0x0000000000401135        0xb 
 .text.tmpfs_size_get
                0x0000000000401140       0x16 uspace/srv_fs_tmpfs.p/srv_fs_tmpfs_tmpfs_ops.c.o
 *fill*         0x0000000000401156        0xa 
 .text.tmpfs_lnkcnt_get
                0x0000000000401160       0x15 uspace/srv_fs_tmpfs.p/srv_fs_tmpfs_tmpfs_ops.c.o
 *fill*         0x0000000000401175        0xb 
 .text.tmpfs_is_directory
                0x0000000000401180       0x19 uspace/srv_fs_tmpfs.p/srv_fs_tmpfs_tmpfs_ops.c.o
 *fill*         0x0000000000401199        0x7 
 .text.tmpfs_is_file
                0x00000000004011a0       0x19 uspace/srv_fs_tmpfs.p/srv_fs_tmpfs_tmpfs_ops.c.o
 *fill*         0x00000000004011b9        0x7 
 .text.tmpfs_service_get
                0x00000000004011c0        0x8 uspace/srv_fs_tmpfs.p/srv_fs_tmpfs_tmpfs_ops.c.o
 *fill*         0x00000000004011c8        0x8 
 .text.nodes_key_hash
                0x00000000004011d0       0x21 uspace/srv_fs_tmpfs.p/srv_fs_tmpfs_tmpfs_ops.c.o
 *fill*         0x00000000004011f1        0xf 
 .text.nodes_hash
                0x0000000000401200       0x22 uspace/srv_fs_tmpfs.p/srv_fs_tmpfs_tmpfs_ops.c.o
 *fill*         0x0000000000401222        0xe 
 .text.nodes_key_equal
                0x0000000000401230       0x23 uspace/srv_fs_tmpfs.p/srv_fs_tmpfs_tmpfs_ops.c.o
 *fill*         0x0000000000401253        0xd 
 .text.tmpfs_node_open
                0x0000000000401260        0x8 uspace/srv_fs_tmpfs.p/srv_fs_tmpfs_tmpfs_ops.c.o
 *fill*         0x0000000000401268        0x8 
 .text.tmpfs_fsprobe
                0x0000000000401270        0xb uspace/srv_fs_tmpfs.p/srv_fs_tmpfs_tmpfs_ops.c.o
 *fill*         0x000000000040127b        0x5 
 .text.tmpfs_close
                0x0000000000401280        0x8 uspace/srv_fs_tmpfs.p/srv_fs_tmpfs_tmpfs_ops.c.o
 *fill*         0x0000000000401288        0x8 
 .text.tmpfs_match
                0x0000000000401290       0x78 uspace/srv_fs_tmpfs.p/srv_fs_tmpfs_tmpfs_ops.c.o
 *fill*         0x0000000000401308        0x8 
 .text.tmpfs_unlink_node
                0x0000000000401310       0xf1 uspace/srv_fs_tmpfs.p/srv_fs_tmpfs_tmpfs_ops.c.o
 *fill*         0x0000000000401401        0xf 
 .text.tmpfs_link_node
                0x0000000000401410      0x126 uspace/srv_fs_tmpfs.p/srv_fs_tmpfs_tmpfs_ops.c.o
 *fill*         0x0000000000401536        0xa 
 .text.rm_service_id_nodes
                0x0000000000401540       0x28 uspace/srv_fs_tmpfs.p/srv_fs_tmpfs_tmpfs_ops.c.o
 *fill*         0x0000000000401568        0x8 
 .text.tmpfs_node_get
                0x0000000000401570       0x4d uspace/srv_fs_tmpfs.p/srv_fs_tmpfs_tmpfs_ops.c.o
 *fill*         0x00000000004015bd        0x3 
 .text.tmpfs_truncate
                0x00000000004015c0       0x92 uspace/srv_fs_tmpfs.p/srv_fs_tmpfs_tmpfs_ops.c.o
 *fill*         0x0000000000401652        0xe 
 .text.tmpfs_write
                0x0000000000401660      0x14c uspace/srv_fs_tmpfs.p/srv_fs_tmpfs_tmpfs_ops.c.o
 *fill*         0x00000000004017ac        0x4 
 .text.tmpfs_read
                0x00000000004017b0      0x151 uspace/srv_fs_tmpfs.p/srv_fs_tmpfs_tmpfs_ops.c.o
 *fill*         0x0000000000401901        0xf 
 .text.tmpfs_unmounted
                0x0000000000401910       0x23 uspace/srv_fs_tmpfs.p/srv_fs_tmpfs_tmpfs_ops.c.o
 *fill*         0x0000000000401933        0xd 
 .text.nodes_remove_callback
                0x0000000000401940       0xae uspace/srv_fs_tmpfs.p/srv_fs_tmpfs_tmpfs_ops.c.o
 *fill*         0x00000000004019ee        0x2 
 .text.tmpfs_destroy_node
                0x00000000004019f0       0x5b uspace/srv_fs_tmpfs.p/srv_fs_tmpfs_tmpfs_ops.c.o
 *fill*         0x0000000000401a4b        0x5 
 .text.tmpfs_sync
                0x0000000000401a50        0x8 uspace/srv_fs_tmpfs.p/srv_fs_tmpfs_tmpfs_ops.c.o
 *fill*         0x0000000000401a58        0x8 
 .text.tmpfs_node_put
                0x0000000000401a60        0x8 uspace/srv_fs_tmpfs.p/srv_fs_tmpfs_tmpfs_ops.c.o
 *fill*         0x0000000000401a68        0x8 
 .text.tmpfs_root_get
                0x0000000000401a70       0x4d uspace/srv_fs_tmpfs.p/srv_fs_tmpfs_tmpfs_ops.c.o
 *fill*         0x0000000000401abd        0x3 
 .text.tmpfs_destroy
                0x0000000000401ac0       0x8f uspace/srv_fs_tmpfs.p/srv_fs_tmpfs_tmpfs_ops.c.o
 *fill*         0x0000000000401b4f        0x1 
 .text.tmpfs_create_node
                0x0000000000401b50      0x12e uspace/srv_fs_tmpfs.p/srv_fs_tmpfs_tmpfs_ops.c.o
 *fill*         0x0000000000401c7e        0x2 
 .text.tmpfs_mounted
                0x0000000000401c80      0x103 uspace/srv_fs_tmpfs.p/srv_fs_tmpfs_tmpfs_ops.c.o
 *fill*         0x0000000000401d83        0xd 
 .text.tmpfs_init
                0x0000000000401d90       0x18 uspace/srv_fs_tmpfs.p/srv_fs_tmpfs_tmpfs_ops.c.o
                0x0000000000401d90                tmpfs_init
 .text          0x0000000000401da8        0xc uspace/lib/c/libstartfiles.a.p/arch_amd64_src_crt0.S.o
                0x0000000000401da8                _start
 *fill*         0x0000000000401db4        0xc 
 .text.__c_start
                0x0000000000401dc0       0x8c uspace/lib/c/libstartfiles.a.p/generic_crt_crt1.c.o
                0x0000000000401dc0                __c_start
 *fill*         0x0000000000401e4c        0x4 
 .text.vfs_connection
                0x0000000000401e50      0xf72 uspace/lib/libfs.a.p/fs_libfs.c.o
 *fill*         0x0000000000402dc2        0xe 
 .text.fs_register
                0x0000000000402dd0      0x167 uspace/lib/libfs.a.p/fs_libfs.c.o
                0x0000000000402dd0                fs_register
 *fill*         0x0000000000402f37        0x9 
 .text.fs_node_initialize
                0x0000000000402f40        0xd uspace/lib/libfs.a.p/fs_libfs.c.o
                0x0000000000402f40                fs_node_initialize
 *(.gnu.warning)

.fini
 *(SORT_NONE(.fini))
                [!provide]                        PROVIDE (__etext = .)
                [!provide]                        PROVIDE (_etext = .)
                [!provide]                        PROVIDE (etext = .)

.rodata         0x0000000000402f60      0x328
 *(.rodata .rodata.* .gnu.linkonce.r.*)
 .rodata.main.str1.1
                0x0000000000402f60       0xe0 uspace/srv_fs_tmpfs.p/srv_fs_tmpfs_tmpfs.c.o
                                         0x48 (size before relaxing)
 .rodata.main.str1.8
                0x0000000000403040      0x196 uspace/srv_fs_tmpfs.p/srv_fs_tmpfs_tmpfs.c.o
                                         0x98 (size before relaxing)
 .rodata.tmpfs_unlink_node.str1.8
                0x00000000004031d6       0x2e uspace/srv_fs_tmpfs.p/srv_fs_tmpfs_tmpfs_ops.c.o
 .rodata.tmpfs_unlink_node.str1.1
                0x00000000004031d6       0x17 uspace/srv_fs_tmpfs.p/srv_fs_tmpfs_tmpfs_ops.c.o
 .rodata.tmpfs_link_node.str1.8
                0x00000000004031d6       0x21 uspace/srv_fs_tmpfs.p/srv_fs_tmpfs_tmpfs_ops.c.o
 .rodata.tmpfs_read.str1.8
                0x00000000004031d6       0x1f uspace/srv_fs_tmpfs.p/srv_fs_tmpfs_tmpfs_ops.c.o
 .rodata.nodes_remove_callback.str1.1
                0x00000000004031d6       0x1a uspace/srv_fs_tmpfs.p/srv_fs_tmpfs_tmpfs_ops.c.o
 .rodata.tmpfs_destroy_node.str1.1
                0x00000000004031d6       0x2b uspace/srv_fs_tmpfs.p/srv_fs_tmpfs_tmpfs_ops.c.o
 .rodata.tmpfs_create_node.str1.8
                0x00000000004031d6       0x29 uspace/srv_fs_tmpfs.p/srv_fs_tmpfs_tmpfs_ops.c.o
 *fill*         0x00000000004031d6        0xa 
 .rodata.nodes_ops
                0x00000000004031e0       0x28 uspace/srv_fs_tmpfs.p/srv_fs_tmpfs_tmpfs_ops.c.o
                0x00000000004031e0                nodes_ops
 .rodata.cst8   0x0000000000403208        0x8 uspace/lib/c/libstartfiles.a.p/generic_crt_crt1.c.o
 .rodata.vfs_connection.str1.8
                0x0000000000403210       0x4e uspace/lib/libfs.a.p/fs_libfs.c.o
 .rodata.vfs_connection.str1.1
                0x0000000000403210       0x48 uspace/lib/libfs.a.p/fs_libfs.c.o
 .rodata.vfs_connection
                0x0000000000403210       0x78 uspace/lib/libfs.a.p/fs_libfs.c.o

.rodata1
 *(.rodata1)

.eh_frame_hdr   0x0000000000403288      0x184
 *(.eh_frame_hdr)
 .eh_frame_hdr  0x0000000000403288      0x184 uspace/srv_fs_tmpfs.p/srv_fs_tmpfs_tmpfs.c.o
                0x0000000000403288                __GNU_EH_FRAME_HDR
 *(.eh_frame_entry .eh_frame_entry.*)

.eh_frame       0x0000000000403410      0x6b8
 *(.eh_frame)
 .eh_frame      0x0000000000403410       0x40 uspace/srv_fs_tmpfs.p/srv_fs_tmpfs_tmpfs.c.o
 .eh_frame      0x0000000000403450       0x28 uspace/srv_fs_tmpfs.p/srv_fs_tmpfs_tmpfs.c.o
                                         0x40 (size before relaxing)
 .eh_frame      0x0000000000403478        0x0 uspace/srv_fs_tmpfs.p/srv_fs_tmpfs_tmpfs.c.o
 .eh_frame      0x0000000000403478      0x5a0 uspace/srv_fs_tmpfs.p/srv_fs_tmpfs_tmpfs_ops.c.o
                                        0x5b8 (size before relaxing)
 .eh_frame      0x0000000000403a18       0x20 uspace/lib/c/libstartfiles.a.p/generic_crt_crt1.c.o
                                         0x38 (size before relaxing)
 .eh_frame      0x0000000000403a38       0x90 uspace/lib/libfs.a.p/fs_libfs.c.o
                                        0x138 (size before relaxing)
 *(.eh_frame.*)

.sframe         0x0000000000403ac8        0x0
 *(.sframe)
 .sframe        0x0000000000403ac8        0x0 uspace/srv_fs_tmpfs.p/srv_fs_tmpfs_tmpfs.c.o
 *(.sframe.*)

.gcc_except_table
 *(.gcc_except_table .gcc_except_table.*)

.gnu_extab
 *(.gnu_extab*)

.exception_ranges
 *(.exception_ranges*)
                0x0000000000404ac8                . = DATA_SEGMENT_ALIGN (CONSTANT (MAXPAGESIZE), CONSTANT (COMMONPAGESIZE))

.eh_frame
 *(.eh_frame)
 *(.eh_frame.*)

.sframe
 *(.sframe)
 *(.sframe.*)

.gnu_extab
 *(.gnu_extab)

.gcc_except_table
 *(.gcc_except_table .gcc_except_table.*)

.exception_ranges
 *(.exception_ranges*)

.tdata          0x0000000000404ac8        0x0
                [!provide]                        PROVIDE (__tdata_start = .)
 *(.tdata .tdata.* .gnu.linkonce.td.*)

.tbss
 *(.tbss .tbss.* .gnu.linkonce.tb.*)
 *(.tcommon)

.preinit_array  0x0000000000404ac8        0x0
                0x0000000000404ac8                PROVIDE (__preinit_array_start = .)
 *(.preinit_array)
                0x0000000000404ac8                PROVIDE (__preinit_array_end = .)

.init_array     0x0000000000404ac8        0x0
                0x0000000000404ac8                PROVIDE (__init_array_start = .)
 *(SORT_BY_INIT_PRIORITY(.init_array.*) SORT_BY_INIT_PRIORITY(.ctors.*))
 *(.init_array EXCLUDE_FILE(*crtend?.o *crtend.o *crtbegin?.o *crtbegin.o) .ctors)
                0x0000000000404ac8                PROVIDE (__init_array_end = .)

.fini_array     0x0000000000404ac8        0x0
                0x0000000000404ac8                PROVIDE (__fini_array_start = .)
 *(SORT_BY_INIT_PRIORITY(.fini_array.*) SORT_BY_INIT_PRIORITY(.dtors.*))
 *(.fini_array EXCLUDE_FILE(*crtend?.o *crtend.o *crtbegin?.o *crtbegin.o) .dtors)
                0x0000000000404ac8                PROVIDE (__fini_array_end = .)

.ctors
 *crtbegin.o(.ctors)
 *crtbegin?.o(.ctors)
 *(EXCLUDE_FILE(*crtend?.o *crtend.o) .ctors)
 *(SORT_BY_NAME(.ctors.*))
 *(.ctors)

.dtors
 *crtbegin.o(.dtors)
 *crtbegin?.o(.dtors)
 *(EXCLUDE_FILE(*crtend?.o *crtend.o) .dtors)
 *(SORT_BY_NAME(.dtors.*))
 *(.dtors)

.jcr
 *(.jcr)

.data.rel.ro    0x0000000000404ac8        0x0
 *(.data.rel.ro.local* .gnu.linkonce.d.rel.ro.local.*)
 *(.data.rel.ro .data.rel.ro.* .gnu.linkonce.d.rel.ro.*)
 .data.rel.ro   0x0000000000404ac8        0x0 uspace/srv_fs_tmpfs.p/srv_fs_tmpfs_tmpfs.c.o

.dynamic        0x0000000000404ac8      0x150
 *(.dynamic)
 .dynamic       0x0000000000404ac8      0x150 uspace/srv_fs_tmpfs.p/srv_fs_tmpfs_tmpfs.c.o
                0x0000000000404ac8                _DYNAMIC

.got            0x0000000000404c18        0x0
 *(.got)
 .got           0x0000000000404c18        0x0 uspace/srv_fs_tmpfs.p/srv_fs_tmpfs_tmpfs.c.o
 *(.igot)
                0x0000000000404c18                . = DATA_SEGMENT_RELRO_END (., (SIZEOF (.got.plt) >= 0x18)?0x18:0x0)

.got.plt        0x0000000000404c18      0x158
 *(.got.plt)
 .got.plt       0x0000000000404c18      0x158 uspace/srv_fs_tmpfs.p/srv_fs_tmpfs_tmpfs.c.o
                0x0000000000404c18                _GLOBAL_OFFSET_TABLE_
 *(.igot.plt)
 .igot.plt      0x0000000000404d70        0x0 uspace/srv_fs_tmpfs.p/srv_fs_tmpfs_tmpfs.c.o

.data           0x0000000000404d80      0x11c
 *(.data .data.* .gnu.linkonce.d.*)
 .data.tmpfs_vfs_info
                0x0000000000404d80       0x20 uspace/srv_fs_tmpfs.p/srv_fs_tmpfs_tmpfs.c.o
                0x0000000000404d80                tmpfs_vfs_info
 .data.tmpfs_ops
                0x0000000000404da0       0x48 uspace/srv_fs_tmpfs.p/srv_fs_tmpfs_tmpfs_ops.c.o
                0x0000000000404da0                tmpfs_ops
 *fill*         0x0000000000404de8       0x18 
 .data.tmpfs_libfs_ops
                0x0000000000404e00       0x98 uspace/srv_fs_tmpfs.p/srv_fs_tmpfs_tmpfs_ops.c.o
                0x0000000000404e00                tmpfs_libfs_ops
 .data.tmpfs_next_index
                0x0000000000404e98        0x4 uspace/srv_fs_tmpfs.p/srv_fs_tmpfs_tmpfs_ops.c.o
                0x0000000000404e98                tmpfs_next_index

.data1
 *(.data1)
                0x0000000000404e9c                _edata = .
                [!provide]                        PROVIDE (edata = .)
                0x0000000000404e9c                . = .
                0x0000000000404e9c                __bss_start = .

.bss            0x0000000000404ea0       0xe0
 *(.dynbss)
 .dynbss        0x0000000000404ea0       0x48 uspace/srv_fs_tmpfs.p/srv_fs_tmpfs_tmpfs.c.o
                0x0000000000404ea0                __progsymbols
 *(.bss .bss.* .gnu.linkonce.b.*)
 *fill*         0x0000000000404ee8       0x18 
 .bss.nodes     0x0000000000404f00       0x38 uspace/srv_fs_tmpfs.p/srv_fs_tmpfs_tmpfs_ops.c.o
                0x0000000000404f00                nodes
 *fill*         0x0000000000404f38        0x8 
 .bss.fs_name   0x0000000000404f40       0x15 uspace/lib/libfs.a.p/fs_libfs.c.o
 *fill*         0x0000000000404f55        0x3 
 .bss.libfs_ops
                0x0000000000404f58        0x8 uspace/lib/libfs.a.p/fs_libfs.c.o
 .bss.vfs_out_ops
                0x0000000000404f60        0x8 uspace/lib/libfs.a.p/fs_libfs.c.o
 *fill*         0x0000000000404f68        0x8 
 .bss.reg       0x0000000000404f70       0x10 uspace/lib/libfs.a.p/fs_libfs.c.o
 *(COMMON)
                0x0000000000404f80                . = ALIGN ((. != 0x0)?0x8:0x1)

.lbss
 *(.dynlbss)
 *(.lbss .lbss.* .gnu.linkonce.lb.*)
 *(LARGE_COMMON)
                0x0000000000404f80                . = ALIGN (0x8)
                0x0000000000404f80                . = SEGMENT_START ("ldata-segment", .)

.lrodata
 *(.lrodata .lrodata.* .gnu.linkonce.lr.*)

.ldata          0x0000000000406f80        0x0
 *(.ldata .ldata.* .gnu.linkonce.l.*)
                0x0000000000406f80                . = ALIGN ((. != 0x0)?0x8:0x1)
                0x0000000000406f80                . = ALIGN (0x8)
                0x0000000000404f80                _end = .
                [!provide]                        PROVIDE (end = .)
                0x0000000000406f80                . = DATA_SEGMENT_END (.)

.stab
 *(.stab)

.stabstr
 *(.stabstr)

.stab.excl
 *(.stab.excl)

.stab.exclstr
 *(.stab.exclstr)

.stab.index
 *(.stab.index)

.stab.indexstr
 *(.stab.indexstr)

.comment        0x0000000000000000       0x12
 *(.comment)
 .comment       0x0000000000000000       0x12 uspace/srv_fs_tmpfs.p/srv_fs_tmpfs_tmpfs.c.o
                                         0x13 (size before relaxing)
 .comment       0x0000000000000012       0x13 uspace/srv_fs_tmpfs.p/srv_fs_tmpfs_tmpfs_ops.c.o
 .comment       0x0000000000000012       0x13 uspace/lib/c/libstartfiles.a.p/generic_crt_crt1.c.o
 .comment       0x0000000000000012       0x13 uspace/lib/libfs.a.p/fs_libfs.c.o

.gnu.build.attributes
 *(.gnu.build.attributes .gnu.build.attributes.*)

.debug
 *(.debug)

.line
 *(.line)

.debug_srcinfo
 *(.debug_srcinfo)

.debug_sfnames
 *(.debug_sfnames)

.debug_aranges
 *(.debug_aranges)

.debug_pubnames
 *(.debug_pubnames)

.debug_info
 *(.debug_info .gnu.linkonce.wi.*)

.debug_abbrev
 *(.debug_abbrev)

.debug_line
 *(.debug_line .debug_line.* .debug_line_end)

.debug_frame
 *(.debug_frame)

.debug_str
 *(.debug_str)

.debug_loc
 *(.debug_loc)

.debug_macinfo
 *(.debug_macinfo)

.debug_weaknames
 *(.debug_weaknames)

.debug_funcnames
 *(.debug_funcnames)

.debug_typenames
 *(.debug_typenames)

.debug_varnames
 *(.debug_varnames)

.debug_pubtypes
 *(.debug_pubtypes)

.debug_ranges
 *(.debug_ranges)

.debug_addr
 *(.debug_addr)

.debug_line_str
 *(.debug_line_str)

.debug_loclists
 *(.debug_loclists)

.debug_macro
 *(.debug_macro)

.debug_names
 *(.debug_names)

.debug_rnglists
 *(.debug_rnglists)

.debug_str_offsets
 *(.debug_str_offsets)

.debug_sup
 *(.debug_sup)

.gnu.attributes
 *(.gnu.attributes)

/DISCARD/
 *(.note.GNU-stack)
 *(.gnu_debuglink)
 *(.gnu.lto_*)
OUTPUT(uspace/srv_fs_tmpfs elf64-x86-64)
