Archive member included to satisfy reference by file (symbol)

uspace/lib/c/libstartfiles.a.p/arch_amd64_src_crt0.S.o
                              (--whole-archive)
uspace/lib/c/libstartfiles.a.p/generic_crt_crt1.c.o
                              (--whole-archive)
uspace/lib/libdevice.a.p/device_src_bd_srv.c.o
                              uspace/srv_bd_file_bd.p/srv_bd_file_bd_file_bd.c.o (bd_srvs_init)

As-needed library included to satisfy reference by file (symbol)

libc.so.0                     uspace/srv_bd_file_bd.p/srv_bd_file_bd_file_bd.c.o (loc_category_get_id)

Discarded input sections

 .text          0x0000000000000000        0x0 uspace/srv_bd_file_bd.p/srv_bd_file_bd_file_bd.c.o
 .data          0x0000000000000000        0x0 uspace/srv_bd_file_bd.p/srv_bd_file_bd_file_bd.c.o
 .bss           0x0000000000000000        0x0 uspace/srv_bd_file_bd.p/srv_bd_file_bd_file_bd.c.o
 .data          0x0000000000000000        0x0 uspace/lib/c/libstartfiles.a.p/arch_amd64_src_crt0.S.o
 .bss           0x0000000000000000        0x0 uspace/lib/c/libstartfiles.a.p/arch_amd64_src_crt0.S.o
 .text          0x0000000000000000        0x0 uspace/lib/c/libstartfiles.a.p/generic_crt_crt1.c.o
 .data          0x0000000000000000        0x0 uspace/lib/c/libstartfiles.a.p/generic_crt_crt1.c.o
 .bss           0x0000000000000000        0x0 uspace/lib/c/libstartfiles.a.p/generic_crt_crt1.c.o
 .text          0x0000000000000000        0x0 uspace/lib/libdevice.a.p/device_src_bd_srv.c.o
 .data          0x0000000000000000        0x0 uspace/lib/libdevice.a.p/device_src_bd_srv.c.o
 .bss           0x0000000000000000        0x0 uspace/lib/libdevice.a.p/device_src_bd_srv.c.o

Memory Configuration

Name             Origin             Length             Attributes
*default*        0x0000000000000000 0xffffffffffffffff

Linker script and memory map

LOAD uspace/srv_bd_file_bd.p/srv_bd_file_bd_file_bd.c.o
START GROUP
LOAD uspace/lib/c/libstartfiles.a
LOAD uspace/lib/libdevice.a
LOAD uspace/lib/libc.so.0.0
LOAD /home/zyc/.local/share/HelenOS/cross/lib/gcc/amd64-helenos/13.2.0/libgcc.a
END GROUP
                0x0000000000400000                PROVIDE (__executable_start = SEGMENT_START ("text-segment", 0x400000))
                0x0000000000400120                . = (SEGMENT_START ("text-segment", 0x400000) + SIZEOF_HEADERS)

.interp
 *(.interp)

.note.gnu.build-id
 *(.note.gnu.build-id)

.hash           0x0000000000400120      0x138
 *(.hash)
 .hash          0x0000000000400120      0x138 uspace/srv_bd_file_bd.p/srv_bd_file_bd_file_bd.c.o

.gnu.hash
 *(.gnu.hash)

.dynsym         0x0000000000400258      0x3a8
 *(.dynsym)
 .dynsym        0x0000000000400258      0x3a8 uspace/srv_bd_file_bd.p/srv_bd_file_bd_file_bd.c.o

.dynstr         0x0000000000400600      0x21f
 *(.dynstr)
 .dynstr        0x0000000000400600      0x21f uspace/srv_bd_file_bd.p/srv_bd_file_bd_file_bd.c.o

.gnu.version    0x0000000000400820        0x0
 *(.gnu.version)
 .gnu.version   0x0000000000400820        0x0 uspace/srv_bd_file_bd.p/srv_bd_file_bd_file_bd.c.o

.gnu.version_d  0x0000000000400820        0x0
 *(.gnu.version_d)
 .gnu.version_d
                0x0000000000400820        0x0 uspace/srv_bd_file_bd.p/srv_bd_file_bd_file_bd.c.o

.gnu.version_r  0x0000000000400820        0x0
 *(.gnu.version_r)
 .gnu.version_r
                0x0000000000400820        0x0 uspace/srv_bd_file_bd.p/srv_bd_file_bd_file_bd.c.o

.rela.dyn       0x0000000000400820       0x18
 *(.rela.init)
 *(.rela.text .rela.text.* .rela.gnu.linkonce.t.*)
 .rela.text.__c_start
                0x0000000000400820        0x0 uspace/srv_bd_file_bd.p/srv_bd_file_bd_file_bd.c.o
 *(.rela.fini)
 *(.rela.rodata .rela.rodata.* .rela.gnu.linkonce.r.*)
 .rela.rodata.cst8
                0x0000000000400820        0x0 uspace/srv_bd_file_bd.p/srv_bd_file_bd_file_bd.c.o
 *(.rela.data .rela.data.* .rela.gnu.linkonce.d.*)
 .rela.data.rel.ro
                0x0000000000400820        0x0 uspace/srv_bd_file_bd.p/srv_bd_file_bd_file_bd.c.o
 *(.rela.tdata .rela.tdata.* .rela.gnu.linkonce.td.*)
 *(.rela.tbss .rela.tbss.* .rela.gnu.linkonce.tb.*)
 *(.rela.ctors)
 *(.rela.dtors)
 *(.rela.got)
 .rela.got      0x0000000000400820        0x0 uspace/srv_bd_file_bd.p/srv_bd_file_bd_file_bd.c.o
 *(.rela.bss .rela.bss.* .rela.gnu.linkonce.b.*)
 .rela.bss      0x0000000000400820       0x18 uspace/srv_bd_file_bd.p/srv_bd_file_bd_file_bd.c.o
 *(.rela.ldata .rela.ldata.* .rela.gnu.linkonce.l.*)
 *(.rela.lbss .rela.lbss.* .rela.gnu.linkonce.lb.*)
 *(.rela.lrodata .rela.lrodata.* .rela.gnu.linkonce.lr.*)
 *(.rela.ifunc)

.rela.plt       0x0000000000400838      0x378
 *(.rela.plt)
 .rela.plt      0x0000000000400838      0x378 uspace/srv_bd_file_bd.p/srv_bd_file_bd_file_bd.c.o
                [!provide]                        PROVIDE (__rela_iplt_start = .)
 *(.rela.iplt)
 .rela.iplt     0x0000000000400bb0        0x0 uspace/srv_bd_file_bd.p/srv_bd_file_bd_file_bd.c.o
                [!provide]                        PROVIDE (__rela_iplt_end = .)

.relr.dyn
 *(.relr.dyn)

.init
 *(SORT_NONE(.init))

.plt            0x0000000000400bb0      0x260
 *(.plt)
 .plt           0x0000000000400bb0      0x260 uspace/srv_bd_file_bd.p/srv_bd_file_bd_file_bd.c.o
                0x0000000000400bc0                loc_category_get_id
                0x0000000000400bd0                task_retval
                0x0000000000400be0                printf
                0x0000000000400bf0                loc_service_register
                0x0000000000400c00                async_get_call
                0x0000000000400c10                async_data_read_finalize
                0x0000000000400c20                loc_server_unregister
                0x0000000000400c30                puts
                0x0000000000400c40                malloc
                0x0000000000400c50                async_answer_0
                0x0000000000400c60                fflush
                0x0000000000400c70                calloc
                0x0000000000400c80                fseek
                0x0000000000400c90                async_answer_2
                0x0000000000400ca0                fibril_mutex_unlock
                0x0000000000400cb0                ferror
                0x0000000000400cc0                str_size_t
                0x0000000000400cd0                loc_service_add_to_cat
                0x0000000000400ce0                str_cmp
                0x0000000000400cf0                fread
                0x0000000000400d00                fopen
                0x0000000000400d10                async_data_read_receive
                0x0000000000400d20                async_accept_0
                0x0000000000400d30                ftell
                0x0000000000400d40                clearerr
                0x0000000000400d50                fclose
                0x0000000000400d60                loc_server_register
                0x0000000000400d70                async_answer_1
                0x0000000000400d80                str_error
                0x0000000000400d90                fwrite
                0x0000000000400da0                async_data_write_accept
                0x0000000000400db0                __libc_main
                0x0000000000400dc0                async_manager
                0x0000000000400dd0                async_set_fallback_port_handler
                0x0000000000400de0                async_callback_receive
                0x0000000000400df0                free
                0x0000000000400e00                fibril_mutex_lock
 *(.iplt)
 .iplt          0x0000000000400e10        0x0 uspace/srv_bd_file_bd.p/srv_bd_file_bd_file_bd.c.o

.plt.got        0x0000000000400e10        0x0
 *(.plt.got)
 .plt.got       0x0000000000400e10        0x0 uspace/srv_bd_file_bd.p/srv_bd_file_bd_file_bd.c.o

.plt.sec
 *(.plt.sec)

.text           0x0000000000400e10      0xafe
 *(.text.unlikely .text.*_unlikely .text.unlikely.*)
 *(.text.exit .text.exit.*)
 *(.text.startup .text.startup.*)
 .text.startup.main
                0x0000000000400e10      0x30e uspace/srv_bd_file_bd.p/srv_bd_file_bd_file_bd.c.o
                0x0000000000400e10                main
 *(.text.hot .text.hot.*)
 *(SORT_BY_NAME(.text.sorted.*))
 *(.text .stub .text.* .gnu.linkonce.t.*)
 *fill*         0x000000000040111e        0x2 
 .text.file_bd_open
                0x0000000000401120        0x8 uspace/srv_bd_file_bd.p/srv_bd_file_bd_file_bd.c.o
 *fill*         0x0000000000401128        0x8 
 .text.file_bd_close
                0x0000000000401130        0x8 uspace/srv_bd_file_bd.p/srv_bd_file_bd_file_bd.c.o
 *fill*         0x0000000000401138        0x8 
 .text.file_bd_get_block_size
                0x0000000000401140       0x12 uspace/srv_bd_file_bd.p/srv_bd_file_bd_file_bd.c.o
 *fill*         0x0000000000401152        0xe 
 .text.file_bd_get_num_blocks
                0x0000000000401160       0x12 uspace/srv_bd_file_bd.p/srv_bd_file_bd_file_bd.c.o
 *fill*         0x0000000000401172        0xe 
 .text.file_bd_connection
                0x0000000000401180        0xf uspace/srv_bd_file_bd.p/srv_bd_file_bd_file_bd.c.o
 *fill*         0x000000000040118f        0x1 
 .text.file_bd_read_blocks
                0x0000000000401190      0x11e uspace/srv_bd_file_bd.p/srv_bd_file_bd_file_bd.c.o
 *fill*         0x00000000004012ae        0x2 
 .text.file_bd_write_blocks
                0x00000000004012b0      0x114 uspace/srv_bd_file_bd.p/srv_bd_file_bd_file_bd.c.o
 .text          0x00000000004013c4        0xc uspace/lib/c/libstartfiles.a.p/arch_amd64_src_crt0.S.o
                0x00000000004013c4                _start
 .text.__c_start
                0x00000000004013d0       0x8c uspace/lib/c/libstartfiles.a.p/generic_crt_crt1.c.o
                0x00000000004013d0                __c_start
 *fill*         0x000000000040145c        0x4 
 .text.bd_srvs_init
                0x0000000000401460        0xd uspace/lib/libdevice.a.p/device_src_bd_srv.c.o
                0x0000000000401460                bd_srvs_init
 *fill*         0x000000000040146d        0x3 
 .text.bd_conn  0x0000000000401470      0x49e uspace/lib/libdevice.a.p/device_src_bd_srv.c.o
                0x0000000000401470                bd_conn
 *(.gnu.warning)

.fini
 *(SORT_NONE(.fini))
                [!provide]                        PROVIDE (__etext = .)
                [!provide]                        PROVIDE (_etext = .)
                [!provide]                        PROVIDE (etext = .)

.rodata         0x0000000000401910      0x220
 *(.rodata .rodata.* .gnu.linkonce.r.*)
 .rodata.file_bd_read_blocks.str1.8
                0x0000000000401910      0x15d uspace/srv_bd_file_bd.p/srv_bd_file_bd_file_bd.c.o
                                         0x42 (size before relaxing)
 .rodata.main.str1.8
                0x0000000000401a6d      0x115 uspace/srv_bd_file_bd.p/srv_bd_file_bd_file_bd.c.o
 .rodata.main.str1.1
                0x0000000000401a6d       0x84 uspace/srv_bd_file_bd.p/srv_bd_file_bd_file_bd.c.o
 *fill*         0x0000000000401af1        0x7 
 .rodata.cst8   0x0000000000401af8        0x8 uspace/lib/c/libstartfiles.a.p/generic_crt_crt1.c.o
 .rodata.bd_conn
                0x0000000000401b00       0x30 uspace/lib/libdevice.a.p/device_src_bd_srv.c.o

.rodata1
 *(.rodata1)

.eh_frame_hdr   0x0000000000401b30       0x6c
 *(.eh_frame_hdr)
 .eh_frame_hdr  0x0000000000401b30       0x6c uspace/srv_bd_file_bd.p/srv_bd_file_bd_file_bd.c.o
                0x0000000000401b30                __GNU_EH_FRAME_HDR
 *(.eh_frame_entry .eh_frame_entry.*)

.eh_frame       0x0000000000401ba0      0x1f0
 *(.eh_frame)
 .eh_frame      0x0000000000401ba0      0x158 uspace/srv_bd_file_bd.p/srv_bd_file_bd_file_bd.c.o
 .eh_frame      0x0000000000401cf8       0x28 uspace/srv_bd_file_bd.p/srv_bd_file_bd_file_bd.c.o
                                         0x40 (size before relaxing)
 .eh_frame      0x0000000000401d20        0x0 uspace/srv_bd_file_bd.p/srv_bd_file_bd_file_bd.c.o
 .eh_frame      0x0000000000401d20       0x20 uspace/lib/c/libstartfiles.a.p/generic_crt_crt1.c.o
                                         0x38 (size before relaxing)
 .eh_frame      0x0000000000401d40       0x50 uspace/lib/libdevice.a.p/device_src_bd_srv.c.o
                                         0x68 (size before relaxing)
 *(.eh_frame.*)

.sframe         0x0000000000401d90        0x0
 *(.sframe)
 .sframe        0x0000000000401d90        0x0 uspace/srv_bd_file_bd.p/srv_bd_file_bd_file_bd.c.o
 *(.sframe.*)

.gcc_except_table
 *(.gcc_except_table .gcc_except_table.*)

.gnu_extab
 *(.gnu_extab*)

.exception_ranges
 *(.exception_ranges*)
                0x0000000000402000                . = DATA_SEGMENT_ALIGN (CONSTANT (MAXPAGESIZE), CONSTANT (COMMONPAGESIZE))

.eh_frame
 *(.eh_frame)
 *(.eh_frame.*)

.sframe
 *(.sframe)
 *(.sframe.*)

.gnu_extab
 *(.gnu_extab)

.gcc_except_table
 *(.gcc_except_table .gcc_except_table.*)

.exception_ranges
 *(.exception_ranges*)

.tdata          0x0000000000402000        0x0
                [!provide]                        PROVIDE (__tdata_start = .)
 *(.tdata .tdata.* .gnu.linkonce.td.*)

.tbss
 *(.tbss .tbss.* .gnu.linkonce.tb.*)
 *(.tcommon)

.preinit_array  0x0000000000402000        0x0
                0x0000000000402000                PROVIDE (__preinit_array_start = .)
 *(.preinit_array)
                0x0000000000402000                PROVIDE (__preinit_array_end = .)

.init_array     0x0000000000402000        0x0
                0x0000000000402000                PROVIDE (__init_array_start = .)
 *(SORT_BY_INIT_PRIORITY(.init_array.*) SORT_BY_INIT_PRIORITY(.ctors.*))
 *(.init_array EXCLUDE_FILE(*crtend?.o *crtend.o *crtbegin?.o *crtbegin.o) .ctors)
                0x0000000000402000                PROVIDE (__init_array_end = .)

.fini_array     0x0000000000402000        0x0
                0x0000000000402000                PROVIDE (__fini_array_start = .)
 *(SORT_BY_INIT_PRIORITY(.fini_array.*) SORT_BY_INIT_PRIORITY(.dtors.*))
 *(.fini_array EXCLUDE_FILE(*crtend?.o *crtend.o *crtbegin?.o *crtbegin.o) .dtors)
                0x0000000000402000                PROVIDE (__fini_array_end = .)

.ctors
 *crtbegin.o(.ctors)
 *crtbegin?.o(.ctors)
 *(EXCLUDE_FILE(*crtend?.o *crtend.o) .ctors)
 *(SORT_BY_NAME(.ctors.*))
 *(.ctors)

.dtors
 *crtbegin.o(.dtors)
 *crtbegin?.o(.dtors)
 *(EXCLUDE_FILE(*crtend?.o *crtend.o) .dtors)
 *(SORT_BY_NAME(.dtors.*))
 *(.dtors)

.jcr
 *(.jcr)

.data.rel.ro    0x0000000000402000        0x0
 *(.data.rel.ro.local* .gnu.linkonce.d.rel.ro.local.*)
 *(.data.rel.ro .data.rel.ro.* .gnu.linkonce.d.rel.ro.*)
 .data.rel.ro   0x0000000000402000        0x0 uspace/srv_bd_file_bd.p/srv_bd_file_bd_file_bd.c.o

.dynamic        0x0000000000402000      0x150
 *(.dynamic)
 .dynamic       0x0000000000402000      0x150 uspace/srv_bd_file_bd.p/srv_bd_file_bd_file_bd.c.o
                0x0000000000402000                _DYNAMIC

.got            0x0000000000402150        0x0
 *(.got)
 .got           0x0000000000402150        0x0 uspace/srv_bd_file_bd.p/srv_bd_file_bd_file_bd.c.o
 *(.igot)
                0x0000000000402150                . = DATA_SEGMENT_RELRO_END (., (SIZEOF (.got.plt) >= 0x18)?0x18:0x0)

.got.plt        0x0000000000402150      0x140
 *(.got.plt)
 .got.plt       0x0000000000402150      0x140 uspace/srv_bd_file_bd.p/srv_bd_file_bd_file_bd.c.o
                0x0000000000402150                _GLOBAL_OFFSET_TABLE_
 *(.igot.plt)
 .igot.plt      0x0000000000402290        0x0 uspace/srv_bd_file_bd.p/srv_bd_file_bd_file_bd.c.o

.data           0x00000000004022a0       0x40
 *(.data .data.* .gnu.linkonce.d.*)
 .data.file_bd_ops
                0x00000000004022a0       0x40 uspace/srv_bd_file_bd.p/srv_bd_file_bd_file_bd.c.o

.data1
 *(.data1)
                0x00000000004022e0                _edata = .
                [!provide]                        PROVIDE (edata = .)
                0x00000000004022e0                . = .
                0x00000000004022e0                __bss_start = .

.bss            0x00000000004022e0       0xb8
 *(.dynbss)
 .dynbss        0x00000000004022e0       0x48 uspace/srv_bd_file_bd.p/srv_bd_file_bd_file_bd.c.o
                0x00000000004022e0                __progsymbols
 *(.bss .bss.* .gnu.linkonce.b.*)
 *fill*         0x0000000000402328       0x18 
 .bss.dev_lock  0x0000000000402340       0x20 uspace/srv_bd_file_bd.p/srv_bd_file_bd_file_bd.c.o
 .bss.bd_srvs   0x0000000000402360       0x10 uspace/srv_bd_file_bd.p/srv_bd_file_bd_file_bd.c.o
 .bss.service_id
                0x0000000000402370        0x8 uspace/srv_bd_file_bd.p/srv_bd_file_bd_file_bd.c.o
 .bss.srv       0x0000000000402378        0x8 uspace/srv_bd_file_bd.p/srv_bd_file_bd_file_bd.c.o
 .bss.img       0x0000000000402380        0x8 uspace/srv_bd_file_bd.p/srv_bd_file_bd_file_bd.c.o
 .bss.num_blocks
                0x0000000000402388        0x8 uspace/srv_bd_file_bd.p/srv_bd_file_bd_file_bd.c.o
 .bss.block_size
                0x0000000000402390        0x8 uspace/srv_bd_file_bd.p/srv_bd_file_bd_file_bd.c.o
 *(COMMON)
                0x0000000000402398                . = ALIGN ((. != 0x0)?0x8:0x1)

.lbss
 *(.dynlbss)
 *(.lbss .lbss.* .gnu.linkonce.lb.*)
 *(LARGE_COMMON)
                0x0000000000402398                . = ALIGN (0x8)
                0x0000000000402398                . = SEGMENT_START ("ldata-segment", .)

.lrodata
 *(.lrodata .lrodata.* .gnu.linkonce.lr.*)

.ldata          0x0000000000404398        0x0
 *(.ldata .ldata.* .gnu.linkonce.l.*)
                0x0000000000404398                . = ALIGN ((. != 0x0)?0x8:0x1)
                0x0000000000404398                . = ALIGN (0x8)
                0x0000000000402398                _end = .
                [!provide]                        PROVIDE (end = .)
                0x0000000000404398                . = DATA_SEGMENT_END (.)

.stab
 *(.stab)

.stabstr
 *(.stabstr)

.stab.excl
 *(.stab.excl)

.stab.exclstr
 *(.stab.exclstr)

.stab.index
 *(.stab.index)

.stab.indexstr
 *(.stab.indexstr)

.comment        0x0000000000000000       0x12
 *(.comment)
 .comment       0x0000000000000000       0x12 uspace/srv_bd_file_bd.p/srv_bd_file_bd_file_bd.c.o
                                         0x13 (size before relaxing)
 .comment       0x0000000000000012       0x13 uspace/lib/c/libstartfiles.a.p/generic_crt_crt1.c.o
 .comment       0x0000000000000012       0x13 uspace/lib/libdevice.a.p/device_src_bd_srv.c.o

.gnu.build.attributes
 *(.gnu.build.attributes .gnu.build.attributes.*)

.debug
 *(.debug)

.line
 *(.line)

.debug_srcinfo
 *(.debug_srcinfo)

.debug_sfnames
 *(.debug_sfnames)

.debug_aranges
 *(.debug_aranges)

.debug_pubnames
 *(.debug_pubnames)

.debug_info
 *(.debug_info .gnu.linkonce.wi.*)

.debug_abbrev
 *(.debug_abbrev)

.debug_line
 *(.debug_line .debug_line.* .debug_line_end)

.debug_frame
 *(.debug_frame)

.debug_str
 *(.debug_str)

.debug_loc
 *(.debug_loc)

.debug_macinfo
 *(.debug_macinfo)

.debug_weaknames
 *(.debug_weaknames)

.debug_funcnames
 *(.debug_funcnames)

.debug_typenames
 *(.debug_typenames)

.debug_varnames
 *(.debug_varnames)

.debug_pubtypes
 *(.debug_pubtypes)

.debug_ranges
 *(.debug_ranges)

.debug_addr
 *(.debug_addr)

.debug_line_str
 *(.debug_line_str)

.debug_loclists
 *(.debug_loclists)

.debug_macro
 *(.debug_macro)

.debug_names
 *(.debug_names)

.debug_rnglists
 *(.debug_rnglists)

.debug_str_offsets
 *(.debug_str_offsets)

.debug_sup
 *(.debug_sup)

.gnu.attributes
 *(.gnu.attributes)

/DISCARD/
 *(.note.GNU-stack)
 *(.gnu_debuglink)
 *(.gnu.lto_*)
OUTPUT(uspace/srv_bd_file_bd elf64-x86-64)
