Archive member included to satisfy reference by file (symbol)

uspace/lib/c/libstartfiles.a.p/arch_amd64_src_crt0.S.o
                              (--whole-archive)
uspace/lib/c/libstartfiles.a.p/generic_crt_crt1.c.o
                              (--whole-archive)
uspace/lib/libipcgfx.a.p/ipcgfx_src_server.c.o
                              uspace/srv_hid_display.p/srv_hid_display_main.c.o (gc_conn)
uspace/lib/libgfx.a.p/gfx_src_bitmap.c.o
                              uspace/srv_hid_display.p/srv_hid_display_cursor.c.o (gfx_bitmap_params_init)
uspace/lib/libgfx.a.p/gfx_src_color.c.o
                              uspace/srv_hid_display.p/srv_hid_display_display.c.o (gfx_color_new_rgb_i16)
uspace/lib/libgfx.a.p/gfx_src_coord.c.o
                              uspace/srv_hid_display.p/srv_hid_display_ievent.c.o (gfx_coord2_add)
uspace/lib/libgfx.a.p/gfx_src_context.c.o
                              uspace/srv_hid_display.p/srv_hid_display_clonegc.c.o (gfx_context_new)
uspace/lib/libgfx.a.p/gfx_src_render.c.o
                              uspace/srv_hid_display.p/srv_hid_display_clonegc.c.o (gfx_set_clip_rect)
uspace/lib/libmemgfx.a.p/memgfx_src_memgc.c.o
                              uspace/srv_hid_display.p/srv_hid_display_display.c.o (mem_gc_create)
uspace/lib/libdisplay.a.p/display_src_disp_srv.c.o
                              uspace/srv_hid_display.p/srv_hid_display_main.c.o (display_conn)
uspace/lib/libdisplay.a.p/display_src_wndresize.c.o
                              uspace/srv_hid_display.p/srv_hid_display_window.c.o (display_cursor_from_wrsz)
uspace/lib/libinput.a.p/input_src_input.c.o
                              uspace/srv_hid_display.p/srv_hid_display_input.c.o (input_open)
uspace/lib/libddev.a.p/ddev_src_ddev.c.o
                              uspace/srv_hid_display.p/srv_hid_display_ddev.c.o (ddev_open)
uspace/lib/libdispcfg.a.p/dispcfg_src_dispcfg_srv.c.o
                              uspace/srv_hid_display.p/srv_hid_display_main.c.o (dispcfg_conn)
uspace/lib/libdispcfg.a.p/dispcfg_src_dispcfg.c.o
                              uspace/lib/libdispcfg.a.p/dispcfg_src_dispcfg_srv.c.o (dispcfg_free_seat_list)
uspace/lib/libwndmgt.a.p/wndmgt_src_wndmgt_srv.c.o
                              uspace/srv_hid_display.p/srv_hid_display_main.c.o (wndmgt_conn)
uspace/lib/libwndmgt.a.p/wndmgt_src_wndmgt.c.o
                              uspace/lib/libwndmgt.a.p/wndmgt_src_wndmgt_srv.c.o (wndmgt_free_window_list)
uspace/lib/libsif.a.p/sif_src_sif.c.o
                              uspace/srv_hid_display.p/srv_hid_display_display.c.o (sif_new)
uspace/lib/libipcgfx.a.p/ipcgfx_src_client.c.o
                              uspace/lib/libddev.a.p/ddev_src_ddev.c.o (ipc_gc_create)

As-needed library included to satisfy reference by file (symbol)

libc.so.0                     uspace/srv_hid_display.p/srv_hid_display_output.c.o (loc_category_get_id)

Discarded input sections

 .text          0x0000000000000000        0x0 uspace/srv_hid_display.p/srv_hid_display_cfgclient.c.o
 .data          0x0000000000000000        0x0 uspace/srv_hid_display.p/srv_hid_display_cfgclient.c.o
 .bss           0x0000000000000000        0x0 uspace/srv_hid_display.p/srv_hid_display_cfgclient.c.o
 .text.ds_cfgclient_purge_events
                0x0000000000000000       0x7c uspace/srv_hid_display.p/srv_hid_display_cfgclient.c.o
 .rodata.ds_cfgclient_post_seat_added_event.str1.8
                0x0000000000000000       0x39 uspace/srv_hid_display.p/srv_hid_display_cfgclient.c.o
 .text.ds_cfgclient_post_seat_added_event
                0x0000000000000000       0x94 uspace/srv_hid_display.p/srv_hid_display_cfgclient.c.o
 .rodata.ds_cfgclient_post_seat_removed_event.str1.8
                0x0000000000000000       0x3b uspace/srv_hid_display.p/srv_hid_display_cfgclient.c.o
 .text.ds_cfgclient_post_seat_removed_event
                0x0000000000000000       0x94 uspace/srv_hid_display.p/srv_hid_display_cfgclient.c.o
 .text          0x0000000000000000        0x0 uspace/srv_hid_display.p/srv_hid_display_cfgops.c.o
 .data          0x0000000000000000        0x0 uspace/srv_hid_display.p/srv_hid_display_cfgops.c.o
 .bss           0x0000000000000000        0x0 uspace/srv_hid_display.p/srv_hid_display_cfgops.c.o
 .text          0x0000000000000000        0x0 uspace/srv_hid_display.p/srv_hid_display_client.c.o
 .data          0x0000000000000000        0x0 uspace/srv_hid_display.p/srv_hid_display_client.c.o
 .bss           0x0000000000000000        0x0 uspace/srv_hid_display.p/srv_hid_display_client.c.o
 .text.ds_client_first_window
                0x0000000000000000       0x24 uspace/srv_hid_display.p/srv_hid_display_client.c.o
 .text.ds_client_next_window
                0x0000000000000000       0x24 uspace/srv_hid_display.p/srv_hid_display_client.c.o
 .text.ds_client_purge_window_events
                0x0000000000000000       0x92 uspace/srv_hid_display.p/srv_hid_display_client.c.o
[...]
Memory Configuration

Name             Origin             Length             Attributes
*default*        0x0000000000000000 0xffffffffffffffff

Linker script and memory map

LOAD uspace/srv_hid_display.p/srv_hid_display_cfgclient.c.o
LOAD uspace/srv_hid_display.p/srv_hid_display_cfgops.c.o
LOAD uspace/srv_hid_display.p/srv_hid_display_client.c.o
LOAD uspace/srv_hid_display.p/srv_hid_display_clonegc.c.o
LOAD uspace/srv_hid_display.p/srv_hid_display_cursor.c.o
LOAD uspace/srv_hid_display.p/srv_hid_display_cursimg.c.o
LOAD uspace/srv_hid_display.p/srv_hid_display_ddev.c.o
LOAD uspace/srv_hid_display.p/srv_hid_display_display.c.o
LOAD uspace/srv_hid_display.p/srv_hid_display_dsops.c.o
LOAD uspace/srv_hid_display.p/srv_hid_display_idevcfg.c.o
LOAD uspace/srv_hid_display.p/srv_hid_display_ievent.c.o
LOAD uspace/srv_hid_display.p/srv_hid_display_input.c.o
LOAD uspace/srv_hid_display.p/srv_hid_display_main.c.o
LOAD uspace/srv_hid_display.p/srv_hid_display_output.c.o
LOAD uspace/srv_hid_display.p/srv_hid_display_seat.c.o
LOAD uspace/srv_hid_display.p/srv_hid_display_window.c.o
LOAD uspace/srv_hid_display.p/srv_hid_display_wmclient.c.o
LOAD uspace/srv_hid_display.p/srv_hid_display_wmops.c.o
START GROUP
LOAD uspace/lib/c/libstartfiles.a
LOAD uspace/lib/libipcgfx.a
LOAD uspace/lib/libgfx.a
LOAD uspace/lib/libc.so.0.0
LOAD uspace/lib/libmemgfx.a
LOAD uspace/lib/libdisplay.a
LOAD uspace/lib/libinput.a
LOAD uspace/lib/libddev.a
LOAD uspace/lib/libdispcfg.a
LOAD uspace/lib/libwndmgt.a
LOAD uspace/lib/libsif.a
LOAD /home/zyc/.local/share/HelenOS/cross/lib/gcc/amd64-helenos/13.2.0/libgcc.a
END GROUP
                0x0000000000400000                PROVIDE (__executable_start = SEGMENT_START ("text-segment", 0x400000))
                0x0000000000400120                . = (SEGMENT_START ("text-segment", 0x400000) + SIZEOF_HEADERS)

.interp
 *(.interp)

.note.gnu.build-id
 *(.note.gnu.build-id)

.hash           0x0000000000400120      0x288
 *(.hash)
 .hash          0x0000000000400120      0x288 uspace/srv_hid_display.p/srv_hid_display_cfgclient.c.o

.gnu.hash
 *(.gnu.hash)

.dynsym         0x00000000004003a8      0x8b8
 *(.dynsym)
 .dynsym        0x00000000004003a8      0x8b8 uspace/srv_hid_display.p/srv_hid_display_cfgclient.c.o

.dynstr         0x0000000000400c60      0x598
 *(.dynstr)
 .dynstr        0x0000000000400c60      0x598 uspace/srv_hid_display.p/srv_hid_display_cfgclient.c.o

.gnu.version    0x00000000004011f8        0x0
 *(.gnu.version)
 .gnu.version   0x00000000004011f8        0x0 uspace/srv_hid_display.p/srv_hid_display_cfgclient.c.o

.gnu.version_d  0x00000000004011f8        0x0
 *(.gnu.version_d)
 .gnu.version_d
                0x00000000004011f8        0x0 uspace/srv_hid_display.p/srv_hid_display_cfgclient.c.o

.gnu.version_r  0x00000000004011f8        0x0
 *(.gnu.version_r)
 .gnu.version_r
                0x00000000004011f8        0x0 uspace/srv_hid_display.p/srv_hid_display_cfgclient.c.o

.rela.dyn       0x00000000004011f8       0x18
 *(.rela.init)
 *(.rela.text .rela.text.* .rela.gnu.linkonce.t.*)
 .rela.text.__c_start
                0x00000000004011f8        0x0 uspace/srv_hid_display.p/srv_hid_display_cfgclient.c.o
 *(.rela.fini)
 *(.rela.rodata .rela.rodata.* .rela.gnu.linkonce.r.*)
 .rela.rodata.cst8
                0x00000000004011f8        0x0 uspace/srv_hid_display.p/srv_hid_display_cfgclient.c.o
 *(.rela.data .rela.data.* .rela.gnu.linkonce.d.*)
 .rela.data.rel.ro
                0x00000000004011f8        0x0 uspace/srv_hid_display.p/srv_hid_display_cfgclient.c.o
 *(.rela.tdata .rela.tdata.* .rela.gnu.linkonce.td.*)
 *(.rela.tbss .rela.tbss.* .rela.gnu.linkonce.tb.*)
 *(.rela.ctors)
 *(.rela.dtors)
 *(.rela.got)
 .rela.got      0x00000000004011f8        0x0 uspace/srv_hid_display.p/srv_hid_display_cfgclient.c.o
 *(.rela.bss .rela.bss.* .rela.gnu.linkonce.b.*)
 .rela.bss      0x00000000004011f8       0x18 uspace/srv_hid_display.p/srv_hid_display_cfgclient.c.o
 *(.rela.ldata .rela.ldata.* .rela.gnu.linkonce.l.*)
 *(.rela.lbss .rela.lbss.* .rela.gnu.linkonce.lb.*)
 *(.rela.lrodata .rela.lrodata.* .rela.gnu.linkonce.lr.*)
 *(.rela.ifunc)

.rela.plt       0x0000000000401210      0x888
 *(.rela.plt)
 .rela.plt      0x0000000000401210      0x888 uspace/srv_hid_display.p/srv_hid_display_cfgclient.c.o
                [!provide]                        PROVIDE (__rela_iplt_start = .)
 *(.rela.iplt)
 .rela.iplt     0x0000000000401a98        0x0 uspace/srv_hid_display.p/srv_hid_display_cfgclient.c.o
                [!provide]                        PROVIDE (__rela_iplt_end = .)

.relr.dyn
 *(.relr.dyn)

.init
 *(SORT_NONE(.init))

.plt            0x0000000000401aa0      0x5c0
 *(.plt)
 .plt           0x0000000000401aa0      0x5c0 uspace/srv_hid_display.p/srv_hid_display_cfgclient.c.o
                0x0000000000401ab0                async_connect_me_to
                0x0000000000401ac0                loc_category_get_id
                0x0000000000401ad0                task_retval
                0x0000000000401ae0                loc_service_connect
                0x0000000000401af0                printf
                0x0000000000401b00                async_hangup
                0x0000000000401b10                odict_first
                0x0000000000401b20                ungetc
                0x0000000000401b30                async_req_0_2
                0x0000000000401b40                async_wait_for
                0x0000000000401b50                log_init
                0x0000000000401b60                async_data_write_start
                0x0000000000401b70                loc_service_register
                0x0000000000401b80                async_get_call
                0x0000000000401b90                fibril_mutex_is_locked
                0x0000000000401ba0                async_data_read_finalize
                0x0000000000401bb0                loc_server_unregister
                0x0000000000401bc0                puts
                0x0000000000401bd0                malloc
                0x0000000000401be0                async_req_1_0
                0x0000000000401bf0                async_share_out_receive
                0x0000000000401c00                strtoul
                0x0000000000401c10                fibril_condvar_signal
                0x0000000000401c20                odict_insert
                0x0000000000401c30                loc_service_get_id
                0x0000000000401c40                fibril_detach
                0x0000000000401c50                isspace
                0x0000000000401c60                as_area_destroy
                0x0000000000401c70                async_answer_0
                0x0000000000401c80                fflush
                0x0000000000401c90                async_share_in_start_0_0
                0x0000000000401ca0                fibril_condvar_wait
                0x0000000000401cb0                odict_find_eq
                0x0000000000401cc0                log_msg
                0x0000000000401cd0                odict_remove
                0x0000000000401ce0                async_exchange_end
                0x0000000000401cf0                loc_service_get_name
                0x0000000000401d00                calloc
                0x0000000000401d10                fibril_condvar_initialize
                0x0000000000401d20                async_share_out_finalize
                0x0000000000401d30                loc_register_cat_change_cb
                0x0000000000401d40                async_send_3
                0x0000000000401d50                odict_next
                0x0000000000401d60                async_answer_2
                0x0000000000401d70                fibril_mutex_unlock
                0x0000000000401d80                str_dup
                0x0000000000401d90                loc_service_unregister
                0x0000000000401da0                fibril_create
                0x0000000000401db0                realloc
                0x0000000000401dc0                isalpha
                0x0000000000401dd0                async_create_callback_port
                0x0000000000401de0                str_cmp
                0x0000000000401df0                async_msg_0
                0x0000000000401e00                fopen
                0x0000000000401e10                __helenos_assert_abort
                0x0000000000401e20                async_data_read_receive
                0x0000000000401e30                odict_initialize
                0x0000000000401e40                async_accept_0
                0x0000000000401e50                async_data_read_start
                0x0000000000401e60                fclose
                0x0000000000401e70                isalnum
                0x0000000000401e80                async_share_in_receive
                0x0000000000401e90                fgetc
                0x0000000000401ea0                asprintf
                0x0000000000401eb0                loc_server_register
                0x0000000000401ec0                loc_category_get_svcs
                0x0000000000401ed0                str_size
                0x0000000000401ee0                fputc
                0x0000000000401ef0                async_answer_1
                0x0000000000401f00                async_exchange_begin
                0x0000000000401f10                async_send_0
                0x0000000000401f20                str_error
                0x0000000000401f30                async_share_in_finalize
                0x0000000000401f40                async_share_out_start
                0x0000000000401f50                async_create_port
                0x0000000000401f60                async_data_write_finalize
                0x0000000000401f70                as_area_get_info
                0x0000000000401f80                __libc_main
                0x0000000000401f90                async_manager
                0x0000000000401fa0                async_forget
                0x0000000000401fb0                async_req_0_0
                0x0000000000401fc0                fibril_add_ready
                0x0000000000401fd0                odlink_used
                0x0000000000401fe0                as_area_create
                0x0000000000401ff0                async_req_3_0
                0x0000000000402000                fputs
                0x0000000000402010                async_req_4_0
                0x0000000000402020                async_data_write_receive
                0x0000000000402030                async_callback_receive
                0x0000000000402040                free
                0x0000000000402050                fibril_mutex_lock
 *(.iplt)
 .iplt          0x0000000000402060        0x0 uspace/srv_hid_display.p/srv_hid_display_cfgclient.c.o

.plt.got        0x0000000000402060        0x0
 *(.plt.got)
 .plt.got       0x0000000000402060        0x0 uspace/srv_hid_display.p/srv_hid_display_cfgclient.c.o

.plt.sec
 *(.plt.sec)

.text           0x0000000000402060     0xc7c9
 *(.text.unlikely .text.*_unlikely .text.unlikely.*)
 *(.text.exit .text.exit.*)
 *(.text.startup .text.startup.*)
 .text.startup.main
                0x0000000000402060      0x26d uspace/srv_hid_display.p/srv_hid_display_main.c.o
                0x0000000000402060                main
 *(.text.hot .text.hot.*)
 *(SORT_BY_NAME(.text.sorted.*))
 *(.text .stub .text.* .gnu.linkonce.t.*)
 *fill*         0x00000000004022cd        0x3 
 .text.ds_cfgclient_create
                0x00000000004022d0       0x74 uspace/srv_hid_display.p/srv_hid_display_cfgclient.c.o
                0x00000000004022d0                ds_cfgclient_create
 *fill*         0x0000000000402344        0xc 
 .text.ds_cfgclient_destroy
                0x0000000000402350       0x8c uspace/srv_hid_display.p/srv_hid_display_cfgclient.c.o
                0x0000000000402350                ds_cfgclient_destroy
 *fill*         0x00000000004023dc        0x4 
 .text.ds_cfgclient_get_event
                0x00000000004023e0       0x4e uspace/srv_hid_display.p/srv_hid_display_cfgclient.c.o
                0x00000000004023e0                ds_cfgclient_get_event
 *fill*         0x000000000040242e        0x2 
 .text.dispc_get_event
                0x0000000000402430       0x4b uspace/srv_hid_display.p/srv_hid_display_cfgops.c.o
 *fill*         0x000000000040247b        0x5 
 .text.dispc_get_asgn_dev_list
                0x0000000000402480      0x137 uspace/srv_hid_display.p/srv_hid_display_cfgops.c.o
 *fill*         0x00000000004025b7        0x9 
 .text.dispc_dev_unassign
                0x00000000004025c0       0x93 uspace/srv_hid_display.p/srv_hid_display_cfgops.c.o
 *fill*         0x0000000000402653        0xd 
 .text.dispc_get_seat_list
                0x0000000000402660       0xf4 uspace/srv_hid_display.p/srv_hid_display_cfgops.c.o
 *fill*         0x0000000000402754        0xc 
 .text.dispc_seat_delete
                0x0000000000402760       0xb2 uspace/srv_hid_display.p/srv_hid_display_cfgops.c.o
 *fill*         0x0000000000402812        0xe 
 .text.dispc_seat_create
                0x0000000000402820       0xa3 uspace/srv_hid_display.p/srv_hid_display_cfgops.c.o
 *fill*         0x00000000004028c3        0xd 
 .text.dispc_get_seat_info
                0x00000000004028d0       0xce uspace/srv_hid_display.p/srv_hid_display_cfgops.c.o
 *fill*         0x000000000040299e        0x2 
 .text.dispc_dev_assign
                0x00000000004029a0       0xc8 uspace/srv_hid_display.p/srv_hid_display_cfgops.c.o
 *fill*         0x0000000000402a68        0x8 
 .text.ds_client_create
                0x0000000000402a70       0x85 uspace/srv_hid_display.p/srv_hid_display_client.c.o
                0x0000000000402a70                ds_client_create
 *fill*         0x0000000000402af5        0xb 
 .text.ds_client_destroy
                0x0000000000402b00       0x84 uspace/srv_hid_display.p/srv_hid_display_client.c.o
                0x0000000000402b00                ds_client_destroy
 *fill*         0x0000000000402b84        0xc 
 .text.ds_client_add_window
                0x0000000000402b90       0xa7 uspace/srv_hid_display.p/srv_hid_display_client.c.o
                0x0000000000402b90                ds_client_add_window
 *fill*         0x0000000000402c37        0x9 
 .text.ds_client_remove_window
                0x0000000000402c40      0x102 uspace/srv_hid_display.p/srv_hid_display_client.c.o
                0x0000000000402c40                ds_client_remove_window
 *fill*         0x0000000000402d42        0xe 
 .text.ds_client_find_window
                0x0000000000402d50       0x4b uspace/srv_hid_display.p/srv_hid_display_client.c.o
                0x0000000000402d50                ds_client_find_window
 *fill*         0x0000000000402d9b        0x5 
 .text.ds_client_get_event
                0x0000000000402da0       0x66 uspace/srv_hid_display.p/srv_hid_display_client.c.o
                0x0000000000402da0                ds_client_get_event
 *fill*         0x0000000000402e06        0xa 
 .text.ds_client_post_close_event
                0x0000000000402e10       0x72 uspace/srv_hid_display.p/srv_hid_display_client.c.o
                0x0000000000402e10                ds_client_post_close_event
 *fill*         0x0000000000402e82        0xe 
 .text.ds_client_post_focus_event
                0x0000000000402e90       0x88 uspace/srv_hid_display.p/srv_hid_display_client.c.o
                0x0000000000402e90                ds_client_post_focus_event
 *fill*         0x0000000000402f18        0x8 
 .text.ds_client_post_kbd_event
                0x0000000000402f20       0x87 uspace/srv_hid_display.p/srv_hid_display_client.c.o
                0x0000000000402f20                ds_client_post_kbd_event
 *fill*         0x0000000000402fa7        0x9 
 .text.ds_client_post_pos_event
                0x0000000000402fb0       0x9f uspace/srv_hid_display.p/srv_hid_display_client.c.o
                0x0000000000402fb0                ds_client_post_pos_event
 *fill*         0x000000000040304f        0x1 
 .text.ds_client_post_resize_event
                0x0000000000403050       0x8b uspace/srv_hid_display.p/srv_hid_display_client.c.o
                0x0000000000403050                ds_client_post_resize_event
 *fill*         0x00000000004030db        0x5 
 .text.ds_client_post_unfocus_event
                0x00000000004030e0       0x88 uspace/srv_hid_display.p/srv_hid_display_client.c.o
                0x00000000004030e0                ds_client_post_unfocus_event
 *fill*         0x0000000000403168        0x8 
 .text.ds_clonegc_bitmap_get_alloc
                0x0000000000403170       0x18 uspace/srv_hid_display.p/srv_hid_display_clonegc.c.o
 *fill*         0x0000000000403188        0x8 
 .text.ds_clonegc_bitmap_render
                0x0000000000403190       0x73 uspace/srv_hid_display.p/srv_hid_display_clonegc.c.o
 *fill*         0x0000000000403203        0xd 
 .text.ds_clonegc_fill_rect
                0x0000000000403210       0x63 uspace/srv_hid_display.p/srv_hid_display_clonegc.c.o
 *fill*         0x0000000000403273        0xd 
 .text.ds_clonegc_set_color
                0x0000000000403280       0x63 uspace/srv_hid_display.p/srv_hid_display_clonegc.c.o
 *fill*         0x00000000004032e3        0xd 
 .text.ds_clonegc_set_clip_rect
                0x00000000004032f0       0x63 uspace/srv_hid_display.p/srv_hid_display_clonegc.c.o
 *fill*         0x0000000000403353        0xd 
 .text.ds_clonegc_bitmap_destroy
                0x0000000000403360       0xc8 uspace/srv_hid_display.p/srv_hid_display_clonegc.c.o
 *fill*         0x0000000000403428        0x8 
 .text.ds_clonegc_bitmap_create
                0x0000000000403430      0x2da uspace/srv_hid_display.p/srv_hid_display_clonegc.c.o
 *fill*         0x000000000040370a        0x6 
 .text.ds_clonegc_delete
                0x0000000000403710       0x27 uspace/srv_hid_display.p/srv_hid_display_clonegc.c.o
                0x0000000000403710                ds_clonegc_delete
 *fill*         0x0000000000403737        0x9 
 .text.ds_clonegc_add_output
                0x0000000000403740      0x195 uspace/srv_hid_display.p/srv_hid_display_clonegc.c.o
                0x0000000000403740                ds_clonegc_add_output
 *fill*         0x00000000004038d5        0xb 
 .text.ds_clonegc_create
                0x00000000004038e0       0xd1 uspace/srv_hid_display.p/srv_hid_display_clonegc.c.o
                0x00000000004038e0                ds_clonegc_create
 *fill*         0x00000000004039b1        0xf 
 .text.ds_clonegc_get_ctx
                0x00000000004039c0        0x9 uspace/srv_hid_display.p/srv_hid_display_clonegc.c.o
                0x00000000004039c0                ds_clonegc_get_ctx
 *fill*         0x00000000004039c9        0x7 
 .text.ds_cursor_create
                0x00000000004039d0       0x68 uspace/srv_hid_display.p/srv_hid_display_cursor.c.o
                0x00000000004039d0                ds_cursor_create
 *fill*         0x0000000000403a38        0x8 
 .text.ds_cursor_destroy
                0x0000000000403a40       0x48 uspace/srv_hid_display.p/srv_hid_display_cursor.c.o
                0x0000000000403a40                ds_cursor_destroy
 *fill*         0x0000000000403a88        0x8 
 .text.ds_cursor_paint
                0x0000000000403a90      0x20f uspace/srv_hid_display.p/srv_hid_display_cursor.c.o
                0x0000000000403a90                ds_cursor_paint
 *fill*         0x0000000000403c9f        0x1 
 .text.ds_cursor_get_rect
                0x0000000000403ca0       0x14 uspace/srv_hid_display.p/srv_hid_display_cursor.c.o
                0x0000000000403ca0                ds_cursor_get_rect
 *fill*         0x0000000000403cb4        0xc 
 .text.ds_ddev_open
                0x0000000000403cc0      0x217 uspace/srv_hid_display.p/srv_hid_display_ddev.c.o
                0x0000000000403cc0                ds_ddev_open
 *fill*         0x0000000000403ed7        0x9 
 .text.ds_display_update_cb
                0x0000000000403ee0        0x6 uspace/srv_hid_display.p/srv_hid_display_display.c.o
 *fill*         0x0000000000403ee6        0xa 
 .text.ds_display_invalidate_cb
                0x0000000000403ef0       0x2e uspace/srv_hid_display.p/srv_hid_display_display.c.o
 *fill*         0x0000000000403f1e        0x2 
 .text.link_used.part.0
                0x0000000000403f20       0x18 uspace/srv_hid_display.p/srv_hid_display_display.c.o
 *fill*         0x0000000000403f38        0x8 
 .text.ds_display_destroy
                0x0000000000403f40      0x178 uspace/srv_hid_display.p/srv_hid_display_display.c.o
                0x0000000000403f40                ds_display_destroy
 *fill*         0x00000000004040b8        0x8 
 .text.ds_display_create
                0x00000000004040c0      0x1da uspace/srv_hid_display.p/srv_hid_display_display.c.o
                0x00000000004040c0                ds_display_create
 *fill*         0x000000000040429a        0x6 
 .text.ds_display_load_cfg
                0x00000000004042a0      0x1df uspace/srv_hid_display.p/srv_hid_display_display.c.o
                0x00000000004042a0                ds_display_load_cfg
 *fill*         0x000000000040447f        0x1 
 .text.ds_display_save_cfg
                0x0000000000404480      0x1a0 uspace/srv_hid_display.p/srv_hid_display_display.c.o
                0x0000000000404480                ds_display_save_cfg
 .text.ds_display_lock
                0x0000000000404620        0xa uspace/srv_hid_display.p/srv_hid_display_display.c.o
                0x0000000000404620                ds_display_lock
 *fill*         0x000000000040462a        0x6 
 .text.ds_display_unlock
                0x0000000000404630        0xa uspace/srv_hid_display.p/srv_hid_display_display.c.o
                0x0000000000404630                ds_display_unlock
 *fill*         0x000000000040463a        0x6 
 .text.ds_display_get_info
                0x0000000000404640       0x11 uspace/srv_hid_display.p/srv_hid_display_display.c.o
                0x0000000000404640                ds_display_get_info
 *fill*         0x0000000000404651        0xf 
 .text.ds_display_add_client
                0x0000000000404660       0x83 uspace/srv_hid_display.p/srv_hid_display_display.c.o
                0x0000000000404660                ds_display_add_client
 *fill*         0x00000000004046e3        0xd 
 .text.ds_display_remove_client
                0x00000000004046f0       0x2e uspace/srv_hid_display.p/srv_hid_display_display.c.o
                0x00000000004046f0                ds_display_remove_client
 *fill*         0x000000000040471e        0x2 
 .text.ds_display_add_wmclient
                0x0000000000404720       0x83 uspace/srv_hid_display.p/srv_hid_display_display.c.o
                0x0000000000404720                ds_display_add_wmclient
 *fill*         0x00000000004047a3        0xd 
 .text.ds_display_remove_wmclient
                0x00000000004047b0       0x2e uspace/srv_hid_display.p/srv_hid_display_display.c.o
                0x00000000004047b0                ds_display_remove_wmclient
 *fill*         0x00000000004047de        0x2 
 .text.ds_display_add_cfgclient
                0x00000000004047e0       0x83 uspace/srv_hid_display.p/srv_hid_display_display.c.o
                0x00000000004047e0                ds_display_add_cfgclient
 *fill*         0x0000000000404863        0xd 
 .text.ds_display_remove_cfgclient
                0x0000000000404870       0x2e uspace/srv_hid_display.p/srv_hid_display_display.c.o
                0x0000000000404870                ds_display_remove_cfgclient
 *fill*         0x000000000040489e        0x2 
 .text.ds_display_first_wmclient
                0x00000000004048a0       0x24 uspace/srv_hid_display.p/srv_hid_display_display.c.o
                0x00000000004048a0                ds_display_first_wmclient
 *fill*         0x00000000004048c4        0xc 
 .text.ds_display_next_wmclient
                0x00000000004048d0       0x24 uspace/srv_hid_display.p/srv_hid_display_display.c.o
                0x00000000004048d0                ds_display_next_wmclient
 *fill*         0x00000000004048f4        0xc 
 .text.ds_display_find_window
                0x0000000000404900       0x63 uspace/srv_hid_display.p/srv_hid_display_display.c.o
                0x0000000000404900                ds_display_find_window
 *fill*         0x0000000000404963        0xd 
 .text.ds_display_window_by_pos
                0x0000000000404970       0x96 uspace/srv_hid_display.p/srv_hid_display_display.c.o
                0x0000000000404970                ds_display_window_by_pos
 *fill*         0x0000000000404a06        0xa 
 .text.ds_display_enlist_window
                0x0000000000404a10      0x120 uspace/srv_hid_display.p/srv_hid_display_display.c.o
                0x0000000000404a10                ds_display_enlist_window
 .text.ds_display_add_window
                0x0000000000404b30       0xb8 uspace/srv_hid_display.p/srv_hid_display_display.c.o
                0x0000000000404b30                ds_display_add_window
 *fill*         0x0000000000404be8        0x8 
 .text.ds_display_remove_window
                0x0000000000404bf0       0x94 uspace/srv_hid_display.p/srv_hid_display_display.c.o
                0x0000000000404bf0                ds_display_remove_window
 *fill*         0x0000000000404c84        0xc 
 .text.ds_display_window_to_top
                0x0000000000404c90       0x72 uspace/srv_hid_display.p/srv_hid_display_display.c.o
                0x0000000000404c90                ds_display_window_to_top
 *fill*         0x0000000000404d02        0xe 
 .text.ds_display_first_window
                0x0000000000404d10       0x24 uspace/srv_hid_display.p/srv_hid_display_display.c.o
                0x0000000000404d10                ds_display_first_window
 *fill*         0x0000000000404d34        0xc 
 .text.ds_display_last_window
                0x0000000000404d40       0x24 uspace/srv_hid_display.p/srv_hid_display_display.c.o
                0x0000000000404d40                ds_display_last_window
 *fill*         0x0000000000404d64        0xc 
 .text.ds_display_next_window
                0x0000000000404d70       0x24 uspace/srv_hid_display.p/srv_hid_display_display.c.o
                0x0000000000404d70                ds_display_next_window
 *fill*         0x0000000000404d94        0xc 
 .text.ds_display_prev_window
                0x0000000000404da0       0x24 uspace/srv_hid_display.p/srv_hid_display_display.c.o
                0x0000000000404da0                ds_display_prev_window
 *fill*         0x0000000000404dc4        0xc 
 .text.ds_display_post_kbd_event
                0x0000000000404dd0       0x84 uspace/srv_hid_display.p/srv_hid_display_display.c.o
                0x0000000000404dd0                ds_display_post_kbd_event
 *fill*         0x0000000000404e54        0xc 
 .text.ds_display_post_ptd_event
                0x0000000000404e60       0x84 uspace/srv_hid_display.p/srv_hid_display_display.c.o
                0x0000000000404e60                ds_display_post_ptd_event
 *fill*         0x0000000000404ee4        0xc 
 .text.ds_display_add_seat
                0x0000000000404ef0       0x89 uspace/srv_hid_display.p/srv_hid_display_display.c.o
                0x0000000000404ef0                ds_display_add_seat
 *fill*         0x0000000000404f79        0x7 
 .text.ds_display_remove_seat
                0x0000000000404f80       0x2e uspace/srv_hid_display.p/srv_hid_display_display.c.o
                0x0000000000404f80                ds_display_remove_seat
 *fill*         0x0000000000404fae        0x2 
 .text.ds_display_first_seat
                0x0000000000404fb0       0x24 uspace/srv_hid_display.p/srv_hid_display_display.c.o
                0x0000000000404fb0                ds_display_first_seat
 *fill*         0x0000000000404fd4        0xc 
 .text.ds_display_next_seat
                0x0000000000404fe0       0x24 uspace/srv_hid_display.p/srv_hid_display_display.c.o
                0x0000000000404fe0                ds_display_next_seat
 *fill*         0x0000000000405004        0xc 
 .text.ds_display_default_seat
                0x0000000000405010       0x24 uspace/srv_hid_display.p/srv_hid_display_display.c.o
                0x0000000000405010                ds_display_default_seat
 *fill*         0x0000000000405034        0xc 
 .text.ds_display_find_seat
                0x0000000000405040       0x48 uspace/srv_hid_display.p/srv_hid_display_display.c.o
                0x0000000000405040                ds_display_find_seat
 *fill*         0x0000000000405088        0x8 
 .text.ds_display_seat_by_idev
                0x0000000000405090       0x7a uspace/srv_hid_display.p/srv_hid_display_display.c.o
                0x0000000000405090                ds_display_seat_by_idev
 *fill*         0x000000000040510a        0x6 
 .text.ds_display_add_idevcfg
                0x0000000000405110       0x8c uspace/srv_hid_display.p/srv_hid_display_display.c.o
                0x0000000000405110                ds_display_add_idevcfg
 *fill*         0x000000000040519c        0x4 
 .text.ds_display_remove_idevcfg
                0x00000000004051a0       0x2e uspace/srv_hid_display.p/srv_hid_display_display.c.o
                0x00000000004051a0                ds_display_remove_idevcfg
 *fill*         0x00000000004051ce        0x2 
 .text.ds_display_first_idevcfg
                0x00000000004051d0       0x2c uspace/srv_hid_display.p/srv_hid_display_display.c.o
                0x00000000004051d0                ds_display_first_idevcfg
 *fill*         0x00000000004051fc        0x4 
 .text.ds_display_next_idevcfg
                0x0000000000405200       0x2c uspace/srv_hid_display.p/srv_hid_display_display.c.o
                0x0000000000405200                ds_display_next_idevcfg
 *fill*         0x000000000040522c        0x4 
 .text.ds_display_add_cursor
                0x0000000000405230       0x81 uspace/srv_hid_display.p/srv_hid_display_display.c.o
                0x0000000000405230                ds_display_add_cursor
 *fill*         0x00000000004052b1        0xf 
 .text.ds_display_update_max_rect
                0x00000000004052c0      0x139 uspace/srv_hid_display.p/srv_hid_display_display.c.o
                0x00000000004052c0                ds_display_update_max_rect
 *fill*         0x00000000004053f9        0x7 
 .text.ds_display_add_ddev
                0x0000000000405400      0x247 uspace/srv_hid_display.p/srv_hid_display_display.c.o
                0x0000000000405400                ds_display_add_ddev
 *fill*         0x0000000000405647        0x9 
 .text.ds_display_get_gc
                0x0000000000405650       0x34 uspace/srv_hid_display.p/srv_hid_display_display.c.o
                0x0000000000405650                ds_display_get_gc
 *fill*         0x0000000000405684        0xc 
 .text.ds_display_paint
                0x0000000000405690      0x1f0 uspace/srv_hid_display.p/srv_hid_display_display.c.o
                0x0000000000405690                ds_display_paint
 .text.disp_get_info
                0x0000000000405880       0x47 uspace/srv_hid_display.p/srv_hid_display_dsops.c.o
 *fill*         0x00000000004058c7        0x9 
 .text.disp_get_event
                0x00000000004058d0       0x71 uspace/srv_hid_display.p/srv_hid_display_dsops.c.o
 *fill*         0x0000000000405941        0xf 
 .text.disp_window_set_caption
                0x0000000000405950       0x8c uspace/srv_hid_display.p/srv_hid_display_dsops.c.o
 *fill*         0x00000000004059dc        0x4 
 .text.disp_window_set_cursor
                0x00000000004059e0       0x8c uspace/srv_hid_display.p/srv_hid_display_dsops.c.o
 *fill*         0x0000000000405a6c        0x4 
 .text.disp_window_unmaximize
                0x0000000000405a70       0x76 uspace/srv_hid_display.p/srv_hid_display_dsops.c.o
 *fill*         0x0000000000405ae6        0xa 
 .text.disp_window_maximize
                0x0000000000405af0       0x76 uspace/srv_hid_display.p/srv_hid_display_dsops.c.o
 *fill*         0x0000000000405b66        0xa 
 .text.disp_window_minimize
                0x0000000000405b70       0x76 uspace/srv_hid_display.p/srv_hid_display_dsops.c.o
 *fill*         0x0000000000405be6        0xa 
 .text.disp_window_resize
                0x0000000000405bf0       0x8a uspace/srv_hid_display.p/srv_hid_display_dsops.c.o
 *fill*         0x0000000000405c7a        0x6 
 .text.disp_window_get_max_rect
                0x0000000000405c80       0x88 uspace/srv_hid_display.p/srv_hid_display_dsops.c.o
 *fill*         0x0000000000405d08        0x8 
 .text.disp_window_get_pos
                0x0000000000405d10       0x88 uspace/srv_hid_display.p/srv_hid_display_dsops.c.o
 *fill*         0x0000000000405d98        0x8 
 .text.disp_window_move
                0x0000000000405da0       0x88 uspace/srv_hid_display.p/srv_hid_display_dsops.c.o
 *fill*         0x0000000000405e28        0x8 
 .text.disp_window_move_req
                0x0000000000405e30       0x86 uspace/srv_hid_display.p/srv_hid_display_dsops.c.o
 *fill*         0x0000000000405eb6        0xa 
 .text.disp_window_destroy
                0x0000000000405ec0       0x72 uspace/srv_hid_display.p/srv_hid_display_dsops.c.o
 *fill*         0x0000000000405f32        0xe 
 .text.disp_window_create
                0x0000000000405f40       0xc6 uspace/srv_hid_display.p/srv_hid_display_dsops.c.o
 *fill*         0x0000000000406006        0xa 
 .text.disp_window_resize_req
                0x0000000000406010       0xac uspace/srv_hid_display.p/srv_hid_display_dsops.c.o
 *fill*         0x00000000004060bc        0x4 
 .text.ds_idevcfg_create
                0x00000000004060c0       0x6a uspace/srv_hid_display.p/srv_hid_display_idevcfg.c.o
                0x00000000004060c0                ds_idevcfg_create
 *fill*         0x000000000040612a        0x6 
 .text.ds_idevcfg_destroy
                0x0000000000406130       0x26 uspace/srv_hid_display.p/srv_hid_display_idevcfg.c.o
                0x0000000000406130                ds_idevcfg_destroy
 *fill*         0x0000000000406156        0xa 
 .text.ds_idevcfg_load
                0x0000000000406160       0xf4 uspace/srv_hid_display.p/srv_hid_display_idevcfg.c.o
                0x0000000000406160                ds_idevcfg_load
 *fill*         0x0000000000406254        0xc 
 .text.ds_idevcfg_save
                0x0000000000406260       0xa3 uspace/srv_hid_display.p/srv_hid_display_idevcfg.c.o
                0x0000000000406260                ds_idevcfg_save
 *fill*         0x0000000000406303        0xd 
 .text.ds_ievent_fibril
                0x0000000000406310       0xed uspace/srv_hid_display.p/srv_hid_display_ievent.c.o
 *fill*         0x00000000004063fd        0x3 
 .text.ds_ievent_post_kbd
                0x0000000000406400       0x87 uspace/srv_hid_display.p/srv_hid_display_ievent.c.o
                0x0000000000406400                ds_ievent_post_kbd
 *fill*         0x0000000000406487        0x9 
 .text.ds_ievent_post_ptd
                0x0000000000406490      0x107 uspace/srv_hid_display.p/srv_hid_display_ievent.c.o
                0x0000000000406490                ds_ievent_post_ptd
 *fill*         0x0000000000406597        0x9 
 .text.ds_ievent_init
                0x00000000004065a0       0x5f uspace/srv_hid_display.p/srv_hid_display_ievent.c.o
                0x00000000004065a0                ds_ievent_init
 *fill*         0x00000000004065ff        0x1 
 .text.ds_ievent_fini
                0x0000000000406600       0xe5 uspace/srv_hid_display.p/srv_hid_display_ievent.c.o
                0x0000000000406600                ds_ievent_fini
 *fill*         0x00000000004066e5        0xb 
 .text.ds_input_ev_active
                0x00000000004066f0        0x8 uspace/srv_hid_display.p/srv_hid_display_input.c.o
 *fill*         0x00000000004066f8        0x8 
 .text.ds_input_ev_dclick
                0x0000000000406700       0x4d uspace/srv_hid_display.p/srv_hid_display_input.c.o
 *fill*         0x000000000040674d        0x3 
 .text.ds_input_ev_button
                0x0000000000406750       0x54 uspace/srv_hid_display.p/srv_hid_display_input.c.o
 *fill*         0x00000000004067a4        0xc 
 .text.ds_input_ev_abs_move
                0x00000000004067b0       0x60 uspace/srv_hid_display.p/srv_hid_display_input.c.o
 .text.ds_input_ev_move
                0x0000000000406810       0x48 uspace/srv_hid_display.p/srv_hid_display_input.c.o
 *fill*         0x0000000000406858        0x8 
 .text.ds_input_ev_key
                0x0000000000406860       0x60 uspace/srv_hid_display.p/srv_hid_display_input.c.o
 .text.ds_input_ev_deactive
                0x00000000004068c0        0x8 uspace/srv_hid_display.p/srv_hid_display_input.c.o
 *fill*         0x00000000004068c8        0x8 
 .text.ds_input_open
                0x00000000004068d0      0x117 uspace/srv_hid_display.p/srv_hid_display_input.c.o
                0x00000000004068d0                ds_input_open
 *fill*         0x00000000004069e7        0x9 
 .text.display_cfgclient_ev_pending
                0x00000000004069f0        0xa uspace/srv_hid_display.p/srv_hid_display_main.c.o
 *fill*         0x00000000004069fa        0x6 
 .text.display_wmclient_ev_pending
                0x0000000000406a00        0xa uspace/srv_hid_display.p/srv_hid_display_main.c.o
 *fill*         0x0000000000406a0a        0x6 
 .text.display_client_conn
                0x0000000000406a10       0xf8 uspace/srv_hid_display.p/srv_hid_display_main.c.o
 *fill*         0x0000000000406b08        0x8 
 .text.display_client_ev_pending
                0x0000000000406b10        0xa uspace/srv_hid_display.p/srv_hid_display_main.c.o
 *fill*         0x0000000000406b1a        0x6 
 .text.display_dispcfg_conn
                0x0000000000406b20       0xb0 uspace/srv_hid_display.p/srv_hid_display_main.c.o
 .text.display_wndmgt_conn
                0x0000000000406bd0       0xb0 uspace/srv_hid_display.p/srv_hid_display_main.c.o
 .text.display_gc_conn
                0x0000000000406c80       0x85 uspace/srv_hid_display.p/srv_hid_display_main.c.o
 *fill*         0x0000000000406d05        0xb 
 .text.ds_output_check_new_devs
                0x0000000000406d10      0x1c3 uspace/srv_hid_display.p/srv_hid_display_output.c.o
 *fill*         0x0000000000406ed3        0xd 
 .text.ds_ddev_change_cb
                0x0000000000406ee0       0x26 uspace/srv_hid_display.p/srv_hid_display_output.c.o
 *fill*         0x0000000000406f06        0xa 
 .text.ds_output_create
                0x0000000000406f10       0x5b uspace/srv_hid_display.p/srv_hid_display_output.c.o
                0x0000000000406f10                ds_output_create
 *fill*         0x0000000000406f6b        0x5 
 .text.ds_output_start_discovery
                0x0000000000406f70       0x98 uspace/srv_hid_display.p/srv_hid_display_output.c.o
                0x0000000000406f70                ds_output_start_discovery
 *fill*         0x0000000000407008        0x8 
 .text.ds_output_destroy
                0x0000000000407010        0xa uspace/srv_hid_display.p/srv_hid_display_output.c.o
                0x0000000000407010                ds_output_destroy
 *fill*         0x000000000040701a        0x6 
 .text.ds_seat_repaint_pointer.isra.0
                0x0000000000407020       0x94 uspace/srv_hid_display.p/srv_hid_display_seat.c.o
 *fill*         0x00000000004070b4        0xc 
 .text.ds_seat_create
                0x00000000004070c0       0xeb uspace/srv_hid_display.p/srv_hid_display_seat.c.o
                0x00000000004070c0                ds_seat_create
 *fill*         0x00000000004071ab        0x5 
 .text.ds_seat_destroy
                0x00000000004071b0       0x68 uspace/srv_hid_display.p/srv_hid_display_seat.c.o
                0x00000000004071b0                ds_seat_destroy
 *fill*         0x0000000000407218        0x8 
 .text.ds_seat_load
                0x0000000000407220       0x9a uspace/srv_hid_display.p/srv_hid_display_seat.c.o
                0x0000000000407220                ds_seat_load
 *fill*         0x00000000004072ba        0x6 
 .text.ds_seat_save
                0x00000000004072c0       0x88 uspace/srv_hid_display.p/srv_hid_display_seat.c.o
                0x00000000004072c0                ds_seat_save
 *fill*         0x0000000000407348        0x8 
 .text.ds_seat_set_focus
                0x0000000000407350       0x93 uspace/srv_hid_display.p/srv_hid_display_seat.c.o
                0x0000000000407350                ds_seat_set_focus
 *fill*         0x00000000004073e3        0xd 
 .text.ds_seat_set_popup
                0x00000000004073f0       0x2c uspace/srv_hid_display.p/srv_hid_display_seat.c.o
                0x00000000004073f0                ds_seat_set_popup
 *fill*         0x000000000040741c        0x4 
 .text.ds_seat_evac_wnd_refs
                0x0000000000407420       0x74 uspace/srv_hid_display.p/srv_hid_display_seat.c.o
                0x0000000000407420                ds_seat_evac_wnd_refs
 *fill*         0x0000000000407494        0xc 
 .text.ds_seat_unfocus_wnd
                0x00000000004074a0       0xc2 uspace/srv_hid_display.p/srv_hid_display_seat.c.o
                0x00000000004074a0                ds_seat_unfocus_wnd
 *fill*         0x0000000000407562        0xe 
 .text.ds_seat_switch_focus
                0x0000000000407570       0x8d uspace/srv_hid_display.p/srv_hid_display_seat.c.o
                0x0000000000407570                ds_seat_switch_focus
 *fill*         0x00000000004075fd        0x3 
 .text.ds_seat_post_kbd_event
                0x0000000000407600       0x44 uspace/srv_hid_display.p/srv_hid_display_seat.c.o
                0x0000000000407600                ds_seat_post_kbd_event
 *fill*         0x0000000000407644        0xc 
 .text.ds_seat_set_wm_cursor
                0x0000000000407650       0x68 uspace/srv_hid_display.p/srv_hid_display_seat.c.o
                0x0000000000407650                ds_seat_set_wm_cursor
 *fill*         0x00000000004076b8        0x8 
 .text.ds_seat_post_pos_event
                0x00000000004076c0      0x151 uspace/srv_hid_display.p/srv_hid_display_seat.c.o
                0x00000000004076c0                ds_seat_post_pos_event
 *fill*         0x0000000000407811        0xf 
 .text.ds_seat_post_ptd_event
                0x0000000000407820      0x2f0 uspace/srv_hid_display.p/srv_hid_display_seat.c.o
                0x0000000000407820                ds_seat_post_ptd_event
 .text.ds_seat_paint_pointer
                0x0000000000407b10       0x20 uspace/srv_hid_display.p/srv_hid_display_seat.c.o
                0x0000000000407b10                ds_seat_paint_pointer
 .text.ds_seat_add_idevcfg
                0x0000000000407b30       0x94 uspace/srv_hid_display.p/srv_hid_display_seat.c.o
                0x0000000000407b30                ds_seat_add_idevcfg
 *fill*         0x0000000000407bc4        0xc 
 .text.ds_seat_remove_idevcfg
                0x0000000000407bd0       0x2f uspace/srv_hid_display.p/srv_hid_display_seat.c.o
                0x0000000000407bd0                ds_seat_remove_idevcfg
 *fill*         0x0000000000407bff        0x1 
 .text.ds_seat_first_idevcfg
                0x0000000000407c00       0x24 uspace/srv_hid_display.p/srv_hid_display_seat.c.o
                0x0000000000407c00                ds_seat_first_idevcfg
 *fill*         0x0000000000407c24        0xc 
 .text.ds_window_update_cb
                0x0000000000407c30        0x6 uspace/srv_hid_display.p/srv_hid_display_window.c.o
 *fill*         0x0000000000407c36        0xa 
 .text.ds_window_invalidate_cb
                0x0000000000407c40       0x3e uspace/srv_hid_display.p/srv_hid_display_window.c.o
 *fill*         0x0000000000407c7e        0x2 
 .text.ds_window_repaint_preview.isra.0
                0x0000000000407c80      0x137 uspace/srv_hid_display.p/srv_hid_display_window.c.o
 *fill*         0x0000000000407db7        0x9 
 .text.ds_window_create
                0x0000000000407dc0      0x2f8 uspace/srv_hid_display.p/srv_hid_display_window.c.o
                0x0000000000407dc0                ds_window_create
 *fill*         0x00000000004080b8        0x8 
 .text.ds_window_destroy
                0x00000000004080c0       0xba uspace/srv_hid_display.p/srv_hid_display_window.c.o
                0x00000000004080c0                ds_window_destroy
 *fill*         0x000000000040817a        0x6 
 .text.ds_window_bring_to_top
                0x0000000000408180       0x21 uspace/srv_hid_display.p/srv_hid_display_window.c.o
                0x0000000000408180                ds_window_bring_to_top
 *fill*         0x00000000004081a1        0xf 
 .text.ds_window_get_ctx
                0x00000000004081b0        0xd uspace/srv_hid_display.p/srv_hid_display_window.c.o
                0x00000000004081b0                ds_window_get_ctx
 *fill*         0x00000000004081bd        0x3 
 .text.ds_window_is_visible
                0x00000000004081c0       0x15 uspace/srv_hid_display.p/srv_hid_display_window.c.o
                0x00000000004081c0                ds_window_is_visible
 *fill*         0x00000000004081d5        0xb 
 .text.ds_window_paint
                0x00000000004081e0       0x9b uspace/srv_hid_display.p/srv_hid_display_window.c.o
                0x00000000004081e0                ds_window_paint
 *fill*         0x000000000040827b        0x5 
 .text.ds_window_paint_preview
                0x0000000000408280      0x1f1 uspace/srv_hid_display.p/srv_hid_display_window.c.o
                0x0000000000408280                ds_window_paint_preview
 *fill*         0x0000000000408471        0xf 
 .text.ds_window_post_kbd_event
                0x0000000000408480       0x3b uspace/srv_hid_display.p/srv_hid_display_window.c.o
                0x0000000000408480                ds_window_post_kbd_event
 *fill*         0x00000000004084bb        0x5 
 .text.ds_window_post_focus_event
                0x00000000004084c0       0xae uspace/srv_hid_display.p/srv_hid_display_window.c.o
                0x00000000004084c0                ds_window_post_focus_event
 *fill*         0x000000000040856e        0x2 
 .text.ds_window_post_unfocus_event
                0x0000000000408570       0xae uspace/srv_hid_display.p/srv_hid_display_window.c.o
                0x0000000000408570                ds_window_post_unfocus_event
 *fill*         0x000000000040861e        0x2 
 .text.ds_window_move_req
                0x0000000000408620       0xa6 uspace/srv_hid_display.p/srv_hid_display_window.c.o
                0x0000000000408620                ds_window_move_req
 *fill*         0x00000000004086c6        0xa 
 .text.ds_window_move
                0x00000000004086d0       0x17 uspace/srv_hid_display.p/srv_hid_display_window.c.o
                0x00000000004086d0                ds_window_move
 *fill*         0x00000000004086e7        0x9 
 .text.ds_window_get_pos
                0x00000000004086f0        0xd uspace/srv_hid_display.p/srv_hid_display_window.c.o
                0x00000000004086f0                ds_window_get_pos
 *fill*         0x00000000004086fd        0x3 
 .text.ds_window_get_max_rect
                0x0000000000408700       0x15 uspace/srv_hid_display.p/srv_hid_display_window.c.o
                0x0000000000408700                ds_window_get_max_rect
 *fill*         0x0000000000408715        0xb 
 .text.ds_window_resize_req
                0x0000000000408720       0xfd uspace/srv_hid_display.p/srv_hid_display_window.c.o
                0x0000000000408720                ds_window_resize_req
 *fill*         0x000000000040881d        0x3 
 .text.ds_window_resize
                0x0000000000408820      0x153 uspace/srv_hid_display.p/srv_hid_display_window.c.o
                0x0000000000408820                ds_window_resize
 *fill*         0x0000000000408973        0xd 
 .text.ds_window_minimize
                0x0000000000408980       0x67 uspace/srv_hid_display.p/srv_hid_display_window.c.o
                0x0000000000408980                ds_window_minimize
 *fill*         0x00000000004089e7        0x9 
 .text.ds_window_unminimize
                0x00000000004089f0       0x2c uspace/srv_hid_display.p/srv_hid_display_window.c.o
                0x00000000004089f0                ds_window_unminimize
 *fill*         0x0000000000408a1c        0x4 
 .text.ds_window_maximize
                0x0000000000408a20       0x91 uspace/srv_hid_display.p/srv_hid_display_window.c.o
                0x0000000000408a20                ds_window_maximize
 *fill*         0x0000000000408ab1        0xf 
 .text.ds_window_unmaximize
                0x0000000000408ac0      0x17b uspace/srv_hid_display.p/srv_hid_display_window.c.o
                0x0000000000408ac0                ds_window_unmaximize
 *fill*         0x0000000000408c3b        0x5 
 .text.ds_window_calc_resize
                0x0000000000408c40       0x91 uspace/srv_hid_display.p/srv_hid_display_window.c.o
                0x0000000000408c40                ds_window_calc_resize
 *fill*         0x0000000000408cd1        0xf 
 .text.ds_window_post_pos_event
                0x0000000000408ce0      0x5fa uspace/srv_hid_display.p/srv_hid_display_window.c.o
                0x0000000000408ce0                ds_window_post_pos_event
 *fill*         0x00000000004092da        0x6 
 .text.ds_window_set_cursor
                0x00000000004092e0       0x27 uspace/srv_hid_display.p/srv_hid_display_window.c.o
                0x00000000004092e0                ds_window_set_cursor
 *fill*         0x0000000000409307        0x9 
 .text.ds_window_set_caption
                0x0000000000409310       0x7a uspace/srv_hid_display.p/srv_hid_display_window.c.o
                0x0000000000409310                ds_window_set_caption
 *fill*         0x000000000040938a        0x6 
 .text.ds_window_find_prev
                0x0000000000409390       0xb4 uspace/srv_hid_display.p/srv_hid_display_window.c.o
                0x0000000000409390                ds_window_find_prev
 *fill*         0x0000000000409444        0xc 
 .text.ds_window_find_next
                0x0000000000409450       0xb4 uspace/srv_hid_display.p/srv_hid_display_window.c.o
                0x0000000000409450                ds_window_find_next
 *fill*         0x0000000000409504        0xc 
 .text.ds_wmclient_create
                0x0000000000409510       0x74 uspace/srv_hid_display.p/srv_hid_display_wmclient.c.o
                0x0000000000409510                ds_wmclient_create
 *fill*         0x0000000000409584        0xc 
 .text.ds_wmclient_destroy
                0x0000000000409590       0x8c uspace/srv_hid_display.p/srv_hid_display_wmclient.c.o
                0x0000000000409590                ds_wmclient_destroy
 *fill*         0x000000000040961c        0x4 
 .text.ds_wmclient_get_event
                0x0000000000409620       0x4e uspace/srv_hid_display.p/srv_hid_display_wmclient.c.o
                0x0000000000409620                ds_wmclient_get_event
 *fill*         0x000000000040966e        0x2 
 .text.ds_wmclient_post_wnd_added_event
                0x0000000000409670       0x94 uspace/srv_hid_display.p/srv_hid_display_wmclient.c.o
                0x0000000000409670                ds_wmclient_post_wnd_added_event
 *fill*         0x0000000000409704        0xc 
 .text.ds_wmclient_post_wnd_removed_event
                0x0000000000409710       0x94 uspace/srv_hid_display.p/srv_hid_display_wmclient.c.o
                0x0000000000409710                ds_wmclient_post_wnd_removed_event
 *fill*         0x00000000004097a4        0xc 
 .text.ds_wmclient_post_wnd_changed_event
                0x00000000004097b0       0x94 uspace/srv_hid_display.p/srv_hid_display_wmclient.c.o
                0x00000000004097b0                ds_wmclient_post_wnd_changed_event
 *fill*         0x0000000000409844        0xc 
 .text.dispwm_close_window
                0x0000000000409850       0x20 uspace/srv_hid_display.p/srv_hid_display_wmops.c.o
 .text.dispwm_get_event
                0x0000000000409870       0x4b uspace/srv_hid_display.p/srv_hid_display_wmops.c.o
 *fill*         0x00000000004098bb        0x5 
 .text.dispwm_activate_window
                0x00000000004098c0       0x98 uspace/srv_hid_display.p/srv_hid_display_wmops.c.o
 *fill*         0x0000000000409958        0x8 
 .text.dispwm_get_window_info
                0x0000000000409960       0xf3 uspace/srv_hid_display.p/srv_hid_display_wmops.c.o
 *fill*         0x0000000000409a53        0xd 
 .text.dispwm_get_window_list
                0x0000000000409a60       0xf7 uspace/srv_hid_display.p/srv_hid_display_wmops.c.o
 .text          0x0000000000409b57        0xc uspace/lib/c/libstartfiles.a.p/arch_amd64_src_crt0.S.o
                0x0000000000409b57                _start
 *fill*         0x0000000000409b63        0xd 
 .text.__c_start
                0x0000000000409b70       0x8c uspace/lib/c/libstartfiles.a.p/generic_crt_crt1.c.o
                0x0000000000409b70                __c_start
 *fill*         0x0000000000409bfc        0x4 
 .text.gc_conn  0x0000000000409c00      0x8a0 uspace/lib/libipcgfx.a.p/ipcgfx_src_server.c.o
                0x0000000000409c00                gc_conn
 .text.gfx_bitmap_params_init
                0x000000000040a4a0       0x15 uspace/lib/libgfx.a.p/gfx_src_bitmap.c.o
                0x000000000040a4a0                gfx_bitmap_params_init
 *fill*         0x000000000040a4b5        0xb 
 .text.gfx_bitmap_create
                0x000000000040a4c0       0x94 uspace/lib/libgfx.a.p/gfx_src_bitmap.c.o
                0x000000000040a4c0                gfx_bitmap_create
 *fill*         0x000000000040a554        0xc 
 .text.gfx_bitmap_destroy
                0x000000000040a560       0x2e uspace/lib/libgfx.a.p/gfx_src_bitmap.c.o
                0x000000000040a560                gfx_bitmap_destroy
 *fill*         0x000000000040a58e        0x2 
 .text.gfx_bitmap_render
                0x000000000040a590       0x18 uspace/lib/libgfx.a.p/gfx_src_bitmap.c.o
                0x000000000040a590                gfx_bitmap_render
 *fill*         0x000000000040a5a8        0x8 
 .text.gfx_bitmap_get_alloc
                0x000000000040a5b0       0x18 uspace/lib/libgfx.a.p/gfx_src_bitmap.c.o
                0x000000000040a5b0                gfx_bitmap_get_alloc
 *fill*         0x000000000040a5c8        0x8 
 .text.gfx_color_new_rgb_i16
                0x000000000040a5d0       0x52 uspace/lib/libgfx.a.p/gfx_src_color.c.o
                0x000000000040a5d0                gfx_color_new_rgb_i16
 *fill*         0x000000000040a622        0xe 
 .text.gfx_color_delete
                0x000000000040a630        0xa uspace/lib/libgfx.a.p/gfx_src_color.c.o
                0x000000000040a630                gfx_color_delete
 *fill*         0x000000000040a63a        0x6 
 .text.gfx_color_get_rgb_i16
                0x000000000040a640       0x1a uspace/lib/libgfx.a.p/gfx_src_color.c.o
                0x000000000040a640                gfx_color_get_rgb_i16
 *fill*         0x000000000040a65a        0x6 
 .text.gfx_color_get_ega
                0x000000000040a660        0xc uspace/lib/libgfx.a.p/gfx_src_color.c.o
                0x000000000040a660                gfx_color_get_ega
 *fill*         0x000000000040a66c        0x4 
 .text.gfx_coord2_add
                0x000000000040a670       0x16 uspace/lib/libgfx.a.p/gfx_src_coord.c.o
                0x000000000040a670                gfx_coord2_add
 *fill*         0x000000000040a686        0xa 
 .text.gfx_coord2_subtract
                0x000000000040a690       0x16 uspace/lib/libgfx.a.p/gfx_src_coord.c.o
                0x000000000040a690                gfx_coord2_subtract
 *fill*         0x000000000040a6a6        0xa 
 .text.gfx_coord2_clip
                0x000000000040a6b0       0x38 uspace/lib/libgfx.a.p/gfx_src_coord.c.o
                0x000000000040a6b0                gfx_coord2_clip
 *fill*         0x000000000040a6e8        0x8 
 .text.gfx_coord2_project
                0x000000000040a6f0       0xac uspace/lib/libgfx.a.p/gfx_src_coord.c.o
                0x000000000040a6f0                gfx_coord2_project
 *fill*         0x000000000040a79c        0x4 
 .text.gfx_rect_translate
                0x000000000040a7a0       0x28 uspace/lib/libgfx.a.p/gfx_src_coord.c.o
                0x000000000040a7a0                gfx_rect_translate
 *fill*         0x000000000040a7c8        0x8 
 .text.gfx_rect_rtranslate
                0x000000000040a7d0       0x28 uspace/lib/libgfx.a.p/gfx_src_coord.c.o
                0x000000000040a7d0                gfx_rect_rtranslate
 *fill*         0x000000000040a7f8        0x8 
 .text.gfx_rect_envelope
                0x000000000040a800       0xe9 uspace/lib/libgfx.a.p/gfx_src_coord.c.o
                0x000000000040a800                gfx_rect_envelope
 *fill*         0x000000000040a8e9        0x7 
 .text.gfx_rect_clip
                0x000000000040a8f0      0x118 uspace/lib/libgfx.a.p/gfx_src_coord.c.o
                0x000000000040a8f0                gfx_rect_clip
 *fill*         0x000000000040aa08        0x8 
 .text.gfx_rect_is_empty
                0x000000000040aa10       0x1b uspace/lib/libgfx.a.p/gfx_src_coord.c.o
                0x000000000040aa10                gfx_rect_is_empty
 *fill*         0x000000000040aa2b        0x5 
 .text.gfx_rect_is_incident
                0x000000000040aa30       0xe5 uspace/lib/libgfx.a.p/gfx_src_coord.c.o
                0x000000000040aa30                gfx_rect_is_incident
 *fill*         0x000000000040ab15        0xb 
 .text.gfx_rect_is_inside
                0x000000000040ab20       0x7c uspace/lib/libgfx.a.p/gfx_src_coord.c.o
                0x000000000040ab20                gfx_rect_is_inside
 *fill*         0x000000000040ab9c        0x4 
 .text.gfx_rect_dims
                0x000000000040aba0       0x37 uspace/lib/libgfx.a.p/gfx_src_coord.c.o
                0x000000000040aba0                gfx_rect_dims
 *fill*         0x000000000040abd7        0x9 
 .text.gfx_pix_inside_rect
                0x000000000040abe0       0x51 uspace/lib/libgfx.a.p/gfx_src_coord.c.o
                0x000000000040abe0                gfx_pix_inside_rect
 *fill*         0x000000000040ac31        0xf 
 .text.gfx_context_new
                0x000000000040ac40       0x49 uspace/lib/libgfx.a.p/gfx_src_context.c.o
                0x000000000040ac40                gfx_context_new
 *fill*         0x000000000040ac89        0x7 
 .text.gfx_context_delete
                0x000000000040ac90       0x1b uspace/lib/libgfx.a.p/gfx_src_context.c.o
                0x000000000040ac90                gfx_context_delete
 *fill*         0x000000000040acab        0x5 
 .text.gfx_set_clip_rect
                0x000000000040acb0       0x14 uspace/lib/libgfx.a.p/gfx_src_render.c.o
                0x000000000040acb0                gfx_set_clip_rect
 *fill*         0x000000000040acc4        0xc 
 .text.gfx_set_color
                0x000000000040acd0       0x15 uspace/lib/libgfx.a.p/gfx_src_render.c.o
                0x000000000040acd0                gfx_set_color
 *fill*         0x000000000040ace5        0xb 
 .text.gfx_fill_rect
                0x000000000040acf0       0x15 uspace/lib/libgfx.a.p/gfx_src_render.c.o
                0x000000000040acf0                gfx_fill_rect
 *fill*         0x000000000040ad05        0xb 
 .text.gfx_update
                0x000000000040ad10       0x15 uspace/lib/libgfx.a.p/gfx_src_render.c.o
                0x000000000040ad10                gfx_update
 *fill*         0x000000000040ad25        0xb 
 .text.mem_gc_update
                0x000000000040ad30       0x16 uspace/lib/libmemgfx.a.p/memgfx_src_memgc.c.o
 *fill*         0x000000000040ad46        0xa 
 .text.mem_gc_bitmap_get_alloc
                0x000000000040ad50       0x18 uspace/lib/libmemgfx.a.p/memgfx_src_memgc.c.o
 *fill*         0x000000000040ad68        0x8 
 .text.mem_gc_cursor_get_pos
                0x000000000040ad70       0x27 uspace/lib/libmemgfx.a.p/memgfx_src_memgc.c.o
 *fill*         0x000000000040ad97        0x9 
 .text.mem_gc_cursor_set_pos
                0x000000000040ada0       0x27 uspace/lib/libmemgfx.a.p/memgfx_src_memgc.c.o
 *fill*         0x000000000040adc7        0x9 
 .text.mem_gc_cursor_set_visible
                0x000000000040add0       0x27 uspace/lib/libmemgfx.a.p/memgfx_src_memgc.c.o
 *fill*         0x000000000040adf7        0x9 
 .text.mem_gc_set_clip_rect
                0x000000000040ae00       0x2c uspace/lib/libmemgfx.a.p/memgfx_src_memgc.c.o
 *fill*         0x000000000040ae2c        0x4 
 .text.mem_gc_bitmap_render
                0x000000000040ae30      0x3e9 uspace/lib/libmemgfx.a.p/memgfx_src_memgc.c.o
 *fill*         0x000000000040b219        0x7 
 .text.mem_gc_fill_rect
                0x000000000040b220      0x10d uspace/lib/libmemgfx.a.p/memgfx_src_memgc.c.o
 *fill*         0x000000000040b32d        0x3 
 .text.mem_gc_bitmap_destroy
                0x000000000040b330       0x41 uspace/lib/libmemgfx.a.p/memgfx_src_memgc.c.o
 *fill*         0x000000000040b371        0xf 
 .text.mem_gc_set_color
                0x000000000040b380       0x60 uspace/lib/libmemgfx.a.p/memgfx_src_memgc.c.o
 .text.mem_gc_bitmap_create
                0x000000000040b3e0      0x161 uspace/lib/libmemgfx.a.p/memgfx_src_memgc.c.o
 *fill*         0x000000000040b541        0xf 
 .text.mem_gc_create
                0x000000000040b550       0xce uspace/lib/libmemgfx.a.p/memgfx_src_memgc.c.o
                0x000000000040b550                mem_gc_create
 *fill*         0x000000000040b61e        0x2 
 .text.mem_gc_delete
                0x000000000040b620       0x27 uspace/lib/libmemgfx.a.p/memgfx_src_memgc.c.o
                0x000000000040b620                mem_gc_delete
 *fill*         0x000000000040b647        0x9 
 .text.mem_gc_retarget
                0x000000000040b650       0x26 uspace/lib/libmemgfx.a.p/memgfx_src_memgc.c.o
                0x000000000040b650                mem_gc_retarget
 *fill*         0x000000000040b676        0xa 
 .text.mem_gc_get_ctx
                0x000000000040b680        0x9 uspace/lib/libmemgfx.a.p/memgfx_src_memgc.c.o
                0x000000000040b680                mem_gc_get_ctx
 *fill*         0x000000000040b689        0x7 
 .text.display_conn
                0x000000000040b690      0x952 uspace/lib/libdisplay.a.p/display_src_disp_srv.c.o
                0x000000000040b690                display_conn
 *fill*         0x000000000040bfe2        0xe 
 .text.display_srv_initialize
                0x000000000040bff0       0x15 uspace/lib/libdisplay.a.p/display_src_disp_srv.c.o
                0x000000000040bff0                display_srv_initialize
 *fill*         0x000000000040c005        0xb 
 .text.display_srv_ev_pending
                0x000000000040c010       0x2e uspace/lib/libdisplay.a.p/display_src_disp_srv.c.o
                0x000000000040c010                display_srv_ev_pending
 *fill*         0x000000000040c03e        0x2 
 .text.display_cursor_from_wrsz
                0x000000000040c040       0x5e uspace/lib/libdisplay.a.p/display_src_wndresize.c.o
                0x000000000040c040                display_cursor_from_wrsz
 *fill*         0x000000000040c09e        0x2 
 .text.display_wndrsz_valid
                0x000000000040c0a0       0x19 uspace/lib/libdisplay.a.p/display_src_wndresize.c.o
                0x000000000040c0a0                display_wndrsz_valid
 *fill*         0x000000000040c0b9        0x7 
 .text.input_cb_conn
                0x000000000040c0c0      0x171 uspace/lib/libinput.a.p/input_src_input.c.o
 *fill*         0x000000000040c231        0xf 
 .text.input_open
                0x000000000040c240       0xaa uspace/lib/libinput.a.p/input_src_input.c.o
                0x000000000040c240                input_open
 *fill*         0x000000000040c2ea        0x6 
 .text.input_activate
                0x000000000040c2f0       0x32 uspace/lib/libinput.a.p/input_src_input.c.o
                0x000000000040c2f0                input_activate
 *fill*         0x000000000040c322        0xe 
 .text.ddev_open
                0x000000000040c330       0x94 uspace/lib/libddev.a.p/ddev_src_ddev.c.o
                0x000000000040c330                ddev_open
 *fill*         0x000000000040c3c4        0xc 
 .text.ddev_close
                0x000000000040c3d0       0x21 uspace/lib/libddev.a.p/ddev_src_ddev.c.o
                0x000000000040c3d0                ddev_close
 *fill*         0x000000000040c3f1        0xf 
 .text.ddev_get_gc
                0x000000000040c400       0xbf uspace/lib/libddev.a.p/ddev_src_ddev.c.o
                0x000000000040c400                ddev_get_gc
 *fill*         0x000000000040c4bf        0x1 
 .text.ddev_get_info
                0x000000000040c4c0       0x86 uspace/lib/libddev.a.p/ddev_src_ddev.c.o
                0x000000000040c4c0                ddev_get_info
 *fill*         0x000000000040c546        0xa 
 .text.dispcfg_conn
                0x000000000040c550      0x6e7 uspace/lib/libdispcfg.a.p/dispcfg_src_dispcfg_srv.c.o
                0x000000000040c550                dispcfg_conn
 *fill*         0x000000000040cc37        0x9 
 .text.dispcfg_srv_initialize
                0x000000000040cc40       0x15 uspace/lib/libdispcfg.a.p/dispcfg_src_dispcfg_srv.c.o
                0x000000000040cc40                dispcfg_srv_initialize
 *fill*         0x000000000040cc55        0xb 
 .text.dispcfg_srv_ev_pending
                0x000000000040cc60       0x2e uspace/lib/libdispcfg.a.p/dispcfg_src_dispcfg_srv.c.o
                0x000000000040cc60                dispcfg_srv_ev_pending
 *fill*         0x000000000040cc8e        0x2 
 .text.dispcfg_free_seat_list
                0x000000000040cc90       0x22 uspace/lib/libdispcfg.a.p/dispcfg_src_dispcfg.c.o
                0x000000000040cc90                dispcfg_free_seat_list
 *fill*         0x000000000040ccb2        0xe 
 .text.dispcfg_free_seat_info
                0x000000000040ccc0       0x21 uspace/lib/libdispcfg.a.p/dispcfg_src_dispcfg.c.o
                0x000000000040ccc0                dispcfg_free_seat_info
 *fill*         0x000000000040cce1        0xf 
 .text.dispcfg_free_dev_list
                0x000000000040ccf0       0x22 uspace/lib/libdispcfg.a.p/dispcfg_src_dispcfg.c.o
                0x000000000040ccf0                dispcfg_free_dev_list
 *fill*         0x000000000040cd12        0xe 
 .text.wndmgt_conn
                0x000000000040cd20      0x4c9 uspace/lib/libwndmgt.a.p/wndmgt_src_wndmgt_srv.c.o
                0x000000000040cd20                wndmgt_conn
 *fill*         0x000000000040d1e9        0x7 
 .text.wndmgt_srv_initialize
                0x000000000040d1f0       0x15 uspace/lib/libwndmgt.a.p/wndmgt_src_wndmgt_srv.c.o
                0x000000000040d1f0                wndmgt_srv_initialize
 *fill*         0x000000000040d205        0xb 
 .text.wndmgt_srv_ev_pending
                0x000000000040d210       0x2e uspace/lib/libwndmgt.a.p/wndmgt_src_wndmgt_srv.c.o
                0x000000000040d210                wndmgt_srv_ev_pending
 *fill*         0x000000000040d23e        0x2 
 .text.wndmgt_free_window_list
                0x000000000040d240       0x22 uspace/lib/libwndmgt.a.p/wndmgt_src_wndmgt.c.o
                0x000000000040d240                wndmgt_free_window_list
 *fill*         0x000000000040d262        0xe 
 .text.wndmgt_free_window_info
                0x000000000040d270       0x21 uspace/lib/libwndmgt.a.p/wndmgt_src_wndmgt.c.o
                0x000000000040d270                wndmgt_free_window_info
 *fill*         0x000000000040d291        0xf 
 .text.sif_attr_getkey
                0x000000000040d2a0        0xa uspace/lib/libsif.a.p/sif_src_sif.c.o
 *fill*         0x000000000040d2aa        0x6 
 .text.sif_attr_cmp
                0x000000000040d2b0        0xa uspace/lib/libsif.a.p/sif_src_sif.c.o
 *fill*         0x000000000040d2ba        0x6 
 .text.sif_import_name
                0x000000000040d2c0      0x102 uspace/lib/libsif.a.p/sif_src_sif.c.o
 *fill*         0x000000000040d3c2        0xe 
 .text.sif_export_node
                0x000000000040d3d0      0x1fd uspace/lib/libsif.a.p/sif_src_sif.c.o
 *fill*         0x000000000040d5cd        0x3 
 .text.sif_attr_delete.part.0
                0x000000000040d5d0       0x18 uspace/lib/libsif.a.p/sif_src_sif.c.o
 *fill*         0x000000000040d5e8        0x8 
 .text.sif_node_delete
                0x000000000040d5f0      0x155 uspace/lib/libsif.a.p/sif_src_sif.c.o
 *fill*         0x000000000040d745        0xb 
 .text.sif_import_node
                0x000000000040d750      0x45d uspace/lib/libsif.a.p/sif_src_sif.c.o
 *fill*         0x000000000040dbad        0x3 
 .text.sif_new  0x000000000040dbb0       0xb0 uspace/lib/libsif.a.p/sif_src_sif.c.o
                0x000000000040dbb0                sif_new
 .text.sif_load
                0x000000000040dc60      0x15b uspace/lib/libsif.a.p/sif_src_sif.c.o
                0x000000000040dc60                sif_load
 *fill*         0x000000000040ddbb        0x5 
 .text.sif_delete
                0x000000000040ddc0       0x22 uspace/lib/libsif.a.p/sif_src_sif.c.o
                0x000000000040ddc0                sif_delete
 *fill*         0x000000000040dde2        0xe 
 .text.sif_get_root
                0x000000000040ddf0        0xa uspace/lib/libsif.a.p/sif_src_sif.c.o
                0x000000000040ddf0                sif_get_root
 *fill*         0x000000000040ddfa        0x6 
 .text.sif_node_first_child
                0x000000000040de00       0x24 uspace/lib/libsif.a.p/sif_src_sif.c.o
                0x000000000040de00                sif_node_first_child
 *fill*         0x000000000040de24        0xc 
 .text.sif_node_next_child
                0x000000000040de30       0x24 uspace/lib/libsif.a.p/sif_src_sif.c.o
                0x000000000040de30                sif_node_next_child
 *fill*         0x000000000040de54        0xc 
 .text.sif_node_get_type
                0x000000000040de60        0xa uspace/lib/libsif.a.p/sif_src_sif.c.o
                0x000000000040de60                sif_node_get_type
 *fill*         0x000000000040de6a        0x6 
 .text.sif_node_get_attr
                0x000000000040de70       0x1a uspace/lib/libsif.a.p/sif_src_sif.c.o
                0x000000000040de70                sif_node_get_attr
 *fill*         0x000000000040de8a        0x6 
 .text.sif_save
                0x000000000040de90       0x6e uspace/lib/libsif.a.p/sif_src_sif.c.o
                0x000000000040de90                sif_save
 *fill*         0x000000000040defe        0x2 
 .text.sif_node_append_child
                0x000000000040df00       0xaf uspace/lib/libsif.a.p/sif_src_sif.c.o
                0x000000000040df00                sif_node_append_child
 *fill*         0x000000000040dfaf        0x1 
 .text.sif_node_set_attr
                0x000000000040dfb0       0xf8 uspace/lib/libsif.a.p/sif_src_sif.c.o
                0x000000000040dfb0                sif_node_set_attr
 *fill*         0x000000000040e0a8        0x8 
 .text.ipc_gc_bitmap_get_alloc
                0x000000000040e0b0       0x18 uspace/lib/libipcgfx.a.p/ipcgfx_src_client.c.o
 *fill*         0x000000000040e0c8        0x8 
 .text.ipc_gc_bitmap_render
                0x000000000040e0d0      0x121 uspace/lib/libipcgfx.a.p/ipcgfx_src_client.c.o
 *fill*         0x000000000040e1f1        0xf 
 .text.ipc_gc_bitmap_create
                0x000000000040e200      0x3a9 uspace/lib/libipcgfx.a.p/ipcgfx_src_client.c.o
 *fill*         0x000000000040e5a9        0x7 
 .text.ipc_gc_update
                0x000000000040e5b0       0x33 uspace/lib/libipcgfx.a.p/ipcgfx_src_client.c.o
 *fill*         0x000000000040e5e3        0xd 
 .text.ipc_gc_fill_rect
                0x000000000040e5f0       0x43 uspace/lib/libipcgfx.a.p/ipcgfx_src_client.c.o
 *fill*         0x000000000040e633        0xd 
 .text.ipc_gc_set_clip_rect
                0x000000000040e640       0x6e uspace/lib/libipcgfx.a.p/ipcgfx_src_client.c.o
 *fill*         0x000000000040e6ae        0x2 
 .text.ipc_gc_set_color
                0x000000000040e6b0       0x5f uspace/lib/libipcgfx.a.p/ipcgfx_src_client.c.o
 *fill*         0x000000000040e70f        0x1 
 .text.ipc_gc_bitmap_destroy
                0x000000000040e710       0x6b uspace/lib/libipcgfx.a.p/ipcgfx_src_client.c.o
 *fill*         0x000000000040e77b        0x5 
 .text.ipc_gc_create
                0x000000000040e780       0x97 uspace/lib/libipcgfx.a.p/ipcgfx_src_client.c.o
                0x000000000040e780                ipc_gc_create
 *fill*         0x000000000040e817        0x9 
 .text.ipc_gc_get_ctx
                0x000000000040e820        0x9 uspace/lib/libipcgfx.a.p/ipcgfx_src_client.c.o
                0x000000000040e820                ipc_gc_get_ctx
 *(.gnu.warning)

.fini
 *(SORT_NONE(.fini))
                [!provide]                        PROVIDE (__etext = .)
                [!provide]                        PROVIDE (_etext = .)
                [!provide]                        PROVIDE (etext = .)

.rodata         0x000000000040e830     0x12d8
 *(.rodata .rodata.* .gnu.linkonce.r.*)
 .rodata.dispc_get_event.str1.1
                0x000000000040e830      0x79b uspace/srv_hid_display.p/srv_hid_display_cfgops.c.o
                                         0x14 (size before relaxing)
 .rodata.dispc_get_asgn_dev_list.str1.1
                0x000000000040efcb       0x1c uspace/srv_hid_display.p/srv_hid_display_cfgops.c.o
 .rodata.dispc_dev_unassign.str1.1
                0x000000000040efcb       0x17 uspace/srv_hid_display.p/srv_hid_display_cfgops.c.o
 .rodata.dispc_get_seat_list.str1.1
                0x000000000040efcb       0x18 uspace/srv_hid_display.p/srv_hid_display_cfgops.c.o
 .rodata.dispc_seat_delete.str1.1
                0x000000000040efcb       0x16 uspace/srv_hid_display.p/srv_hid_display_cfgops.c.o
 .rodata.dispc_seat_create.str1.1
                0x000000000040efcb       0x16 uspace/srv_hid_display.p/srv_hid_display_cfgops.c.o
 .rodata.dispc_get_seat_info.str1.1
                0x000000000040efcb       0x18 uspace/srv_hid_display.p/srv_hid_display_cfgops.c.o
 .rodata.dispc_dev_assign.str1.1
                0x000000000040efcb       0x22 uspace/srv_hid_display.p/srv_hid_display_cfgops.c.o
 *fill*         0x000000000040efcb        0x5 
 .rodata.dispc_dev_assign.str1.8
                0x000000000040efd0      0x92f uspace/srv_hid_display.p/srv_hid_display_cfgops.c.o
                                         0x2e (size before relaxing)
 .rodata.ds_client_destroy.str1.8
                0x000000000040f8ff       0x2e uspace/srv_hid_display.p/srv_hid_display_client.c.o
 .rodata.ds_client_destroy.str1.1
                0x000000000040f8ff       0x1d uspace/srv_hid_display.p/srv_hid_display_client.c.o
 .rodata.ds_client_add_window.str1.1
                0x000000000040f8ff       0x30 uspace/srv_hid_display.p/srv_hid_display_client.c.o
 .rodata.ds_client_add_window.str1.8
                0x000000000040f8ff       0x51 uspace/srv_hid_display.p/srv_hid_display_client.c.o
 .rodata.ds_clonegc_bitmap_create.str1.8
                0x000000000040f8ff       0x2f uspace/srv_hid_display.p/srv_hid_display_clonegc.c.o
 .rodata.ds_clonegc_bitmap_create.str1.1
                0x000000000040f8ff        0xf uspace/srv_hid_display.p/srv_hid_display_clonegc.c.o
 *fill*         0x000000000040f8ff        0x1 
 .rodata.cst8   0x000000000040f900        0x8 uspace/srv_hid_display.p/srv_hid_display_cursor.c.o
 .rodata.ds_ddev_open.str1.8
                0x000000000040f908       0xd7 uspace/srv_hid_display.p/srv_hid_display_ddev.c.o
 .rodata.link_used.part.0.str1.8
                0x000000000040f908       0x51 uspace/srv_hid_display.p/srv_hid_display_display.c.o
 .rodata.ds_display_destroy.str1.8
                0x000000000040f908       0x2f uspace/srv_hid_display.p/srv_hid_display_display.c.o
 .rodata.ds_display_destroy.str1.1
                0x000000000040f908       0xda uspace/srv_hid_display.p/srv_hid_display_display.c.o
 .rodata.ds_display_load_cfg.str1.1
                0x000000000040f908       0x24 uspace/srv_hid_display.p/srv_hid_display_display.c.o
 .rodata.ds_display_add_client.str1.1
                0x000000000040f908       0x36 uspace/srv_hid_display.p/srv_hid_display_display.c.o
 .rodata.ds_display_add_wmclient.str1.1
                0x000000000040f908       0x1a uspace/srv_hid_display.p/srv_hid_display_display.c.o
 .rodata.ds_display_add_wmclient.str1.8
                0x000000000040f908       0x22 uspace/srv_hid_display.p/srv_hid_display_display.c.o
 .rodata.ds_display_add_cfgclient.str1.1
                0x000000000040f908       0x1b uspace/srv_hid_display.p/srv_hid_display_display.c.o
 .rodata.ds_display_add_cfgclient.str1.8
                0x000000000040f908       0x24 uspace/srv_hid_display.p/srv_hid_display_display.c.o
 .rodata.ds_display_enlist_window.str1.1
                0x000000000040f908       0x34 uspace/srv_hid_display.p/srv_hid_display_display.c.o
 .rodata.ds_display_add_window.str1.1
                0x000000000040f908       0x15 uspace/srv_hid_display.p/srv_hid_display_display.c.o
 .rodata.ds_display_window_to_top.str1.1
                0x000000000040f908       0x30 uspace/srv_hid_display.p/srv_hid_display_display.c.o
 .rodata.ds_display_add_seat.str1.1
                0x000000000040f908       0x30 uspace/srv_hid_display.p/srv_hid_display_display.c.o
 .rodata.ds_display_add_idevcfg.str1.1
                0x000000000040f908       0x19 uspace/srv_hid_display.p/srv_hid_display_display.c.o
 .rodata.ds_display_add_idevcfg.str1.8
                0x000000000040f908       0x22 uspace/srv_hid_display.p/srv_hid_display_display.c.o
 .rodata.ds_display_add_cursor.str1.1
                0x000000000040f908       0x36 uspace/srv_hid_display.p/srv_hid_display_display.c.o
 .rodata.ds_display_add_ddev.str1.1
                0x000000000040f908       0x30 uspace/srv_hid_display.p/srv_hid_display_display.c.o
 *fill*         0x000000000040f908        0x8 
 .rodata.cst16  0x000000000040f910       0x10 uspace/srv_hid_display.p/srv_hid_display_display.c.o
 .rodata.disp_get_info.str1.1
                0x000000000040f920       0x10 uspace/srv_hid_display.p/srv_hid_display_dsops.c.o
 .rodata.disp_get_event.str1.1
                0x000000000040f920       0x18 uspace/srv_hid_display.p/srv_hid_display_dsops.c.o
 .rodata.disp_window_set_caption.str1.1
                0x000000000040f920       0x1a uspace/srv_hid_display.p/srv_hid_display_dsops.c.o
 .rodata.disp_window_set_cursor.str1.1
                0x000000000040f920       0x19 uspace/srv_hid_display.p/srv_hid_display_dsops.c.o
 .rodata.disp_window_unmaximize.str1.1
                0x000000000040f920       0x19 uspace/srv_hid_display.p/srv_hid_display_dsops.c.o
 .rodata.disp_window_maximize.str1.1
                0x000000000040f920       0x17 uspace/srv_hid_display.p/srv_hid_display_dsops.c.o
 .rodata.disp_window_resize.str1.1
                0x000000000040f920       0x15 uspace/srv_hid_display.p/srv_hid_display_dsops.c.o
 .rodata.disp_window_get_max_rect.str1.1
                0x000000000040f920       0x1b uspace/srv_hid_display.p/srv_hid_display_dsops.c.o
 .rodata.disp_window_get_pos.str1.1
                0x000000000040f920       0x16 uspace/srv_hid_display.p/srv_hid_display_dsops.c.o
 .rodata.disp_window_move.str1.1
                0x000000000040f920       0x13 uspace/srv_hid_display.p/srv_hid_display_dsops.c.o
 .rodata.disp_window_move_req.str1.1
                0x000000000040f920       0x17 uspace/srv_hid_display.p/srv_hid_display_dsops.c.o
 .rodata.disp_window_destroy.str1.1
                0x000000000040f920       0x16 uspace/srv_hid_display.p/srv_hid_display_dsops.c.o
 .rodata.disp_window_create.str1.1
                0x000000000040f920       0x15 uspace/srv_hid_display.p/srv_hid_display_dsops.c.o
 .rodata.disp_window_create.str1.8
                0x000000000040f920       0x54 uspace/srv_hid_display.p/srv_hid_display_dsops.c.o
 .rodata.disp_window_resize_req.str1.1
                0x000000000040f920       0x19 uspace/srv_hid_display.p/srv_hid_display_dsops.c.o
 .rodata.ds_idevcfg_load.str1.1
                0x000000000040f920       0x11 uspace/srv_hid_display.p/srv_hid_display_idevcfg.c.o
 .rodata.ds_idevcfg_save.str1.1
                0x000000000040f920        0x4 uspace/srv_hid_display.p/srv_hid_display_idevcfg.c.o
 .rodata.ds_ievent_fibril.str1.8
                0x000000000040f920       0x2e uspace/srv_hid_display.p/srv_hid_display_ievent.c.o
 .rodata.ds_ievent_fibril.str1.1
                0x000000000040f920        0xd uspace/srv_hid_display.p/srv_hid_display_ievent.c.o
 .rodata.ds_ievent_init.str1.1
                0x000000000040f920       0x16 uspace/srv_hid_display.p/srv_hid_display_ievent.c.o
 .rodata.ds_input_open.str1.1
                0x000000000040f920       0x25 uspace/srv_hid_display.p/srv_hid_display_input.c.o
 .rodata.ds_input_open.str1.8
                0x000000000040f920       0x53 uspace/srv_hid_display.p/srv_hid_display_input.c.o
 .rodata.display_client_conn.str1.8
                0x000000000040f920       0x39 uspace/srv_hid_display.p/srv_hid_display_main.c.o
 .rodata.display_gc_conn.str1.8
                0x000000000040f920       0x35 uspace/srv_hid_display.p/srv_hid_display_main.c.o
 .rodata.main.str1.1
                0x000000000040f920       0x41 uspace/srv_hid_display.p/srv_hid_display_main.c.o
 .rodata.main.str1.8
                0x000000000040f920       0xb0 uspace/srv_hid_display.p/srv_hid_display_main.c.o
 .rodata.str1.1
                0x000000000040f920       0x13 uspace/srv_hid_display.p/srv_hid_display_main.c.o
 .rodata.ds_output_check_new_devs.str1.8
                0x000000000040f920       0xaf uspace/srv_hid_display.p/srv_hid_display_output.c.o
 .rodata.ds_output_check_new_devs.str1.1
                0x000000000040f920       0x47 uspace/srv_hid_display.p/srv_hid_display_output.c.o
 .rodata.ds_output_start_discovery.str1.8
                0x000000000040f920       0x32 uspace/srv_hid_display.p/srv_hid_display_output.c.o
 .rodata.ds_output_start_discovery.str1.1
                0x000000000040f920       0x18 uspace/srv_hid_display.p/srv_hid_display_output.c.o
 .rodata.ds_seat_load.str1.1
                0x000000000040f920        0x8 uspace/srv_hid_display.p/srv_hid_display_seat.c.o
 .rodata.ds_seat_save.str1.1
                0x000000000040f920        0x4 uspace/srv_hid_display.p/srv_hid_display_seat.c.o
 .rodata.ds_seat_add_idevcfg.str1.8
                0x000000000040f920       0xaa uspace/srv_hid_display.p/srv_hid_display_seat.c.o
 .rodata.ds_seat_add_idevcfg.str1.1
                0x000000000040f920       0x16 uspace/srv_hid_display.p/srv_hid_display_seat.c.o
 .rodata.ds_window_orig_seat.part.0.str1.8
                0x000000000040f920       0x67 uspace/srv_hid_display.p/srv_hid_display_window.c.o
 .rodata.ds_window_repaint_preview.isra.0.str1.1
                0x000000000040f920       0x1a uspace/srv_hid_display.p/srv_hid_display_window.c.o
 .rodata.ds_window_paint.str1.1
                0x000000000040f920       0x10 uspace/srv_hid_display.p/srv_hid_display_window.c.o
 .rodata.ds_window_post_focus_event.str1.1
                0x000000000040f920       0x1b uspace/srv_hid_display.p/srv_hid_display_window.c.o
 .rodata.ds_window_post_unfocus_event.str1.1
                0x000000000040f920       0x1d uspace/srv_hid_display.p/srv_hid_display_window.c.o
 .rodata.ds_window_move_req.str1.1
                0x000000000040f920       0x3a uspace/srv_hid_display.p/srv_hid_display_window.c.o
 .rodata.ds_window_resize_req.str1.8
                0x000000000040f920       0x48 uspace/srv_hid_display.p/srv_hid_display_window.c.o
 .rodata.ds_window_post_pos_event.str1.8
                0x000000000040f920       0xb9 uspace/srv_hid_display.p/srv_hid_display_window.c.o
 .rodata.ds_window_post_pos_event.str1.1
                0x000000000040f920       0x34 uspace/srv_hid_display.p/srv_hid_display_window.c.o
 .rodata.ds_wmclient_post_wnd_added_event.str1.8
                0x000000000040f920       0x35 uspace/srv_hid_display.p/srv_hid_display_wmclient.c.o
 .rodata.ds_wmclient_post_wnd_removed_event.str1.8
                0x000000000040f920       0x37 uspace/srv_hid_display.p/srv_hid_display_wmclient.c.o
 .rodata.ds_wmclient_post_wnd_changed_event.str1.8
                0x000000000040f920       0x37 uspace/srv_hid_display.p/srv_hid_display_wmclient.c.o
 .rodata.dispwm_close_window.str1.1
                0x000000000040f920       0x16 uspace/srv_hid_display.p/srv_hid_display_wmops.c.o
 .rodata.dispwm_get_event.str1.1
                0x000000000040f920       0x13 uspace/srv_hid_display.p/srv_hid_display_wmops.c.o
 .rodata.dispwm_activate_window.str1.1
                0x000000000040f920       0x19 uspace/srv_hid_display.p/srv_hid_display_wmops.c.o
 .rodata.dispwm_get_window_info.str1.1
                0x000000000040f920       0x19 uspace/srv_hid_display.p/srv_hid_display_wmops.c.o
 .rodata.dispwm_get_window_list.str1.1
                0x000000000040f920       0x19 uspace/srv_hid_display.p/srv_hid_display_wmops.c.o
 .rodata.cst8   0x000000000040f920        0x8 uspace/lib/c/libstartfiles.a.p/generic_crt_crt1.c.o
 .rodata.gc_conn
                0x000000000040f928       0x48 uspace/lib/libipcgfx.a.p/ipcgfx_src_server.c.o
 .rodata.mem_gc_bitmap_render.str1.8
                0x000000000040f970       0xc5 uspace/lib/libmemgfx.a.p/memgfx_src_memgc.c.o
 .rodata.mem_gc_bitmap_render.str1.1
                0x000000000040f970       0x32 uspace/lib/libmemgfx.a.p/memgfx_src_memgc.c.o
 .rodata.mem_gc_fill_rect.str1.1
                0x000000000040f970       0x28 uspace/lib/libmemgfx.a.p/memgfx_src_memgc.c.o
 .rodata.mem_gc_fill_rect.str1.8
                0x000000000040f970       0x3b uspace/lib/libmemgfx.a.p/memgfx_src_memgc.c.o
 .rodata.display_conn
                0x000000000040f970       0x80 uspace/lib/libdisplay.a.p/display_src_disp_srv.c.o
 .rodata.display_cursor_from_wrsz.str1.8
                0x000000000040f9f0       0x31 uspace/lib/libdisplay.a.p/display_src_wndresize.c.o
 .rodata.display_cursor_from_wrsz.str1.1
                0x000000000040f9f0        0x6 uspace/lib/libdisplay.a.p/display_src_wndresize.c.o
 .rodata.display_cursor_from_wrsz
                0x000000000040f9f0       0x68 uspace/lib/libdisplay.a.p/display_src_wndresize.c.o
 .rodata.input_cb_conn
                0x000000000040fa58       0x38 uspace/lib/libinput.a.p/input_src_input.c.o
 .rodata.dispcfg_conn
                0x000000000040fa90       0x48 uspace/lib/libdispcfg.a.p/dispcfg_src_dispcfg_srv.c.o
 .rodata.wndmgt_conn
                0x000000000040fad8       0x30 uspace/lib/libwndmgt.a.p/wndmgt_src_wndmgt_srv.c.o
 .rodata.sif_export_node.str1.1
                0x000000000040fb08       0x12 uspace/lib/libsif.a.p/sif_src_sif.c.o
 .rodata.sif_attr_delete.part.0.str1.8
                0x000000000040fb08       0x27 uspace/lib/libsif.a.p/sif_src_sif.c.o
 .rodata.sif_attr_delete.part.0.str1.1
                0x000000000040fb08       0x1c uspace/lib/libsif.a.p/sif_src_sif.c.o
 .rodata.sif_node_delete.str1.8
                0x000000000040fb08       0x51 uspace/lib/libsif.a.p/sif_src_sif.c.o
 .rodata.sif_node_delete.str1.1
                0x000000000040fb08       0x1b uspace/lib/libsif.a.p/sif_src_sif.c.o
 .rodata.sif_import_node.str1.1
                0x000000000040fb08        0x8 uspace/lib/libsif.a.p/sif_src_sif.c.o
 .rodata.sif_new.str1.1
                0x000000000040fb08        0x4 uspace/lib/libsif.a.p/sif_src_sif.c.o
 .rodata.sif_load.str1.1
                0x000000000040fb08        0x2 uspace/lib/libsif.a.p/sif_src_sif.c.o
 .rodata.sif_save.str1.1
                0x000000000040fb08        0x2 uspace/lib/libsif.a.p/sif_src_sif.c.o

.rodata1
 *(.rodata1)

.eh_frame_hdr   0x000000000040fb08      0x8f4
 *(.eh_frame_hdr)
 .eh_frame_hdr  0x000000000040fb08      0x8f4 uspace/srv_hid_display.p/srv_hid_display_cfgclient.c.o
                0x000000000040fb08                __GNU_EH_FRAME_HDR
 *(.eh_frame_entry .eh_frame_entry.*)

.eh_frame       0x0000000000410400     0x2c88
 *(.eh_frame)
 .eh_frame      0x0000000000410400       0x98 uspace/srv_hid_display.p/srv_hid_display_cfgclient.c.o
                                        0x118 (size before relaxing)
 .eh_frame      0x0000000000410498       0x28 uspace/srv_hid_display.p/srv_hid_display_cfgclient.c.o
                                         0x40 (size before relaxing)
 .eh_frame      0x00000000004104c0        0x0 uspace/srv_hid_display.p/srv_hid_display_cfgclient.c.o
 .eh_frame      0x00000000004104c0      0x178 uspace/srv_hid_display.p/srv_hid_display_cfgops.c.o
                                        0x190 (size before relaxing)
 .eh_frame      0x0000000000410638      0x1e8 uspace/srv_hid_display.p/srv_hid_display_client.c.o
                                        0x270 (size before relaxing)
 .eh_frame      0x0000000000410820      0x1d0 uspace/srv_hid_display.p/srv_hid_display_clonegc.c.o
                                        0x1e8 (size before relaxing)
 .eh_frame      0x00000000004109f0       0xa0 uspace/srv_hid_display.p/srv_hid_display_cursor.c.o
                                         0xb8 (size before relaxing)
 .eh_frame      0x0000000000410a90       0x30 uspace/srv_hid_display.p/srv_hid_display_ddev.c.o
                                         0xa0 (size before relaxing)
 .eh_frame      0x0000000000410ac0      0x6c0 uspace/srv_hid_display.p/srv_hid_display_display.c.o
                                        0x818 (size before relaxing)
 .eh_frame      0x0000000000411180      0x2b8 uspace/srv_hid_display.p/srv_hid_display_dsops.c.o
                                        0x2d0 (size before relaxing)
 .eh_frame      0x0000000000411438       0xb0 uspace/srv_hid_display.p/srv_hid_display_idevcfg.c.o
                                         0xc8 (size before relaxing)
 .eh_frame      0x00000000004114e8       0xe0 uspace/srv_hid_display.p/srv_hid_display_ievent.c.o
                                         0xf8 (size before relaxing)
 .eh_frame      0x00000000004115c8      0x130 uspace/srv_hid_display.p/srv_hid_display_input.c.o
                                        0x168 (size before relaxing)
 .eh_frame      0x00000000004116f8      0x148 uspace/srv_hid_display.p/srv_hid_display_main.c.o
                                        0x160 (size before relaxing)
 .eh_frame      0x0000000000411840       0xc0 uspace/srv_hid_display.p/srv_hid_display_output.c.o
                                         0xd8 (size before relaxing)
 .eh_frame      0x0000000000411900      0x2f0 uspace/srv_hid_display.p/srv_hid_display_seat.c.o
                                        0x328 (size before relaxing)
 .eh_frame      0x0000000000411bf0      0x498 uspace/srv_hid_display.p/srv_hid_display_window.c.o
                                        0x518 (size before relaxing)
 .eh_frame      0x0000000000412088       0xf8 uspace/srv_hid_display.p/srv_hid_display_wmclient.c.o
                                        0x140 (size before relaxing)
 .eh_frame      0x0000000000412180       0xd8 uspace/srv_hid_display.p/srv_hid_display_wmops.c.o
                                         0xf0 (size before relaxing)
 .eh_frame      0x0000000000412258       0x20 uspace/lib/c/libstartfiles.a.p/generic_crt_crt1.c.o
                                         0x38 (size before relaxing)
 .eh_frame      0x0000000000412278       0x30 uspace/lib/libipcgfx.a.p/ipcgfx_src_server.c.o
                                         0x48 (size before relaxing)
 .eh_frame      0x00000000004122a8       0xc0 uspace/lib/libgfx.a.p/gfx_src_bitmap.c.o
                                         0xd8 (size before relaxing)
 .eh_frame      0x0000000000412368       0x90 uspace/lib/libgfx.a.p/gfx_src_color.c.o
                                         0xd0 (size before relaxing)
 .eh_frame      0x00000000004123f8      0x1d0 uspace/lib/libgfx.a.p/gfx_src_coord.c.o
                                        0x270 (size before relaxing)
 .eh_frame      0x00000000004125c8       0x50 uspace/lib/libgfx.a.p/gfx_src_context.c.o
                                         0x68 (size before relaxing)
 .eh_frame      0x0000000000412618       0x80 uspace/lib/libgfx.a.p/gfx_src_render.c.o
                                         0x98 (size before relaxing)
 .eh_frame      0x0000000000412698      0x230 uspace/lib/libmemgfx.a.p/memgfx_src_memgc.c.o
                                        0x248 (size before relaxing)
 .eh_frame      0x00000000004128c8       0x70 uspace/lib/libdisplay.a.p/display_src_disp_srv.c.o
                                         0x88 (size before relaxing)
 .eh_frame      0x0000000000412938       0x40 uspace/lib/libdisplay.a.p/display_src_wndresize.c.o
                                         0x58 (size before relaxing)
 .eh_frame      0x0000000000412978       0x78 uspace/lib/libinput.a.p/input_src_input.c.o
                                         0xb0 (size before relaxing)
 .eh_frame      0x00000000004129f0       0xb8 uspace/lib/libddev.a.p/ddev_src_ddev.c.o
                                         0xd0 (size before relaxing)
 .eh_frame      0x0000000000412aa8       0x70 uspace/lib/libdispcfg.a.p/dispcfg_src_dispcfg_srv.c.o
                                         0x88 (size before relaxing)
 .eh_frame      0x0000000000412b18       0x60 uspace/lib/libdispcfg.a.p/dispcfg_src_dispcfg.c.o
                                        0x238 (size before relaxing)
 .eh_frame      0x0000000000412b78       0x68 uspace/lib/libwndmgt.a.p/wndmgt_src_wndmgt_srv.c.o
                                         0x80 (size before relaxing)
 .eh_frame      0x0000000000412be0       0x40 uspace/lib/libwndmgt.a.p/wndmgt_src_wndmgt.c.o
                                        0x190 (size before relaxing)
 .eh_frame      0x0000000000412c20      0x2d8 uspace/lib/libsif.a.p/sif_src_sif.c.o
                                        0x3d0 (size before relaxing)
 .eh_frame      0x0000000000412ef8      0x190 uspace/lib/libipcgfx.a.p/ipcgfx_src_client.c.o
                                        0x1d0 (size before relaxing)
 *(.eh_frame.*)

.sframe         0x0000000000413088        0x0
 *(.sframe)
 .sframe        0x0000000000413088        0x0 uspace/srv_hid_display.p/srv_hid_display_cfgclient.c.o
 *(.sframe.*)

.gcc_except_table
 *(.gcc_except_table .gcc_except_table.*)

.gnu_extab
 *(.gnu_extab*)

.exception_ranges
 *(.exception_ranges*)
                0x0000000000414088                . = DATA_SEGMENT_ALIGN (CONSTANT (MAXPAGESIZE), CONSTANT (COMMONPAGESIZE))

.eh_frame
 *(.eh_frame)
 *(.eh_frame.*)

.sframe
 *(.sframe)
 *(.sframe.*)

.gnu_extab
 *(.gnu_extab)

.gcc_except_table
 *(.gcc_except_table .gcc_except_table.*)

.exception_ranges
 *(.exception_ranges*)

.tdata          0x0000000000414088        0x0
                [!provide]                        PROVIDE (__tdata_start = .)
 *(.tdata .tdata.* .gnu.linkonce.td.*)

.tbss
 *(.tbss .tbss.* .gnu.linkonce.tb.*)
 *(.tcommon)

.preinit_array  0x0000000000414088        0x0
                0x0000000000414088                PROVIDE (__preinit_array_start = .)
 *(.preinit_array)
                0x0000000000414088                PROVIDE (__preinit_array_end = .)
